2026-02-16 09:36:07,993 [ERROR] LogOutputStream:75 - [STDERR_REDIRECT] 
2026-02-16 15:48:46,164 [INFO] Activator:176 - 


2026-02-16 15:48:46,165 [INFO] Activator:177 - !SESSION log4j initialized
2026-02-16 15:48:49,224 [INFO] LogOutputStream:77 - [STDOUT_REDIRECT] 
2026-02-16 15:48:50,712 [INFO] ApplicationProperties:184 - Using Application install path: /opt/st/stm32cubeide_1.18.1/../../../home/tecna-smart-lab/.eclipse/com.st.stm32cube.ide.mcu.rcp.product_1.18.1_139067097_linux_gtk_x86_64/plugins/com.st.stm32cube.common.mx_6.15.0.202507011659
2026-02-16 15:48:50,763 [INFO] DbMcusXml:78 - Set database path to: /opt/st/stm32cubeide_1.18.1/../../../home/tecna-smart-lab/.eclipse/com.st.stm32cube.ide.mcu.rcp.product_1.18.1_139067097_linux_gtk_x86_64/plugins/com.st.stm32cube.common.mx_6.15.0.202507011659//db//mcu/
2026-02-16 15:48:50,764 [INFO] ApiDb:274 - Set plugin database path to: /opt/st/stm32cubeide_1.18.1/../../../home/tecna-smart-lab/.eclipse/com.st.stm32cube.ide.mcu.rcp.product_1.18.1_139067097_linux_gtk_x86_64/plugins/com.st.stm32cube.common.mx_6.15.0.202507011659//db//plugins/boardmanager/
2026-02-16 15:48:50,764 [WARN] ApiDb:259 - Overriding images path with different value:  => /opt/st/stm32cubeide_1.18.1/../../../home/tecna-smart-lab/.eclipse/com.st.stm32cube.ide.mcu.rcp.product_1.18.1_139067097_linux_gtk_x86_64/plugins/com.st.stm32cube.common.mx_6.15.0.202507011659//db//plugins/mcufinder/images/
2026-02-16 15:48:50,774 [INFO] ApiDb:250 - Set database path to: /home/tecna-smart-lab/.stmcufinder/plugins/mcufinder//mcu/
2026-02-16 15:48:50,777 [INFO] DbMcusAds:125 - Set database path to: /home/tecna-smart-lab/.stmcufinder/plugins/mcufinder//mcu/
2026-02-16 15:48:50,783 [INFO] CrossReferenceDbSqlite:203 - Set database path to: /home/tecna-smart-lab/.stmcufinder/plugins/mcufinder//mcu/cs/
2026-02-16 15:48:50,960 [INFO] RulesReader:64 - Compatibility file has been processed (317 Rules)
2026-02-16 15:48:51,096 [INFO] DbMcusXml:78 - Set database path to: /opt/st/stm32cubeide_1.18.1/../../../home/tecna-smart-lab/.eclipse/com.st.stm32cube.ide.mcu.rcp.product_1.18.1_139067097_linux_gtk_x86_64/plugins/com.st.stm32cube.common.mx_6.15.0.202507011659//db//mcu/
2026-02-16 15:48:51,096 [INFO] ApiDb:274 - Set plugin database path to: /opt/st/stm32cubeide_1.18.1/../../../home/tecna-smart-lab/.eclipse/com.st.stm32cube.ide.mcu.rcp.product_1.18.1_139067097_linux_gtk_x86_64/plugins/com.st.stm32cube.common.mx_6.15.0.202507011659//db//plugins/boardmanager/
2026-02-16 15:48:51,096 [INFO] ApiDb:261 - Set plugin images path to: /opt/st/stm32cubeide_1.18.1/../../../home/tecna-smart-lab/.eclipse/com.st.stm32cube.ide.mcu.rcp.product_1.18.1_139067097_linux_gtk_x86_64/plugins/com.st.stm32cube.common.mx_6.15.0.202507011659//db//plugins/mcufinder/images/
2026-02-16 15:48:51,096 [WARN] DbFile:41 - Overriding database path with different value: /home/tecna-smart-lab/.stmcufinder/plugins/mcufinder/ => /home/tecna-smart-lab/.stmcufinder/plugins/mcufinder
2026-02-16 15:48:51,097 [INFO] ApiDb:250 - Set database path to: /home/tecna-smart-lab/.stmcufinder/plugins/mcufinder//mcu/
2026-02-16 15:48:51,097 [WARN] DbFile:41 - Overriding database path with different value: /home/tecna-smart-lab/.stmcufinder/plugins/mcufinder/ => /home/tecna-smart-lab/.stmcufinder/plugins/mcufinder
2026-02-16 15:48:51,097 [INFO] DbMcusAds:125 - Set database path to: /home/tecna-smart-lab/.stmcufinder/plugins/mcufinder//mcu/
2026-02-16 15:48:51,097 [WARN] DbFile:41 - Overriding database path with different value: /home/tecna-smart-lab/.stmcufinder/plugins/mcufinder/ => /home/tecna-smart-lab/.stmcufinder/plugins/mcufinder
2026-02-16 15:48:51,097 [WARN] DbFile:41 - Overriding database path with different value: /home/tecna-smart-lab/.stmcufinder/plugins/mcufinder/ => /home/tecna-smart-lab/.stmcufinder/plugins/mcufinder
2026-02-16 15:48:51,097 [INFO] CrossReferenceDbSqlite:203 - Set database path to: /home/tecna-smart-lab/.stmcufinder/plugins/mcufinder//mcu/cs/
2026-02-16 15:48:51,184 [INFO] MainPanel:274 - HeapMemory: 268435456
2026-02-16 15:48:51,365 [INFO] DbMcusXml:78 - Set database path to: /opt/st/stm32cubeide_1.18.1/../../../home/tecna-smart-lab/.eclipse/com.st.stm32cube.ide.mcu.rcp.product_1.18.1_139067097_linux_gtk_x86_64/plugins/com.st.stm32cube.common.mx_6.15.0.202507011659//db//mcu/
2026-02-16 15:48:51,366 [INFO] ApiDb:274 - Set plugin database path to: /opt/st/stm32cubeide_1.18.1/../../../home/tecna-smart-lab/.eclipse/com.st.stm32cube.ide.mcu.rcp.product_1.18.1_139067097_linux_gtk_x86_64/plugins/com.st.stm32cube.common.mx_6.15.0.202507011659//db//plugins/boardmanager/
2026-02-16 15:48:51,366 [INFO] ApiDb:261 - Set plugin images path to: /opt/st/stm32cubeide_1.18.1/../../../home/tecna-smart-lab/.eclipse/com.st.stm32cube.ide.mcu.rcp.product_1.18.1_139067097_linux_gtk_x86_64/plugins/com.st.stm32cube.common.mx_6.15.0.202507011659//db//plugins/mcufinder/images/
2026-02-16 15:48:51,367 [WARN] DbFile:41 - Overriding database path with different value: /home/tecna-smart-lab/.stmcufinder/plugins/mcufinder/ => /home/tecna-smart-lab/.stmcufinder/plugins/mcufinder
2026-02-16 15:48:51,368 [INFO] ApiDb:250 - Set database path to: /home/tecna-smart-lab/.stmcufinder/plugins/mcufinder//mcu/
2026-02-16 15:48:51,368 [WARN] DbFile:41 - Overriding database path with different value: /home/tecna-smart-lab/.stmcufinder/plugins/mcufinder/ => /home/tecna-smart-lab/.stmcufinder/plugins/mcufinder
2026-02-16 15:48:51,368 [INFO] DbMcusAds:125 - Set database path to: /home/tecna-smart-lab/.stmcufinder/plugins/mcufinder//mcu/
2026-02-16 15:48:51,368 [WARN] DbFile:41 - Overriding database path with different value: /home/tecna-smart-lab/.stmcufinder/plugins/mcufinder/ => /home/tecna-smart-lab/.stmcufinder/plugins/mcufinder
2026-02-16 15:48:51,368 [WARN] DbFile:41 - Overriding database path with different value: /home/tecna-smart-lab/.stmcufinder/plugins/mcufinder/ => /home/tecna-smart-lab/.stmcufinder/plugins/mcufinder
2026-02-16 15:48:51,368 [INFO] CrossReferenceDbSqlite:203 - Set database path to: /home/tecna-smart-lab/.stmcufinder/plugins/mcufinder//mcu/cs/
2026-02-16 15:48:51,404 [INFO] ApplicationProperties:184 - Using Application install path: /opt/st/stm32cubeide_1.18.1/../../../home/tecna-smart-lab/.eclipse/com.st.stm32cube.ide.mcu.rcp.product_1.18.1_139067097_linux_gtk_x86_64/plugins/com.st.stm32cube.common.mx_6.15.0.202507011659
2026-02-16 15:48:51,413 [INFO] PluginManage:196 - Search for loadable plugins [exclusion list=, ]
2026-02-16 15:48:51,416 [INFO] PluginManage:310 - Check plugin analytics
2026-02-16 15:48:51,718 [INFO] AnalyticsPlugin:253 - Accepted Software Licenses: STM32CubeMX.6.15.0
2026-02-16 15:48:51,718 [INFO] AnalyticsPlugin:255 - Accepted CMSIS Pack Licenses: STMicroelectronics.X-CUBE-FREERTOS.1.3.0,STMicroelectronics.X-CUBE-GNSS1.7.0.1,STMicroelectronics.X-CUBE-AZRTOS-H7.3.3.0,portGmbH.I-Cube-SoM-uGOAL.1.1.0,STMicroelectronics.X-CUBE-AZRTOS-G4.2.0.0,STMicroelectronics.X-CUBE-FREERTOS.1.3.1,STMicroelectronics.X-CUBE-NFC6.3.1.0,STMicroelectronics.X-CUBE-NFC4.3.0.0,STMicroelectronics.X-CUBE-NFC7.2.0.0,STMicroelectronics.X-CUBE-NFC9.1.0.0,STMicroelectronics.X-CUBE-NFC12.1.0.0,STMicroelectronics.X-CUBE-NFC10.1.0.0,RealThread.X-CUBE-RT-Thread_Nano.4.1.1,STMicroelectronics.X-CUBE-AZRTOS-F4.1.1.0,STMicroelectronics.X-CUBE-DISPLAY.3.0.0,Infineon.AIROC-Wi-Fi-Bluetooth-STM32.1.7.0,Cesanta.I-CUBE-Mongoose.7.13.0,STMicroelectronics.X-CUBE-AZRTOS-WB.2.0.0,STMicroelectronics.X-CUBE-EEPRMA1.5.2.0
2026-02-16 15:48:51,718 [INFO] AnalyticsPlugin:257 - Accepted Firmware Licenses: FW.U5.1.7.0,FW.G0.1.6.0,FW.H7.1.12.0,FW.C0.1.4.0,FW.F4.1.28.0,FW.G4.1.6.0,FW.U5.1.8.0,FW.WL.1.3.0,FW.H5.1.5.0
2026-02-16 15:48:51,723 [INFO] PluginManage:359 - Loaded plugin analytics (category:tool,tabindex:-1)
2026-02-16 15:48:51,726 [INFO] PluginManage:310 - Check plugin cadmodel
2026-02-16 15:48:51,734 [INFO] CADModel:105 - Init CAD model plugin
2026-02-16 15:48:51,734 [INFO] PluginManage:359 - Loaded plugin cadmodel (category:power,tabindex:5)
2026-02-16 15:48:51,734 [INFO] PluginManage:310 - Check plugin clock
2026-02-16 15:48:51,757 [INFO] PluginManage:359 - Loaded plugin clock (category:base,tabindex:2)
2026-02-16 15:48:51,757 [INFO] PluginManage:310 - Check plugin ddr
2026-02-16 15:48:51,761 [INFO] PluginManage:359 - Loaded plugin ddr (category:tool,tabindex:6)
2026-02-16 15:48:51,761 [INFO] PluginManage:310 - Check plugin filemanager
2026-02-16 15:48:51,983 [INFO] PluginManage:359 - Loaded plugin filemanager (category:base,tabindex:10)
2026-02-16 15:48:51,984 [INFO] PluginManage:310 - Check plugin ipmanager
2026-02-16 15:48:51,993 [INFO] PluginManage:359 - Loaded plugin ipmanager (category:base,tabindex:5)
2026-02-16 15:48:51,994 [INFO] PluginManage:310 - Check plugin lpbam
2026-02-16 15:48:52,011 [INFO] PluginManage:359 - Loaded plugin lpbam (category:base,tabindex:0)
2026-02-16 15:48:52,011 [INFO] PluginManage:310 - Check plugin memorymap
2026-02-16 15:48:52,047 [INFO] PluginManage:359 - Loaded plugin memorymap (category:base,tabindex:4)
2026-02-16 15:48:52,047 [INFO] PluginManage:310 - Check plugin pinoutandconfiguration
2026-02-16 15:48:52,059 [INFO] PluginManage:359 - Loaded plugin pinoutandconfiguration (category:base,tabindex:1)
2026-02-16 15:48:52,059 [INFO] PluginManage:310 - Check plugin pinoutconfig
2026-02-16 15:48:52,181 [WARN] SupportedApi:132 - Cannot load RTOS API schema: s4s-elt-must-match.1: The content of 'definitions' must match (annotation?, (simpleType | complexType)?, (unique | key | keyref)*)). A problem was found starting at: attribute.
2026-02-16 15:48:52,380 [INFO] PluginManage:359 - Loaded plugin pinoutconfig (category:base,tabindex:0)
2026-02-16 15:48:52,380 [INFO] PluginManage:310 - Check plugin power
2026-02-16 15:48:52,392 [INFO] PluginManage:359 - Loaded plugin power (category:power,tabindex:4)
2026-02-16 15:48:52,392 [INFO] PluginManage:310 - Check plugin projectmanager
2026-02-16 15:48:52,410 [INFO] PluginManage:359 - Loaded plugin projectmanager (category:projectmanager,tabindex:4)
2026-02-16 15:48:52,410 [INFO] PluginManage:310 - Check plugin rif
2026-02-16 15:48:52,421 [INFO] PluginManage:359 - Loaded plugin rif (category:base,tabindex:3)
2026-02-16 15:48:52,422 [INFO] PluginManage:310 - Check plugin thirdparty
2026-02-16 15:48:52,594 [INFO] PluginManage:359 - Loaded plugin thirdparty (category:base,tabindex:-1)
2026-02-16 15:48:52,594 [WARN] IntegrityCheckThread:84 - waiting for thirdparty lock release [integrity check]
2026-02-16 15:48:52,594 [INFO] IntegrityCheckThread:86 - entering critical section [integrity check]
2026-02-16 15:48:52,594 [INFO] PluginManage:310 - Check plugin tools
2026-02-16 15:48:52,595 [INFO] ThirdPartyUpdaterWithRetryManager:70 - Updater plugin not ready yet. [1/15]
2026-02-16 15:48:52,597 [INFO] PluginManage:359 - Loaded plugin tools (category:base,tabindex:7)
2026-02-16 15:48:52,597 [INFO] PluginManage:310 - Check plugin tutovideos
2026-02-16 15:48:52,901 [INFO] PluginManage:359 - Loaded plugin tutovideos (category:base,tabindex:-1)
2026-02-16 15:48:52,902 [INFO] PluginManage:310 - Check plugin updater
2026-02-16 15:48:52,926 [INFO] PluginManage:359 - Loaded plugin updater (category:base,tabindex:12)
2026-02-16 15:48:52,927 [INFO] PluginManage:310 - Check plugin userauth
2026-02-16 15:48:52,933 [INFO] UserAuth:118 - Init User Auth plugin
2026-02-16 15:48:52,934 [INFO] PluginManage:359 - Loaded plugin userauth (category:base,tabindex:14)
2026-02-16 15:48:52,935 [INFO] PluginManage:283 - PluginManage : Loaded plugins [18]
2026-02-16 15:48:53,157 [INFO] PinOutPanel:1589 - setPackage(No Configuration,No Configuration)
2026-02-16 15:48:53,277 [INFO] CADModel:165 - CPN selected for project level
2026-02-16 15:48:53,277 [INFO] CADModel:114 - Register for checkConnection events
2026-02-16 15:48:53,305 [INFO] IPUIPlugin:80 - create IPUIPlugin
2026-02-16 15:48:53,306 [INFO] PluginManager:220 - loadIPPluginJar : add spi
2026-02-16 15:48:53,311 [INFO] IPUIPlugin:80 - create IPUIPlugin
2026-02-16 15:48:53,311 [INFO] PluginManager:220 - loadIPPluginJar : add ddr_ctrl_phy
2026-02-16 15:48:53,315 [INFO] IPUIPlugin:80 - create IPUIPlugin
2026-02-16 15:48:53,315 [INFO] PluginManager:220 - loadIPPluginJar : add fatfs
2026-02-16 15:48:53,321 [INFO] IPUIPlugin:80 - create IPUIPlugin
2026-02-16 15:48:53,322 [INFO] PluginManager:220 - loadIPPluginJar : add dma3
2026-02-16 15:48:53,328 [INFO] IPUIPlugin:80 - create IPUIPlugin
2026-02-16 15:48:53,328 [INFO] PluginManager:220 - loadIPPluginJar : add touchsensing
2026-02-16 15:48:53,331 [INFO] IPUIPlugin:80 - create IPUIPlugin
2026-02-16 15:48:53,332 [INFO] PluginManager:220 - loadIPPluginJar : add usart
2026-02-16 15:48:53,335 [INFO] IPUIPlugin:80 - create IPUIPlugin
2026-02-16 15:48:53,335 [INFO] PluginManager:220 - loadIPPluginJar : add cryp
2026-02-16 15:48:53,338 [INFO] IPUIPlugin:80 - create IPUIPlugin
2026-02-16 15:48:53,338 [INFO] PluginManager:220 - loadIPPluginJar : add i2s
2026-02-16 15:48:53,340 [INFO] IPUIPlugin:80 - create IPUIPlugin
2026-02-16 15:48:53,340 [INFO] PluginManager:220 - loadIPPluginJar : add ltdc
2026-02-16 15:48:53,342 [INFO] IPUIPlugin:80 - create IPUIPlugin
2026-02-16 15:48:53,342 [INFO] PluginManager:220 - loadIPPluginJar : add gfxmmu
2026-02-16 15:48:53,344 [INFO] IPUIPlugin:80 - create IPUIPlugin
2026-02-16 15:48:53,344 [INFO] PluginManager:220 - loadIPPluginJar : add dfsdm
2026-02-16 15:48:53,351 [INFO] IPUIPlugin:80 - create IPUIPlugin
2026-02-16 15:48:53,354 [INFO] PluginManager:220 - loadIPPluginJar : add plateformsettings
2026-02-16 15:48:53,359 [INFO] IPUIPlugin:80 - create IPUIPlugin
2026-02-16 15:48:53,359 [INFO] PluginManager:220 - loadIPPluginJar : add pdm2pcm
2026-02-16 15:48:53,366 [INFO] IPUIPlugin:80 - create IPUIPlugin
2026-02-16 15:48:53,367 [INFO] PluginManager:220 - loadIPPluginJar : add freertos
2026-02-16 15:48:53,369 [INFO] IPUIPlugin:80 - create IPUIPlugin
2026-02-16 15:48:53,369 [INFO] PluginManager:220 - loadIPPluginJar : add tim
2026-02-16 15:48:53,370 [INFO] IPUIPlugin:80 - create IPUIPlugin
2026-02-16 15:48:53,371 [INFO] PluginManager:220 - loadIPPluginJar : add ts
2026-02-16 15:48:53,373 [INFO] IPUIPlugin:80 - create IPUIPlugin
2026-02-16 15:48:53,373 [INFO] PluginManager:220 - loadIPPluginJar : add quadspi
2026-02-16 15:48:53,374 [INFO] IPUIPlugin:80 - create IPUIPlugin
2026-02-16 15:48:53,375 [INFO] PluginManager:220 - loadIPPluginJar : add comp
2026-02-16 15:48:53,379 [INFO] IPUIPlugin:80 - create IPUIPlugin
2026-02-16 15:48:53,379 [INFO] PluginManager:220 - loadIPPluginJar : add resmgrutility
2026-02-16 15:48:53,386 [INFO] IPUIPlugin:80 - create IPUIPlugin
2026-02-16 15:48:53,386 [INFO] PluginManager:220 - loadIPPluginJar : add mdma
2026-02-16 15:48:53,392 [INFO] IPUIPlugin:80 - create IPUIPlugin
2026-02-16 15:48:53,392 [INFO] PluginManager:220 - loadIPPluginJar : add gpio
2026-02-16 15:48:53,393 [INFO] IPUIPlugin:80 - create IPUIPlugin
2026-02-16 15:48:53,393 [INFO] PluginManager:220 - loadIPPluginJar : add tsc
2026-02-16 15:48:53,396 [INFO] IPUIPlugin:80 - create IPUIPlugin
2026-02-16 15:48:53,396 [INFO] PluginManager:220 - loadIPPluginJar : add extmemmanager
2026-02-16 15:48:53,399 [INFO] IPUIPlugin:80 - create IPUIPlugin
2026-02-16 15:48:53,399 [INFO] PluginManager:220 - loadIPPluginJar : add sai
2026-02-16 15:48:53,401 [INFO] IPUIPlugin:80 - create IPUIPlugin
2026-02-16 15:48:53,401 [INFO] PluginManager:220 - loadIPPluginJar : add i2c
2026-02-16 15:48:53,403 [INFO] IPUIPlugin:80 - create IPUIPlugin
2026-02-16 15:48:53,403 [INFO] PluginManager:220 - loadIPPluginJar : add ucpd
2026-02-16 15:48:53,406 [INFO] IPUIPlugin:80 - create IPUIPlugin
2026-02-16 15:48:53,406 [INFO] PluginManager:220 - loadIPPluginJar : add aes
2026-02-16 15:48:53,408 [INFO] IPUIPlugin:80 - create IPUIPlugin
2026-02-16 15:48:53,408 [INFO] PluginManager:220 - loadIPPluginJar : add tracer_emb
2026-02-16 15:48:53,411 [INFO] IPUIPlugin:80 - create IPUIPlugin
2026-02-16 15:48:53,411 [INFO] PluginManager:220 - loadIPPluginJar : add usbx
2026-02-16 15:48:53,415 [INFO] IPUIPlugin:80 - create IPUIPlugin
2026-02-16 15:48:53,415 [INFO] PluginManager:220 - loadIPPluginJar : add lorawan
2026-02-16 15:48:53,426 [INFO] IPUIPlugin:80 - create IPUIPlugin
2026-02-16 15:48:53,426 [INFO] PluginManager:220 - loadIPPluginJar : add linkedlist
2026-02-16 15:48:53,431 [INFO] IPUIPlugin:80 - create IPUIPlugin
2026-02-16 15:48:53,432 [INFO] PluginManager:220 - loadIPPluginJar : add fmc
2026-02-16 15:48:53,434 [INFO] IPUIPlugin:80 - create IPUIPlugin
2026-02-16 15:48:53,434 [INFO] PluginManager:220 - loadIPPluginJar : add opamp
2026-02-16 15:48:53,435 [INFO] IPUIPlugin:80 - create IPUIPlugin
2026-02-16 15:48:53,435 [INFO] PluginManager:220 - loadIPPluginJar : add genericplugin
2026-02-16 15:48:53,440 [INFO] IPUIPlugin:80 - create IPUIPlugin
2026-02-16 15:48:53,441 [INFO] PluginManager:220 - loadIPPluginJar : add nvic
2026-02-16 15:48:53,443 [INFO] IPUIPlugin:80 - create IPUIPlugin
2026-02-16 15:48:53,444 [INFO] PluginManager:220 - loadIPPluginJar : add ipddr
2026-02-16 15:48:53,446 [INFO] IPUIPlugin:80 - create IPUIPlugin
2026-02-16 15:48:53,446 [INFO] PluginManager:220 - loadIPPluginJar : add i3c
2026-02-16 15:48:53,448 [INFO] IPUIPlugin:80 - create IPUIPlugin
2026-02-16 15:48:53,448 [INFO] PluginManager:220 - loadIPPluginJar : add hash
2026-02-16 15:48:53,450 [INFO] IPUIPlugin:80 - create IPUIPlugin
2026-02-16 15:48:53,450 [INFO] PluginManager:220 - loadIPPluginJar : add gtzc
2026-02-16 15:48:53,451 [INFO] IPUIPlugin:80 - create IPUIPlugin
2026-02-16 15:48:53,452 [INFO] PluginManager:220 - loadIPPluginJar : add radio
2026-02-16 15:48:53,459 [INFO] IPUIPlugin:80 - create IPUIPlugin
2026-02-16 15:48:53,459 [INFO] PluginManager:220 - loadIPPluginJar : add gic
2026-02-16 15:48:53,466 [INFO] IPUIPlugin:80 - create IPUIPlugin
2026-02-16 15:48:53,466 [INFO] PluginManager:220 - loadIPPluginJar : add dma
2026-02-16 15:48:53,469 [INFO] IPUIPlugin:80 - create IPUIPlugin
2026-02-16 15:48:53,469 [INFO] PluginManager:220 - loadIPPluginJar : add can
2026-02-16 15:48:53,475 [INFO] IPUIPlugin:80 - create IPUIPlugin
2026-02-16 15:48:53,475 [INFO] PluginManager:220 - loadIPPluginJar : add openamp
2026-02-16 15:48:53,482 [INFO] IPUIPlugin:80 - create IPUIPlugin
2026-02-16 15:48:53,482 [INFO] PluginManager:220 - loadIPPluginJar : add stm32_wpan
2026-02-16 15:48:53,489 [INFO] IPUIPlugin:80 - create IPUIPlugin
2026-02-16 15:48:53,490 [INFO] PluginManager:220 - loadIPPluginJar : add adc
2026-02-16 15:48:53,597 [FATAL] Updater:351 - Updater called before beeing initialized
2026-02-16 15:48:53,632 [INFO] RulesReader:64 - Compatibility file has been processed (317 Rules)
2026-02-16 15:48:53,647 [INFO] RulesReader:64 - Compatibility file has been processed (317 Rules)
2026-02-16 15:48:53,662 [INFO] CADModel:165 - CPN selected for project level
2026-02-16 15:48:53,662 [INFO] CADModel:114 - Register for checkConnection events
2026-02-16 15:48:53,662 [FATAL] Updater:351 - Updater called before beeing initialized
2026-02-16 15:48:53,662 [ERROR] CADModel:125 - Updater not yet initialized, retry later 
2026-02-16 15:48:53,834 [FATAL] Updater:351 - Updater called before beeing initialized
2026-02-16 15:48:53,839 [INFO] CADModel:165 - CPN selected for project level
2026-02-16 15:48:53,839 [INFO] CADModel:114 - Register for checkConnection events
2026-02-16 15:48:53,840 [FATAL] Updater:351 - Updater called before beeing initialized
2026-02-16 15:48:53,840 [ERROR] CADModel:125 - Updater not yet initialized, retry later 
2026-02-16 15:48:53,844 [FATAL] Updater:351 - Updater called before beeing initialized
2026-02-16 15:48:53,959 [FATAL] Updater:351 - Updater called before beeing initialized
2026-02-16 15:48:53,965 [INFO] DbMcusAds:53 - JSON generation date=Thu Jan 08 10:57:51 PET 2026 (1767887871456)
2026-02-16 15:48:53,966 [FATAL] Updater:351 - Updater called before beeing initialized
2026-02-16 15:48:54,005 [WARN] DetailPanel:346 - Failed to get advertising image, set to default
2026-02-16 15:48:54,094 [FATAL] Updater:351 - Updater called before beeing initialized
2026-02-16 15:48:54,096 [FATAL] Updater:351 - Updater called before beeing initialized
2026-02-16 15:48:54,096 [FATAL] Updater:351 - Updater called before beeing initialized
2026-02-16 15:48:54,096 [WARN] DetailPanel:346 - Failed to get advertising image, set to default
2026-02-16 15:48:54,098 [FATAL] Updater:351 - Updater called before beeing initialized
2026-02-16 15:48:54,150 [ERROR] LogOutputStream:75 - [STDERR_REDIRECT] Feb 16, 2026 3:48:54 PM org.eclipse.lsp4j.jsonrpc.services.GenericEndpoint notify
2026-02-16 15:48:54,151 [ERROR] LogOutputStream:75 - [STDERR_REDIRECT] WARNING: Unsupported notification method: statusNotification
2026-02-16 15:48:54,152 [ERROR] LogOutputStream:75 - [STDERR_REDIRECT] 
2026-02-16 15:48:54,157 [ERROR] LogOutputStream:75 - [STDERR_REDIRECT] Feb 16, 2026 3:48:54 PM org.eclipse.lsp4j.jsonrpc.services.GenericEndpoint notify
2026-02-16 15:48:54,159 [ERROR] LogOutputStream:75 - [STDERR_REDIRECT] WARNING: Unsupported notification method: didChangeStatus
2026-02-16 15:48:54,160 [ERROR] LogOutputStream:75 - [STDERR_REDIRECT] 
2026-02-16 15:48:54,166 [ERROR] Updater:1198 - MainUpdater not yet initialized. External WinMGr cannot be set.
2026-02-16 15:48:54,169 [INFO] Updater:1134 - Updater Version found : 6.15.0
2026-02-16 15:48:54,187 [ERROR] LogOutputStream:75 - [STDERR_REDIRECT] Feb 16, 2026 3:48:54 PM org.eclipse.lsp4j.jsonrpc.services.GenericEndpoint notify
2026-02-16 15:48:54,188 [ERROR] LogOutputStream:75 - [STDERR_REDIRECT] WARNING: Unsupported notification method: conversation/preconditionsNotification
2026-02-16 15:48:54,188 [ERROR] LogOutputStream:75 - [STDERR_REDIRECT] 
2026-02-16 15:48:54,210 [INFO] ApplicationProperties:184 - Using Application install path: /opt/st/stm32cubeide_1.18.1/../../../home/tecna-smart-lab/.eclipse/com.st.stm32cube.ide.mcu.rcp.product_1.18.1_139067097_linux_gtk_x86_64/plugins/com.st.stm32cube.common.mx_6.15.0.202507011659
2026-02-16 15:48:54,947 [INFO] MainUpdater:2872 - connection check result : 10
2026-02-16 15:48:54,949 [INFO] MainUpdater:289 - Updater Check For Update Now.
2026-02-16 15:48:54,949 [INFO] MicroXplorer:498 - Change Database Version : DB.6.0.150
2026-02-16 15:48:54,961 [INFO] McuFinderGlobals:63 - Set McuFinder mode to 2 (CubeIDE integrated)
2026-02-16 15:48:54,962 [INFO] UserAuth:487 - Internet connection configuration mode: 1
2026-02-16 15:48:54,981 [INFO] JxBrowserEngine:152 - Initiate JxBrowser Engine with user profile folder
2026-02-16 15:48:55,174 [INFO] CheckServerUpdateThread:120 - End of CheckServer Thread
2026-02-16 15:48:55,889 [WARN] PackLoader:240 - Cannot read IP mode file for STMicroelectronics.FP-SNS-MOTENVWB1.1.4.0
2026-02-16 15:48:55,898 [WARN] PackLoader:240 - Cannot read IP mode file for STMicroelectronics.FP-ATR-ASTRA1.2.0.2
2026-02-16 15:48:55,907 [WARN] PackLoader:240 - Cannot read IP mode file for STMicroelectronics.X-CUBE-SMBUS.2.1.0
2026-02-16 15:48:55,914 [WARN] PackLoader:240 - Cannot read IP mode file for STMicroelectronics.X-CUBE-ST60.1.0.0
2026-02-16 15:48:55,943 [WARN] PackLoader:240 - Cannot read IP mode file for STMicroelectronics.X-CUBE-AZRTOS-F7.1.1.0
2026-02-16 15:48:55,951 [WARN] PackLoader:240 - Cannot read IP mode file for STMicroelectronics.FP-SNS-MOTENV1.5.1.0
2026-02-16 15:48:55,983 [WARN] PackLoader:240 - Cannot read IP mode file for Infineon.AIROC-Wi-Fi-Bluetooth-STM32.1.7.0
2026-02-16 15:48:56,084 [INFO] WebApp:169 - Instantiating new browser for Auth
2026-02-16 15:48:56,178 [WARN] PackLoader:240 - Cannot read IP mode file for STMicroelectronics.X-CUBE-AZRTOS-H7.3.4.0
2026-02-16 15:48:56,197 [WARN] PackLoader:240 - Cannot read IP mode file for STMicroelectronics.X-CUBE-DISPLAY.3.0.0
2026-02-16 15:48:56,249 [WARN] PackLoader:240 - Cannot read IP mode file for STMicroelectronics.X-CUBE-NFC10.1.0.0
2026-02-16 15:48:56,291 [WARN] PackLoader:240 - Cannot read IP mode file for STMicroelectronics.X-CUBE-BLEMGR.4.0.0
2026-02-16 15:48:56,298 [WARN] PackLoader:240 - Cannot read IP mode file for STMicroelectronics.X-CUBE-ST60.1.1.0
2026-02-16 15:48:56,306 [WARN] PackLoader:240 - Cannot read IP mode file for emotas.I-CUBE-CANOPEN.1.3.0
2026-02-16 15:48:56,312 [WARN] PackLoader:240 - Cannot read IP mode file for STMicroelectronics.X-CUBE-GNSS1.7.1.0
2026-02-16 15:48:56,318 [WARN] ConditionMgr:438 - getConditionDescription Invalid condition id : Cortex-A Device cause : null
2026-02-16 15:48:56,331 [WARN] ConditionMgr:1044 - genDependencies : Invalid condition id : Cortex-A Device cause : null
2026-02-16 15:48:56,331 [WARN] ConditionMgr:1044 - genDependencies : Invalid condition id : Cortex-A Device cause : null
2026-02-16 15:48:56,331 [WARN] ConditionMgr:1044 - genDependencies : Invalid condition id : Cortex-A Device cause : null
2026-02-16 15:48:56,335 [WARN] PackLoader:240 - Cannot read IP mode file for STMicroelectronics.X-CUBE-AI.10.0.0
2026-02-16 15:48:56,348 [WARN] PackLoader:240 - Cannot read IP mode file for STMicroelectronics.FP-SNS-STBOX1.2.1.0
2026-02-16 15:48:56,357 [WARN] PackLoader:240 - Cannot read IP mode file for STMicroelectronics.FP-SNS-SMARTAG2.1.2.0
2026-02-16 15:48:56,380 [WARN] PackLoader:240 - Cannot read IP mode file for STMicroelectronics.FP-SNS-FLIGHT1.5.1.0
2026-02-16 15:48:56,413 [INFO] LogOutputStream:77 - [STDOUT_REDIRECT] 1 : Invalid condition id : UX_CORESTACK_Condition cause : null
2026-02-16 15:48:56,413 [INFO] LogOutputStream:77 - [STDOUT_REDIRECT] 1 : Invalid condition id : UX_CORESTACK_Condition cause : null
2026-02-16 15:48:56,413 [INFO] LogOutputStream:77 - [STDOUT_REDIRECT] 1 : Invalid condition id : UX_CORESTACK_Condition cause : null
2026-02-16 15:48:56,414 [INFO] LogOutputStream:77 - [STDOUT_REDIRECT] 1 : Invalid condition id : UX_CORESTACK_Condition cause : null
2026-02-16 15:48:56,414 [INFO] LogOutputStream:77 - [STDOUT_REDIRECT] 1 : Invalid condition id : UX_CORESTACK_Condition cause : null
2026-02-16 15:48:56,417 [WARN] PackLoader:240 - Cannot read IP mode file for STMicroelectronics.X-CUBE-AZRTOS-WL.2.0.0
2026-02-16 15:48:56,428 [WARN] PackLoader:240 - Cannot read IP mode file for STMicroelectronics.FP-SNS-MOTENV1.5.0.0
2026-02-16 15:48:56,470 [WARN] PackLoader:240 - Cannot read IP mode file for STMicroelectronics.X-CUBE-AZRTOS-H7RS.1.2.0
2026-02-16 15:48:56,481 [WARN] PackLoader:240 - Cannot read IP mode file for WES.I-CUBE-Cesium.1.3.0
2026-02-16 15:48:56,484 [WARN] PackLoader:240 - Cannot read IP mode file for STMicroelectronics.X-CUBE-BLE2.3.3.0
2026-02-16 15:48:56,496 [WARN] PackLoader:240 - Cannot read IP mode file for STMicroelectronics.X-CUBE-NFC9.1.0.0
2026-02-16 15:48:56,520 [WARN] PackLoader:240 - Cannot read IP mode file for STMicroelectronics.X-CUBE-BLE1.7.1.0
2026-02-16 15:48:56,523 [WARN] PackLoader:240 - Cannot read IP mode file for wolfSSL.I-CUBE-wolfMQTT.1.19.2
2026-02-16 15:48:56,527 [WARN] PackLoader:240 - Cannot read IP mode file for STMicroelectronics.X-CUBE-FREERTOS.1.4.0
2026-02-16 15:48:56,532 [WARN] PackLoader:240 - Cannot read IP mode file for STMicroelectronics.X-CUBE-EEPRMA1.5.2.0
2026-02-16 15:48:56,559 [WARN] PackLoader:240 - Cannot read IP mode file for STMicroelectronics.X-CUBE-ST67W61.1.1.0
2026-02-16 15:48:56,563 [WARN] PackLoader:240 - Cannot read IP mode file for STMicroelectronics.X-CUBE-AI.10.1.0
2026-02-16 15:48:56,613 [WARN] PackLoader:240 - Cannot read IP mode file for STMicroelectronics.X-CUBE-MEMS1.12.0.0
2026-02-16 15:48:56,825 [WARN] PackLoader:240 - Cannot read IP mode file for STMicroelectronics.X-CUBE-MEMS1.11.2.0
2026-02-16 15:48:56,994 [WARN] PackLoader:240 - Cannot read IP mode file for STMicroelectronics.X-CUBE-AZRTOS-G0.1.1.0
2026-02-16 15:48:57,023 [WARN] PackLoader:240 - Cannot read IP mode file for STMicroelectronics.X-CUBE-SAFEA1.1.2.2
2026-02-16 15:48:57,031 [WARN] PackLoader:240 - Cannot read IP mode file for STMicroelectronics.X-CUBE-NFC4.3.0.0
2026-02-16 15:48:57,064 [WARN] PackLoader:240 - Cannot read IP mode file for EmbeddedOffice.I-CUBE-FS-RTOS.1.0.1
2026-02-16 15:48:57,071 [WARN] PackLoader:240 - Cannot read IP mode file for STMicroelectronics.X-CUBE-WB05N.2.0.0
2026-02-16 15:48:57,075 [WARN] PackLoader:240 - Cannot read IP mode file for wolfSSL.I-CUBE-wolfTPM.3.8.0
2026-02-16 15:48:57,079 [WARN] PackLoader:240 - Cannot read IP mode file for STMicroelectronics.X-CUBE-TCPP.4.2.0
2026-02-16 15:48:57,083 [WARN] PackLoader:240 - Cannot read IP mode file for RealThread.X-CUBE-RT-Thread_Nano.4.1.1
2026-02-16 15:48:57,101 [WARN] PackLoader:240 - Cannot read IP mode file for STMicroelectronics.FP-ATR-SIGFOX1.3.2.0
2026-02-16 15:48:57,106 [WARN] PackLoader:240 - Cannot read IP mode file for STMicroelectronics.X-CUBE-EEPRMA1.5.1.0
2026-02-16 15:48:57,109 [WARN] PackLoader:240 - Cannot read IP mode file for wolfSSL.I-CUBE-wolfSSL.5.7.6
2026-02-16 15:48:57,112 [WARN] PackLoader:240 - Cannot read IP mode file for ITTIA_DB.I-CUBE-ITTIADB.8.9.0
2026-02-16 15:48:57,117 [WARN] PackLoader:240 - Cannot read IP mode file for STMicroelectronics.X-CUBE-NFC6.3.2.0
2026-02-16 15:48:57,122 [WARN] PackLoader:240 - Cannot read IP mode file for STMicroelectronics.X-CUBE-ST67W61.1.0.0
2026-02-16 15:48:57,124 [WARN] PackLoader:240 - Cannot read IP mode file for STMicroelectronics.X-CUBE-AI.10.2.0
2026-02-16 15:48:57,146 [WARN] PackLoader:240 - Cannot read IP mode file for SEGGER.I-CUBE-embOS.1.3.1
2026-02-16 15:48:57,173 [WARN] PackLoader:240 - Cannot read IP mode file for STMicroelectronics.X-CUBE-ALGOBUILD.1.4.0
2026-02-16 15:48:57,205 [WARN] PackLoader:240 - Cannot read IP mode file for STMicroelectronics.X-CUBE-MEMS1.11.3.0
2026-02-16 15:48:57,317 [WARN] PackLoader:240 - Cannot read IP mode file for STMicroelectronics.X-CUBE-PM33A1.1.0.0
2026-02-16 15:48:57,342 [WARN] PackLoader:240 - Cannot read IP mode file for STMicroelectronics.X-CUBE-AZRTOS-F4.1.1.0
2026-02-16 15:48:57,361 [INFO] WebApp:463 - Apply proxy settings
2026-02-16 15:48:57,376 [INFO] WebApp:548 - Chromium requires no authentication
2026-02-16 15:48:57,391 [INFO] WebApp:491 - Direct internet connection detected
2026-02-16 15:48:57,415 [INFO] WebApp:900 - Register for checkConnection events
2026-02-16 15:48:57,415 [INFO] WebApp:463 - Apply proxy settings
2026-02-16 15:48:57,415 [INFO] WebApp:548 - Chromium requires no authentication
2026-02-16 15:48:57,416 [INFO] WebApp:491 - Direct internet connection detected
2026-02-16 15:48:57,463 [WARN] PackLoader:240 - Cannot read IP mode file for Avnet-IotConnect.X-CUBE-IoTC-DA16k-PMOD.1.0.0
2026-02-16 15:48:57,467 [WARN] PackLoader:240 - Cannot read IP mode file for STMicroelectronics.X-CUBE-ISPU.2.1.0
2026-02-16 15:48:57,481 [WARN] PackLoader:240 - Cannot read IP mode file for STMicroelectronics.X-CUBE-IPS.3.2.0
2026-02-16 15:48:57,494 [WARN] PackLoader:240 - Cannot read IP mode file for STMicroelectronics.X-CUBE-NFC12.1.0.0
2026-02-16 15:48:57,533 [WARN] PackLoader:240 - Cannot read IP mode file for STMicroelectronics.X-CUBE-AZRTOS-L5.2.0.0
2026-02-16 15:48:57,544 [WARN] PackLoader:240 - Cannot read IP mode file for STMicroelectronics.X-CUBE-NFC6.3.1.0
2026-02-16 15:48:57,577 [WARN] PackLoader:240 - Cannot read IP mode file for STMicroelectronics.X-CUBE-FREERTOS.1.3.1
2026-02-16 15:48:57,597 [WARN] PackLoader:240 - Cannot read IP mode file for STMicroelectronics.X-CUBE-FREERTOS.1.3.0
2026-02-16 15:48:57,613 [INFO] WebApp:225 - Starting web application
2026-02-16 15:48:57,613 [INFO] WebApp:593 - Web application path used /opt/st/stm32cubeide_1.18.1/../../../home/tecna-smart-lab/.eclipse/com.st.stm32cube.ide.mcu.rcp.product_1.18.1_139067097_linux_gtk_x86_64/plugins/com.st.stm32cube.common.mx_6.15.0.202507011659/db/plugins/mcufinder/reactClient1/index.html
2026-02-16 15:48:57,614 [WARN] PackLoader:240 - Cannot read IP mode file for STMicroelectronics.X-CUBE-NFC7.1.0.1
2026-02-16 15:48:57,619 [WARN] PackLoader:240 - Cannot read IP mode file for STMicroelectronics.X-CUBE-TOUCHGFX.4.26.0
2026-02-16 15:48:57,625 [WARN] PackLoader:240 - Cannot read IP mode file for STMicroelectronics.FP-SNS-STAIOTCFT.1.0.0
2026-02-16 15:48:57,630 [WARN] PackLoader:240 - Cannot read IP mode file for STMicroelectronics.X-CUBE-DPower.1.3.0
2026-02-16 15:48:57,646 [WARN] ConditionMgr:438 - getConditionDescription Invalid condition id : LAN8742 Phy interface Condition cause : null
2026-02-16 15:48:57,647 [WARN] PackLoader:240 - Cannot read IP mode file for STMicroelectronics.X-CUBE-AZRTOS-L4.2.0.0
2026-02-16 15:48:57,649 [WARN] ConditionMgr:1044 - genDependencies : Invalid condition id : LAN8742 Phy interface Condition cause : null
2026-02-16 15:48:57,650 [WARN] ConditionMgr:1044 - genDependencies : Invalid condition id : LAN8742 Phy interface Condition cause : null
2026-02-16 15:48:57,651 [WARN] ConditionMgr:1044 - genDependencies : Invalid condition id : LAN8742 Phy interface Condition cause : null
2026-02-16 15:48:57,659 [WARN] PackLoader:240 - Cannot read IP mode file for STMicroelectronics.X-CUBE-SFXS2LP1.4.0.0
2026-02-16 15:48:57,667 [WARN] PackLoader:240 - Cannot read IP mode file for STMicroelectronics.X-CUBE-ST67W61.1.2.0
2026-02-16 15:48:57,690 [WARN] PackLoader:240 - Cannot read IP mode file for STMicroelectronics.X-CUBE-AZRTOS-H7.3.3.0
2026-02-16 15:48:57,728 [INFO] WebApp:191 - Connection restablished
2026-02-16 15:48:57,793 [INFO] UserAuth:487 - Internet connection configuration mode: 1
2026-02-16 15:48:57,800 [WARN] PackLoader:240 - Cannot read IP mode file for STMicroelectronics.X-CUBE-BLEMGR.4.1.0
2026-02-16 15:48:57,817 [WARN] ConditionMgr:438 - getConditionDescription Invalid condition id : UX DEVICE CLASS RTOS Condition cause : null
2026-02-16 15:48:57,818 [WARN] ConditionMgr:438 - getConditionDescription Invalid condition id : UX DEVICE CLASS RTOS Condition cause : null
2026-02-16 15:48:57,820 [WARN] PackLoader:240 - Cannot read IP mode file for STMicroelectronics.X-CUBE-AZRTOS-WB.2.0.0
2026-02-16 15:48:57,821 [WARN] ConditionMgr:1044 - genDependencies : Invalid condition id : UX DEVICE CLASS RTOS Condition cause : null
2026-02-16 15:48:57,821 [WARN] ConditionMgr:1044 - genDependencies : Invalid condition id : UX DEVICE CLASS RTOS Condition cause : null
2026-02-16 15:48:57,822 [WARN] ConditionMgr:1044 - genDependencies : Invalid condition id : UX DEVICE CLASS RTOS Condition cause : null
2026-02-16 15:48:57,822 [WARN] ConditionMgr:1044 - genDependencies : Invalid condition id : UX DEVICE CLASS RTOS Condition cause : null
2026-02-16 15:48:57,822 [WARN] ConditionMgr:1044 - genDependencies : Invalid condition id : UX DEVICE CLASS RTOS Condition cause : null
2026-02-16 15:48:57,826 [WARN] ConditionMgr:438 - getConditionDescription Invalid condition id : UX DEVICE CLASS RTOS Condition cause : null
2026-02-16 15:48:57,826 [WARN] ConditionMgr:438 - getConditionDescription Invalid condition id : UX DEVICE CLASS RTOS Condition cause : null
2026-02-16 15:48:57,904 [WARN] PackLoader:240 - Cannot read IP mode file for STMicroelectronics.X-CUBE-GNSS1.7.0.1
2026-02-16 15:48:57,927 [WARN] PackLoader:240 - Cannot read IP mode file for STMicroelectronics.X-CUBE-TOUCHGFX.4.25.0
2026-02-16 15:48:57,932 [WARN] PackLoader:240 - Cannot read IP mode file for STMicroelectronics.FP-SNS-STBOX1.2.0.0
2026-02-16 15:48:57,940 [WARN] PackLoader:240 - Cannot read IP mode file for STMicroelectronics.X-CUBE-STSE01.2.0.0
2026-02-16 15:48:57,951 [WARN] PackLoader:240 - Cannot read IP mode file for STMicroelectronics.X-CUBE-SUBG2.5.0.0
2026-02-16 15:48:57,972 [WARN] PackLoader:240 - Cannot read IP mode file for STMicroelectronics.X-CUBE-AZRTOS-H7RS.1.1.0
2026-02-16 15:48:57,977 [WARN] PackLoader:240 - Cannot read IP mode file for Cesanta.I-CUBE-Mongoose.7.13.0
2026-02-16 15:48:57,997 [WARN] PackLoader:240 - Cannot read IP mode file for STMicroelectronics.X-CUBE-AZRTOS-G4.2.0.0
2026-02-16 15:48:58,078 [WARN] PackLoader:240 - Cannot read IP mode file for wolfSSL.I-CUBE-wolfSSH.1.4.20
2026-02-16 15:48:58,082 [WARN] PackLoader:240 - Cannot read IP mode file for STMicroelectronics.X-CUBE-NFC7.2.0.0
2026-02-16 15:48:58,107 [WARN] PackLoader:240 - Cannot read IP mode file for STMicroelectronics.X-CUBE-IPS.3.1.0
2026-02-16 15:48:58,116 [WARN] PackLoader:240 - Cannot read IP mode file for STMicroelectronics.X-CUBE-ALS.1.0.2
2026-02-16 15:48:58,124 [WARN] PackLoader:240 - Cannot read IP mode file for STMicroelectronics.X-CUBE-STSE01.1.0.0
2026-02-16 15:48:58,129 [WARN] PackLoader:240 - Cannot read IP mode file for portGmbH.I-Cube-SoM-uGOAL.1.1.0
2026-02-16 15:48:58,157 [WARN] PackLoader:240 - Cannot read IP mode file for STMicroelectronics.X-CUBE-TOF1.3.4.3
2026-02-16 15:48:58,167 [INFO] ThirdParty:978 - Integrity check success = true
2026-02-16 15:48:58,167 [INFO] IntegrityCheckThread:100 - exiting critical section [integrity check]
2026-02-16 15:48:58,167 [INFO] IntegrityCheckThread:103 - End integrity checks thread
2026-02-16 15:49:43,371 [ERROR] LogOutputStream:75 - [STDERR_REDIRECT] 
2026-02-16 15:49:43,373 [ERROR] LogOutputStream:75 - [STDERR_REDIRECT] 
2026-02-16 21:47:34,181 [INFO] Activator:176 - 


2026-02-16 21:47:34,188 [INFO] Activator:177 - !SESSION log4j initialized
2026-02-16 21:47:41,197 [INFO] LogOutputStream:77 - [STDOUT_REDIRECT] 
2026-02-16 21:47:44,343 [INFO] ApplicationProperties:184 - Using Application install path: /opt/st/stm32cubeide_1.18.1/../../../home/tecna-smart-lab/.eclipse/com.st.stm32cube.ide.mcu.rcp.product_1.18.1_139067097_linux_gtk_x86_64/plugins/com.st.stm32cube.common.mx_6.15.0.202507011659
2026-02-16 21:47:44,411 [INFO] DbMcusXml:78 - Set database path to: /opt/st/stm32cubeide_1.18.1/../../../home/tecna-smart-lab/.eclipse/com.st.stm32cube.ide.mcu.rcp.product_1.18.1_139067097_linux_gtk_x86_64/plugins/com.st.stm32cube.common.mx_6.15.0.202507011659//db//mcu/
2026-02-16 21:47:44,413 [INFO] ApiDb:274 - Set plugin database path to: /opt/st/stm32cubeide_1.18.1/../../../home/tecna-smart-lab/.eclipse/com.st.stm32cube.ide.mcu.rcp.product_1.18.1_139067097_linux_gtk_x86_64/plugins/com.st.stm32cube.common.mx_6.15.0.202507011659//db//plugins/boardmanager/
2026-02-16 21:47:44,414 [WARN] ApiDb:259 - Overriding images path with different value:  => /opt/st/stm32cubeide_1.18.1/../../../home/tecna-smart-lab/.eclipse/com.st.stm32cube.ide.mcu.rcp.product_1.18.1_139067097_linux_gtk_x86_64/plugins/com.st.stm32cube.common.mx_6.15.0.202507011659//db//plugins/mcufinder/images/
2026-02-16 21:47:44,428 [INFO] ApiDb:250 - Set database path to: /home/tecna-smart-lab/.stmcufinder/plugins/mcufinder//mcu/
2026-02-16 21:47:44,432 [INFO] DbMcusAds:125 - Set database path to: /home/tecna-smart-lab/.stmcufinder/plugins/mcufinder//mcu/
2026-02-16 21:47:44,439 [INFO] CrossReferenceDbSqlite:203 - Set database path to: /home/tecna-smart-lab/.stmcufinder/plugins/mcufinder//mcu/cs/
2026-02-16 21:47:44,764 [INFO] RulesReader:64 - Compatibility file has been processed (317 Rules)
2026-02-16 21:47:44,949 [INFO] DbMcusXml:78 - Set database path to: /opt/st/stm32cubeide_1.18.1/../../../home/tecna-smart-lab/.eclipse/com.st.stm32cube.ide.mcu.rcp.product_1.18.1_139067097_linux_gtk_x86_64/plugins/com.st.stm32cube.common.mx_6.15.0.202507011659//db//mcu/
2026-02-16 21:47:44,949 [INFO] ApiDb:274 - Set plugin database path to: /opt/st/stm32cubeide_1.18.1/../../../home/tecna-smart-lab/.eclipse/com.st.stm32cube.ide.mcu.rcp.product_1.18.1_139067097_linux_gtk_x86_64/plugins/com.st.stm32cube.common.mx_6.15.0.202507011659//db//plugins/boardmanager/
2026-02-16 21:47:44,949 [INFO] ApiDb:261 - Set plugin images path to: /opt/st/stm32cubeide_1.18.1/../../../home/tecna-smart-lab/.eclipse/com.st.stm32cube.ide.mcu.rcp.product_1.18.1_139067097_linux_gtk_x86_64/plugins/com.st.stm32cube.common.mx_6.15.0.202507011659//db//plugins/mcufinder/images/
2026-02-16 21:47:44,949 [WARN] DbFile:41 - Overriding database path with different value: /home/tecna-smart-lab/.stmcufinder/plugins/mcufinder/ => /home/tecna-smart-lab/.stmcufinder/plugins/mcufinder
2026-02-16 21:47:44,950 [INFO] ApiDb:250 - Set database path to: /home/tecna-smart-lab/.stmcufinder/plugins/mcufinder//mcu/
2026-02-16 21:47:44,950 [WARN] DbFile:41 - Overriding database path with different value: /home/tecna-smart-lab/.stmcufinder/plugins/mcufinder/ => /home/tecna-smart-lab/.stmcufinder/plugins/mcufinder
2026-02-16 21:47:44,950 [INFO] DbMcusAds:125 - Set database path to: /home/tecna-smart-lab/.stmcufinder/plugins/mcufinder//mcu/
2026-02-16 21:47:44,950 [WARN] DbFile:41 - Overriding database path with different value: /home/tecna-smart-lab/.stmcufinder/plugins/mcufinder/ => /home/tecna-smart-lab/.stmcufinder/plugins/mcufinder
2026-02-16 21:47:44,950 [WARN] DbFile:41 - Overriding database path with different value: /home/tecna-smart-lab/.stmcufinder/plugins/mcufinder/ => /home/tecna-smart-lab/.stmcufinder/plugins/mcufinder
2026-02-16 21:47:44,950 [INFO] CrossReferenceDbSqlite:203 - Set database path to: /home/tecna-smart-lab/.stmcufinder/plugins/mcufinder//mcu/cs/
2026-02-16 21:47:45,086 [INFO] MainPanel:274 - HeapMemory: 268435456
2026-02-16 21:47:45,343 [INFO] DbMcusXml:78 - Set database path to: /opt/st/stm32cubeide_1.18.1/../../../home/tecna-smart-lab/.eclipse/com.st.stm32cube.ide.mcu.rcp.product_1.18.1_139067097_linux_gtk_x86_64/plugins/com.st.stm32cube.common.mx_6.15.0.202507011659//db//mcu/
2026-02-16 21:47:45,343 [INFO] ApiDb:274 - Set plugin database path to: /opt/st/stm32cubeide_1.18.1/../../../home/tecna-smart-lab/.eclipse/com.st.stm32cube.ide.mcu.rcp.product_1.18.1_139067097_linux_gtk_x86_64/plugins/com.st.stm32cube.common.mx_6.15.0.202507011659//db//plugins/boardmanager/
2026-02-16 21:47:45,343 [INFO] ApiDb:261 - Set plugin images path to: /opt/st/stm32cubeide_1.18.1/../../../home/tecna-smart-lab/.eclipse/com.st.stm32cube.ide.mcu.rcp.product_1.18.1_139067097_linux_gtk_x86_64/plugins/com.st.stm32cube.common.mx_6.15.0.202507011659//db//plugins/mcufinder/images/
2026-02-16 21:47:45,344 [WARN] DbFile:41 - Overriding database path with different value: /home/tecna-smart-lab/.stmcufinder/plugins/mcufinder/ => /home/tecna-smart-lab/.stmcufinder/plugins/mcufinder
2026-02-16 21:47:45,344 [INFO] ApiDb:250 - Set database path to: /home/tecna-smart-lab/.stmcufinder/plugins/mcufinder//mcu/
2026-02-16 21:47:45,345 [WARN] DbFile:41 - Overriding database path with different value: /home/tecna-smart-lab/.stmcufinder/plugins/mcufinder/ => /home/tecna-smart-lab/.stmcufinder/plugins/mcufinder
2026-02-16 21:47:45,345 [INFO] DbMcusAds:125 - Set database path to: /home/tecna-smart-lab/.stmcufinder/plugins/mcufinder//mcu/
2026-02-16 21:47:45,345 [WARN] DbFile:41 - Overriding database path with different value: /home/tecna-smart-lab/.stmcufinder/plugins/mcufinder/ => /home/tecna-smart-lab/.stmcufinder/plugins/mcufinder
2026-02-16 21:47:45,346 [WARN] DbFile:41 - Overriding database path with different value: /home/tecna-smart-lab/.stmcufinder/plugins/mcufinder/ => /home/tecna-smart-lab/.stmcufinder/plugins/mcufinder
2026-02-16 21:47:45,346 [INFO] CrossReferenceDbSqlite:203 - Set database path to: /home/tecna-smart-lab/.stmcufinder/plugins/mcufinder//mcu/cs/
2026-02-16 21:47:45,373 [INFO] ApplicationProperties:184 - Using Application install path: /opt/st/stm32cubeide_1.18.1/../../../home/tecna-smart-lab/.eclipse/com.st.stm32cube.ide.mcu.rcp.product_1.18.1_139067097_linux_gtk_x86_64/plugins/com.st.stm32cube.common.mx_6.15.0.202507011659
2026-02-16 21:47:45,375 [INFO] PluginManage:196 - Search for loadable plugins [exclusion list=, ]
2026-02-16 21:47:45,377 [INFO] PluginManage:310 - Check plugin analytics
2026-02-16 21:47:45,847 [INFO] AnalyticsPlugin:253 - Accepted Software Licenses: STM32CubeMX.6.15.0
2026-02-16 21:47:45,848 [INFO] AnalyticsPlugin:255 - Accepted CMSIS Pack Licenses: STMicroelectronics.X-CUBE-FREERTOS.1.3.0,STMicroelectronics.X-CUBE-GNSS1.7.0.1,STMicroelectronics.X-CUBE-AZRTOS-H7.3.3.0,portGmbH.I-Cube-SoM-uGOAL.1.1.0,STMicroelectronics.X-CUBE-AZRTOS-G4.2.0.0,STMicroelectronics.X-CUBE-FREERTOS.1.3.1,STMicroelectronics.X-CUBE-NFC6.3.1.0,STMicroelectronics.X-CUBE-NFC4.3.0.0,STMicroelectronics.X-CUBE-NFC7.2.0.0,STMicroelectronics.X-CUBE-NFC9.1.0.0,STMicroelectronics.X-CUBE-NFC12.1.0.0,STMicroelectronics.X-CUBE-NFC10.1.0.0,RealThread.X-CUBE-RT-Thread_Nano.4.1.1,STMicroelectronics.X-CUBE-AZRTOS-F4.1.1.0,STMicroelectronics.X-CUBE-DISPLAY.3.0.0,Infineon.AIROC-Wi-Fi-Bluetooth-STM32.1.7.0,Cesanta.I-CUBE-Mongoose.7.13.0,STMicroelectronics.X-CUBE-AZRTOS-WB.2.0.0,STMicroelectronics.X-CUBE-EEPRMA1.5.2.0
2026-02-16 21:47:45,849 [INFO] AnalyticsPlugin:257 - Accepted Firmware Licenses: FW.U5.1.7.0,FW.G0.1.6.0,FW.H7.1.12.0,FW.C0.1.4.0,FW.F4.1.28.0,FW.G4.1.6.0,FW.U5.1.8.0,FW.WL.1.3.0,FW.H5.1.5.0
2026-02-16 21:47:45,858 [INFO] PluginManage:359 - Loaded plugin analytics (category:tool,tabindex:-1)
2026-02-16 21:47:45,859 [INFO] PluginManage:310 - Check plugin cadmodel
2026-02-16 21:47:45,868 [INFO] CADModel:105 - Init CAD model plugin
2026-02-16 21:47:45,869 [INFO] PluginManage:359 - Loaded plugin cadmodel (category:power,tabindex:5)
2026-02-16 21:47:45,869 [INFO] PluginManage:310 - Check plugin clock
2026-02-16 21:47:45,898 [INFO] PluginManage:359 - Loaded plugin clock (category:base,tabindex:2)
2026-02-16 21:47:45,898 [INFO] PluginManage:310 - Check plugin ddr
2026-02-16 21:47:45,903 [INFO] PluginManage:359 - Loaded plugin ddr (category:tool,tabindex:6)
2026-02-16 21:47:45,904 [INFO] PluginManage:310 - Check plugin filemanager
2026-02-16 21:47:46,386 [INFO] PluginManage:359 - Loaded plugin filemanager (category:base,tabindex:10)
2026-02-16 21:47:46,388 [INFO] PluginManage:310 - Check plugin ipmanager
2026-02-16 21:47:46,431 [INFO] PluginManage:359 - Loaded plugin ipmanager (category:base,tabindex:5)
2026-02-16 21:47:46,431 [INFO] PluginManage:310 - Check plugin lpbam
2026-02-16 21:47:46,491 [INFO] PluginManage:359 - Loaded plugin lpbam (category:base,tabindex:0)
2026-02-16 21:47:46,491 [INFO] PluginManage:310 - Check plugin memorymap
2026-02-16 21:47:46,536 [INFO] PluginManage:359 - Loaded plugin memorymap (category:base,tabindex:4)
2026-02-16 21:47:46,536 [INFO] PluginManage:310 - Check plugin pinoutandconfiguration
2026-02-16 21:47:46,571 [INFO] PluginManage:359 - Loaded plugin pinoutandconfiguration (category:base,tabindex:1)
2026-02-16 21:47:46,571 [INFO] PluginManage:310 - Check plugin pinoutconfig
2026-02-16 21:47:46,888 [WARN] SupportedApi:132 - Cannot load RTOS API schema: s4s-elt-must-match.1: The content of 'definitions' must match (annotation?, (simpleType | complexType)?, (unique | key | keyref)*)). A problem was found starting at: attribute.
2026-02-16 21:47:47,259 [INFO] PluginManage:359 - Loaded plugin pinoutconfig (category:base,tabindex:0)
2026-02-16 21:47:47,259 [INFO] PluginManage:310 - Check plugin power
2026-02-16 21:47:47,286 [INFO] PluginManage:359 - Loaded plugin power (category:power,tabindex:4)
2026-02-16 21:47:47,287 [INFO] PluginManage:310 - Check plugin projectmanager
2026-02-16 21:47:47,325 [INFO] PluginManage:359 - Loaded plugin projectmanager (category:projectmanager,tabindex:4)
2026-02-16 21:47:47,325 [INFO] PluginManage:310 - Check plugin rif
2026-02-16 21:47:47,347 [INFO] PluginManage:359 - Loaded plugin rif (category:base,tabindex:3)
2026-02-16 21:47:47,348 [INFO] PluginManage:310 - Check plugin thirdparty
2026-02-16 21:47:47,879 [WARN] IntegrityCheckThread:84 - waiting for thirdparty lock release [integrity check]
2026-02-16 21:47:47,880 [INFO] IntegrityCheckThread:86 - entering critical section [integrity check]
2026-02-16 21:47:47,879 [INFO] PluginManage:359 - Loaded plugin thirdparty (category:base,tabindex:-1)
2026-02-16 21:47:47,881 [INFO] PluginManage:310 - Check plugin tools
2026-02-16 21:47:47,882 [INFO] ThirdPartyUpdaterWithRetryManager:70 - Updater plugin not ready yet. [1/15]
2026-02-16 21:47:47,893 [INFO] PluginManage:359 - Loaded plugin tools (category:base,tabindex:7)
2026-02-16 21:47:47,893 [INFO] PluginManage:310 - Check plugin tutovideos
2026-02-16 21:47:48,633 [INFO] PluginManage:359 - Loaded plugin tutovideos (category:base,tabindex:-1)
2026-02-16 21:47:48,633 [INFO] PluginManage:310 - Check plugin updater
2026-02-16 21:47:48,695 [INFO] PluginManage:359 - Loaded plugin updater (category:base,tabindex:12)
2026-02-16 21:47:48,696 [INFO] PluginManage:310 - Check plugin userauth
2026-02-16 21:47:48,706 [INFO] UserAuth:118 - Init User Auth plugin
2026-02-16 21:47:48,708 [INFO] PluginManage:359 - Loaded plugin userauth (category:base,tabindex:14)
2026-02-16 21:47:48,709 [INFO] PluginManage:283 - PluginManage : Loaded plugins [18]
2026-02-16 21:47:49,164 [INFO] PinOutPanel:1589 - setPackage(No Configuration,No Configuration)
2026-02-16 21:47:49,322 [ERROR] LogOutputStream:75 - [STDERR_REDIRECT] Feb 16, 2026 9:47:49 PM org.eclipse.lsp4j.jsonrpc.services.GenericEndpoint notify
2026-02-16 21:47:49,324 [ERROR] LogOutputStream:75 - [STDERR_REDIRECT] WARNING: Unsupported notification method: statusNotification
2026-02-16 21:47:49,324 [ERROR] LogOutputStream:75 - [STDERR_REDIRECT] 
2026-02-16 21:47:49,326 [ERROR] LogOutputStream:75 - [STDERR_REDIRECT] Feb 16, 2026 9:47:49 PM org.eclipse.lsp4j.jsonrpc.services.GenericEndpoint notify
2026-02-16 21:47:49,327 [ERROR] LogOutputStream:75 - [STDERR_REDIRECT] WARNING: Unsupported notification method: didChangeStatus
2026-02-16 21:47:49,328 [ERROR] LogOutputStream:75 - [STDERR_REDIRECT] 
2026-02-16 21:47:49,345 [ERROR] LogOutputStream:75 - [STDERR_REDIRECT] Feb 16, 2026 9:47:49 PM org.eclipse.lsp4j.jsonrpc.services.GenericEndpoint notify
2026-02-16 21:47:49,356 [ERROR] LogOutputStream:75 - [STDERR_REDIRECT] WARNING: Unsupported notification method: conversation/preconditionsNotification
2026-02-16 21:47:49,357 [ERROR] LogOutputStream:75 - [STDERR_REDIRECT] 
2026-02-16 21:47:49,538 [INFO] CADModel:165 - CPN selected for project level
2026-02-16 21:47:49,538 [INFO] CADModel:114 - Register for checkConnection events
2026-02-16 21:47:49,584 [INFO] IPUIPlugin:80 - create IPUIPlugin
2026-02-16 21:47:49,584 [INFO] PluginManager:220 - loadIPPluginJar : add spi
2026-02-16 21:47:49,591 [INFO] IPUIPlugin:80 - create IPUIPlugin
2026-02-16 21:47:49,592 [INFO] PluginManager:220 - loadIPPluginJar : add ddr_ctrl_phy
2026-02-16 21:47:49,596 [INFO] IPUIPlugin:80 - create IPUIPlugin
2026-02-16 21:47:49,596 [INFO] PluginManager:220 - loadIPPluginJar : add fatfs
2026-02-16 21:47:49,603 [INFO] IPUIPlugin:80 - create IPUIPlugin
2026-02-16 21:47:49,604 [INFO] PluginManager:220 - loadIPPluginJar : add dma3
2026-02-16 21:47:49,611 [INFO] IPUIPlugin:80 - create IPUIPlugin
2026-02-16 21:47:49,612 [INFO] PluginManager:220 - loadIPPluginJar : add touchsensing
2026-02-16 21:47:49,619 [INFO] IPUIPlugin:80 - create IPUIPlugin
2026-02-16 21:47:49,619 [INFO] PluginManager:220 - loadIPPluginJar : add usart
2026-02-16 21:47:49,624 [INFO] IPUIPlugin:80 - create IPUIPlugin
2026-02-16 21:47:49,624 [INFO] PluginManager:220 - loadIPPluginJar : add cryp
2026-02-16 21:47:49,632 [INFO] IPUIPlugin:80 - create IPUIPlugin
2026-02-16 21:47:49,632 [INFO] PluginManager:220 - loadIPPluginJar : add i2s
2026-02-16 21:47:49,635 [INFO] IPUIPlugin:80 - create IPUIPlugin
2026-02-16 21:47:49,635 [INFO] PluginManager:220 - loadIPPluginJar : add ltdc
2026-02-16 21:47:49,641 [INFO] IPUIPlugin:80 - create IPUIPlugin
2026-02-16 21:47:49,642 [INFO] PluginManager:220 - loadIPPluginJar : add gfxmmu
2026-02-16 21:47:49,650 [INFO] IPUIPlugin:80 - create IPUIPlugin
2026-02-16 21:47:49,650 [INFO] PluginManager:220 - loadIPPluginJar : add dfsdm
2026-02-16 21:47:49,667 [INFO] IPUIPlugin:80 - create IPUIPlugin
2026-02-16 21:47:49,675 [INFO] PluginManager:220 - loadIPPluginJar : add plateformsettings
2026-02-16 21:47:49,685 [INFO] IPUIPlugin:80 - create IPUIPlugin
2026-02-16 21:47:49,686 [INFO] PluginManager:220 - loadIPPluginJar : add pdm2pcm
2026-02-16 21:47:49,701 [INFO] IPUIPlugin:80 - create IPUIPlugin
2026-02-16 21:47:49,701 [INFO] PluginManager:220 - loadIPPluginJar : add freertos
2026-02-16 21:47:49,706 [INFO] IPUIPlugin:80 - create IPUIPlugin
2026-02-16 21:47:49,706 [INFO] PluginManager:220 - loadIPPluginJar : add tim
2026-02-16 21:47:49,711 [INFO] IPUIPlugin:80 - create IPUIPlugin
2026-02-16 21:47:49,712 [INFO] PluginManager:220 - loadIPPluginJar : add ts
2026-02-16 21:47:49,720 [INFO] IPUIPlugin:80 - create IPUIPlugin
2026-02-16 21:47:49,720 [INFO] PluginManager:220 - loadIPPluginJar : add quadspi
2026-02-16 21:47:49,725 [INFO] IPUIPlugin:80 - create IPUIPlugin
2026-02-16 21:47:49,725 [INFO] PluginManager:220 - loadIPPluginJar : add comp
2026-02-16 21:47:49,738 [INFO] IPUIPlugin:80 - create IPUIPlugin
2026-02-16 21:47:49,739 [INFO] PluginManager:220 - loadIPPluginJar : add resmgrutility
2026-02-16 21:47:49,755 [INFO] IPUIPlugin:80 - create IPUIPlugin
2026-02-16 21:47:49,755 [INFO] PluginManager:220 - loadIPPluginJar : add mdma
2026-02-16 21:47:49,766 [INFO] IPUIPlugin:80 - create IPUIPlugin
2026-02-16 21:47:49,767 [INFO] PluginManager:220 - loadIPPluginJar : add gpio
2026-02-16 21:47:49,773 [INFO] IPUIPlugin:80 - create IPUIPlugin
2026-02-16 21:47:49,773 [INFO] PluginManager:220 - loadIPPluginJar : add tsc
2026-02-16 21:47:49,781 [INFO] IPUIPlugin:80 - create IPUIPlugin
2026-02-16 21:47:49,782 [INFO] PluginManager:220 - loadIPPluginJar : add extmemmanager
2026-02-16 21:47:49,788 [INFO] IPUIPlugin:80 - create IPUIPlugin
2026-02-16 21:47:49,788 [INFO] PluginManager:220 - loadIPPluginJar : add sai
2026-02-16 21:47:49,794 [INFO] IPUIPlugin:80 - create IPUIPlugin
2026-02-16 21:47:49,794 [INFO] PluginManager:220 - loadIPPluginJar : add i2c
2026-02-16 21:47:49,799 [INFO] IPUIPlugin:80 - create IPUIPlugin
2026-02-16 21:47:49,799 [INFO] PluginManager:220 - loadIPPluginJar : add ucpd
2026-02-16 21:47:49,806 [INFO] IPUIPlugin:80 - create IPUIPlugin
2026-02-16 21:47:49,807 [INFO] PluginManager:220 - loadIPPluginJar : add aes
2026-02-16 21:47:49,813 [INFO] IPUIPlugin:80 - create IPUIPlugin
2026-02-16 21:47:49,813 [INFO] PluginManager:220 - loadIPPluginJar : add tracer_emb
2026-02-16 21:47:49,821 [INFO] IPUIPlugin:80 - create IPUIPlugin
2026-02-16 21:47:49,822 [INFO] PluginManager:220 - loadIPPluginJar : add usbx
2026-02-16 21:47:49,828 [INFO] IPUIPlugin:80 - create IPUIPlugin
2026-02-16 21:47:49,829 [INFO] PluginManager:220 - loadIPPluginJar : add lorawan
2026-02-16 21:47:49,846 [INFO] IPUIPlugin:80 - create IPUIPlugin
2026-02-16 21:47:49,847 [INFO] PluginManager:220 - loadIPPluginJar : add linkedlist
2026-02-16 21:47:49,856 [INFO] IPUIPlugin:80 - create IPUIPlugin
2026-02-16 21:47:49,856 [INFO] PluginManager:220 - loadIPPluginJar : add fmc
2026-02-16 21:47:49,864 [INFO] IPUIPlugin:80 - create IPUIPlugin
2026-02-16 21:47:49,865 [INFO] PluginManager:220 - loadIPPluginJar : add opamp
2026-02-16 21:47:49,869 [INFO] IPUIPlugin:80 - create IPUIPlugin
2026-02-16 21:47:49,869 [INFO] PluginManager:220 - loadIPPluginJar : add genericplugin
2026-02-16 21:47:49,876 [INFO] IPUIPlugin:80 - create IPUIPlugin
2026-02-16 21:47:49,877 [INFO] PluginManager:220 - loadIPPluginJar : add nvic
2026-02-16 21:47:49,884 [INFO] IPUIPlugin:80 - create IPUIPlugin
2026-02-16 21:47:49,884 [INFO] PluginManager:220 - loadIPPluginJar : add ipddr
2026-02-16 21:47:49,889 [INFO] IPUIPlugin:80 - create IPUIPlugin
2026-02-16 21:47:49,890 [INFO] PluginManager:220 - loadIPPluginJar : add i3c
2026-02-16 21:47:49,894 [INFO] IPUIPlugin:80 - create IPUIPlugin
2026-02-16 21:47:49,895 [INFO] PluginManager:220 - loadIPPluginJar : add hash
2026-02-16 21:47:49,900 [INFO] IPUIPlugin:80 - create IPUIPlugin
2026-02-16 21:47:49,900 [INFO] PluginManager:220 - loadIPPluginJar : add gtzc
2026-02-16 21:47:49,904 [INFO] IPUIPlugin:80 - create IPUIPlugin
2026-02-16 21:47:49,905 [INFO] PluginManager:220 - loadIPPluginJar : add radio
2026-02-16 21:47:49,920 [INFO] IPUIPlugin:80 - create IPUIPlugin
2026-02-16 21:47:49,921 [INFO] PluginManager:220 - loadIPPluginJar : add gic
2026-02-16 21:47:49,936 [INFO] IPUIPlugin:80 - create IPUIPlugin
2026-02-16 21:47:49,936 [INFO] PluginManager:220 - loadIPPluginJar : add dma
2026-02-16 21:47:49,942 [INFO] IPUIPlugin:80 - create IPUIPlugin
2026-02-16 21:47:49,943 [INFO] PluginManager:220 - loadIPPluginJar : add can
2026-02-16 21:47:49,952 [INFO] IPUIPlugin:80 - create IPUIPlugin
2026-02-16 21:47:49,953 [INFO] PluginManager:220 - loadIPPluginJar : add openamp
2026-02-16 21:47:49,970 [INFO] IPUIPlugin:80 - create IPUIPlugin
2026-02-16 21:47:49,971 [INFO] PluginManager:220 - loadIPPluginJar : add stm32_wpan
2026-02-16 21:47:49,985 [INFO] IPUIPlugin:80 - create IPUIPlugin
2026-02-16 21:47:49,986 [INFO] PluginManager:220 - loadIPPluginJar : add adc
2026-02-16 21:47:50,152 [FATAL] Updater:351 - Updater called before beeing initialized
2026-02-16 21:47:50,227 [INFO] RulesReader:64 - Compatibility file has been processed (317 Rules)
2026-02-16 21:47:50,258 [INFO] RulesReader:64 - Compatibility file has been processed (317 Rules)
2026-02-16 21:47:50,280 [INFO] CADModel:165 - CPN selected for project level
2026-02-16 21:47:50,280 [INFO] CADModel:114 - Register for checkConnection events
2026-02-16 21:47:50,281 [FATAL] Updater:351 - Updater called before beeing initialized
2026-02-16 21:47:50,281 [ERROR] CADModel:125 - Updater not yet initialized, retry later 
2026-02-16 21:47:50,796 [FATAL] Updater:351 - Updater called before beeing initialized
2026-02-16 21:47:50,803 [INFO] CADModel:165 - CPN selected for project level
2026-02-16 21:47:50,803 [INFO] CADModel:114 - Register for checkConnection events
2026-02-16 21:47:50,804 [FATAL] Updater:351 - Updater called before beeing initialized
2026-02-16 21:47:50,804 [ERROR] CADModel:125 - Updater not yet initialized, retry later 
2026-02-16 21:47:50,816 [FATAL] Updater:351 - Updater called before beeing initialized
2026-02-16 21:47:50,883 [INFO] ThirdPartyUpdaterWithRetryManager:70 - Updater plugin not ready yet. [2/15]
2026-02-16 21:47:51,159 [FATAL] Updater:351 - Updater called before beeing initialized
2026-02-16 21:47:51,168 [INFO] DbMcusAds:53 - JSON generation date=Thu Jan 08 10:57:51 PET 2026 (1767887871456)
2026-02-16 21:47:51,168 [FATAL] Updater:351 - Updater called before beeing initialized
2026-02-16 21:47:51,243 [WARN] DetailPanel:346 - Failed to get advertising image, set to default
2026-02-16 21:47:51,414 [FATAL] Updater:351 - Updater called before beeing initialized
2026-02-16 21:47:51,419 [FATAL] Updater:351 - Updater called before beeing initialized
2026-02-16 21:47:51,421 [FATAL] Updater:351 - Updater called before beeing initialized
2026-02-16 21:47:51,421 [WARN] DetailPanel:346 - Failed to get advertising image, set to default
2026-02-16 21:47:51,424 [FATAL] Updater:351 - Updater called before beeing initialized
2026-02-16 21:47:51,519 [ERROR] Updater:1198 - MainUpdater not yet initialized. External WinMGr cannot be set.
2026-02-16 21:47:51,522 [INFO] Updater:1134 - Updater Version found : 6.15.0
2026-02-16 21:47:51,555 [INFO] ApplicationProperties:184 - Using Application install path: /opt/st/stm32cubeide_1.18.1/../../../home/tecna-smart-lab/.eclipse/com.st.stm32cube.ide.mcu.rcp.product_1.18.1_139067097_linux_gtk_x86_64/plugins/com.st.stm32cube.common.mx_6.15.0.202507011659
2026-02-16 21:47:52,221 [INFO] MainUpdater:2872 - connection check result : 10
2026-02-16 21:47:52,222 [INFO] MainUpdater:289 - Updater Check For Update Now.
2026-02-16 21:47:52,223 [INFO] MicroXplorer:498 - Change Database Version : DB.6.0.150
2026-02-16 21:47:52,234 [INFO] McuFinderGlobals:63 - Set McuFinder mode to 2 (CubeIDE integrated)
2026-02-16 21:47:52,236 [INFO] UserAuth:487 - Internet connection configuration mode: 1
2026-02-16 21:47:52,283 [INFO] JxBrowserEngine:152 - Initiate JxBrowser Engine with user profile folder
2026-02-16 21:47:52,636 [INFO] CheckServerUpdateThread:120 - End of CheckServer Thread
2026-02-16 21:47:54,175 [INFO] WebApp:169 - Instantiating new browser for Auth
2026-02-16 21:47:54,255 [WARN] PackLoader:240 - Cannot read IP mode file for STMicroelectronics.FP-SNS-MOTENVWB1.1.4.0
2026-02-16 21:47:54,273 [WARN] PackLoader:240 - Cannot read IP mode file for STMicroelectronics.FP-ATR-ASTRA1.2.0.2
2026-02-16 21:47:54,289 [WARN] PackLoader:240 - Cannot read IP mode file for STMicroelectronics.X-CUBE-SMBUS.2.1.0
2026-02-16 21:47:54,298 [WARN] PackLoader:240 - Cannot read IP mode file for STMicroelectronics.X-CUBE-ST60.1.0.0
2026-02-16 21:47:54,360 [WARN] PackLoader:240 - Cannot read IP mode file for STMicroelectronics.X-CUBE-AZRTOS-F7.1.1.0
2026-02-16 21:47:54,379 [WARN] PackLoader:240 - Cannot read IP mode file for STMicroelectronics.FP-SNS-MOTENV1.5.1.0
2026-02-16 21:47:54,429 [WARN] PackLoader:240 - Cannot read IP mode file for Infineon.AIROC-Wi-Fi-Bluetooth-STM32.1.7.0
2026-02-16 21:47:54,766 [WARN] PackLoader:240 - Cannot read IP mode file for STMicroelectronics.X-CUBE-AZRTOS-H7.3.4.0
2026-02-16 21:47:54,789 [WARN] PackLoader:240 - Cannot read IP mode file for STMicroelectronics.X-CUBE-DISPLAY.3.0.0
2026-02-16 21:47:54,875 [WARN] PackLoader:240 - Cannot read IP mode file for STMicroelectronics.X-CUBE-NFC10.1.0.0
2026-02-16 21:47:54,950 [WARN] PackLoader:240 - Cannot read IP mode file for STMicroelectronics.X-CUBE-BLEMGR.4.0.0
2026-02-16 21:47:54,965 [WARN] PackLoader:240 - Cannot read IP mode file for STMicroelectronics.X-CUBE-ST60.1.1.0
2026-02-16 21:47:54,975 [WARN] PackLoader:240 - Cannot read IP mode file for emotas.I-CUBE-CANOPEN.1.3.0
2026-02-16 21:47:54,984 [WARN] PackLoader:240 - Cannot read IP mode file for STMicroelectronics.X-CUBE-GNSS1.7.1.0
2026-02-16 21:47:54,993 [WARN] ConditionMgr:438 - getConditionDescription Invalid condition id : Cortex-A Device cause : null
2026-02-16 21:47:55,002 [WARN] ConditionMgr:1044 - genDependencies : Invalid condition id : Cortex-A Device cause : null
2026-02-16 21:47:55,003 [WARN] ConditionMgr:1044 - genDependencies : Invalid condition id : Cortex-A Device cause : null
2026-02-16 21:47:55,003 [WARN] ConditionMgr:1044 - genDependencies : Invalid condition id : Cortex-A Device cause : null
2026-02-16 21:47:55,009 [WARN] PackLoader:240 - Cannot read IP mode file for STMicroelectronics.X-CUBE-AI.10.0.0
2026-02-16 21:47:55,024 [WARN] PackLoader:240 - Cannot read IP mode file for STMicroelectronics.FP-SNS-STBOX1.2.1.0
2026-02-16 21:47:55,036 [WARN] PackLoader:240 - Cannot read IP mode file for STMicroelectronics.FP-SNS-SMARTAG2.1.2.0
2026-02-16 21:47:55,045 [WARN] PackLoader:240 - Cannot read IP mode file for STMicroelectronics.FP-SNS-FLIGHT1.5.1.0
2026-02-16 21:47:55,059 [INFO] LogOutputStream:77 - [STDOUT_REDIRECT] 1 : Invalid condition id : UX_CORESTACK_Condition cause : null
2026-02-16 21:47:55,061 [INFO] LogOutputStream:77 - [STDOUT_REDIRECT] 1 : Invalid condition id : UX_CORESTACK_Condition cause : null
2026-02-16 21:47:55,062 [INFO] LogOutputStream:77 - [STDOUT_REDIRECT] 1 : Invalid condition id : UX_CORESTACK_Condition cause : null
2026-02-16 21:47:55,062 [INFO] LogOutputStream:77 - [STDOUT_REDIRECT] 1 : Invalid condition id : UX_CORESTACK_Condition cause : null
2026-02-16 21:47:55,063 [INFO] LogOutputStream:77 - [STDOUT_REDIRECT] 1 : Invalid condition id : UX_CORESTACK_Condition cause : null
2026-02-16 21:47:55,070 [WARN] PackLoader:240 - Cannot read IP mode file for STMicroelectronics.X-CUBE-AZRTOS-WL.2.0.0
2026-02-16 21:47:55,080 [WARN] PackLoader:240 - Cannot read IP mode file for STMicroelectronics.FP-SNS-MOTENV1.5.0.0
2026-02-16 21:47:55,134 [WARN] PackLoader:240 - Cannot read IP mode file for STMicroelectronics.X-CUBE-AZRTOS-H7RS.1.2.0
2026-02-16 21:47:55,150 [WARN] PackLoader:240 - Cannot read IP mode file for WES.I-CUBE-Cesium.1.3.0
2026-02-16 21:47:55,158 [WARN] PackLoader:240 - Cannot read IP mode file for STMicroelectronics.X-CUBE-BLE2.3.3.0
2026-02-16 21:47:55,182 [WARN] PackLoader:240 - Cannot read IP mode file for STMicroelectronics.X-CUBE-NFC9.1.0.0
2026-02-16 21:47:55,248 [WARN] PackLoader:240 - Cannot read IP mode file for STMicroelectronics.X-CUBE-BLE1.7.1.0
2026-02-16 21:47:55,253 [WARN] PackLoader:240 - Cannot read IP mode file for wolfSSL.I-CUBE-wolfMQTT.1.19.2
2026-02-16 21:47:55,262 [WARN] PackLoader:240 - Cannot read IP mode file for STMicroelectronics.X-CUBE-FREERTOS.1.4.0
2026-02-16 21:47:55,272 [WARN] PackLoader:240 - Cannot read IP mode file for STMicroelectronics.X-CUBE-EEPRMA1.5.2.0
2026-02-16 21:47:55,320 [WARN] PackLoader:240 - Cannot read IP mode file for STMicroelectronics.X-CUBE-ST67W61.1.1.0
2026-02-16 21:47:55,327 [WARN] PackLoader:240 - Cannot read IP mode file for STMicroelectronics.X-CUBE-AI.10.1.0
2026-02-16 21:47:55,438 [WARN] PackLoader:240 - Cannot read IP mode file for STMicroelectronics.X-CUBE-MEMS1.12.0.0
2026-02-16 21:47:55,665 [INFO] WebApp:463 - Apply proxy settings
2026-02-16 21:47:55,666 [INFO] WebApp:548 - Chromium requires no authentication
2026-02-16 21:47:55,679 [INFO] WebApp:491 - Direct internet connection detected
2026-02-16 21:47:55,710 [INFO] WebApp:900 - Register for checkConnection events
2026-02-16 21:47:55,711 [INFO] WebApp:463 - Apply proxy settings
2026-02-16 21:47:55,711 [INFO] WebApp:548 - Chromium requires no authentication
2026-02-16 21:47:55,712 [INFO] WebApp:491 - Direct internet connection detected
2026-02-16 21:47:55,806 [WARN] PackLoader:240 - Cannot read IP mode file for STMicroelectronics.X-CUBE-MEMS1.11.2.0
2026-02-16 21:47:55,921 [INFO] WebApp:191 - Connection restablished
2026-02-16 21:47:56,054 [INFO] WebApp:225 - Starting web application
2026-02-16 21:47:56,055 [INFO] WebApp:593 - Web application path used /opt/st/stm32cubeide_1.18.1/../../../home/tecna-smart-lab/.eclipse/com.st.stm32cube.ide.mcu.rcp.product_1.18.1_139067097_linux_gtk_x86_64/plugins/com.st.stm32cube.common.mx_6.15.0.202507011659/db/plugins/mcufinder/reactClient1/index.html
2026-02-16 21:47:56,060 [WARN] PackLoader:240 - Cannot read IP mode file for STMicroelectronics.X-CUBE-AZRTOS-G0.1.1.0
2026-02-16 21:47:56,072 [WARN] PackLoader:240 - Cannot read IP mode file for STMicroelectronics.X-CUBE-SAFEA1.1.2.2
2026-02-16 21:47:56,087 [WARN] PackLoader:240 - Cannot read IP mode file for STMicroelectronics.X-CUBE-NFC4.3.0.0
2026-02-16 21:47:56,155 [WARN] PackLoader:240 - Cannot read IP mode file for EmbeddedOffice.I-CUBE-FS-RTOS.1.0.1
2026-02-16 21:47:56,166 [WARN] PackLoader:240 - Cannot read IP mode file for STMicroelectronics.X-CUBE-WB05N.2.0.0
2026-02-16 21:47:56,173 [WARN] PackLoader:240 - Cannot read IP mode file for wolfSSL.I-CUBE-wolfTPM.3.8.0
2026-02-16 21:47:56,182 [WARN] PackLoader:240 - Cannot read IP mode file for STMicroelectronics.X-CUBE-TCPP.4.2.0
2026-02-16 21:47:56,191 [WARN] PackLoader:240 - Cannot read IP mode file for RealThread.X-CUBE-RT-Thread_Nano.4.1.1
2026-02-16 21:47:56,227 [WARN] PackLoader:240 - Cannot read IP mode file for STMicroelectronics.FP-ATR-SIGFOX1.3.2.0
2026-02-16 21:47:56,234 [WARN] PackLoader:240 - Cannot read IP mode file for STMicroelectronics.X-CUBE-EEPRMA1.5.1.0
2026-02-16 21:47:56,239 [WARN] PackLoader:240 - Cannot read IP mode file for wolfSSL.I-CUBE-wolfSSL.5.7.6
2026-02-16 21:47:56,245 [WARN] PackLoader:240 - Cannot read IP mode file for ITTIA_DB.I-CUBE-ITTIADB.8.9.0
2026-02-16 21:47:56,252 [WARN] PackLoader:240 - Cannot read IP mode file for STMicroelectronics.X-CUBE-NFC6.3.2.0
2026-02-16 21:47:56,261 [WARN] PackLoader:240 - Cannot read IP mode file for STMicroelectronics.X-CUBE-ST67W61.1.0.0
2026-02-16 21:47:56,266 [WARN] PackLoader:240 - Cannot read IP mode file for STMicroelectronics.X-CUBE-AI.10.2.0
2026-02-16 21:47:56,269 [INFO] UserAuth:487 - Internet connection configuration mode: 1
2026-02-16 21:47:56,307 [WARN] PackLoader:240 - Cannot read IP mode file for SEGGER.I-CUBE-embOS.1.3.1
2026-02-16 21:47:56,356 [WARN] PackLoader:240 - Cannot read IP mode file for STMicroelectronics.X-CUBE-ALGOBUILD.1.4.0
2026-02-16 21:47:56,401 [WARN] PackLoader:240 - Cannot read IP mode file for STMicroelectronics.X-CUBE-MEMS1.11.3.0
2026-02-16 21:47:56,637 [WARN] PackLoader:240 - Cannot read IP mode file for STMicroelectronics.X-CUBE-PM33A1.1.0.0
2026-02-16 21:47:56,667 [WARN] PackLoader:240 - Cannot read IP mode file for STMicroelectronics.X-CUBE-AZRTOS-F4.1.1.0
2026-02-16 21:47:56,889 [WARN] PackLoader:240 - Cannot read IP mode file for Avnet-IotConnect.X-CUBE-IoTC-DA16k-PMOD.1.0.0
2026-02-16 21:47:56,894 [WARN] PackLoader:240 - Cannot read IP mode file for STMicroelectronics.X-CUBE-ISPU.2.1.0
2026-02-16 21:47:56,907 [WARN] PackLoader:240 - Cannot read IP mode file for STMicroelectronics.X-CUBE-IPS.3.2.0
2026-02-16 21:47:56,922 [WARN] PackLoader:240 - Cannot read IP mode file for STMicroelectronics.X-CUBE-NFC12.1.0.0
2026-02-16 21:47:56,978 [WARN] PackLoader:240 - Cannot read IP mode file for STMicroelectronics.X-CUBE-AZRTOS-L5.2.0.0
2026-02-16 21:47:56,993 [WARN] PackLoader:240 - Cannot read IP mode file for STMicroelectronics.X-CUBE-NFC6.3.1.0
2026-02-16 21:47:57,053 [WARN] PackLoader:240 - Cannot read IP mode file for STMicroelectronics.X-CUBE-FREERTOS.1.3.1
2026-02-16 21:47:57,088 [WARN] PackLoader:240 - Cannot read IP mode file for STMicroelectronics.X-CUBE-FREERTOS.1.3.0
2026-02-16 21:47:57,121 [WARN] PackLoader:240 - Cannot read IP mode file for STMicroelectronics.X-CUBE-NFC7.1.0.1
2026-02-16 21:47:57,125 [WARN] PackLoader:240 - Cannot read IP mode file for STMicroelectronics.X-CUBE-TOUCHGFX.4.26.0
2026-02-16 21:47:57,131 [WARN] PackLoader:240 - Cannot read IP mode file for STMicroelectronics.FP-SNS-STAIOTCFT.1.0.0
2026-02-16 21:47:57,136 [WARN] PackLoader:240 - Cannot read IP mode file for STMicroelectronics.X-CUBE-DPower.1.3.0
2026-02-16 21:47:57,162 [WARN] ConditionMgr:438 - getConditionDescription Invalid condition id : LAN8742 Phy interface Condition cause : null
2026-02-16 21:47:57,163 [WARN] PackLoader:240 - Cannot read IP mode file for STMicroelectronics.X-CUBE-AZRTOS-L4.2.0.0
2026-02-16 21:47:57,164 [WARN] ConditionMgr:1044 - genDependencies : Invalid condition id : LAN8742 Phy interface Condition cause : null
2026-02-16 21:47:57,164 [WARN] ConditionMgr:1044 - genDependencies : Invalid condition id : LAN8742 Phy interface Condition cause : null
2026-02-16 21:47:57,165 [WARN] ConditionMgr:1044 - genDependencies : Invalid condition id : LAN8742 Phy interface Condition cause : null
2026-02-16 21:47:57,173 [WARN] PackLoader:240 - Cannot read IP mode file for STMicroelectronics.X-CUBE-SFXS2LP1.4.0.0
2026-02-16 21:47:57,181 [WARN] PackLoader:240 - Cannot read IP mode file for STMicroelectronics.X-CUBE-ST67W61.1.2.0
2026-02-16 21:47:57,202 [WARN] PackLoader:240 - Cannot read IP mode file for STMicroelectronics.X-CUBE-AZRTOS-H7.3.3.0
2026-02-16 21:47:57,310 [WARN] PackLoader:240 - Cannot read IP mode file for STMicroelectronics.X-CUBE-BLEMGR.4.1.0
2026-02-16 21:47:57,330 [WARN] ConditionMgr:438 - getConditionDescription Invalid condition id : UX DEVICE CLASS RTOS Condition cause : null
2026-02-16 21:47:57,331 [WARN] ConditionMgr:438 - getConditionDescription Invalid condition id : UX DEVICE CLASS RTOS Condition cause : null
2026-02-16 21:47:57,333 [WARN] PackLoader:240 - Cannot read IP mode file for STMicroelectronics.X-CUBE-AZRTOS-WB.2.0.0
2026-02-16 21:47:57,334 [WARN] ConditionMgr:1044 - genDependencies : Invalid condition id : UX DEVICE CLASS RTOS Condition cause : null
2026-02-16 21:47:57,334 [WARN] ConditionMgr:1044 - genDependencies : Invalid condition id : UX DEVICE CLASS RTOS Condition cause : null
2026-02-16 21:47:57,335 [WARN] ConditionMgr:1044 - genDependencies : Invalid condition id : UX DEVICE CLASS RTOS Condition cause : null
2026-02-16 21:47:57,335 [WARN] ConditionMgr:1044 - genDependencies : Invalid condition id : UX DEVICE CLASS RTOS Condition cause : null
2026-02-16 21:47:57,336 [WARN] ConditionMgr:1044 - genDependencies : Invalid condition id : UX DEVICE CLASS RTOS Condition cause : null
2026-02-16 21:47:57,339 [WARN] ConditionMgr:438 - getConditionDescription Invalid condition id : UX DEVICE CLASS RTOS Condition cause : null
2026-02-16 21:47:57,339 [WARN] ConditionMgr:438 - getConditionDescription Invalid condition id : UX DEVICE CLASS RTOS Condition cause : null
2026-02-16 21:47:57,400 [WARN] PackLoader:240 - Cannot read IP mode file for STMicroelectronics.X-CUBE-GNSS1.7.0.1
2026-02-16 21:47:57,419 [WARN] PackLoader:240 - Cannot read IP mode file for STMicroelectronics.X-CUBE-TOUCHGFX.4.25.0
2026-02-16 21:47:57,423 [WARN] PackLoader:240 - Cannot read IP mode file for STMicroelectronics.FP-SNS-STBOX1.2.0.0
2026-02-16 21:47:57,431 [WARN] PackLoader:240 - Cannot read IP mode file for STMicroelectronics.X-CUBE-STSE01.2.0.0
2026-02-16 21:47:57,438 [WARN] PackLoader:240 - Cannot read IP mode file for STMicroelectronics.X-CUBE-SUBG2.5.0.0
2026-02-16 21:47:57,458 [WARN] PackLoader:240 - Cannot read IP mode file for STMicroelectronics.X-CUBE-AZRTOS-H7RS.1.1.0
2026-02-16 21:47:57,467 [WARN] PackLoader:240 - Cannot read IP mode file for Cesanta.I-CUBE-Mongoose.7.13.0
2026-02-16 21:47:57,501 [WARN] PackLoader:240 - Cannot read IP mode file for STMicroelectronics.X-CUBE-AZRTOS-G4.2.0.0
2026-02-16 21:47:57,572 [WARN] PackLoader:240 - Cannot read IP mode file for wolfSSL.I-CUBE-wolfSSH.1.4.20
2026-02-16 21:47:57,576 [WARN] PackLoader:240 - Cannot read IP mode file for STMicroelectronics.X-CUBE-NFC7.2.0.0
2026-02-16 21:47:57,603 [WARN] PackLoader:240 - Cannot read IP mode file for STMicroelectronics.X-CUBE-IPS.3.1.0
2026-02-16 21:47:57,612 [WARN] PackLoader:240 - Cannot read IP mode file for STMicroelectronics.X-CUBE-ALS.1.0.2
2026-02-16 21:47:57,617 [WARN] PackLoader:240 - Cannot read IP mode file for STMicroelectronics.X-CUBE-STSE01.1.0.0
2026-02-16 21:47:57,622 [WARN] PackLoader:240 - Cannot read IP mode file for portGmbH.I-Cube-SoM-uGOAL.1.1.0
2026-02-16 21:47:57,647 [WARN] PackLoader:240 - Cannot read IP mode file for STMicroelectronics.X-CUBE-TOF1.3.4.3
2026-02-16 21:47:57,664 [INFO] ThirdParty:978 - Integrity check success = true
2026-02-16 21:47:57,665 [INFO] IntegrityCheckThread:100 - exiting critical section [integrity check]
2026-02-16 21:47:57,665 [INFO] IntegrityCheckThread:103 - End integrity checks thread
2026-02-16 22:32:21,872 [ERROR] LogOutputStream:75 - [STDERR_REDIRECT] Feb 16, 2026 10:32:21 PM org.eclipse.lsp4j.jsonrpc.services.GenericEndpoint notify
2026-02-16 22:32:21,876 [ERROR] LogOutputStream:75 - [STDERR_REDIRECT] WARNING: Unsupported notification method: statusNotification
2026-02-16 22:32:21,877 [ERROR] LogOutputStream:75 - [STDERR_REDIRECT] 
2026-02-16 22:32:21,880 [ERROR] LogOutputStream:75 - [STDERR_REDIRECT] Feb 16, 2026 10:32:21 PM org.eclipse.lsp4j.jsonrpc.services.GenericEndpoint notify
2026-02-16 22:32:21,882 [ERROR] LogOutputStream:75 - [STDERR_REDIRECT] WARNING: Unsupported notification method: didChangeStatus
2026-02-16 22:32:21,886 [ERROR] LogOutputStream:75 - [STDERR_REDIRECT] 
2026-02-16 22:32:23,160 [ERROR] LogOutputStream:75 - [STDERR_REDIRECT] Feb 16, 2026 10:32:23 PM org.eclipse.lsp4j.jsonrpc.services.GenericEndpoint notify
2026-02-16 22:32:23,161 [ERROR] LogOutputStream:75 - [STDERR_REDIRECT] WARNING: Unsupported notification method: statusNotification
2026-02-16 22:32:23,163 [ERROR] LogOutputStream:75 - [STDERR_REDIRECT] 
2026-02-16 22:32:23,168 [ERROR] LogOutputStream:75 - [STDERR_REDIRECT] Feb 16, 2026 10:32:23 PM org.eclipse.lsp4j.jsonrpc.services.GenericEndpoint notify
2026-02-16 22:32:23,170 [ERROR] LogOutputStream:75 - [STDERR_REDIRECT] WARNING: Unsupported notification method: didChangeStatus
2026-02-16 22:32:23,171 [ERROR] LogOutputStream:75 - [STDERR_REDIRECT] 
2026-02-16 22:32:23,260 [ERROR] LogOutputStream:75 - [STDERR_REDIRECT] Feb 16, 2026 10:32:23 PM org.eclipse.lsp4j.jsonrpc.services.GenericEndpoint notify
2026-02-16 22:32:23,261 [ERROR] LogOutputStream:75 - [STDERR_REDIRECT] WARNING: Unsupported notification method: statusNotification
2026-02-16 22:32:23,262 [ERROR] LogOutputStream:75 - [STDERR_REDIRECT] 
2026-02-16 22:32:23,264 [ERROR] LogOutputStream:75 - [STDERR_REDIRECT] Feb 16, 2026 10:32:23 PM org.eclipse.lsp4j.jsonrpc.services.GenericEndpoint notify
2026-02-16 22:32:23,266 [ERROR] LogOutputStream:75 - [STDERR_REDIRECT] WARNING: Unsupported notification method: didChangeStatus
2026-02-16 22:32:23,267 [ERROR] LogOutputStream:75 - [STDERR_REDIRECT] 
2026-02-16 22:32:23,268 [ERROR] LogOutputStream:75 - [STDERR_REDIRECT] Feb 16, 2026 10:32:23 PM org.eclipse.lsp4j.jsonrpc.services.GenericEndpoint notify
2026-02-16 22:32:23,269 [ERROR] LogOutputStream:75 - [STDERR_REDIRECT] WARNING: Unsupported notification method: statusNotification
2026-02-16 22:32:23,269 [ERROR] LogOutputStream:75 - [STDERR_REDIRECT] 
2026-02-16 22:32:23,271 [ERROR] LogOutputStream:75 - [STDERR_REDIRECT] Feb 16, 2026 10:32:23 PM org.eclipse.lsp4j.jsonrpc.services.GenericEndpoint notify
2026-02-16 22:32:23,272 [ERROR] LogOutputStream:75 - [STDERR_REDIRECT] WARNING: Unsupported notification method: didChangeStatus
2026-02-16 22:32:23,273 [ERROR] LogOutputStream:75 - [STDERR_REDIRECT] 
2026-02-16 22:32:23,648 [ERROR] LogOutputStream:75 - [STDERR_REDIRECT] Feb 16, 2026 10:32:23 PM org.eclipse.lsp4j.jsonrpc.services.GenericEndpoint notify
2026-02-16 22:32:23,650 [ERROR] LogOutputStream:75 - [STDERR_REDIRECT] WARNING: Unsupported notification method: statusNotification
2026-02-16 22:32:23,651 [ERROR] LogOutputStream:75 - [STDERR_REDIRECT] 
2026-02-16 22:32:23,653 [ERROR] LogOutputStream:75 - [STDERR_REDIRECT] Feb 16, 2026 10:32:23 PM org.eclipse.lsp4j.jsonrpc.services.GenericEndpoint notify
2026-02-16 22:32:23,654 [ERROR] LogOutputStream:75 - [STDERR_REDIRECT] WARNING: Unsupported notification method: didChangeStatus
2026-02-16 22:32:23,655 [ERROR] LogOutputStream:75 - [STDERR_REDIRECT] 
2026-02-16 22:32:24,378 [ERROR] LogOutputStream:75 - [STDERR_REDIRECT] Feb 16, 2026 10:32:24 PM org.eclipse.lsp4j.jsonrpc.services.GenericEndpoint notify
2026-02-16 22:32:24,381 [ERROR] LogOutputStream:75 - [STDERR_REDIRECT] WARNING: Unsupported notification method: statusNotification
2026-02-16 22:32:24,381 [ERROR] LogOutputStream:75 - [STDERR_REDIRECT] 
2026-02-16 22:32:24,387 [ERROR] LogOutputStream:75 - [STDERR_REDIRECT] Feb 16, 2026 10:32:24 PM org.eclipse.lsp4j.jsonrpc.services.GenericEndpoint notify
2026-02-16 22:32:24,389 [ERROR] LogOutputStream:75 - [STDERR_REDIRECT] WARNING: Unsupported notification method: didChangeStatus
2026-02-16 22:32:24,392 [ERROR] LogOutputStream:75 - [STDERR_REDIRECT] 
2026-02-16 22:46:28,979 [ERROR] LogOutputStream:75 - [STDERR_REDIRECT] 
2026-02-16 22:46:28,981 [ERROR] LogOutputStream:75 - [STDERR_REDIRECT] 
