2026-02-02 08:36:19,854 [INFO] Activator:176 - 


2026-02-02 08:36:19,890 [INFO] Activator:177 - !SESSION log4j initialized
2026-02-02 08:36:28,438 [INFO] LogOutputStream:77 - [STDOUT_REDIRECT] 
2026-02-02 08:36:34,018 [INFO] ApplicationProperties:184 - Using Application install path: /opt/st/stm32cubeide_1.18.1/../../../home/tecna-smart-lab/.eclipse/com.st.stm32cube.ide.mcu.rcp.product_1.18.1_139067097_linux_gtk_x86_64/plugins/com.st.stm32cube.common.mx_6.15.0.202507011659
2026-02-02 08:36:34,058 [INFO] DbMcusXml:78 - Set database path to: /opt/st/stm32cubeide_1.18.1/../../../home/tecna-smart-lab/.eclipse/com.st.stm32cube.ide.mcu.rcp.product_1.18.1_139067097_linux_gtk_x86_64/plugins/com.st.stm32cube.common.mx_6.15.0.202507011659//db//mcu/
2026-02-02 08:36:34,058 [INFO] ApiDb:274 - Set plugin database path to: /opt/st/stm32cubeide_1.18.1/../../../home/tecna-smart-lab/.eclipse/com.st.stm32cube.ide.mcu.rcp.product_1.18.1_139067097_linux_gtk_x86_64/plugins/com.st.stm32cube.common.mx_6.15.0.202507011659//db//plugins/boardmanager/
2026-02-02 08:36:34,059 [WARN] ApiDb:259 - Overriding images path with different value:  => /opt/st/stm32cubeide_1.18.1/../../../home/tecna-smart-lab/.eclipse/com.st.stm32cube.ide.mcu.rcp.product_1.18.1_139067097_linux_gtk_x86_64/plugins/com.st.stm32cube.common.mx_6.15.0.202507011659//db//plugins/mcufinder/images/
2026-02-02 08:36:34,078 [INFO] ApiDb:250 - Set database path to: /home/tecna-smart-lab/.stmcufinder/plugins/mcufinder//mcu/
2026-02-02 08:36:34,083 [INFO] DbMcusAds:125 - Set database path to: /home/tecna-smart-lab/.stmcufinder/plugins/mcufinder//mcu/
2026-02-02 08:36:34,088 [INFO] CrossReferenceDbSqlite:203 - Set database path to: /home/tecna-smart-lab/.stmcufinder/plugins/mcufinder//mcu/cs/
2026-02-02 08:36:34,356 [INFO] RulesReader:64 - Compatibility file has been processed (317 Rules)
2026-02-02 08:36:34,586 [INFO] DbMcusXml:78 - Set database path to: /opt/st/stm32cubeide_1.18.1/../../../home/tecna-smart-lab/.eclipse/com.st.stm32cube.ide.mcu.rcp.product_1.18.1_139067097_linux_gtk_x86_64/plugins/com.st.stm32cube.common.mx_6.15.0.202507011659//db//mcu/
2026-02-02 08:36:34,586 [INFO] ApiDb:274 - Set plugin database path to: /opt/st/stm32cubeide_1.18.1/../../../home/tecna-smart-lab/.eclipse/com.st.stm32cube.ide.mcu.rcp.product_1.18.1_139067097_linux_gtk_x86_64/plugins/com.st.stm32cube.common.mx_6.15.0.202507011659//db//plugins/boardmanager/
2026-02-02 08:36:34,586 [INFO] ApiDb:261 - Set plugin images path to: /opt/st/stm32cubeide_1.18.1/../../../home/tecna-smart-lab/.eclipse/com.st.stm32cube.ide.mcu.rcp.product_1.18.1_139067097_linux_gtk_x86_64/plugins/com.st.stm32cube.common.mx_6.15.0.202507011659//db//plugins/mcufinder/images/
2026-02-02 08:36:34,587 [WARN] DbFile:41 - Overriding database path with different value: /home/tecna-smart-lab/.stmcufinder/plugins/mcufinder/ => /home/tecna-smart-lab/.stmcufinder/plugins/mcufinder
2026-02-02 08:36:34,587 [INFO] ApiDb:250 - Set database path to: /home/tecna-smart-lab/.stmcufinder/plugins/mcufinder//mcu/
2026-02-02 08:36:34,587 [WARN] DbFile:41 - Overriding database path with different value: /home/tecna-smart-lab/.stmcufinder/plugins/mcufinder/ => /home/tecna-smart-lab/.stmcufinder/plugins/mcufinder
2026-02-02 08:36:34,587 [INFO] DbMcusAds:125 - Set database path to: /home/tecna-smart-lab/.stmcufinder/plugins/mcufinder//mcu/
2026-02-02 08:36:34,588 [WARN] DbFile:41 - Overriding database path with different value: /home/tecna-smart-lab/.stmcufinder/plugins/mcufinder/ => /home/tecna-smart-lab/.stmcufinder/plugins/mcufinder
2026-02-02 08:36:34,588 [WARN] DbFile:41 - Overriding database path with different value: /home/tecna-smart-lab/.stmcufinder/plugins/mcufinder/ => /home/tecna-smart-lab/.stmcufinder/plugins/mcufinder
2026-02-02 08:36:34,588 [INFO] CrossReferenceDbSqlite:203 - Set database path to: /home/tecna-smart-lab/.stmcufinder/plugins/mcufinder//mcu/cs/
2026-02-02 08:36:34,768 [INFO] MainPanel:274 - HeapMemory: 268435456
2026-02-02 08:36:35,071 [INFO] DbMcusXml:78 - Set database path to: /opt/st/stm32cubeide_1.18.1/../../../home/tecna-smart-lab/.eclipse/com.st.stm32cube.ide.mcu.rcp.product_1.18.1_139067097_linux_gtk_x86_64/plugins/com.st.stm32cube.common.mx_6.15.0.202507011659//db//mcu/
2026-02-02 08:36:35,071 [INFO] ApiDb:274 - Set plugin database path to: /opt/st/stm32cubeide_1.18.1/../../../home/tecna-smart-lab/.eclipse/com.st.stm32cube.ide.mcu.rcp.product_1.18.1_139067097_linux_gtk_x86_64/plugins/com.st.stm32cube.common.mx_6.15.0.202507011659//db//plugins/boardmanager/
2026-02-02 08:36:35,072 [INFO] ApiDb:261 - Set plugin images path to: /opt/st/stm32cubeide_1.18.1/../../../home/tecna-smart-lab/.eclipse/com.st.stm32cube.ide.mcu.rcp.product_1.18.1_139067097_linux_gtk_x86_64/plugins/com.st.stm32cube.common.mx_6.15.0.202507011659//db//plugins/mcufinder/images/
2026-02-02 08:36:35,073 [WARN] DbFile:41 - Overriding database path with different value: /home/tecna-smart-lab/.stmcufinder/plugins/mcufinder/ => /home/tecna-smart-lab/.stmcufinder/plugins/mcufinder
2026-02-02 08:36:35,073 [INFO] ApiDb:250 - Set database path to: /home/tecna-smart-lab/.stmcufinder/plugins/mcufinder//mcu/
2026-02-02 08:36:35,073 [WARN] DbFile:41 - Overriding database path with different value: /home/tecna-smart-lab/.stmcufinder/plugins/mcufinder/ => /home/tecna-smart-lab/.stmcufinder/plugins/mcufinder
2026-02-02 08:36:35,074 [INFO] DbMcusAds:125 - Set database path to: /home/tecna-smart-lab/.stmcufinder/plugins/mcufinder//mcu/
2026-02-02 08:36:35,074 [WARN] DbFile:41 - Overriding database path with different value: /home/tecna-smart-lab/.stmcufinder/plugins/mcufinder/ => /home/tecna-smart-lab/.stmcufinder/plugins/mcufinder
2026-02-02 08:36:35,074 [WARN] DbFile:41 - Overriding database path with different value: /home/tecna-smart-lab/.stmcufinder/plugins/mcufinder/ => /home/tecna-smart-lab/.stmcufinder/plugins/mcufinder
2026-02-02 08:36:35,074 [INFO] CrossReferenceDbSqlite:203 - Set database path to: /home/tecna-smart-lab/.stmcufinder/plugins/mcufinder//mcu/cs/
2026-02-02 08:36:35,117 [INFO] ApplicationProperties:184 - Using Application install path: /opt/st/stm32cubeide_1.18.1/../../../home/tecna-smart-lab/.eclipse/com.st.stm32cube.ide.mcu.rcp.product_1.18.1_139067097_linux_gtk_x86_64/plugins/com.st.stm32cube.common.mx_6.15.0.202507011659
2026-02-02 08:36:35,121 [INFO] PluginManage:196 - Search for loadable plugins [exclusion list=, ]
2026-02-02 08:36:35,123 [INFO] PluginManage:310 - Check plugin analytics
2026-02-02 08:36:35,564 [ERROR] LogOutputStream:75 - [STDERR_REDIRECT] Feb 02, 2026 8:36:35 AM org.eclipse.lsp4j.jsonrpc.services.GenericEndpoint notify
2026-02-02 08:36:35,568 [ERROR] LogOutputStream:75 - [STDERR_REDIRECT] WARNING: Unsupported notification method: statusNotification
2026-02-02 08:36:35,569 [INFO] AnalyticsPlugin:253 - Accepted Software Licenses: STM32CubeMX.6.15.0
2026-02-02 08:36:35,569 [ERROR] LogOutputStream:75 - [STDERR_REDIRECT] 
2026-02-02 08:36:35,570 [INFO] AnalyticsPlugin:255 - Accepted CMSIS Pack Licenses: STMicroelectronics.X-CUBE-FREERTOS.1.3.0,STMicroelectronics.X-CUBE-GNSS1.7.0.1,STMicroelectronics.X-CUBE-AZRTOS-H7.3.3.0,portGmbH.I-Cube-SoM-uGOAL.1.1.0,STMicroelectronics.X-CUBE-AZRTOS-G4.2.0.0,STMicroelectronics.X-CUBE-FREERTOS.1.3.1,STMicroelectronics.X-CUBE-NFC6.3.1.0,STMicroelectronics.X-CUBE-NFC4.3.0.0,STMicroelectronics.X-CUBE-NFC7.2.0.0,STMicroelectronics.X-CUBE-NFC9.1.0.0,STMicroelectronics.X-CUBE-NFC12.1.0.0,STMicroelectronics.X-CUBE-NFC10.1.0.0,RealThread.X-CUBE-RT-Thread_Nano.4.1.1,STMicroelectronics.X-CUBE-AZRTOS-F4.1.1.0,STMicroelectronics.X-CUBE-DISPLAY.3.0.0,Infineon.AIROC-Wi-Fi-Bluetooth-STM32.1.7.0,Cesanta.I-CUBE-Mongoose.7.13.0,STMicroelectronics.X-CUBE-AZRTOS-WB.2.0.0,STMicroelectronics.X-CUBE-EEPRMA1.5.2.0
2026-02-02 08:36:35,570 [INFO] AnalyticsPlugin:257 - Accepted Firmware Licenses: FW.U5.1.7.0,FW.G0.1.6.0,FW.H7.1.12.0,FW.C0.1.4.0,FW.F4.1.28.0,FW.G4.1.6.0,FW.U5.1.8.0,FW.WL.1.3.0,FW.H5.1.5.0
2026-02-02 08:36:35,576 [ERROR] LogOutputStream:75 - [STDERR_REDIRECT] Feb 02, 2026 8:36:35 AM org.eclipse.lsp4j.jsonrpc.services.GenericEndpoint notify
2026-02-02 08:36:35,577 [ERROR] LogOutputStream:75 - [STDERR_REDIRECT] WARNING: Unsupported notification method: didChangeStatus
2026-02-02 08:36:35,577 [ERROR] LogOutputStream:75 - [STDERR_REDIRECT] 
2026-02-02 08:36:35,580 [INFO] PluginManage:359 - Loaded plugin analytics (category:tool,tabindex:-1)
2026-02-02 08:36:35,582 [INFO] PluginManage:310 - Check plugin cadmodel
2026-02-02 08:36:35,606 [ERROR] LogOutputStream:75 - [STDERR_REDIRECT] Feb 02, 2026 8:36:35 AM org.eclipse.lsp4j.jsonrpc.services.GenericEndpoint notify
2026-02-02 08:36:35,611 [ERROR] LogOutputStream:75 - [STDERR_REDIRECT] WARNING: Unsupported notification method: conversation/preconditionsNotification
2026-02-02 08:36:35,611 [ERROR] LogOutputStream:75 - [STDERR_REDIRECT] 
2026-02-02 08:36:35,619 [INFO] CADModel:105 - Init CAD model plugin
2026-02-02 08:36:35,619 [INFO] PluginManage:359 - Loaded plugin cadmodel (category:power,tabindex:5)
2026-02-02 08:36:35,620 [INFO] PluginManage:310 - Check plugin clock
2026-02-02 08:36:35,680 [INFO] PluginManage:359 - Loaded plugin clock (category:base,tabindex:2)
2026-02-02 08:36:35,681 [INFO] PluginManage:310 - Check plugin ddr
2026-02-02 08:36:35,699 [INFO] PluginManage:359 - Loaded plugin ddr (category:tool,tabindex:6)
2026-02-02 08:36:35,699 [INFO] PluginManage:310 - Check plugin filemanager
2026-02-02 08:36:36,058 [INFO] PluginManage:359 - Loaded plugin filemanager (category:base,tabindex:10)
2026-02-02 08:36:36,058 [INFO] PluginManage:310 - Check plugin ipmanager
2026-02-02 08:36:36,094 [INFO] PluginManage:359 - Loaded plugin ipmanager (category:base,tabindex:5)
2026-02-02 08:36:36,095 [INFO] PluginManage:310 - Check plugin lpbam
2026-02-02 08:36:36,128 [INFO] PluginManage:359 - Loaded plugin lpbam (category:base,tabindex:0)
2026-02-02 08:36:36,128 [INFO] PluginManage:310 - Check plugin memorymap
2026-02-02 08:36:36,156 [INFO] PluginManage:359 - Loaded plugin memorymap (category:base,tabindex:4)
2026-02-02 08:36:36,156 [INFO] PluginManage:310 - Check plugin pinoutandconfiguration
2026-02-02 08:36:36,183 [INFO] PluginManage:359 - Loaded plugin pinoutandconfiguration (category:base,tabindex:1)
2026-02-02 08:36:36,183 [INFO] PluginManage:310 - Check plugin pinoutconfig
2026-02-02 08:36:36,390 [WARN] SupportedApi:132 - Cannot load RTOS API schema: s4s-elt-must-match.1: The content of 'definitions' must match (annotation?, (simpleType | complexType)?, (unique | key | keyref)*)). A problem was found starting at: attribute.
2026-02-02 08:36:36,611 [INFO] PluginManage:359 - Loaded plugin pinoutconfig (category:base,tabindex:0)
2026-02-02 08:36:36,611 [INFO] PluginManage:310 - Check plugin power
2026-02-02 08:36:36,635 [INFO] PluginManage:359 - Loaded plugin power (category:power,tabindex:4)
2026-02-02 08:36:36,636 [INFO] PluginManage:310 - Check plugin projectmanager
2026-02-02 08:36:36,669 [INFO] PluginManage:359 - Loaded plugin projectmanager (category:projectmanager,tabindex:4)
2026-02-02 08:36:36,669 [INFO] PluginManage:310 - Check plugin rif
2026-02-02 08:36:36,690 [INFO] PluginManage:359 - Loaded plugin rif (category:base,tabindex:3)
2026-02-02 08:36:36,690 [INFO] PluginManage:310 - Check plugin thirdparty
2026-02-02 08:36:36,993 [INFO] PluginManage:359 - Loaded plugin thirdparty (category:base,tabindex:-1)
2026-02-02 08:36:36,994 [INFO] PluginManage:310 - Check plugin tools
2026-02-02 08:36:36,993 [WARN] IntegrityCheckThread:84 - waiting for thirdparty lock release [integrity check]
2026-02-02 08:36:36,995 [INFO] IntegrityCheckThread:86 - entering critical section [integrity check]
2026-02-02 08:36:36,996 [INFO] ThirdPartyUpdaterWithRetryManager:70 - Updater plugin not ready yet. [1/15]
2026-02-02 08:36:37,001 [INFO] PluginManage:359 - Loaded plugin tools (category:base,tabindex:7)
2026-02-02 08:36:37,001 [INFO] PluginManage:310 - Check plugin tutovideos
2026-02-02 08:36:37,428 [INFO] PluginManage:359 - Loaded plugin tutovideos (category:base,tabindex:-1)
2026-02-02 08:36:37,429 [INFO] PluginManage:310 - Check plugin updater
2026-02-02 08:36:37,476 [INFO] PluginManage:359 - Loaded plugin updater (category:base,tabindex:12)
2026-02-02 08:36:37,477 [INFO] PluginManage:310 - Check plugin userauth
2026-02-02 08:36:37,485 [INFO] UserAuth:118 - Init User Auth plugin
2026-02-02 08:36:37,487 [INFO] PluginManage:359 - Loaded plugin userauth (category:base,tabindex:14)
2026-02-02 08:36:37,489 [INFO] PluginManage:283 - PluginManage : Loaded plugins [18]
2026-02-02 08:36:37,945 [INFO] PinOutPanel:1589 - setPackage(No Configuration,No Configuration)
2026-02-02 08:36:38,114 [INFO] CADModel:165 - CPN selected for project level
2026-02-02 08:36:38,114 [INFO] CADModel:114 - Register for checkConnection events
2026-02-02 08:36:38,147 [INFO] IPUIPlugin:80 - create IPUIPlugin
2026-02-02 08:36:38,148 [INFO] PluginManager:220 - loadIPPluginJar : add spi
2026-02-02 08:36:38,156 [INFO] IPUIPlugin:80 - create IPUIPlugin
2026-02-02 08:36:38,157 [INFO] PluginManager:220 - loadIPPluginJar : add ddr_ctrl_phy
2026-02-02 08:36:38,161 [INFO] IPUIPlugin:80 - create IPUIPlugin
2026-02-02 08:36:38,162 [INFO] PluginManager:220 - loadIPPluginJar : add fatfs
2026-02-02 08:36:38,171 [INFO] IPUIPlugin:80 - create IPUIPlugin
2026-02-02 08:36:38,172 [INFO] PluginManager:220 - loadIPPluginJar : add dma3
2026-02-02 08:36:38,184 [INFO] IPUIPlugin:80 - create IPUIPlugin
2026-02-02 08:36:38,185 [INFO] PluginManager:220 - loadIPPluginJar : add touchsensing
2026-02-02 08:36:38,199 [INFO] IPUIPlugin:80 - create IPUIPlugin
2026-02-02 08:36:38,199 [INFO] PluginManager:220 - loadIPPluginJar : add usart
2026-02-02 08:36:38,209 [INFO] IPUIPlugin:80 - create IPUIPlugin
2026-02-02 08:36:38,210 [INFO] PluginManager:220 - loadIPPluginJar : add cryp
2026-02-02 08:36:38,223 [INFO] IPUIPlugin:80 - create IPUIPlugin
2026-02-02 08:36:38,224 [INFO] PluginManager:220 - loadIPPluginJar : add i2s
2026-02-02 08:36:38,230 [INFO] IPUIPlugin:80 - create IPUIPlugin
2026-02-02 08:36:38,231 [INFO] PluginManager:220 - loadIPPluginJar : add ltdc
2026-02-02 08:36:38,239 [INFO] IPUIPlugin:80 - create IPUIPlugin
2026-02-02 08:36:38,240 [INFO] PluginManager:220 - loadIPPluginJar : add gfxmmu
2026-02-02 08:36:38,247 [INFO] IPUIPlugin:80 - create IPUIPlugin
2026-02-02 08:36:38,248 [INFO] PluginManager:220 - loadIPPluginJar : add dfsdm
2026-02-02 08:36:38,268 [INFO] IPUIPlugin:80 - create IPUIPlugin
2026-02-02 08:36:38,277 [INFO] PluginManager:220 - loadIPPluginJar : add plateformsettings
2026-02-02 08:36:38,285 [INFO] IPUIPlugin:80 - create IPUIPlugin
2026-02-02 08:36:38,286 [INFO] PluginManager:220 - loadIPPluginJar : add pdm2pcm
2026-02-02 08:36:38,301 [INFO] IPUIPlugin:80 - create IPUIPlugin
2026-02-02 08:36:38,303 [INFO] PluginManager:220 - loadIPPluginJar : add freertos
2026-02-02 08:36:38,308 [INFO] IPUIPlugin:80 - create IPUIPlugin
2026-02-02 08:36:38,308 [INFO] PluginManager:220 - loadIPPluginJar : add tim
2026-02-02 08:36:38,316 [INFO] IPUIPlugin:80 - create IPUIPlugin
2026-02-02 08:36:38,316 [INFO] PluginManager:220 - loadIPPluginJar : add ts
2026-02-02 08:36:38,322 [INFO] IPUIPlugin:80 - create IPUIPlugin
2026-02-02 08:36:38,322 [INFO] PluginManager:220 - loadIPPluginJar : add quadspi
2026-02-02 08:36:38,327 [INFO] IPUIPlugin:80 - create IPUIPlugin
2026-02-02 08:36:38,328 [INFO] PluginManager:220 - loadIPPluginJar : add comp
2026-02-02 08:36:38,342 [INFO] IPUIPlugin:80 - create IPUIPlugin
2026-02-02 08:36:38,342 [INFO] PluginManager:220 - loadIPPluginJar : add resmgrutility
2026-02-02 08:36:38,360 [INFO] IPUIPlugin:80 - create IPUIPlugin
2026-02-02 08:36:38,360 [INFO] PluginManager:220 - loadIPPluginJar : add mdma
2026-02-02 08:36:38,373 [INFO] IPUIPlugin:80 - create IPUIPlugin
2026-02-02 08:36:38,373 [INFO] PluginManager:220 - loadIPPluginJar : add gpio
2026-02-02 08:36:38,379 [INFO] IPUIPlugin:80 - create IPUIPlugin
2026-02-02 08:36:38,379 [INFO] PluginManager:220 - loadIPPluginJar : add tsc
2026-02-02 08:36:38,388 [INFO] IPUIPlugin:80 - create IPUIPlugin
2026-02-02 08:36:38,389 [INFO] PluginManager:220 - loadIPPluginJar : add extmemmanager
2026-02-02 08:36:38,404 [INFO] IPUIPlugin:80 - create IPUIPlugin
2026-02-02 08:36:38,404 [INFO] PluginManager:220 - loadIPPluginJar : add sai
2026-02-02 08:36:38,414 [INFO] IPUIPlugin:80 - create IPUIPlugin
2026-02-02 08:36:38,414 [INFO] PluginManager:220 - loadIPPluginJar : add i2c
2026-02-02 08:36:38,423 [INFO] IPUIPlugin:80 - create IPUIPlugin
2026-02-02 08:36:38,423 [INFO] PluginManager:220 - loadIPPluginJar : add ucpd
2026-02-02 08:36:38,432 [INFO] IPUIPlugin:80 - create IPUIPlugin
2026-02-02 08:36:38,433 [INFO] PluginManager:220 - loadIPPluginJar : add aes
2026-02-02 08:36:38,439 [INFO] IPUIPlugin:80 - create IPUIPlugin
2026-02-02 08:36:38,439 [INFO] PluginManager:220 - loadIPPluginJar : add tracer_emb
2026-02-02 08:36:38,451 [INFO] IPUIPlugin:80 - create IPUIPlugin
2026-02-02 08:36:38,451 [INFO] PluginManager:220 - loadIPPluginJar : add usbx
2026-02-02 08:36:38,460 [INFO] IPUIPlugin:80 - create IPUIPlugin
2026-02-02 08:36:38,460 [INFO] PluginManager:220 - loadIPPluginJar : add lorawan
2026-02-02 08:36:38,484 [INFO] IPUIPlugin:80 - create IPUIPlugin
2026-02-02 08:36:38,485 [INFO] PluginManager:220 - loadIPPluginJar : add linkedlist
2026-02-02 08:36:38,501 [INFO] IPUIPlugin:80 - create IPUIPlugin
2026-02-02 08:36:38,501 [INFO] PluginManager:220 - loadIPPluginJar : add fmc
2026-02-02 08:36:38,510 [INFO] IPUIPlugin:80 - create IPUIPlugin
2026-02-02 08:36:38,510 [INFO] PluginManager:220 - loadIPPluginJar : add opamp
2026-02-02 08:36:38,520 [INFO] IPUIPlugin:80 - create IPUIPlugin
2026-02-02 08:36:38,521 [INFO] PluginManager:220 - loadIPPluginJar : add genericplugin
2026-02-02 08:36:38,533 [INFO] IPUIPlugin:80 - create IPUIPlugin
2026-02-02 08:36:38,534 [INFO] PluginManager:220 - loadIPPluginJar : add nvic
2026-02-02 08:36:38,544 [INFO] IPUIPlugin:80 - create IPUIPlugin
2026-02-02 08:36:38,545 [INFO] PluginManager:220 - loadIPPluginJar : add ipddr
2026-02-02 08:36:38,556 [INFO] IPUIPlugin:80 - create IPUIPlugin
2026-02-02 08:36:38,556 [INFO] PluginManager:220 - loadIPPluginJar : add i3c
2026-02-02 08:36:38,565 [INFO] IPUIPlugin:80 - create IPUIPlugin
2026-02-02 08:36:38,566 [INFO] PluginManager:220 - loadIPPluginJar : add hash
2026-02-02 08:36:38,575 [INFO] IPUIPlugin:80 - create IPUIPlugin
2026-02-02 08:36:38,576 [INFO] PluginManager:220 - loadIPPluginJar : add gtzc
2026-02-02 08:36:38,581 [INFO] IPUIPlugin:80 - create IPUIPlugin
2026-02-02 08:36:38,584 [INFO] PluginManager:220 - loadIPPluginJar : add radio
2026-02-02 08:36:38,604 [INFO] IPUIPlugin:80 - create IPUIPlugin
2026-02-02 08:36:38,605 [INFO] PluginManager:220 - loadIPPluginJar : add gic
2026-02-02 08:36:38,630 [INFO] IPUIPlugin:80 - create IPUIPlugin
2026-02-02 08:36:38,631 [INFO] PluginManager:220 - loadIPPluginJar : add dma
2026-02-02 08:36:38,641 [INFO] IPUIPlugin:80 - create IPUIPlugin
2026-02-02 08:36:38,641 [INFO] PluginManager:220 - loadIPPluginJar : add can
2026-02-02 08:36:38,650 [INFO] IPUIPlugin:80 - create IPUIPlugin
2026-02-02 08:36:38,652 [INFO] PluginManager:220 - loadIPPluginJar : add openamp
2026-02-02 08:36:38,673 [INFO] IPUIPlugin:80 - create IPUIPlugin
2026-02-02 08:36:38,674 [INFO] PluginManager:220 - loadIPPluginJar : add stm32_wpan
2026-02-02 08:36:38,699 [INFO] IPUIPlugin:80 - create IPUIPlugin
2026-02-02 08:36:38,699 [INFO] PluginManager:220 - loadIPPluginJar : add adc
2026-02-02 08:36:38,919 [FATAL] Updater:351 - Updater called before beeing initialized
2026-02-02 08:36:39,049 [INFO] RulesReader:64 - Compatibility file has been processed (317 Rules)
2026-02-02 08:36:39,098 [INFO] RulesReader:64 - Compatibility file has been processed (317 Rules)
2026-02-02 08:36:39,123 [INFO] CADModel:165 - CPN selected for project level
2026-02-02 08:36:39,123 [INFO] CADModel:114 - Register for checkConnection events
2026-02-02 08:36:39,124 [FATAL] Updater:351 - Updater called before beeing initialized
2026-02-02 08:36:39,124 [ERROR] CADModel:125 - Updater not yet initialized, retry later 
2026-02-02 08:36:39,477 [FATAL] Updater:351 - Updater called before beeing initialized
2026-02-02 08:36:39,480 [INFO] CADModel:165 - CPN selected for project level
2026-02-02 08:36:39,481 [INFO] CADModel:114 - Register for checkConnection events
2026-02-02 08:36:39,481 [FATAL] Updater:351 - Updater called before beeing initialized
2026-02-02 08:36:39,481 [ERROR] CADModel:125 - Updater not yet initialized, retry later 
2026-02-02 08:36:39,490 [FATAL] Updater:351 - Updater called before beeing initialized
2026-02-02 08:36:39,749 [FATAL] Updater:351 - Updater called before beeing initialized
2026-02-02 08:36:39,758 [INFO] DbMcusAds:53 - JSON generation date=Thu Jan 08 10:56:59 PET 2026 (1767887819573)
2026-02-02 08:36:39,759 [FATAL] Updater:351 - Updater called before beeing initialized
2026-02-02 08:36:39,848 [WARN] DetailPanel:346 - Failed to get advertising image, set to default
2026-02-02 08:36:39,997 [INFO] ThirdPartyUpdaterWithRetryManager:70 - Updater plugin not ready yet. [2/15]
2026-02-02 08:36:40,154 [FATAL] Updater:351 - Updater called before beeing initialized
2026-02-02 08:36:40,158 [FATAL] Updater:351 - Updater called before beeing initialized
2026-02-02 08:36:40,159 [FATAL] Updater:351 - Updater called before beeing initialized
2026-02-02 08:36:40,159 [WARN] DetailPanel:346 - Failed to get advertising image, set to default
2026-02-02 08:36:40,161 [FATAL] Updater:351 - Updater called before beeing initialized
2026-02-02 08:36:40,300 [ERROR] Updater:1198 - MainUpdater not yet initialized. External WinMGr cannot be set.
2026-02-02 08:36:40,307 [INFO] Updater:1134 - Updater Version found : 6.15.0
2026-02-02 08:36:40,370 [INFO] ApplicationProperties:184 - Using Application install path: /opt/st/stm32cubeide_1.18.1/../../../home/tecna-smart-lab/.eclipse/com.st.stm32cube.ide.mcu.rcp.product_1.18.1_139067097_linux_gtk_x86_64/plugins/com.st.stm32cube.common.mx_6.15.0.202507011659
2026-02-02 08:36:42,998 [FATAL] Updater:351 - Updater called before beeing initialized
2026-02-02 08:36:42,999 [ERROR] IntegrityCheckThread:130 - Cannot retrieve database content from updater: error 21
2026-02-02 08:36:42,999 [INFO] ThirdParty:978 - Integrity check success = false
2026-02-02 08:36:43,000 [INFO] IntegrityCheckThread:100 - exiting critical section [integrity check]
2026-02-02 08:36:43,000 [INFO] IntegrityCheckThread:103 - End integrity checks thread
2026-02-02 08:36:44,692 [INFO] MainUpdater:2872 - connection check result : 10
2026-02-02 08:36:44,692 [INFO] MainUpdater:3604 - Updater definition file requires update
2026-02-02 08:36:44,874 [INFO] MainUpdater:289 - Updater Check For Update Now.
2026-02-02 08:36:44,875 [INFO] MicroXplorer:498 - Change Database Version : DB.6.0.150
2026-02-02 08:36:45,030 [INFO] McuFinderGlobals:63 - Set McuFinder mode to 2 (CubeIDE integrated)
2026-02-02 08:36:45,047 [INFO] UserAuth:487 - Internet connection configuration mode: 1
2026-02-02 08:36:45,084 [INFO] JxBrowserEngine:152 - Initiate JxBrowser Engine with user profile folder
2026-02-02 08:36:45,493 [INFO] ServerAccessManage:452 - Complete download http(s) 200
2026-02-02 08:36:45,497 [INFO] ServerAccessManage:509 - Download File updaters.zip
2026-02-02 08:36:45,790 [INFO] FileExtend:248 - Unzip File : updaters.zip
2026-02-02 08:36:45,791 [INFO] FileExtend:263 - Standard Zip Deflate
2026-02-02 08:36:47,747 [INFO] ServerAccessManage:452 - Complete download http(s) 200
2026-02-02 08:36:47,748 [INFO] ServerAccessManage:509 - Download File PacksControlFlags.xml
2026-02-02 08:36:48,135 [INFO] WebApp:169 - Instantiating new browser for Auth
2026-02-02 08:36:48,152 [INFO] ServerAccessManage:452 - Complete download http(s) 200
2026-02-02 08:36:48,152 [INFO] ServerAccessManage:509 - Download File cubemx.pidx
2026-02-02 08:36:48,406 [INFO] LoadServerUpdatesThread:375 - End of LoadServerUpdate Thread
2026-02-02 08:36:48,711 [INFO] CheckServerUpdateThread:120 - End of CheckServer Thread
2026-02-02 08:36:49,858 [INFO] WebApp:463 - Apply proxy settings
2026-02-02 08:36:49,859 [INFO] WebApp:548 - Chromium requires no authentication
2026-02-02 08:36:49,875 [INFO] WebApp:491 - Direct internet connection detected
2026-02-02 08:36:49,915 [INFO] WebApp:900 - Register for checkConnection events
2026-02-02 08:36:49,916 [INFO] WebApp:463 - Apply proxy settings
2026-02-02 08:36:49,916 [INFO] WebApp:548 - Chromium requires no authentication
2026-02-02 08:36:49,917 [INFO] WebApp:491 - Direct internet connection detected
2026-02-02 08:36:50,199 [INFO] WebApp:225 - Starting web application
2026-02-02 08:36:50,200 [INFO] WebApp:593 - Web application path used /opt/st/stm32cubeide_1.18.1/../../../home/tecna-smart-lab/.eclipse/com.st.stm32cube.ide.mcu.rcp.product_1.18.1_139067097_linux_gtk_x86_64/plugins/com.st.stm32cube.common.mx_6.15.0.202507011659/db/plugins/mcufinder/reactClient1/index.html
2026-02-02 08:36:50,409 [INFO] UserAuth:487 - Internet connection configuration mode: 1
2026-02-02 08:36:50,656 [INFO] WebApp:191 - Connection restablished
2026-02-02 08:44:47,498 [ERROR] LogOutputStream:75 - [STDERR_REDIRECT] 
2026-02-02 08:44:47,500 [ERROR] LogOutputStream:75 - [STDERR_REDIRECT] 
