2026-02-13 05:45:05,190 [INFO] Activator:176 - 


2026-02-13 05:45:05,194 [INFO] Activator:177 - !SESSION log4j initialized
2026-02-13 05:45:10,177 [INFO] LogOutputStream:77 - [STDOUT_REDIRECT] 
2026-02-13 05:45:12,543 [INFO] ApplicationProperties:184 - Using Application install path: /opt/st/stm32cubeide_1.18.1/../../../home/tecna-smart-lab/.eclipse/com.st.stm32cube.ide.mcu.rcp.product_1.18.1_139067097_linux_gtk_x86_64/plugins/com.st.stm32cube.common.mx_6.15.0.202507011659
2026-02-13 05:45:12,586 [INFO] DbMcusXml:78 - Set database path to: /opt/st/stm32cubeide_1.18.1/../../../home/tecna-smart-lab/.eclipse/com.st.stm32cube.ide.mcu.rcp.product_1.18.1_139067097_linux_gtk_x86_64/plugins/com.st.stm32cube.common.mx_6.15.0.202507011659//db//mcu/
2026-02-13 05:45:12,587 [INFO] ApiDb:274 - Set plugin database path to: /opt/st/stm32cubeide_1.18.1/../../../home/tecna-smart-lab/.eclipse/com.st.stm32cube.ide.mcu.rcp.product_1.18.1_139067097_linux_gtk_x86_64/plugins/com.st.stm32cube.common.mx_6.15.0.202507011659//db//plugins/boardmanager/
2026-02-13 05:45:12,587 [WARN] ApiDb:259 - Overriding images path with different value:  => /opt/st/stm32cubeide_1.18.1/../../../home/tecna-smart-lab/.eclipse/com.st.stm32cube.ide.mcu.rcp.product_1.18.1_139067097_linux_gtk_x86_64/plugins/com.st.stm32cube.common.mx_6.15.0.202507011659//db//plugins/mcufinder/images/
2026-02-13 05:45:12,600 [INFO] ApiDb:250 - Set database path to: /home/tecna-smart-lab/.stmcufinder/plugins/mcufinder//mcu/
2026-02-13 05:45:12,604 [INFO] DbMcusAds:125 - Set database path to: /home/tecna-smart-lab/.stmcufinder/plugins/mcufinder//mcu/
2026-02-13 05:45:12,609 [INFO] CrossReferenceDbSqlite:203 - Set database path to: /home/tecna-smart-lab/.stmcufinder/plugins/mcufinder//mcu/cs/
2026-02-13 05:45:12,843 [INFO] RulesReader:64 - Compatibility file has been processed (317 Rules)
2026-02-13 05:45:13,063 [INFO] DbMcusXml:78 - Set database path to: /opt/st/stm32cubeide_1.18.1/../../../home/tecna-smart-lab/.eclipse/com.st.stm32cube.ide.mcu.rcp.product_1.18.1_139067097_linux_gtk_x86_64/plugins/com.st.stm32cube.common.mx_6.15.0.202507011659//db//mcu/
2026-02-13 05:45:13,064 [INFO] ApiDb:274 - Set plugin database path to: /opt/st/stm32cubeide_1.18.1/../../../home/tecna-smart-lab/.eclipse/com.st.stm32cube.ide.mcu.rcp.product_1.18.1_139067097_linux_gtk_x86_64/plugins/com.st.stm32cube.common.mx_6.15.0.202507011659//db//plugins/boardmanager/
2026-02-13 05:45:13,064 [INFO] ApiDb:261 - Set plugin images path to: /opt/st/stm32cubeide_1.18.1/../../../home/tecna-smart-lab/.eclipse/com.st.stm32cube.ide.mcu.rcp.product_1.18.1_139067097_linux_gtk_x86_64/plugins/com.st.stm32cube.common.mx_6.15.0.202507011659//db//plugins/mcufinder/images/
2026-02-13 05:45:13,065 [WARN] DbFile:41 - Overriding database path with different value: /home/tecna-smart-lab/.stmcufinder/plugins/mcufinder/ => /home/tecna-smart-lab/.stmcufinder/plugins/mcufinder
2026-02-13 05:45:13,067 [INFO] ApiDb:250 - Set database path to: /home/tecna-smart-lab/.stmcufinder/plugins/mcufinder//mcu/
2026-02-13 05:45:13,067 [WARN] DbFile:41 - Overriding database path with different value: /home/tecna-smart-lab/.stmcufinder/plugins/mcufinder/ => /home/tecna-smart-lab/.stmcufinder/plugins/mcufinder
2026-02-13 05:45:13,068 [INFO] DbMcusAds:125 - Set database path to: /home/tecna-smart-lab/.stmcufinder/plugins/mcufinder//mcu/
2026-02-13 05:45:13,068 [WARN] DbFile:41 - Overriding database path with different value: /home/tecna-smart-lab/.stmcufinder/plugins/mcufinder/ => /home/tecna-smart-lab/.stmcufinder/plugins/mcufinder
2026-02-13 05:45:13,069 [WARN] DbFile:41 - Overriding database path with different value: /home/tecna-smart-lab/.stmcufinder/plugins/mcufinder/ => /home/tecna-smart-lab/.stmcufinder/plugins/mcufinder
2026-02-13 05:45:13,069 [INFO] CrossReferenceDbSqlite:203 - Set database path to: /home/tecna-smart-lab/.stmcufinder/plugins/mcufinder//mcu/cs/
2026-02-13 05:45:13,255 [INFO] MainPanel:274 - HeapMemory: 268435456
2026-02-13 05:45:13,585 [INFO] DbMcusXml:78 - Set database path to: /opt/st/stm32cubeide_1.18.1/../../../home/tecna-smart-lab/.eclipse/com.st.stm32cube.ide.mcu.rcp.product_1.18.1_139067097_linux_gtk_x86_64/plugins/com.st.stm32cube.common.mx_6.15.0.202507011659//db//mcu/
2026-02-13 05:45:13,586 [INFO] ApiDb:274 - Set plugin database path to: /opt/st/stm32cubeide_1.18.1/../../../home/tecna-smart-lab/.eclipse/com.st.stm32cube.ide.mcu.rcp.product_1.18.1_139067097_linux_gtk_x86_64/plugins/com.st.stm32cube.common.mx_6.15.0.202507011659//db//plugins/boardmanager/
2026-02-13 05:45:13,587 [INFO] ApiDb:261 - Set plugin images path to: /opt/st/stm32cubeide_1.18.1/../../../home/tecna-smart-lab/.eclipse/com.st.stm32cube.ide.mcu.rcp.product_1.18.1_139067097_linux_gtk_x86_64/plugins/com.st.stm32cube.common.mx_6.15.0.202507011659//db//plugins/mcufinder/images/
2026-02-13 05:45:13,588 [WARN] DbFile:41 - Overriding database path with different value: /home/tecna-smart-lab/.stmcufinder/plugins/mcufinder/ => /home/tecna-smart-lab/.stmcufinder/plugins/mcufinder
2026-02-13 05:45:13,588 [INFO] ApiDb:250 - Set database path to: /home/tecna-smart-lab/.stmcufinder/plugins/mcufinder//mcu/
2026-02-13 05:45:13,589 [WARN] DbFile:41 - Overriding database path with different value: /home/tecna-smart-lab/.stmcufinder/plugins/mcufinder/ => /home/tecna-smart-lab/.stmcufinder/plugins/mcufinder
2026-02-13 05:45:13,589 [INFO] DbMcusAds:125 - Set database path to: /home/tecna-smart-lab/.stmcufinder/plugins/mcufinder//mcu/
2026-02-13 05:45:13,589 [WARN] DbFile:41 - Overriding database path with different value: /home/tecna-smart-lab/.stmcufinder/plugins/mcufinder/ => /home/tecna-smart-lab/.stmcufinder/plugins/mcufinder
2026-02-13 05:45:13,590 [WARN] DbFile:41 - Overriding database path with different value: /home/tecna-smart-lab/.stmcufinder/plugins/mcufinder/ => /home/tecna-smart-lab/.stmcufinder/plugins/mcufinder
2026-02-13 05:45:13,590 [INFO] CrossReferenceDbSqlite:203 - Set database path to: /home/tecna-smart-lab/.stmcufinder/plugins/mcufinder//mcu/cs/
2026-02-13 05:45:13,665 [INFO] ApplicationProperties:184 - Using Application install path: /opt/st/stm32cubeide_1.18.1/../../../home/tecna-smart-lab/.eclipse/com.st.stm32cube.ide.mcu.rcp.product_1.18.1_139067097_linux_gtk_x86_64/plugins/com.st.stm32cube.common.mx_6.15.0.202507011659
2026-02-13 05:45:13,671 [INFO] PluginManage:196 - Search for loadable plugins [exclusion list=, ]
2026-02-13 05:45:13,674 [INFO] PluginManage:310 - Check plugin analytics
2026-02-13 05:45:14,140 [INFO] AnalyticsPlugin:253 - Accepted Software Licenses: STM32CubeMX.6.15.0
2026-02-13 05:45:14,141 [INFO] AnalyticsPlugin:255 - Accepted CMSIS Pack Licenses: STMicroelectronics.X-CUBE-FREERTOS.1.3.0,STMicroelectronics.X-CUBE-GNSS1.7.0.1,STMicroelectronics.X-CUBE-AZRTOS-H7.3.3.0,portGmbH.I-Cube-SoM-uGOAL.1.1.0,STMicroelectronics.X-CUBE-AZRTOS-G4.2.0.0,STMicroelectronics.X-CUBE-FREERTOS.1.3.1,STMicroelectronics.X-CUBE-NFC6.3.1.0,STMicroelectronics.X-CUBE-NFC4.3.0.0,STMicroelectronics.X-CUBE-NFC7.2.0.0,STMicroelectronics.X-CUBE-NFC9.1.0.0,STMicroelectronics.X-CUBE-NFC12.1.0.0,STMicroelectronics.X-CUBE-NFC10.1.0.0,RealThread.X-CUBE-RT-Thread_Nano.4.1.1,STMicroelectronics.X-CUBE-AZRTOS-F4.1.1.0,STMicroelectronics.X-CUBE-DISPLAY.3.0.0,Infineon.AIROC-Wi-Fi-Bluetooth-STM32.1.7.0,Cesanta.I-CUBE-Mongoose.7.13.0,STMicroelectronics.X-CUBE-AZRTOS-WB.2.0.0,STMicroelectronics.X-CUBE-EEPRMA1.5.2.0
2026-02-13 05:45:14,141 [INFO] AnalyticsPlugin:257 - Accepted Firmware Licenses: FW.U5.1.7.0,FW.G0.1.6.0,FW.H7.1.12.0,FW.C0.1.4.0,FW.F4.1.28.0,FW.G4.1.6.0,FW.U5.1.8.0,FW.WL.1.3.0,FW.H5.1.5.0
2026-02-13 05:45:14,148 [INFO] PluginManage:359 - Loaded plugin analytics (category:tool,tabindex:-1)
2026-02-13 05:45:14,149 [INFO] PluginManage:310 - Check plugin cadmodel
2026-02-13 05:45:14,156 [INFO] CADModel:105 - Init CAD model plugin
2026-02-13 05:45:14,157 [INFO] PluginManage:359 - Loaded plugin cadmodel (category:power,tabindex:5)
2026-02-13 05:45:14,157 [INFO] PluginManage:310 - Check plugin clock
2026-02-13 05:45:14,169 [INFO] PluginManage:359 - Loaded plugin clock (category:base,tabindex:2)
2026-02-13 05:45:14,169 [INFO] PluginManage:310 - Check plugin ddr
2026-02-13 05:45:14,172 [INFO] PluginManage:359 - Loaded plugin ddr (category:tool,tabindex:6)
2026-02-13 05:45:14,172 [INFO] PluginManage:310 - Check plugin filemanager
2026-02-13 05:45:14,445 [INFO] PluginManage:359 - Loaded plugin filemanager (category:base,tabindex:10)
2026-02-13 05:45:14,445 [INFO] PluginManage:310 - Check plugin ipmanager
2026-02-13 05:45:14,456 [INFO] PluginManage:359 - Loaded plugin ipmanager (category:base,tabindex:5)
2026-02-13 05:45:14,457 [INFO] PluginManage:310 - Check plugin lpbam
2026-02-13 05:45:14,477 [INFO] PluginManage:359 - Loaded plugin lpbam (category:base,tabindex:0)
2026-02-13 05:45:14,477 [INFO] PluginManage:310 - Check plugin memorymap
2026-02-13 05:45:14,503 [INFO] PluginManage:359 - Loaded plugin memorymap (category:base,tabindex:4)
2026-02-13 05:45:14,503 [INFO] PluginManage:310 - Check plugin pinoutandconfiguration
2026-02-13 05:45:14,517 [INFO] PluginManage:359 - Loaded plugin pinoutandconfiguration (category:base,tabindex:1)
2026-02-13 05:45:14,517 [INFO] PluginManage:310 - Check plugin pinoutconfig
2026-02-13 05:45:14,666 [WARN] SupportedApi:132 - Cannot load RTOS API schema: s4s-elt-must-match.1: The content of 'definitions' must match (annotation?, (simpleType | complexType)?, (unique | key | keyref)*)). A problem was found starting at: attribute.
2026-02-13 05:45:14,954 [INFO] PluginManage:359 - Loaded plugin pinoutconfig (category:base,tabindex:0)
2026-02-13 05:45:14,955 [INFO] PluginManage:310 - Check plugin power
2026-02-13 05:45:14,980 [INFO] PluginManage:359 - Loaded plugin power (category:power,tabindex:4)
2026-02-13 05:45:14,981 [INFO] PluginManage:310 - Check plugin projectmanager
2026-02-13 05:45:15,019 [INFO] PluginManage:359 - Loaded plugin projectmanager (category:projectmanager,tabindex:4)
2026-02-13 05:45:15,019 [INFO] PluginManage:310 - Check plugin rif
2026-02-13 05:45:15,041 [INFO] PluginManage:359 - Loaded plugin rif (category:base,tabindex:3)
2026-02-13 05:45:15,042 [INFO] PluginManage:310 - Check plugin thirdparty
2026-02-13 05:45:15,308 [WARN] IntegrityCheckThread:84 - waiting for thirdparty lock release [integrity check]
2026-02-13 05:45:15,309 [INFO] PluginManage:359 - Loaded plugin thirdparty (category:base,tabindex:-1)
2026-02-13 05:45:15,310 [INFO] IntegrityCheckThread:86 - entering critical section [integrity check]
2026-02-13 05:45:15,310 [INFO] PluginManage:310 - Check plugin tools
2026-02-13 05:45:15,311 [INFO] ThirdPartyUpdaterWithRetryManager:70 - Updater plugin not ready yet. [1/15]
2026-02-13 05:45:15,317 [INFO] PluginManage:359 - Loaded plugin tools (category:base,tabindex:7)
2026-02-13 05:45:15,317 [INFO] PluginManage:310 - Check plugin tutovideos
2026-02-13 05:45:15,651 [INFO] PluginManage:359 - Loaded plugin tutovideos (category:base,tabindex:-1)
2026-02-13 05:45:15,651 [INFO] PluginManage:310 - Check plugin updater
2026-02-13 05:45:15,696 [INFO] PluginManage:359 - Loaded plugin updater (category:base,tabindex:12)
2026-02-13 05:45:15,697 [INFO] PluginManage:310 - Check plugin userauth
2026-02-13 05:45:15,704 [INFO] UserAuth:118 - Init User Auth plugin
2026-02-13 05:45:15,705 [INFO] PluginManage:359 - Loaded plugin userauth (category:base,tabindex:14)
2026-02-13 05:45:15,706 [INFO] PluginManage:283 - PluginManage : Loaded plugins [18]
2026-02-13 05:45:16,108 [INFO] PinOutPanel:1589 - setPackage(No Configuration,No Configuration)
2026-02-13 05:45:16,290 [INFO] CADModel:165 - CPN selected for project level
2026-02-13 05:45:16,291 [INFO] CADModel:114 - Register for checkConnection events
2026-02-13 05:45:16,337 [INFO] IPUIPlugin:80 - create IPUIPlugin
2026-02-13 05:45:16,338 [INFO] PluginManager:220 - loadIPPluginJar : add spi
2026-02-13 05:45:16,345 [INFO] IPUIPlugin:80 - create IPUIPlugin
2026-02-13 05:45:16,346 [INFO] PluginManager:220 - loadIPPluginJar : add ddr_ctrl_phy
2026-02-13 05:45:16,351 [INFO] IPUIPlugin:80 - create IPUIPlugin
2026-02-13 05:45:16,351 [INFO] PluginManager:220 - loadIPPluginJar : add fatfs
2026-02-13 05:45:16,357 [INFO] IPUIPlugin:80 - create IPUIPlugin
2026-02-13 05:45:16,359 [INFO] PluginManager:220 - loadIPPluginJar : add dma3
2026-02-13 05:45:16,368 [INFO] IPUIPlugin:80 - create IPUIPlugin
2026-02-13 05:45:16,369 [INFO] PluginManager:220 - loadIPPluginJar : add touchsensing
2026-02-13 05:45:16,375 [INFO] IPUIPlugin:80 - create IPUIPlugin
2026-02-13 05:45:16,376 [INFO] PluginManager:220 - loadIPPluginJar : add usart
2026-02-13 05:45:16,385 [INFO] IPUIPlugin:80 - create IPUIPlugin
2026-02-13 05:45:16,385 [INFO] PluginManager:220 - loadIPPluginJar : add cryp
2026-02-13 05:45:16,392 [INFO] IPUIPlugin:80 - create IPUIPlugin
2026-02-13 05:45:16,393 [INFO] PluginManager:220 - loadIPPluginJar : add i2s
2026-02-13 05:45:16,398 [INFO] IPUIPlugin:80 - create IPUIPlugin
2026-02-13 05:45:16,399 [INFO] PluginManager:220 - loadIPPluginJar : add ltdc
2026-02-13 05:45:16,405 [INFO] IPUIPlugin:80 - create IPUIPlugin
2026-02-13 05:45:16,406 [INFO] PluginManager:220 - loadIPPluginJar : add gfxmmu
2026-02-13 05:45:16,412 [INFO] IPUIPlugin:80 - create IPUIPlugin
2026-02-13 05:45:16,413 [INFO] PluginManager:220 - loadIPPluginJar : add dfsdm
2026-02-13 05:45:16,433 [INFO] IPUIPlugin:80 - create IPUIPlugin
2026-02-13 05:45:16,440 [INFO] PluginManager:220 - loadIPPluginJar : add plateformsettings
2026-02-13 05:45:16,449 [INFO] IPUIPlugin:80 - create IPUIPlugin
2026-02-13 05:45:16,449 [INFO] PluginManager:220 - loadIPPluginJar : add pdm2pcm
2026-02-13 05:45:16,462 [INFO] IPUIPlugin:80 - create IPUIPlugin
2026-02-13 05:45:16,464 [INFO] PluginManager:220 - loadIPPluginJar : add freertos
2026-02-13 05:45:16,468 [INFO] IPUIPlugin:80 - create IPUIPlugin
2026-02-13 05:45:16,469 [INFO] PluginManager:220 - loadIPPluginJar : add tim
2026-02-13 05:45:16,472 [INFO] IPUIPlugin:80 - create IPUIPlugin
2026-02-13 05:45:16,473 [INFO] PluginManager:220 - loadIPPluginJar : add ts
2026-02-13 05:45:16,476 [INFO] IPUIPlugin:80 - create IPUIPlugin
2026-02-13 05:45:16,477 [INFO] PluginManager:220 - loadIPPluginJar : add quadspi
2026-02-13 05:45:16,482 [INFO] IPUIPlugin:80 - create IPUIPlugin
2026-02-13 05:45:16,482 [INFO] PluginManager:220 - loadIPPluginJar : add comp
2026-02-13 05:45:16,494 [INFO] IPUIPlugin:80 - create IPUIPlugin
2026-02-13 05:45:16,495 [INFO] PluginManager:220 - loadIPPluginJar : add resmgrutility
2026-02-13 05:45:16,512 [INFO] IPUIPlugin:80 - create IPUIPlugin
2026-02-13 05:45:16,514 [INFO] PluginManager:220 - loadIPPluginJar : add mdma
2026-02-13 05:45:16,525 [INFO] IPUIPlugin:80 - create IPUIPlugin
2026-02-13 05:45:16,525 [INFO] PluginManager:220 - loadIPPluginJar : add gpio
2026-02-13 05:45:16,529 [INFO] IPUIPlugin:80 - create IPUIPlugin
2026-02-13 05:45:16,530 [INFO] PluginManager:220 - loadIPPluginJar : add tsc
2026-02-13 05:45:16,537 [INFO] IPUIPlugin:80 - create IPUIPlugin
2026-02-13 05:45:16,537 [INFO] PluginManager:220 - loadIPPluginJar : add extmemmanager
2026-02-13 05:45:16,545 [INFO] IPUIPlugin:80 - create IPUIPlugin
2026-02-13 05:45:16,545 [INFO] PluginManager:220 - loadIPPluginJar : add sai
2026-02-13 05:45:16,551 [INFO] IPUIPlugin:80 - create IPUIPlugin
2026-02-13 05:45:16,551 [INFO] PluginManager:220 - loadIPPluginJar : add i2c
2026-02-13 05:45:16,554 [INFO] IPUIPlugin:80 - create IPUIPlugin
2026-02-13 05:45:16,554 [INFO] PluginManager:220 - loadIPPluginJar : add ucpd
2026-02-13 05:45:16,558 [INFO] IPUIPlugin:80 - create IPUIPlugin
2026-02-13 05:45:16,558 [INFO] PluginManager:220 - loadIPPluginJar : add aes
2026-02-13 05:45:16,561 [INFO] IPUIPlugin:80 - create IPUIPlugin
2026-02-13 05:45:16,562 [INFO] PluginManager:220 - loadIPPluginJar : add tracer_emb
2026-02-13 05:45:16,568 [INFO] IPUIPlugin:80 - create IPUIPlugin
2026-02-13 05:45:16,568 [INFO] PluginManager:220 - loadIPPluginJar : add usbx
2026-02-13 05:45:16,571 [INFO] IPUIPlugin:80 - create IPUIPlugin
2026-02-13 05:45:16,571 [INFO] PluginManager:220 - loadIPPluginJar : add lorawan
2026-02-13 05:45:16,584 [INFO] IPUIPlugin:80 - create IPUIPlugin
2026-02-13 05:45:16,585 [INFO] PluginManager:220 - loadIPPluginJar : add linkedlist
2026-02-13 05:45:16,592 [INFO] IPUIPlugin:80 - create IPUIPlugin
2026-02-13 05:45:16,592 [INFO] PluginManager:220 - loadIPPluginJar : add fmc
2026-02-13 05:45:16,597 [INFO] IPUIPlugin:80 - create IPUIPlugin
2026-02-13 05:45:16,598 [INFO] PluginManager:220 - loadIPPluginJar : add opamp
2026-02-13 05:45:16,600 [INFO] IPUIPlugin:80 - create IPUIPlugin
2026-02-13 05:45:16,601 [INFO] PluginManager:220 - loadIPPluginJar : add genericplugin
2026-02-13 05:45:16,606 [INFO] IPUIPlugin:80 - create IPUIPlugin
2026-02-13 05:45:16,606 [INFO] PluginManager:220 - loadIPPluginJar : add nvic
2026-02-13 05:45:16,612 [INFO] IPUIPlugin:80 - create IPUIPlugin
2026-02-13 05:45:16,612 [INFO] PluginManager:220 - loadIPPluginJar : add ipddr
2026-02-13 05:45:16,617 [INFO] IPUIPlugin:80 - create IPUIPlugin
2026-02-13 05:45:16,617 [INFO] PluginManager:220 - loadIPPluginJar : add i3c
2026-02-13 05:45:16,620 [INFO] IPUIPlugin:80 - create IPUIPlugin
2026-02-13 05:45:16,621 [INFO] PluginManager:220 - loadIPPluginJar : add hash
2026-02-13 05:45:16,625 [INFO] IPUIPlugin:80 - create IPUIPlugin
2026-02-13 05:45:16,625 [INFO] PluginManager:220 - loadIPPluginJar : add gtzc
2026-02-13 05:45:16,627 [INFO] IPUIPlugin:80 - create IPUIPlugin
2026-02-13 05:45:16,629 [INFO] PluginManager:220 - loadIPPluginJar : add radio
2026-02-13 05:45:16,640 [INFO] IPUIPlugin:80 - create IPUIPlugin
2026-02-13 05:45:16,640 [INFO] PluginManager:220 - loadIPPluginJar : add gic
2026-02-13 05:45:16,651 [INFO] IPUIPlugin:80 - create IPUIPlugin
2026-02-13 05:45:16,652 [INFO] PluginManager:220 - loadIPPluginJar : add dma
2026-02-13 05:45:16,655 [INFO] IPUIPlugin:80 - create IPUIPlugin
2026-02-13 05:45:16,656 [INFO] PluginManager:220 - loadIPPluginJar : add can
2026-02-13 05:45:16,660 [INFO] IPUIPlugin:80 - create IPUIPlugin
2026-02-13 05:45:16,660 [INFO] PluginManager:220 - loadIPPluginJar : add openamp
2026-02-13 05:45:16,673 [INFO] IPUIPlugin:80 - create IPUIPlugin
2026-02-13 05:45:16,673 [INFO] PluginManager:220 - loadIPPluginJar : add stm32_wpan
2026-02-13 05:45:16,685 [INFO] IPUIPlugin:80 - create IPUIPlugin
2026-02-13 05:45:16,685 [INFO] PluginManager:220 - loadIPPluginJar : add adc
2026-02-13 05:45:16,821 [FATAL] Updater:351 - Updater called before beeing initialized
2026-02-13 05:45:16,874 [INFO] RulesReader:64 - Compatibility file has been processed (317 Rules)
2026-02-13 05:45:16,896 [INFO] RulesReader:64 - Compatibility file has been processed (317 Rules)
2026-02-13 05:45:16,910 [INFO] CADModel:165 - CPN selected for project level
2026-02-13 05:45:16,911 [INFO] CADModel:114 - Register for checkConnection events
2026-02-13 05:45:16,911 [FATAL] Updater:351 - Updater called before beeing initialized
2026-02-13 05:45:16,912 [ERROR] CADModel:125 - Updater not yet initialized, retry later 
2026-02-13 05:45:17,041 [ERROR] LogOutputStream:75 - [STDERR_REDIRECT] Feb 13, 2026 5:45:17 AM org.eclipse.lsp4j.jsonrpc.services.GenericEndpoint notify
2026-02-13 05:45:17,056 [ERROR] LogOutputStream:75 - [STDERR_REDIRECT] WARNING: Unsupported notification method: statusNotification
2026-02-13 05:45:17,057 [ERROR] LogOutputStream:75 - [STDERR_REDIRECT] 
2026-02-13 05:45:17,060 [ERROR] LogOutputStream:75 - [STDERR_REDIRECT] Feb 13, 2026 5:45:17 AM org.eclipse.lsp4j.jsonrpc.services.GenericEndpoint notify
2026-02-13 05:45:17,062 [ERROR] LogOutputStream:75 - [STDERR_REDIRECT] WARNING: Unsupported notification method: didChangeStatus
2026-02-13 05:45:17,063 [ERROR] LogOutputStream:75 - [STDERR_REDIRECT] 
2026-02-13 05:45:17,084 [ERROR] LogOutputStream:75 - [STDERR_REDIRECT] Feb 13, 2026 5:45:17 AM org.eclipse.lsp4j.jsonrpc.services.GenericEndpoint notify
2026-02-13 05:45:17,086 [ERROR] LogOutputStream:75 - [STDERR_REDIRECT] WARNING: Unsupported notification method: conversation/preconditionsNotification
2026-02-13 05:45:17,087 [ERROR] LogOutputStream:75 - [STDERR_REDIRECT] 
2026-02-13 05:45:17,318 [FATAL] Updater:351 - Updater called before beeing initialized
2026-02-13 05:45:17,323 [INFO] CADModel:165 - CPN selected for project level
2026-02-13 05:45:17,324 [INFO] CADModel:114 - Register for checkConnection events
2026-02-13 05:45:17,324 [FATAL] Updater:351 - Updater called before beeing initialized
2026-02-13 05:45:17,324 [ERROR] CADModel:125 - Updater not yet initialized, retry later 
2026-02-13 05:45:17,333 [FATAL] Updater:351 - Updater called before beeing initialized
2026-02-13 05:45:17,586 [FATAL] Updater:351 - Updater called before beeing initialized
2026-02-13 05:45:17,597 [INFO] DbMcusAds:53 - JSON generation date=Thu Jan 08 10:57:51 PET 2026 (1767887871456)
2026-02-13 05:45:17,597 [FATAL] Updater:351 - Updater called before beeing initialized
2026-02-13 05:45:17,744 [WARN] DetailPanel:346 - Failed to get advertising image, set to default
2026-02-13 05:45:18,024 [FATAL] Updater:351 - Updater called before beeing initialized
2026-02-13 05:45:18,029 [FATAL] Updater:351 - Updater called before beeing initialized
2026-02-13 05:45:18,029 [FATAL] Updater:351 - Updater called before beeing initialized
2026-02-13 05:45:18,030 [WARN] DetailPanel:346 - Failed to get advertising image, set to default
2026-02-13 05:45:18,033 [FATAL] Updater:351 - Updater called before beeing initialized
2026-02-13 05:45:18,136 [ERROR] Updater:1198 - MainUpdater not yet initialized. External WinMGr cannot be set.
2026-02-13 05:45:18,140 [INFO] Updater:1134 - Updater Version found : 6.15.0
2026-02-13 05:45:18,182 [INFO] ApplicationProperties:184 - Using Application install path: /opt/st/stm32cubeide_1.18.1/../../../home/tecna-smart-lab/.eclipse/com.st.stm32cube.ide.mcu.rcp.product_1.18.1_139067097_linux_gtk_x86_64/plugins/com.st.stm32cube.common.mx_6.15.0.202507011659
2026-02-13 05:45:18,312 [INFO] ThirdPartyUpdaterWithRetryManager:70 - Updater plugin not ready yet. [2/15]
2026-02-13 05:45:19,909 [INFO] MainUpdater:2872 - connection check result : 10
2026-02-13 05:45:19,910 [INFO] MainUpdater:289 - Updater Check For Update Now.
2026-02-13 05:45:19,911 [INFO] MicroXplorer:498 - Change Database Version : DB.6.0.150
2026-02-13 05:45:19,918 [INFO] McuFinderGlobals:63 - Set McuFinder mode to 2 (CubeIDE integrated)
2026-02-13 05:45:19,919 [INFO] UserAuth:487 - Internet connection configuration mode: 1
2026-02-13 05:45:19,949 [INFO] JxBrowserEngine:152 - Initiate JxBrowser Engine with user profile folder
2026-02-13 05:45:20,205 [INFO] CheckServerUpdateThread:120 - End of CheckServer Thread
2026-02-13 05:45:21,645 [INFO] WebApp:169 - Instantiating new browser for Auth
2026-02-13 05:45:21,662 [WARN] PackLoader:240 - Cannot read IP mode file for STMicroelectronics.FP-SNS-MOTENVWB1.1.4.0
2026-02-13 05:45:21,677 [WARN] PackLoader:240 - Cannot read IP mode file for STMicroelectronics.FP-ATR-ASTRA1.2.0.2
2026-02-13 05:45:21,693 [WARN] PackLoader:240 - Cannot read IP mode file for STMicroelectronics.X-CUBE-SMBUS.2.1.0
2026-02-13 05:45:21,703 [WARN] PackLoader:240 - Cannot read IP mode file for STMicroelectronics.X-CUBE-ST60.1.0.0
2026-02-13 05:45:21,769 [WARN] PackLoader:240 - Cannot read IP mode file for STMicroelectronics.X-CUBE-AZRTOS-F7.1.1.0
2026-02-13 05:45:21,791 [WARN] PackLoader:240 - Cannot read IP mode file for STMicroelectronics.FP-SNS-MOTENV1.5.1.0
2026-02-13 05:45:21,857 [WARN] PackLoader:240 - Cannot read IP mode file for Infineon.AIROC-Wi-Fi-Bluetooth-STM32.1.7.0
2026-02-13 05:45:22,222 [WARN] PackLoader:240 - Cannot read IP mode file for STMicroelectronics.X-CUBE-AZRTOS-H7.3.4.0
2026-02-13 05:45:22,246 [WARN] PackLoader:240 - Cannot read IP mode file for STMicroelectronics.X-CUBE-DISPLAY.3.0.0
2026-02-13 05:45:22,346 [WARN] PackLoader:240 - Cannot read IP mode file for STMicroelectronics.X-CUBE-NFC10.1.0.0
2026-02-13 05:45:22,437 [WARN] PackLoader:240 - Cannot read IP mode file for STMicroelectronics.X-CUBE-BLEMGR.4.0.0
2026-02-13 05:45:22,453 [WARN] PackLoader:240 - Cannot read IP mode file for STMicroelectronics.X-CUBE-ST60.1.1.0
2026-02-13 05:45:22,464 [WARN] PackLoader:240 - Cannot read IP mode file for emotas.I-CUBE-CANOPEN.1.3.0
2026-02-13 05:45:22,473 [WARN] PackLoader:240 - Cannot read IP mode file for STMicroelectronics.X-CUBE-GNSS1.7.1.0
2026-02-13 05:45:22,482 [WARN] ConditionMgr:438 - getConditionDescription Invalid condition id : Cortex-A Device cause : null
2026-02-13 05:45:22,495 [WARN] ConditionMgr:1044 - genDependencies : Invalid condition id : Cortex-A Device cause : null
2026-02-13 05:45:22,495 [WARN] ConditionMgr:1044 - genDependencies : Invalid condition id : Cortex-A Device cause : null
2026-02-13 05:45:22,496 [WARN] ConditionMgr:1044 - genDependencies : Invalid condition id : Cortex-A Device cause : null
2026-02-13 05:45:22,501 [WARN] PackLoader:240 - Cannot read IP mode file for STMicroelectronics.X-CUBE-AI.10.0.0
2026-02-13 05:45:22,515 [WARN] PackLoader:240 - Cannot read IP mode file for STMicroelectronics.FP-SNS-STBOX1.2.1.0
2026-02-13 05:45:22,526 [WARN] PackLoader:240 - Cannot read IP mode file for STMicroelectronics.FP-SNS-SMARTAG2.1.2.0
2026-02-13 05:45:22,534 [WARN] PackLoader:240 - Cannot read IP mode file for STMicroelectronics.FP-SNS-FLIGHT1.5.1.0
2026-02-13 05:45:22,551 [INFO] LogOutputStream:77 - [STDOUT_REDIRECT] 1 : Invalid condition id : UX_CORESTACK_Condition cause : null
2026-02-13 05:45:22,552 [INFO] LogOutputStream:77 - [STDOUT_REDIRECT] 1 : Invalid condition id : UX_CORESTACK_Condition cause : null
2026-02-13 05:45:22,553 [INFO] LogOutputStream:77 - [STDOUT_REDIRECT] 1 : Invalid condition id : UX_CORESTACK_Condition cause : null
2026-02-13 05:45:22,554 [INFO] LogOutputStream:77 - [STDOUT_REDIRECT] 1 : Invalid condition id : UX_CORESTACK_Condition cause : null
2026-02-13 05:45:22,554 [INFO] LogOutputStream:77 - [STDOUT_REDIRECT] 1 : Invalid condition id : UX_CORESTACK_Condition cause : null
2026-02-13 05:45:22,561 [WARN] PackLoader:240 - Cannot read IP mode file for STMicroelectronics.X-CUBE-AZRTOS-WL.2.0.0
2026-02-13 05:45:22,571 [WARN] PackLoader:240 - Cannot read IP mode file for STMicroelectronics.FP-SNS-MOTENV1.5.0.0
2026-02-13 05:45:22,604 [WARN] PackLoader:240 - Cannot read IP mode file for STMicroelectronics.X-CUBE-AZRTOS-H7RS.1.2.0
2026-02-13 05:45:22,621 [WARN] PackLoader:240 - Cannot read IP mode file for WES.I-CUBE-Cesium.1.3.0
2026-02-13 05:45:22,631 [WARN] PackLoader:240 - Cannot read IP mode file for STMicroelectronics.X-CUBE-BLE2.3.3.0
2026-02-13 05:45:22,654 [WARN] PackLoader:240 - Cannot read IP mode file for STMicroelectronics.X-CUBE-NFC9.1.0.0
2026-02-13 05:45:22,717 [WARN] PackLoader:240 - Cannot read IP mode file for STMicroelectronics.X-CUBE-BLE1.7.1.0
2026-02-13 05:45:22,724 [WARN] PackLoader:240 - Cannot read IP mode file for wolfSSL.I-CUBE-wolfMQTT.1.19.2
2026-02-13 05:45:22,732 [WARN] PackLoader:240 - Cannot read IP mode file for STMicroelectronics.X-CUBE-FREERTOS.1.4.0
2026-02-13 05:45:22,743 [WARN] PackLoader:240 - Cannot read IP mode file for STMicroelectronics.X-CUBE-EEPRMA1.5.2.0
2026-02-13 05:45:22,799 [WARN] PackLoader:240 - Cannot read IP mode file for STMicroelectronics.X-CUBE-ST67W61.1.1.0
2026-02-13 05:45:22,808 [WARN] PackLoader:240 - Cannot read IP mode file for STMicroelectronics.X-CUBE-AI.10.1.0
2026-02-13 05:45:22,921 [WARN] PackLoader:240 - Cannot read IP mode file for STMicroelectronics.X-CUBE-MEMS1.12.0.0
2026-02-13 05:45:23,359 [WARN] PackLoader:240 - Cannot read IP mode file for STMicroelectronics.X-CUBE-MEMS1.11.2.0
2026-02-13 05:45:23,431 [INFO] WebApp:463 - Apply proxy settings
2026-02-13 05:45:23,432 [INFO] WebApp:548 - Chromium requires no authentication
2026-02-13 05:45:23,450 [INFO] WebApp:491 - Direct internet connection detected
2026-02-13 05:45:23,495 [INFO] WebApp:900 - Register for checkConnection events
2026-02-13 05:45:23,496 [INFO] WebApp:463 - Apply proxy settings
2026-02-13 05:45:23,496 [INFO] WebApp:548 - Chromium requires no authentication
2026-02-13 05:45:23,499 [INFO] WebApp:491 - Direct internet connection detected
2026-02-13 05:45:23,590 [WARN] PackLoader:240 - Cannot read IP mode file for STMicroelectronics.X-CUBE-AZRTOS-G0.1.1.0
2026-02-13 05:45:23,601 [WARN] PackLoader:240 - Cannot read IP mode file for STMicroelectronics.X-CUBE-SAFEA1.1.2.2
2026-02-13 05:45:23,609 [WARN] PackLoader:240 - Cannot read IP mode file for STMicroelectronics.X-CUBE-NFC4.3.0.0
2026-02-13 05:45:23,684 [WARN] PackLoader:240 - Cannot read IP mode file for EmbeddedOffice.I-CUBE-FS-RTOS.1.0.1
2026-02-13 05:45:23,699 [WARN] PackLoader:240 - Cannot read IP mode file for STMicroelectronics.X-CUBE-WB05N.2.0.0
2026-02-13 05:45:23,714 [WARN] PackLoader:240 - Cannot read IP mode file for wolfSSL.I-CUBE-wolfTPM.3.8.0
2026-02-13 05:45:23,728 [WARN] PackLoader:240 - Cannot read IP mode file for STMicroelectronics.X-CUBE-TCPP.4.2.0
2026-02-13 05:45:23,744 [WARN] PackLoader:240 - Cannot read IP mode file for RealThread.X-CUBE-RT-Thread_Nano.4.1.1
2026-02-13 05:45:23,771 [INFO] WebApp:191 - Connection restablished
2026-02-13 05:45:23,812 [WARN] PackLoader:240 - Cannot read IP mode file for STMicroelectronics.FP-ATR-SIGFOX1.3.2.0
2026-02-13 05:45:23,821 [WARN] PackLoader:240 - Cannot read IP mode file for STMicroelectronics.X-CUBE-EEPRMA1.5.1.0
2026-02-13 05:45:23,832 [WARN] PackLoader:240 - Cannot read IP mode file for wolfSSL.I-CUBE-wolfSSL.5.7.6
2026-02-13 05:45:23,844 [WARN] PackLoader:240 - Cannot read IP mode file for ITTIA_DB.I-CUBE-ITTIADB.8.9.0
2026-02-13 05:45:23,855 [WARN] PackLoader:240 - Cannot read IP mode file for STMicroelectronics.X-CUBE-NFC6.3.2.0
2026-02-13 05:45:23,868 [WARN] PackLoader:240 - Cannot read IP mode file for STMicroelectronics.X-CUBE-ST67W61.1.0.0
2026-02-13 05:45:23,872 [WARN] PackLoader:240 - Cannot read IP mode file for STMicroelectronics.X-CUBE-AI.10.2.0
2026-02-13 05:45:23,938 [WARN] PackLoader:240 - Cannot read IP mode file for SEGGER.I-CUBE-embOS.1.3.1
2026-02-13 05:45:23,958 [INFO] WebApp:225 - Starting web application
2026-02-13 05:45:23,958 [INFO] WebApp:593 - Web application path used /opt/st/stm32cubeide_1.18.1/../../../home/tecna-smart-lab/.eclipse/com.st.stm32cube.ide.mcu.rcp.product_1.18.1_139067097_linux_gtk_x86_64/plugins/com.st.stm32cube.common.mx_6.15.0.202507011659/db/plugins/mcufinder/reactClient1/index.html
2026-02-13 05:45:24,013 [WARN] PackLoader:240 - Cannot read IP mode file for STMicroelectronics.X-CUBE-ALGOBUILD.1.4.0
2026-02-13 05:45:24,082 [WARN] PackLoader:240 - Cannot read IP mode file for STMicroelectronics.X-CUBE-MEMS1.11.3.0
2026-02-13 05:45:24,229 [INFO] UserAuth:487 - Internet connection configuration mode: 1
2026-02-13 05:45:24,360 [WARN] PackLoader:240 - Cannot read IP mode file for STMicroelectronics.X-CUBE-PM33A1.1.0.0
2026-02-13 05:45:24,395 [WARN] PackLoader:240 - Cannot read IP mode file for STMicroelectronics.X-CUBE-AZRTOS-F4.1.1.0
2026-02-13 05:45:24,694 [WARN] PackLoader:240 - Cannot read IP mode file for Avnet-IotConnect.X-CUBE-IoTC-DA16k-PMOD.1.0.0
2026-02-13 05:45:24,708 [WARN] PackLoader:240 - Cannot read IP mode file for STMicroelectronics.X-CUBE-ISPU.2.1.0
2026-02-13 05:45:24,736 [WARN] PackLoader:240 - Cannot read IP mode file for STMicroelectronics.X-CUBE-IPS.3.2.0
2026-02-13 05:45:24,774 [WARN] PackLoader:240 - Cannot read IP mode file for STMicroelectronics.X-CUBE-NFC12.1.0.0
2026-02-13 05:45:24,869 [WARN] PackLoader:240 - Cannot read IP mode file for STMicroelectronics.X-CUBE-AZRTOS-L5.2.0.0
2026-02-13 05:45:24,889 [WARN] PackLoader:240 - Cannot read IP mode file for STMicroelectronics.X-CUBE-NFC6.3.1.0
2026-02-13 05:45:24,952 [WARN] PackLoader:240 - Cannot read IP mode file for STMicroelectronics.X-CUBE-FREERTOS.1.3.1
2026-02-13 05:45:25,002 [WARN] PackLoader:240 - Cannot read IP mode file for STMicroelectronics.X-CUBE-FREERTOS.1.3.0
2026-02-13 05:45:25,038 [WARN] PackLoader:240 - Cannot read IP mode file for STMicroelectronics.X-CUBE-NFC7.1.0.1
2026-02-13 05:45:25,047 [WARN] PackLoader:240 - Cannot read IP mode file for STMicroelectronics.X-CUBE-TOUCHGFX.4.26.0
2026-02-13 05:45:25,055 [WARN] PackLoader:240 - Cannot read IP mode file for STMicroelectronics.FP-SNS-STAIOTCFT.1.0.0
2026-02-13 05:45:25,060 [WARN] PackLoader:240 - Cannot read IP mode file for STMicroelectronics.X-CUBE-DPower.1.3.0
2026-02-13 05:45:25,089 [WARN] ConditionMgr:438 - getConditionDescription Invalid condition id : LAN8742 Phy interface Condition cause : null
2026-02-13 05:45:25,090 [WARN] PackLoader:240 - Cannot read IP mode file for STMicroelectronics.X-CUBE-AZRTOS-L4.2.0.0
2026-02-13 05:45:25,093 [WARN] ConditionMgr:1044 - genDependencies : Invalid condition id : LAN8742 Phy interface Condition cause : null
2026-02-13 05:45:25,094 [WARN] ConditionMgr:1044 - genDependencies : Invalid condition id : LAN8742 Phy interface Condition cause : null
2026-02-13 05:45:25,097 [WARN] ConditionMgr:1044 - genDependencies : Invalid condition id : LAN8742 Phy interface Condition cause : null
2026-02-13 05:45:25,108 [WARN] PackLoader:240 - Cannot read IP mode file for STMicroelectronics.X-CUBE-SFXS2LP1.4.0.0
2026-02-13 05:45:25,136 [WARN] PackLoader:240 - Cannot read IP mode file for STMicroelectronics.X-CUBE-ST67W61.1.2.0
2026-02-13 05:45:25,169 [WARN] PackLoader:240 - Cannot read IP mode file for STMicroelectronics.X-CUBE-AZRTOS-H7.3.3.0
2026-02-13 05:45:25,290 [WARN] PackLoader:240 - Cannot read IP mode file for STMicroelectronics.X-CUBE-BLEMGR.4.1.0
2026-02-13 05:45:25,306 [WARN] ConditionMgr:438 - getConditionDescription Invalid condition id : UX DEVICE CLASS RTOS Condition cause : null
2026-02-13 05:45:25,307 [WARN] ConditionMgr:438 - getConditionDescription Invalid condition id : UX DEVICE CLASS RTOS Condition cause : null
2026-02-13 05:45:25,309 [WARN] PackLoader:240 - Cannot read IP mode file for STMicroelectronics.X-CUBE-AZRTOS-WB.2.0.0
2026-02-13 05:45:25,310 [WARN] ConditionMgr:1044 - genDependencies : Invalid condition id : UX DEVICE CLASS RTOS Condition cause : null
2026-02-13 05:45:25,310 [WARN] ConditionMgr:1044 - genDependencies : Invalid condition id : UX DEVICE CLASS RTOS Condition cause : null
2026-02-13 05:45:25,311 [WARN] ConditionMgr:1044 - genDependencies : Invalid condition id : UX DEVICE CLASS RTOS Condition cause : null
2026-02-13 05:45:25,312 [WARN] ConditionMgr:1044 - genDependencies : Invalid condition id : UX DEVICE CLASS RTOS Condition cause : null
2026-02-13 05:45:25,312 [WARN] ConditionMgr:1044 - genDependencies : Invalid condition id : UX DEVICE CLASS RTOS Condition cause : null
2026-02-13 05:45:25,316 [WARN] ConditionMgr:438 - getConditionDescription Invalid condition id : UX DEVICE CLASS RTOS Condition cause : null
2026-02-13 05:45:25,317 [WARN] ConditionMgr:438 - getConditionDescription Invalid condition id : UX DEVICE CLASS RTOS Condition cause : null
2026-02-13 05:45:25,406 [WARN] PackLoader:240 - Cannot read IP mode file for STMicroelectronics.X-CUBE-GNSS1.7.0.1
2026-02-13 05:45:25,440 [WARN] PackLoader:240 - Cannot read IP mode file for STMicroelectronics.X-CUBE-TOUCHGFX.4.25.0
2026-02-13 05:45:25,448 [WARN] PackLoader:240 - Cannot read IP mode file for STMicroelectronics.FP-SNS-STBOX1.2.0.0
2026-02-13 05:45:25,456 [WARN] PackLoader:240 - Cannot read IP mode file for STMicroelectronics.X-CUBE-STSE01.2.0.0
2026-02-13 05:45:25,469 [WARN] PackLoader:240 - Cannot read IP mode file for STMicroelectronics.X-CUBE-SUBG2.5.0.0
2026-02-13 05:45:25,493 [WARN] PackLoader:240 - Cannot read IP mode file for STMicroelectronics.X-CUBE-AZRTOS-H7RS.1.1.0
2026-02-13 05:45:25,501 [WARN] PackLoader:240 - Cannot read IP mode file for Cesanta.I-CUBE-Mongoose.7.13.0
2026-02-13 05:45:25,541 [WARN] PackLoader:240 - Cannot read IP mode file for STMicroelectronics.X-CUBE-AZRTOS-G4.2.0.0
2026-02-13 05:45:25,633 [WARN] PackLoader:240 - Cannot read IP mode file for wolfSSL.I-CUBE-wolfSSH.1.4.20
2026-02-13 05:45:25,638 [WARN] PackLoader:240 - Cannot read IP mode file for STMicroelectronics.X-CUBE-NFC7.2.0.0
2026-02-13 05:45:25,684 [WARN] PackLoader:240 - Cannot read IP mode file for STMicroelectronics.X-CUBE-IPS.3.1.0
2026-02-13 05:45:25,704 [WARN] PackLoader:240 - Cannot read IP mode file for STMicroelectronics.X-CUBE-ALS.1.0.2
2026-02-13 05:45:25,718 [WARN] PackLoader:240 - Cannot read IP mode file for STMicroelectronics.X-CUBE-STSE01.1.0.0
2026-02-13 05:45:25,724 [WARN] PackLoader:240 - Cannot read IP mode file for portGmbH.I-Cube-SoM-uGOAL.1.1.0
2026-02-13 05:45:25,771 [WARN] PackLoader:240 - Cannot read IP mode file for STMicroelectronics.X-CUBE-TOF1.3.4.3
2026-02-13 05:45:25,792 [INFO] ThirdParty:978 - Integrity check success = true
2026-02-13 05:45:25,793 [INFO] IntegrityCheckThread:100 - exiting critical section [integrity check]
2026-02-13 05:45:25,793 [INFO] IntegrityCheckThread:103 - End integrity checks thread
2026-02-13 05:59:03,439 [ERROR] LogOutputStream:75 - [STDERR_REDIRECT] Feb 13, 2026 5:59:03 AM org.eclipse.lsp4j.jsonrpc.services.GenericEndpoint notify
2026-02-13 05:59:03,440 [ERROR] LogOutputStream:75 - [STDERR_REDIRECT] WARNING: Unsupported notification method: statusNotification
2026-02-13 05:59:03,441 [ERROR] LogOutputStream:75 - [STDERR_REDIRECT] 
2026-02-13 05:59:03,443 [ERROR] LogOutputStream:75 - [STDERR_REDIRECT] Feb 13, 2026 5:59:03 AM org.eclipse.lsp4j.jsonrpc.services.GenericEndpoint notify
2026-02-13 05:59:03,444 [ERROR] LogOutputStream:75 - [STDERR_REDIRECT] WARNING: Unsupported notification method: didChangeStatus
2026-02-13 05:59:03,444 [ERROR] LogOutputStream:75 - [STDERR_REDIRECT] 
2026-02-13 05:59:04,755 [ERROR] LogOutputStream:75 - [STDERR_REDIRECT] Feb 13, 2026 5:59:04 AM org.eclipse.lsp4j.jsonrpc.services.GenericEndpoint notify
2026-02-13 05:59:04,755 [ERROR] LogOutputStream:75 - [STDERR_REDIRECT] WARNING: Unsupported notification method: statusNotification
2026-02-13 05:59:04,756 [ERROR] LogOutputStream:75 - [STDERR_REDIRECT] 
2026-02-13 05:59:04,757 [ERROR] LogOutputStream:75 - [STDERR_REDIRECT] Feb 13, 2026 5:59:04 AM org.eclipse.lsp4j.jsonrpc.services.GenericEndpoint notify
2026-02-13 05:59:04,758 [ERROR] LogOutputStream:75 - [STDERR_REDIRECT] WARNING: Unsupported notification method: didChangeStatus
2026-02-13 05:59:04,758 [ERROR] LogOutputStream:75 - [STDERR_REDIRECT] 
2026-02-13 06:13:20,716 [ERROR] LogOutputStream:75 - [STDERR_REDIRECT] Feb 13, 2026 6:13:20 AM org.eclipse.lsp4j.jsonrpc.services.GenericEndpoint notify
2026-02-13 06:13:20,717 [ERROR] LogOutputStream:75 - [STDERR_REDIRECT] WARNING: Unsupported notification method: statusNotification
2026-02-13 06:13:20,717 [ERROR] LogOutputStream:75 - [STDERR_REDIRECT] 
2026-02-13 06:13:20,718 [ERROR] LogOutputStream:75 - [STDERR_REDIRECT] Feb 13, 2026 6:13:20 AM org.eclipse.lsp4j.jsonrpc.services.GenericEndpoint notify
2026-02-13 06:13:20,719 [ERROR] LogOutputStream:75 - [STDERR_REDIRECT] WARNING: Unsupported notification method: didChangeStatus
2026-02-13 06:13:20,719 [ERROR] LogOutputStream:75 - [STDERR_REDIRECT] 
2026-02-13 06:13:22,079 [ERROR] LogOutputStream:75 - [STDERR_REDIRECT] Feb 13, 2026 6:13:22 AM org.eclipse.lsp4j.jsonrpc.services.GenericEndpoint notify
2026-02-13 06:13:22,079 [ERROR] LogOutputStream:75 - [STDERR_REDIRECT] WARNING: Unsupported notification method: statusNotification
2026-02-13 06:13:22,079 [ERROR] LogOutputStream:75 - [STDERR_REDIRECT] 
2026-02-13 06:13:22,080 [ERROR] LogOutputStream:75 - [STDERR_REDIRECT] Feb 13, 2026 6:13:22 AM org.eclipse.lsp4j.jsonrpc.services.GenericEndpoint notify
2026-02-13 06:13:22,080 [ERROR] LogOutputStream:75 - [STDERR_REDIRECT] WARNING: Unsupported notification method: didChangeStatus
2026-02-13 06:13:22,080 [ERROR] LogOutputStream:75 - [STDERR_REDIRECT] 
2026-02-13 06:21:16,727 [ERROR] LogOutputStream:75 - [STDERR_REDIRECT] Feb 13, 2026 6:21:16 AM org.eclipse.lsp4j.jsonrpc.services.GenericEndpoint notify
2026-02-13 06:21:16,727 [ERROR] LogOutputStream:75 - [STDERR_REDIRECT] WARNING: Unsupported notification method: statusNotification
2026-02-13 06:21:16,728 [ERROR] LogOutputStream:75 - [STDERR_REDIRECT] 
2026-02-13 06:21:16,729 [ERROR] LogOutputStream:75 - [STDERR_REDIRECT] Feb 13, 2026 6:21:16 AM org.eclipse.lsp4j.jsonrpc.services.GenericEndpoint notify
2026-02-13 06:21:16,730 [ERROR] LogOutputStream:75 - [STDERR_REDIRECT] WARNING: Unsupported notification method: didChangeStatus
2026-02-13 06:21:16,730 [ERROR] LogOutputStream:75 - [STDERR_REDIRECT] 
2026-02-13 06:21:17,842 [ERROR] LogOutputStream:75 - [STDERR_REDIRECT] Feb 13, 2026 6:21:17 AM org.eclipse.lsp4j.jsonrpc.services.GenericEndpoint notify
2026-02-13 06:21:17,843 [ERROR] LogOutputStream:75 - [STDERR_REDIRECT] WARNING: Unsupported notification method: statusNotification
2026-02-13 06:21:17,843 [ERROR] LogOutputStream:75 - [STDERR_REDIRECT] 
2026-02-13 06:21:17,845 [ERROR] LogOutputStream:75 - [STDERR_REDIRECT] Feb 13, 2026 6:21:17 AM org.eclipse.lsp4j.jsonrpc.services.GenericEndpoint notify
2026-02-13 06:21:17,845 [ERROR] LogOutputStream:75 - [STDERR_REDIRECT] WARNING: Unsupported notification method: didChangeStatus
2026-02-13 06:21:17,846 [ERROR] LogOutputStream:75 - [STDERR_REDIRECT] 
