2026-02-23 10:24:53,034 [INFO] Activator:176 - 


2026-02-23 10:24:53,043 [INFO] Activator:177 - !SESSION log4j initialized
2026-02-23 10:25:02,946 [INFO] LogOutputStream:77 - [STDOUT_REDIRECT] 
2026-02-23 10:25:07,355 [INFO] ApplicationProperties:184 - Using Application install path: /opt/st/stm32cubeide_1.18.1/../../../home/tecna-smart-lab/.eclipse/com.st.stm32cube.ide.mcu.rcp.product_1.18.1_139067097_linux_gtk_x86_64/plugins/com.st.stm32cube.common.mx_6.15.0.202507011659
2026-02-23 10:25:07,413 [INFO] DbMcusXml:78 - Set database path to: /opt/st/stm32cubeide_1.18.1/../../../home/tecna-smart-lab/.eclipse/com.st.stm32cube.ide.mcu.rcp.product_1.18.1_139067097_linux_gtk_x86_64/plugins/com.st.stm32cube.common.mx_6.15.0.202507011659//db//mcu/
2026-02-23 10:25:07,414 [INFO] ApiDb:274 - Set plugin database path to: /opt/st/stm32cubeide_1.18.1/../../../home/tecna-smart-lab/.eclipse/com.st.stm32cube.ide.mcu.rcp.product_1.18.1_139067097_linux_gtk_x86_64/plugins/com.st.stm32cube.common.mx_6.15.0.202507011659//db//plugins/boardmanager/
2026-02-23 10:25:07,416 [WARN] ApiDb:259 - Overriding images path with different value:  => /opt/st/stm32cubeide_1.18.1/../../../home/tecna-smart-lab/.eclipse/com.st.stm32cube.ide.mcu.rcp.product_1.18.1_139067097_linux_gtk_x86_64/plugins/com.st.stm32cube.common.mx_6.15.0.202507011659//db//plugins/mcufinder/images/
2026-02-23 10:25:07,436 [INFO] ApiDb:250 - Set database path to: /home/tecna-smart-lab/.stmcufinder/plugins/mcufinder//mcu/
2026-02-23 10:25:07,440 [INFO] DbMcusAds:125 - Set database path to: /home/tecna-smart-lab/.stmcufinder/plugins/mcufinder//mcu/
2026-02-23 10:25:07,445 [INFO] CrossReferenceDbSqlite:203 - Set database path to: /home/tecna-smart-lab/.stmcufinder/plugins/mcufinder//mcu/cs/
2026-02-23 10:25:07,831 [INFO] RulesReader:64 - Compatibility file has been processed (317 Rules)
2026-02-23 10:25:08,062 [INFO] DbMcusXml:78 - Set database path to: /opt/st/stm32cubeide_1.18.1/../../../home/tecna-smart-lab/.eclipse/com.st.stm32cube.ide.mcu.rcp.product_1.18.1_139067097_linux_gtk_x86_64/plugins/com.st.stm32cube.common.mx_6.15.0.202507011659//db//mcu/
2026-02-23 10:25:08,062 [INFO] ApiDb:274 - Set plugin database path to: /opt/st/stm32cubeide_1.18.1/../../../home/tecna-smart-lab/.eclipse/com.st.stm32cube.ide.mcu.rcp.product_1.18.1_139067097_linux_gtk_x86_64/plugins/com.st.stm32cube.common.mx_6.15.0.202507011659//db//plugins/boardmanager/
2026-02-23 10:25:08,063 [INFO] ApiDb:261 - Set plugin images path to: /opt/st/stm32cubeide_1.18.1/../../../home/tecna-smart-lab/.eclipse/com.st.stm32cube.ide.mcu.rcp.product_1.18.1_139067097_linux_gtk_x86_64/plugins/com.st.stm32cube.common.mx_6.15.0.202507011659//db//plugins/mcufinder/images/
2026-02-23 10:25:08,063 [WARN] DbFile:41 - Overriding database path with different value: /home/tecna-smart-lab/.stmcufinder/plugins/mcufinder/ => /home/tecna-smart-lab/.stmcufinder/plugins/mcufinder
2026-02-23 10:25:08,064 [INFO] ApiDb:250 - Set database path to: /home/tecna-smart-lab/.stmcufinder/plugins/mcufinder//mcu/
2026-02-23 10:25:08,064 [WARN] DbFile:41 - Overriding database path with different value: /home/tecna-smart-lab/.stmcufinder/plugins/mcufinder/ => /home/tecna-smart-lab/.stmcufinder/plugins/mcufinder
2026-02-23 10:25:08,064 [INFO] DbMcusAds:125 - Set database path to: /home/tecna-smart-lab/.stmcufinder/plugins/mcufinder//mcu/
2026-02-23 10:25:08,064 [WARN] DbFile:41 - Overriding database path with different value: /home/tecna-smart-lab/.stmcufinder/plugins/mcufinder/ => /home/tecna-smart-lab/.stmcufinder/plugins/mcufinder
2026-02-23 10:25:08,065 [WARN] DbFile:41 - Overriding database path with different value: /home/tecna-smart-lab/.stmcufinder/plugins/mcufinder/ => /home/tecna-smart-lab/.stmcufinder/plugins/mcufinder
2026-02-23 10:25:08,065 [INFO] CrossReferenceDbSqlite:203 - Set database path to: /home/tecna-smart-lab/.stmcufinder/plugins/mcufinder//mcu/cs/
2026-02-23 10:25:08,268 [INFO] MainPanel:274 - HeapMemory: 268435456
2026-02-23 10:25:08,579 [INFO] DbMcusXml:78 - Set database path to: /opt/st/stm32cubeide_1.18.1/../../../home/tecna-smart-lab/.eclipse/com.st.stm32cube.ide.mcu.rcp.product_1.18.1_139067097_linux_gtk_x86_64/plugins/com.st.stm32cube.common.mx_6.15.0.202507011659//db//mcu/
2026-02-23 10:25:08,580 [INFO] ApiDb:274 - Set plugin database path to: /opt/st/stm32cubeide_1.18.1/../../../home/tecna-smart-lab/.eclipse/com.st.stm32cube.ide.mcu.rcp.product_1.18.1_139067097_linux_gtk_x86_64/plugins/com.st.stm32cube.common.mx_6.15.0.202507011659//db//plugins/boardmanager/
2026-02-23 10:25:08,581 [INFO] ApiDb:261 - Set plugin images path to: /opt/st/stm32cubeide_1.18.1/../../../home/tecna-smart-lab/.eclipse/com.st.stm32cube.ide.mcu.rcp.product_1.18.1_139067097_linux_gtk_x86_64/plugins/com.st.stm32cube.common.mx_6.15.0.202507011659//db//plugins/mcufinder/images/
2026-02-23 10:25:08,583 [WARN] DbFile:41 - Overriding database path with different value: /home/tecna-smart-lab/.stmcufinder/plugins/mcufinder/ => /home/tecna-smart-lab/.stmcufinder/plugins/mcufinder
2026-02-23 10:25:08,584 [INFO] ApiDb:250 - Set database path to: /home/tecna-smart-lab/.stmcufinder/plugins/mcufinder//mcu/
2026-02-23 10:25:08,584 [WARN] DbFile:41 - Overriding database path with different value: /home/tecna-smart-lab/.stmcufinder/plugins/mcufinder/ => /home/tecna-smart-lab/.stmcufinder/plugins/mcufinder
2026-02-23 10:25:08,585 [INFO] DbMcusAds:125 - Set database path to: /home/tecna-smart-lab/.stmcufinder/plugins/mcufinder//mcu/
2026-02-23 10:25:08,585 [WARN] DbFile:41 - Overriding database path with different value: /home/tecna-smart-lab/.stmcufinder/plugins/mcufinder/ => /home/tecna-smart-lab/.stmcufinder/plugins/mcufinder
2026-02-23 10:25:08,585 [WARN] DbFile:41 - Overriding database path with different value: /home/tecna-smart-lab/.stmcufinder/plugins/mcufinder/ => /home/tecna-smart-lab/.stmcufinder/plugins/mcufinder
2026-02-23 10:25:08,586 [INFO] CrossReferenceDbSqlite:203 - Set database path to: /home/tecna-smart-lab/.stmcufinder/plugins/mcufinder//mcu/cs/
2026-02-23 10:25:08,625 [INFO] ApplicationProperties:184 - Using Application install path: /opt/st/stm32cubeide_1.18.1/../../../home/tecna-smart-lab/.eclipse/com.st.stm32cube.ide.mcu.rcp.product_1.18.1_139067097_linux_gtk_x86_64/plugins/com.st.stm32cube.common.mx_6.15.0.202507011659
2026-02-23 10:25:08,628 [INFO] PluginManage:196 - Search for loadable plugins [exclusion list=, ]
2026-02-23 10:25:08,630 [INFO] PluginManage:310 - Check plugin analytics
2026-02-23 10:25:09,132 [INFO] AnalyticsPlugin:253 - Accepted Software Licenses: STM32CubeMX.6.15.0
2026-02-23 10:25:09,132 [INFO] AnalyticsPlugin:255 - Accepted CMSIS Pack Licenses: STMicroelectronics.X-CUBE-FREERTOS.1.3.0,STMicroelectronics.X-CUBE-GNSS1.7.0.1,STMicroelectronics.X-CUBE-AZRTOS-H7.3.3.0,portGmbH.I-Cube-SoM-uGOAL.1.1.0,STMicroelectronics.X-CUBE-AZRTOS-G4.2.0.0,STMicroelectronics.X-CUBE-FREERTOS.1.3.1,STMicroelectronics.X-CUBE-NFC6.3.1.0,STMicroelectronics.X-CUBE-NFC4.3.0.0,STMicroelectronics.X-CUBE-NFC7.2.0.0,STMicroelectronics.X-CUBE-NFC9.1.0.0,STMicroelectronics.X-CUBE-NFC12.1.0.0,STMicroelectronics.X-CUBE-NFC10.1.0.0,RealThread.X-CUBE-RT-Thread_Nano.4.1.1,STMicroelectronics.X-CUBE-AZRTOS-F4.1.1.0,STMicroelectronics.X-CUBE-DISPLAY.3.0.0,Infineon.AIROC-Wi-Fi-Bluetooth-STM32.1.7.0,Cesanta.I-CUBE-Mongoose.7.13.0,STMicroelectronics.X-CUBE-AZRTOS-WB.2.0.0,STMicroelectronics.X-CUBE-EEPRMA1.5.2.0
2026-02-23 10:25:09,133 [INFO] AnalyticsPlugin:257 - Accepted Firmware Licenses: FW.U5.1.7.0,FW.G0.1.6.0,FW.H7.1.12.0,FW.C0.1.4.0,FW.F4.1.28.0,FW.G4.1.6.0,FW.U5.1.8.0,FW.WL.1.3.0,FW.H5.1.5.0
2026-02-23 10:25:09,146 [INFO] PluginManage:359 - Loaded plugin analytics (category:tool,tabindex:-1)
2026-02-23 10:25:09,146 [INFO] PluginManage:310 - Check plugin cadmodel
2026-02-23 10:25:09,158 [INFO] CADModel:105 - Init CAD model plugin
2026-02-23 10:25:09,158 [INFO] PluginManage:359 - Loaded plugin cadmodel (category:power,tabindex:5)
2026-02-23 10:25:09,159 [INFO] PluginManage:310 - Check plugin clock
2026-02-23 10:25:09,185 [INFO] PluginManage:359 - Loaded plugin clock (category:base,tabindex:2)
2026-02-23 10:25:09,186 [INFO] PluginManage:310 - Check plugin ddr
2026-02-23 10:25:09,190 [INFO] PluginManage:359 - Loaded plugin ddr (category:tool,tabindex:6)
2026-02-23 10:25:09,190 [INFO] PluginManage:310 - Check plugin filemanager
2026-02-23 10:25:09,569 [INFO] PluginManage:359 - Loaded plugin filemanager (category:base,tabindex:10)
2026-02-23 10:25:09,570 [INFO] PluginManage:310 - Check plugin ipmanager
2026-02-23 10:25:09,593 [INFO] PluginManage:359 - Loaded plugin ipmanager (category:base,tabindex:5)
2026-02-23 10:25:09,594 [INFO] PluginManage:310 - Check plugin lpbam
2026-02-23 10:25:09,623 [INFO] PluginManage:359 - Loaded plugin lpbam (category:base,tabindex:0)
2026-02-23 10:25:09,624 [INFO] PluginManage:310 - Check plugin memorymap
2026-02-23 10:25:09,673 [INFO] PluginManage:359 - Loaded plugin memorymap (category:base,tabindex:4)
2026-02-23 10:25:09,674 [INFO] PluginManage:310 - Check plugin pinoutandconfiguration
2026-02-23 10:25:09,709 [INFO] PluginManage:359 - Loaded plugin pinoutandconfiguration (category:base,tabindex:1)
2026-02-23 10:25:09,709 [INFO] PluginManage:310 - Check plugin pinoutconfig
2026-02-23 10:25:10,075 [WARN] SupportedApi:132 - Cannot load RTOS API schema: s4s-elt-must-match.1: The content of 'definitions' must match (annotation?, (simpleType | complexType)?, (unique | key | keyref)*)). A problem was found starting at: attribute.
2026-02-23 10:25:10,579 [INFO] PluginManage:359 - Loaded plugin pinoutconfig (category:base,tabindex:0)
2026-02-23 10:25:10,580 [INFO] PluginManage:310 - Check plugin power
2026-02-23 10:25:10,611 [INFO] PluginManage:359 - Loaded plugin power (category:power,tabindex:4)
2026-02-23 10:25:10,611 [INFO] PluginManage:310 - Check plugin projectmanager
2026-02-23 10:25:10,658 [INFO] PluginManage:359 - Loaded plugin projectmanager (category:projectmanager,tabindex:4)
2026-02-23 10:25:10,659 [INFO] PluginManage:310 - Check plugin rif
2026-02-23 10:25:10,695 [INFO] PluginManage:359 - Loaded plugin rif (category:base,tabindex:3)
2026-02-23 10:25:10,695 [INFO] PluginManage:310 - Check plugin thirdparty
2026-02-23 10:25:11,085 [INFO] PluginManage:359 - Loaded plugin thirdparty (category:base,tabindex:-1)
2026-02-23 10:25:11,085 [INFO] PluginManage:310 - Check plugin tools
2026-02-23 10:25:11,086 [WARN] IntegrityCheckThread:84 - waiting for thirdparty lock release [integrity check]
2026-02-23 10:25:11,087 [INFO] IntegrityCheckThread:86 - entering critical section [integrity check]
2026-02-23 10:25:11,088 [INFO] ThirdPartyUpdaterWithRetryManager:70 - Updater plugin not ready yet. [1/15]
2026-02-23 10:25:11,091 [INFO] PluginManage:359 - Loaded plugin tools (category:base,tabindex:7)
2026-02-23 10:25:11,092 [INFO] PluginManage:310 - Check plugin tutovideos
2026-02-23 10:25:11,525 [INFO] PluginManage:359 - Loaded plugin tutovideos (category:base,tabindex:-1)
2026-02-23 10:25:11,525 [INFO] PluginManage:310 - Check plugin updater
2026-02-23 10:25:11,571 [INFO] PluginManage:359 - Loaded plugin updater (category:base,tabindex:12)
2026-02-23 10:25:11,572 [INFO] PluginManage:310 - Check plugin userauth
2026-02-23 10:25:11,585 [INFO] UserAuth:118 - Init User Auth plugin
2026-02-23 10:25:11,587 [INFO] PluginManage:359 - Loaded plugin userauth (category:base,tabindex:14)
2026-02-23 10:25:11,588 [INFO] PluginManage:283 - PluginManage : Loaded plugins [18]
2026-02-23 10:25:12,065 [INFO] PinOutPanel:1589 - setPackage(No Configuration,No Configuration)
2026-02-23 10:25:12,208 [INFO] CADModel:165 - CPN selected for project level
2026-02-23 10:25:12,209 [INFO] CADModel:114 - Register for checkConnection events
2026-02-23 10:25:12,242 [INFO] IPUIPlugin:80 - create IPUIPlugin
2026-02-23 10:25:12,242 [INFO] PluginManager:220 - loadIPPluginJar : add spi
2026-02-23 10:25:12,251 [INFO] IPUIPlugin:80 - create IPUIPlugin
2026-02-23 10:25:12,252 [INFO] PluginManager:220 - loadIPPluginJar : add ddr_ctrl_phy
2026-02-23 10:25:12,256 [INFO] IPUIPlugin:80 - create IPUIPlugin
2026-02-23 10:25:12,256 [INFO] PluginManager:220 - loadIPPluginJar : add fatfs
2026-02-23 10:25:12,261 [INFO] IPUIPlugin:80 - create IPUIPlugin
2026-02-23 10:25:12,262 [INFO] PluginManager:220 - loadIPPluginJar : add dma3
2026-02-23 10:25:12,272 [INFO] IPUIPlugin:80 - create IPUIPlugin
2026-02-23 10:25:12,272 [INFO] PluginManager:220 - loadIPPluginJar : add touchsensing
2026-02-23 10:25:12,276 [INFO] IPUIPlugin:80 - create IPUIPlugin
2026-02-23 10:25:12,276 [INFO] PluginManager:220 - loadIPPluginJar : add usart
2026-02-23 10:25:12,279 [INFO] IPUIPlugin:80 - create IPUIPlugin
2026-02-23 10:25:12,279 [INFO] PluginManager:220 - loadIPPluginJar : add cryp
2026-02-23 10:25:12,285 [INFO] IPUIPlugin:80 - create IPUIPlugin
2026-02-23 10:25:12,286 [INFO] PluginManager:220 - loadIPPluginJar : add i2s
2026-02-23 10:25:12,288 [INFO] IPUIPlugin:80 - create IPUIPlugin
2026-02-23 10:25:12,288 [INFO] PluginManager:220 - loadIPPluginJar : add ltdc
2026-02-23 10:25:12,291 [INFO] IPUIPlugin:80 - create IPUIPlugin
2026-02-23 10:25:12,291 [INFO] PluginManager:220 - loadIPPluginJar : add gfxmmu
2026-02-23 10:25:12,294 [INFO] IPUIPlugin:80 - create IPUIPlugin
2026-02-23 10:25:12,294 [INFO] PluginManager:220 - loadIPPluginJar : add dfsdm
2026-02-23 10:25:12,306 [INFO] IPUIPlugin:80 - create IPUIPlugin
2026-02-23 10:25:12,309 [INFO] PluginManager:220 - loadIPPluginJar : add plateformsettings
2026-02-23 10:25:12,313 [INFO] IPUIPlugin:80 - create IPUIPlugin
2026-02-23 10:25:12,313 [INFO] PluginManager:220 - loadIPPluginJar : add pdm2pcm
2026-02-23 10:25:12,325 [INFO] IPUIPlugin:80 - create IPUIPlugin
2026-02-23 10:25:12,326 [INFO] PluginManager:220 - loadIPPluginJar : add freertos
2026-02-23 10:25:12,328 [INFO] IPUIPlugin:80 - create IPUIPlugin
2026-02-23 10:25:12,328 [INFO] PluginManager:220 - loadIPPluginJar : add tim
2026-02-23 10:25:12,333 [INFO] IPUIPlugin:80 - create IPUIPlugin
2026-02-23 10:25:12,334 [INFO] PluginManager:220 - loadIPPluginJar : add ts
2026-02-23 10:25:12,338 [INFO] IPUIPlugin:80 - create IPUIPlugin
2026-02-23 10:25:12,338 [INFO] PluginManager:220 - loadIPPluginJar : add quadspi
2026-02-23 10:25:12,342 [INFO] IPUIPlugin:80 - create IPUIPlugin
2026-02-23 10:25:12,342 [INFO] PluginManager:220 - loadIPPluginJar : add comp
2026-02-23 10:25:12,354 [INFO] IPUIPlugin:80 - create IPUIPlugin
2026-02-23 10:25:12,355 [INFO] PluginManager:220 - loadIPPluginJar : add resmgrutility
2026-02-23 10:25:12,369 [INFO] IPUIPlugin:80 - create IPUIPlugin
2026-02-23 10:25:12,370 [INFO] PluginManager:220 - loadIPPluginJar : add mdma
2026-02-23 10:25:12,378 [INFO] IPUIPlugin:80 - create IPUIPlugin
2026-02-23 10:25:12,379 [INFO] PluginManager:220 - loadIPPluginJar : add gpio
2026-02-23 10:25:12,383 [INFO] IPUIPlugin:80 - create IPUIPlugin
2026-02-23 10:25:12,384 [INFO] PluginManager:220 - loadIPPluginJar : add tsc
2026-02-23 10:25:12,389 [INFO] IPUIPlugin:80 - create IPUIPlugin
2026-02-23 10:25:12,389 [INFO] PluginManager:220 - loadIPPluginJar : add extmemmanager
2026-02-23 10:25:12,394 [INFO] IPUIPlugin:80 - create IPUIPlugin
2026-02-23 10:25:12,394 [INFO] PluginManager:220 - loadIPPluginJar : add sai
2026-02-23 10:25:12,397 [INFO] IPUIPlugin:80 - create IPUIPlugin
2026-02-23 10:25:12,398 [INFO] PluginManager:220 - loadIPPluginJar : add i2c
2026-02-23 10:25:12,402 [INFO] IPUIPlugin:80 - create IPUIPlugin
2026-02-23 10:25:12,402 [INFO] PluginManager:220 - loadIPPluginJar : add ucpd
2026-02-23 10:25:12,405 [INFO] IPUIPlugin:80 - create IPUIPlugin
2026-02-23 10:25:12,406 [INFO] PluginManager:220 - loadIPPluginJar : add aes
2026-02-23 10:25:12,409 [INFO] IPUIPlugin:80 - create IPUIPlugin
2026-02-23 10:25:12,409 [INFO] PluginManager:220 - loadIPPluginJar : add tracer_emb
2026-02-23 10:25:12,413 [INFO] IPUIPlugin:80 - create IPUIPlugin
2026-02-23 10:25:12,413 [INFO] PluginManager:220 - loadIPPluginJar : add usbx
2026-02-23 10:25:12,419 [INFO] IPUIPlugin:80 - create IPUIPlugin
2026-02-23 10:25:12,419 [INFO] PluginManager:220 - loadIPPluginJar : add lorawan
2026-02-23 10:25:12,429 [INFO] IPUIPlugin:80 - create IPUIPlugin
2026-02-23 10:25:12,430 [INFO] PluginManager:220 - loadIPPluginJar : add linkedlist
2026-02-23 10:25:12,437 [INFO] IPUIPlugin:80 - create IPUIPlugin
2026-02-23 10:25:12,437 [INFO] PluginManager:220 - loadIPPluginJar : add fmc
2026-02-23 10:25:12,440 [INFO] IPUIPlugin:80 - create IPUIPlugin
2026-02-23 10:25:12,441 [INFO] PluginManager:220 - loadIPPluginJar : add opamp
2026-02-23 10:25:12,443 [INFO] IPUIPlugin:80 - create IPUIPlugin
2026-02-23 10:25:12,443 [INFO] PluginManager:220 - loadIPPluginJar : add genericplugin
2026-02-23 10:25:12,449 [INFO] IPUIPlugin:80 - create IPUIPlugin
2026-02-23 10:25:12,449 [INFO] PluginManager:220 - loadIPPluginJar : add nvic
2026-02-23 10:25:12,454 [INFO] IPUIPlugin:80 - create IPUIPlugin
2026-02-23 10:25:12,455 [INFO] PluginManager:220 - loadIPPluginJar : add ipddr
2026-02-23 10:25:12,458 [INFO] IPUIPlugin:80 - create IPUIPlugin
2026-02-23 10:25:12,458 [INFO] PluginManager:220 - loadIPPluginJar : add i3c
2026-02-23 10:25:12,461 [INFO] IPUIPlugin:80 - create IPUIPlugin
2026-02-23 10:25:12,462 [INFO] PluginManager:220 - loadIPPluginJar : add hash
2026-02-23 10:25:12,467 [INFO] IPUIPlugin:80 - create IPUIPlugin
2026-02-23 10:25:12,467 [INFO] PluginManager:220 - loadIPPluginJar : add gtzc
2026-02-23 10:25:12,469 [INFO] IPUIPlugin:80 - create IPUIPlugin
2026-02-23 10:25:12,470 [INFO] PluginManager:220 - loadIPPluginJar : add radio
2026-02-23 10:25:12,476 [INFO] IPUIPlugin:80 - create IPUIPlugin
2026-02-23 10:25:12,477 [INFO] PluginManager:220 - loadIPPluginJar : add gic
2026-02-23 10:25:12,486 [INFO] IPUIPlugin:80 - create IPUIPlugin
2026-02-23 10:25:12,486 [INFO] PluginManager:220 - loadIPPluginJar : add dma
2026-02-23 10:25:12,490 [INFO] IPUIPlugin:80 - create IPUIPlugin
2026-02-23 10:25:12,490 [INFO] PluginManager:220 - loadIPPluginJar : add can
2026-02-23 10:25:12,493 [INFO] IPUIPlugin:80 - create IPUIPlugin
2026-02-23 10:25:12,494 [INFO] PluginManager:220 - loadIPPluginJar : add openamp
2026-02-23 10:25:12,506 [INFO] IPUIPlugin:80 - create IPUIPlugin
2026-02-23 10:25:12,507 [INFO] PluginManager:220 - loadIPPluginJar : add stm32_wpan
2026-02-23 10:25:12,520 [INFO] IPUIPlugin:80 - create IPUIPlugin
2026-02-23 10:25:12,520 [INFO] PluginManager:220 - loadIPPluginJar : add adc
2026-02-23 10:25:12,686 [FATAL] Updater:351 - Updater called before beeing initialized
2026-02-23 10:25:12,765 [ERROR] LogOutputStream:75 - [STDERR_REDIRECT] Feb 23, 2026 10:25:12 AM org.eclipse.lsp4j.jsonrpc.services.GenericEndpoint notify
2026-02-23 10:25:12,771 [ERROR] LogOutputStream:75 - [STDERR_REDIRECT] WARNING: Unsupported notification method: statusNotification
2026-02-23 10:25:12,772 [ERROR] LogOutputStream:75 - [STDERR_REDIRECT] 
2026-02-23 10:25:12,776 [ERROR] LogOutputStream:75 - [STDERR_REDIRECT] Feb 23, 2026 10:25:12 AM org.eclipse.lsp4j.jsonrpc.services.GenericEndpoint notify
2026-02-23 10:25:12,779 [ERROR] LogOutputStream:75 - [STDERR_REDIRECT] WARNING: Unsupported notification method: didChangeStatus
2026-02-23 10:25:12,783 [ERROR] LogOutputStream:75 - [STDERR_REDIRECT] 
2026-02-23 10:25:12,852 [ERROR] LogOutputStream:75 - [STDERR_REDIRECT] Feb 23, 2026 10:25:12 AM org.eclipse.lsp4j.jsonrpc.services.GenericEndpoint notify
2026-02-23 10:25:12,853 [ERROR] LogOutputStream:75 - [STDERR_REDIRECT] WARNING: Unsupported notification method: conversation/preconditionsNotification
2026-02-23 10:25:12,854 [ERROR] LogOutputStream:75 - [STDERR_REDIRECT] 
2026-02-23 10:25:12,904 [INFO] RulesReader:64 - Compatibility file has been processed (317 Rules)
2026-02-23 10:25:12,961 [INFO] RulesReader:64 - Compatibility file has been processed (317 Rules)
2026-02-23 10:25:13,001 [INFO] CADModel:165 - CPN selected for project level
2026-02-23 10:25:13,001 [INFO] CADModel:114 - Register for checkConnection events
2026-02-23 10:25:13,002 [FATAL] Updater:351 - Updater called before beeing initialized
2026-02-23 10:25:13,003 [ERROR] CADModel:125 - Updater not yet initialized, retry later 
2026-02-23 10:25:13,338 [FATAL] Updater:351 - Updater called before beeing initialized
2026-02-23 10:25:13,342 [INFO] CADModel:165 - CPN selected for project level
2026-02-23 10:25:13,342 [INFO] CADModel:114 - Register for checkConnection events
2026-02-23 10:25:13,342 [FATAL] Updater:351 - Updater called before beeing initialized
2026-02-23 10:25:13,342 [ERROR] CADModel:125 - Updater not yet initialized, retry later 
2026-02-23 10:25:13,348 [FATAL] Updater:351 - Updater called before beeing initialized
2026-02-23 10:25:13,561 [FATAL] Updater:351 - Updater called before beeing initialized
2026-02-23 10:25:13,572 [INFO] DbMcusAds:53 - JSON generation date=Thu Jan 08 10:57:51 PET 2026 (1767887871456)
2026-02-23 10:25:13,573 [FATAL] Updater:351 - Updater called before beeing initialized
2026-02-23 10:25:13,667 [WARN] DetailPanel:346 - Failed to get advertising image, set to default
2026-02-23 10:25:13,930 [FATAL] Updater:351 - Updater called before beeing initialized
2026-02-23 10:25:13,936 [FATAL] Updater:351 - Updater called before beeing initialized
2026-02-23 10:25:13,937 [FATAL] Updater:351 - Updater called before beeing initialized
2026-02-23 10:25:13,938 [WARN] DetailPanel:346 - Failed to get advertising image, set to default
2026-02-23 10:25:13,941 [FATAL] Updater:351 - Updater called before beeing initialized
2026-02-23 10:25:14,038 [ERROR] Updater:1198 - MainUpdater not yet initialized. External WinMGr cannot be set.
2026-02-23 10:25:14,041 [INFO] Updater:1134 - Updater Version found : 6.15.0
2026-02-23 10:25:14,089 [INFO] ThirdPartyUpdaterWithRetryManager:70 - Updater plugin not ready yet. [2/15]
2026-02-23 10:25:14,090 [INFO] ApplicationProperties:184 - Using Application install path: /opt/st/stm32cubeide_1.18.1/../../../home/tecna-smart-lab/.eclipse/com.st.stm32cube.ide.mcu.rcp.product_1.18.1_139067097_linux_gtk_x86_64/plugins/com.st.stm32cube.common.mx_6.15.0.202507011659
2026-02-23 10:25:15,484 [INFO] MainUpdater:2872 - connection check result : 10
2026-02-23 10:25:15,486 [INFO] MainUpdater:289 - Updater Check For Update Now.
2026-02-23 10:25:15,486 [INFO] MicroXplorer:498 - Change Database Version : DB.6.0.150
2026-02-23 10:25:15,499 [INFO] McuFinderGlobals:63 - Set McuFinder mode to 2 (CubeIDE integrated)
2026-02-23 10:25:15,503 [INFO] UserAuth:487 - Internet connection configuration mode: 1
2026-02-23 10:25:15,554 [INFO] JxBrowserEngine:152 - Initiate JxBrowser Engine with user profile folder
2026-02-23 10:25:15,868 [INFO] CheckServerUpdateThread:120 - End of CheckServer Thread
2026-02-23 10:25:17,578 [WARN] PackLoader:240 - Cannot read IP mode file for STMicroelectronics.FP-SNS-MOTENVWB1.1.4.0
2026-02-23 10:25:17,632 [WARN] PackLoader:240 - Cannot read IP mode file for STMicroelectronics.FP-ATR-ASTRA1.2.0.2
2026-02-23 10:25:17,693 [WARN] PackLoader:240 - Cannot read IP mode file for STMicroelectronics.X-CUBE-SMBUS.2.1.0
2026-02-23 10:25:17,715 [WARN] PackLoader:240 - Cannot read IP mode file for STMicroelectronics.X-CUBE-ST60.1.0.0
2026-02-23 10:25:17,844 [WARN] PackLoader:240 - Cannot read IP mode file for STMicroelectronics.X-CUBE-AZRTOS-F7.1.1.0
2026-02-23 10:25:17,879 [WARN] PackLoader:240 - Cannot read IP mode file for STMicroelectronics.FP-SNS-MOTENV1.5.1.0
2026-02-23 10:25:17,965 [INFO] WebApp:169 - Instantiating new browser for Auth
2026-02-23 10:25:17,991 [WARN] PackLoader:240 - Cannot read IP mode file for Infineon.AIROC-Wi-Fi-Bluetooth-STM32.1.7.0
2026-02-23 10:25:18,475 [WARN] PackLoader:240 - Cannot read IP mode file for STMicroelectronics.X-CUBE-AZRTOS-H7.3.4.0
2026-02-23 10:25:18,507 [WARN] PackLoader:240 - Cannot read IP mode file for STMicroelectronics.X-CUBE-DISPLAY.3.0.0
2026-02-23 10:25:18,602 [WARN] PackLoader:240 - Cannot read IP mode file for STMicroelectronics.FP-SNS-MOTENVWB1.1.5.0
2026-02-23 10:25:18,623 [WARN] PackLoader:240 - Cannot read IP mode file for STMicroelectronics.X-CUBE-NFC10.1.0.0
2026-02-23 10:25:18,740 [WARN] PackLoader:240 - Cannot read IP mode file for STMicroelectronics.X-CUBE-BLEMGR.4.0.0
2026-02-23 10:25:18,779 [WARN] PackLoader:240 - Cannot read IP mode file for STMicroelectronics.X-CUBE-ST60.1.1.0
2026-02-23 10:25:18,794 [WARN] PackLoader:240 - Cannot read IP mode file for emotas.I-CUBE-CANOPEN.1.3.0
2026-02-23 10:25:18,806 [WARN] PackLoader:240 - Cannot read IP mode file for STMicroelectronics.X-CUBE-GNSS1.7.1.0
2026-02-23 10:25:18,814 [WARN] ConditionMgr:438 - getConditionDescription Invalid condition id : Cortex-A Device cause : null
2026-02-23 10:25:18,826 [WARN] ConditionMgr:1044 - genDependencies : Invalid condition id : Cortex-A Device cause : null
2026-02-23 10:25:18,826 [WARN] ConditionMgr:1044 - genDependencies : Invalid condition id : Cortex-A Device cause : null
2026-02-23 10:25:18,826 [WARN] ConditionMgr:1044 - genDependencies : Invalid condition id : Cortex-A Device cause : null
2026-02-23 10:25:18,837 [WARN] PackLoader:240 - Cannot read IP mode file for STMicroelectronics.X-CUBE-AI.10.0.0
2026-02-23 10:25:18,851 [WARN] PackLoader:240 - Cannot read IP mode file for STMicroelectronics.FP-SNS-STBOX1.2.1.0
2026-02-23 10:25:18,863 [WARN] PackLoader:240 - Cannot read IP mode file for STMicroelectronics.FP-SNS-SMARTAG2.1.2.0
2026-02-23 10:25:18,871 [WARN] PackLoader:240 - Cannot read IP mode file for STMicroelectronics.FP-SNS-FLIGHT1.5.1.0
2026-02-23 10:25:18,882 [INFO] LogOutputStream:77 - [STDOUT_REDIRECT] 1 : Invalid condition id : UX_CORESTACK_Condition cause : null
2026-02-23 10:25:18,884 [INFO] LogOutputStream:77 - [STDOUT_REDIRECT] 1 : Invalid condition id : UX_CORESTACK_Condition cause : null
2026-02-23 10:25:18,884 [INFO] LogOutputStream:77 - [STDOUT_REDIRECT] 1 : Invalid condition id : UX_CORESTACK_Condition cause : null
2026-02-23 10:25:18,884 [INFO] LogOutputStream:77 - [STDOUT_REDIRECT] 1 : Invalid condition id : UX_CORESTACK_Condition cause : null
2026-02-23 10:25:18,885 [INFO] LogOutputStream:77 - [STDOUT_REDIRECT] 1 : Invalid condition id : UX_CORESTACK_Condition cause : null
2026-02-23 10:25:18,890 [WARN] PackLoader:240 - Cannot read IP mode file for STMicroelectronics.X-CUBE-AZRTOS-WL.2.0.0
2026-02-23 10:25:18,897 [WARN] PackLoader:240 - Cannot read IP mode file for STMicroelectronics.FP-SNS-MOTENV1.5.0.0
2026-02-23 10:25:18,925 [WARN] PackLoader:240 - Cannot read IP mode file for STMicroelectronics.X-CUBE-AZRTOS-H7RS.1.2.0
2026-02-23 10:25:18,944 [WARN] PackLoader:240 - Cannot read IP mode file for WES.I-CUBE-Cesium.1.3.0
2026-02-23 10:25:18,957 [WARN] PackLoader:240 - Cannot read IP mode file for STMicroelectronics.X-CUBE-BLE2.3.3.0
2026-02-23 10:25:18,999 [WARN] PackLoader:240 - Cannot read IP mode file for STMicroelectronics.X-CUBE-NFC9.1.0.0
2026-02-23 10:25:19,104 [WARN] PackLoader:240 - Cannot read IP mode file for STMicroelectronics.X-CUBE-BLE1.7.1.0
2026-02-23 10:25:19,114 [WARN] PackLoader:240 - Cannot read IP mode file for wolfSSL.I-CUBE-wolfMQTT.1.19.2
2026-02-23 10:25:19,129 [WARN] PackLoader:240 - Cannot read IP mode file for STMicroelectronics.X-CUBE-FREERTOS.1.4.0
2026-02-23 10:25:19,146 [WARN] PackLoader:240 - Cannot read IP mode file for STMicroelectronics.X-CUBE-EEPRMA1.5.2.0
2026-02-23 10:25:19,237 [WARN] PackLoader:240 - Cannot read IP mode file for STMicroelectronics.X-CUBE-ST67W61.1.1.0
2026-02-23 10:25:19,254 [WARN] PackLoader:240 - Cannot read IP mode file for STMicroelectronics.X-CUBE-AI.10.1.0
2026-02-23 10:25:19,375 [WARN] PackLoader:240 - Cannot read IP mode file for STMicroelectronics.X-CUBE-MEMS1.12.0.0
2026-02-23 10:25:19,677 [WARN] PackLoader:240 - Cannot read IP mode file for STMicroelectronics.X-CUBE-MEMS1.11.2.0
2026-02-23 10:25:19,989 [WARN] PackLoader:240 - Cannot read IP mode file for STMicroelectronics.X-CUBE-AZRTOS-G0.1.1.0
2026-02-23 10:25:20,017 [WARN] PackLoader:240 - Cannot read IP mode file for STMicroelectronics.X-CUBE-SAFEA1.1.2.2
2026-02-23 10:25:20,036 [WARN] PackLoader:240 - Cannot read IP mode file for STMicroelectronics.X-CUBE-NFC4.3.0.0
2026-02-23 10:25:20,123 [WARN] PackLoader:240 - Cannot read IP mode file for EmbeddedOffice.I-CUBE-FS-RTOS.1.0.1
2026-02-23 10:25:20,138 [WARN] PackLoader:240 - Cannot read IP mode file for STMicroelectronics.X-CUBE-WB05N.2.0.0
2026-02-23 10:25:20,150 [WARN] PackLoader:240 - Cannot read IP mode file for wolfSSL.I-CUBE-wolfTPM.3.8.0
2026-02-23 10:25:20,163 [WARN] PackLoader:240 - Cannot read IP mode file for STMicroelectronics.X-CUBE-TCPP.4.2.0
2026-02-23 10:25:20,178 [WARN] PackLoader:240 - Cannot read IP mode file for RealThread.X-CUBE-RT-Thread_Nano.4.1.1
2026-02-23 10:25:20,264 [WARN] PackLoader:240 - Cannot read IP mode file for STMicroelectronics.FP-ATR-SIGFOX1.3.2.0
2026-02-23 10:25:20,280 [WARN] PackLoader:240 - Cannot read IP mode file for STMicroelectronics.X-CUBE-EEPRMA1.5.1.0
2026-02-23 10:25:20,299 [WARN] PackLoader:240 - Cannot read IP mode file for wolfSSL.I-CUBE-wolfSSL.5.7.6
2026-02-23 10:25:20,332 [WARN] PackLoader:240 - Cannot read IP mode file for ITTIA_DB.I-CUBE-ITTIADB.8.9.0
2026-02-23 10:25:20,347 [WARN] PackLoader:240 - Cannot read IP mode file for STMicroelectronics.X-CUBE-NFC6.3.2.0
2026-02-23 10:25:20,370 [WARN] PackLoader:240 - Cannot read IP mode file for STMicroelectronics.X-CUBE-ST67W61.1.0.0
2026-02-23 10:25:20,378 [WARN] PackLoader:240 - Cannot read IP mode file for STMicroelectronics.X-CUBE-AI.10.2.0
2026-02-23 10:25:20,441 [WARN] PackLoader:240 - Cannot read IP mode file for SEGGER.I-CUBE-embOS.1.3.1
2026-02-23 10:25:20,445 [INFO] WebApp:463 - Apply proxy settings
2026-02-23 10:25:20,446 [INFO] WebApp:548 - Chromium requires no authentication
2026-02-23 10:25:20,482 [INFO] WebApp:491 - Direct internet connection detected
2026-02-23 10:25:20,568 [INFO] WebApp:900 - Register for checkConnection events
2026-02-23 10:25:20,568 [INFO] WebApp:463 - Apply proxy settings
2026-02-23 10:25:20,569 [INFO] WebApp:548 - Chromium requires no authentication
2026-02-23 10:25:20,571 [INFO] WebApp:491 - Direct internet connection detected
2026-02-23 10:25:20,580 [WARN] PackLoader:240 - Cannot read IP mode file for STMicroelectronics.X-CUBE-ALGOBUILD.1.4.0
2026-02-23 10:25:20,732 [WARN] PackLoader:240 - Cannot read IP mode file for STMicroelectronics.X-CUBE-MEMS1.11.3.0
2026-02-23 10:25:21,024 [WARN] PackLoader:240 - Cannot read IP mode file for STMicroelectronics.X-CUBE-PM33A1.1.0.0
2026-02-23 10:25:21,026 [INFO] WebApp:225 - Starting web application
2026-02-23 10:25:21,026 [INFO] WebApp:593 - Web application path used /opt/st/stm32cubeide_1.18.1/../../../home/tecna-smart-lab/.eclipse/com.st.stm32cube.ide.mcu.rcp.product_1.18.1_139067097_linux_gtk_x86_64/plugins/com.st.stm32cube.common.mx_6.15.0.202507011659/db/plugins/mcufinder/reactClient1/index.html
2026-02-23 10:25:21,063 [WARN] PackLoader:240 - Cannot read IP mode file for STMicroelectronics.X-CUBE-AZRTOS-F4.1.1.0
2026-02-23 10:25:21,280 [WARN] PackLoader:240 - Cannot read IP mode file for Avnet-IotConnect.X-CUBE-IoTC-DA16k-PMOD.1.0.0
2026-02-23 10:25:21,286 [WARN] PackLoader:240 - Cannot read IP mode file for STMicroelectronics.X-CUBE-ISPU.2.1.0
2026-02-23 10:25:21,308 [WARN] PackLoader:240 - Cannot read IP mode file for STMicroelectronics.X-CUBE-IPS.3.2.0
2026-02-23 10:25:21,338 [WARN] PackLoader:240 - Cannot read IP mode file for STMicroelectronics.X-CUBE-NFC12.1.0.0
2026-02-23 10:25:21,383 [INFO] UserAuth:487 - Internet connection configuration mode: 1
2026-02-23 10:25:21,456 [WARN] PackLoader:240 - Cannot read IP mode file for STMicroelectronics.X-CUBE-AZRTOS-L5.2.0.0
2026-02-23 10:25:21,474 [WARN] PackLoader:240 - Cannot read IP mode file for STMicroelectronics.X-CUBE-NFC6.3.1.0
2026-02-23 10:25:21,529 [WARN] PackLoader:240 - Cannot read IP mode file for STMicroelectronics.X-CUBE-FREERTOS.1.3.1
2026-02-23 10:25:21,585 [WARN] PackLoader:240 - Cannot read IP mode file for STMicroelectronics.X-CUBE-FREERTOS.1.3.0
2026-02-23 10:25:21,637 [WARN] PackLoader:240 - Cannot read IP mode file for STMicroelectronics.X-CUBE-NFC7.1.0.1
2026-02-23 10:25:21,645 [WARN] PackLoader:240 - Cannot read IP mode file for STMicroelectronics.X-CUBE-TOUCHGFX.4.26.0
2026-02-23 10:25:21,654 [WARN] PackLoader:240 - Cannot read IP mode file for STMicroelectronics.FP-SNS-STAIOTCFT.1.0.0
2026-02-23 10:25:21,663 [WARN] PackLoader:240 - Cannot read IP mode file for STMicroelectronics.X-CUBE-DPower.1.3.0
2026-02-23 10:25:21,697 [WARN] ConditionMgr:438 - getConditionDescription Invalid condition id : LAN8742 Phy interface Condition cause : null
2026-02-23 10:25:21,698 [WARN] PackLoader:240 - Cannot read IP mode file for STMicroelectronics.X-CUBE-AZRTOS-L4.2.0.0
2026-02-23 10:25:21,701 [WARN] ConditionMgr:1044 - genDependencies : Invalid condition id : LAN8742 Phy interface Condition cause : null
2026-02-23 10:25:21,702 [WARN] ConditionMgr:1044 - genDependencies : Invalid condition id : LAN8742 Phy interface Condition cause : null
2026-02-23 10:25:21,703 [WARN] ConditionMgr:1044 - genDependencies : Invalid condition id : LAN8742 Phy interface Condition cause : null
2026-02-23 10:25:21,721 [WARN] PackLoader:240 - Cannot read IP mode file for STMicroelectronics.X-CUBE-SFXS2LP1.4.0.0
2026-02-23 10:25:21,736 [WARN] PackLoader:240 - Cannot read IP mode file for STMicroelectronics.X-CUBE-ST67W61.1.2.0
2026-02-23 10:25:21,774 [WARN] PackLoader:240 - Cannot read IP mode file for STMicroelectronics.X-CUBE-AZRTOS-H7.3.3.0
2026-02-23 10:25:21,962 [WARN] PackLoader:240 - Cannot read IP mode file for STMicroelectronics.X-CUBE-BLEMGR.4.1.0
2026-02-23 10:25:21,995 [WARN] ConditionMgr:438 - getConditionDescription Invalid condition id : UX DEVICE CLASS RTOS Condition cause : null
2026-02-23 10:25:21,996 [WARN] ConditionMgr:438 - getConditionDescription Invalid condition id : UX DEVICE CLASS RTOS Condition cause : null
2026-02-23 10:25:22,001 [WARN] PackLoader:240 - Cannot read IP mode file for STMicroelectronics.X-CUBE-AZRTOS-WB.2.0.0
2026-02-23 10:25:22,002 [WARN] ConditionMgr:1044 - genDependencies : Invalid condition id : UX DEVICE CLASS RTOS Condition cause : null
2026-02-23 10:25:22,002 [WARN] ConditionMgr:1044 - genDependencies : Invalid condition id : UX DEVICE CLASS RTOS Condition cause : null
2026-02-23 10:25:22,003 [WARN] ConditionMgr:1044 - genDependencies : Invalid condition id : UX DEVICE CLASS RTOS Condition cause : null
2026-02-23 10:25:22,004 [WARN] ConditionMgr:1044 - genDependencies : Invalid condition id : UX DEVICE CLASS RTOS Condition cause : null
2026-02-23 10:25:22,004 [WARN] ConditionMgr:1044 - genDependencies : Invalid condition id : UX DEVICE CLASS RTOS Condition cause : null
2026-02-23 10:25:22,011 [WARN] ConditionMgr:438 - getConditionDescription Invalid condition id : UX DEVICE CLASS RTOS Condition cause : null
2026-02-23 10:25:22,012 [WARN] ConditionMgr:438 - getConditionDescription Invalid condition id : UX DEVICE CLASS RTOS Condition cause : null
2026-02-23 10:25:22,197 [WARN] PackLoader:240 - Cannot read IP mode file for STMicroelectronics.X-CUBE-GNSS1.7.0.1
2026-02-23 10:25:22,248 [WARN] PackLoader:240 - Cannot read IP mode file for STMicroelectronics.X-CUBE-TOUCHGFX.4.25.0
2026-02-23 10:25:22,258 [WARN] PackLoader:240 - Cannot read IP mode file for STMicroelectronics.FP-SNS-STBOX1.2.0.0
2026-02-23 10:25:22,278 [WARN] PackLoader:240 - Cannot read IP mode file for STMicroelectronics.X-CUBE-STSE01.2.0.0
2026-02-23 10:25:22,328 [WARN] PackLoader:240 - Cannot read IP mode file for STMicroelectronics.X-CUBE-SUBG2.5.0.0
2026-02-23 10:25:22,376 [WARN] PackLoader:240 - Cannot read IP mode file for STMicroelectronics.X-CUBE-AZRTOS-H7RS.1.1.0
2026-02-23 10:25:22,398 [WARN] PackLoader:240 - Cannot read IP mode file for Cesanta.I-CUBE-Mongoose.7.13.0
2026-02-23 10:25:22,498 [WARN] PackLoader:240 - Cannot read IP mode file for STMicroelectronics.X-CUBE-AZRTOS-G4.2.0.0
2026-02-23 10:25:22,648 [WARN] PackLoader:240 - Cannot read IP mode file for wolfSSL.I-CUBE-wolfSSH.1.4.20
2026-02-23 10:25:22,657 [WARN] PackLoader:240 - Cannot read IP mode file for STMicroelectronics.X-CUBE-NFC7.2.0.0
2026-02-23 10:25:22,696 [WARN] PackLoader:240 - Cannot read IP mode file for STMicroelectronics.X-CUBE-IPS.3.1.0
2026-02-23 10:25:22,706 [WARN] PackLoader:240 - Cannot read IP mode file for STMicroelectronics.X-CUBE-ALS.1.0.2
2026-02-23 10:25:22,714 [WARN] PackLoader:240 - Cannot read IP mode file for STMicroelectronics.X-CUBE-STSE01.1.0.0
2026-02-23 10:25:22,726 [WARN] PackLoader:240 - Cannot read IP mode file for portGmbH.I-Cube-SoM-uGOAL.1.1.0
2026-02-23 10:25:22,782 [WARN] PackLoader:240 - Cannot read IP mode file for STMicroelectronics.X-CUBE-TOF1.3.4.3
2026-02-23 10:25:22,796 [INFO] ThirdParty:978 - Integrity check success = true
2026-02-23 10:25:22,796 [INFO] IntegrityCheckThread:100 - exiting critical section [integrity check]
2026-02-23 10:25:22,797 [INFO] IntegrityCheckThread:103 - End integrity checks thread
2026-02-23 10:25:27,551 [INFO] WebApp:191 - Connection restablished
