2026-02-11 22:44:16,835 [INFO] Activator:176 - 


2026-02-11 22:44:16,842 [INFO] Activator:177 - !SESSION log4j initialized
2026-02-11 22:44:26,203 [INFO] LogOutputStream:77 - [STDOUT_REDIRECT] 
2026-02-11 22:44:32,321 [INFO] ApplicationProperties:184 - Using Application install path: /opt/st/stm32cubeide_1.18.1/../../../home/tecna-smart-lab/.eclipse/com.st.stm32cube.ide.mcu.rcp.product_1.18.1_139067097_linux_gtk_x86_64/plugins/com.st.stm32cube.common.mx_6.15.0.202507011659
2026-02-11 22:44:32,360 [INFO] DbMcusXml:78 - Set database path to: /opt/st/stm32cubeide_1.18.1/../../../home/tecna-smart-lab/.eclipse/com.st.stm32cube.ide.mcu.rcp.product_1.18.1_139067097_linux_gtk_x86_64/plugins/com.st.stm32cube.common.mx_6.15.0.202507011659//db//mcu/
2026-02-11 22:44:32,361 [INFO] ApiDb:274 - Set plugin database path to: /opt/st/stm32cubeide_1.18.1/../../../home/tecna-smart-lab/.eclipse/com.st.stm32cube.ide.mcu.rcp.product_1.18.1_139067097_linux_gtk_x86_64/plugins/com.st.stm32cube.common.mx_6.15.0.202507011659//db//plugins/boardmanager/
2026-02-11 22:44:32,361 [WARN] ApiDb:259 - Overriding images path with different value:  => /opt/st/stm32cubeide_1.18.1/../../../home/tecna-smart-lab/.eclipse/com.st.stm32cube.ide.mcu.rcp.product_1.18.1_139067097_linux_gtk_x86_64/plugins/com.st.stm32cube.common.mx_6.15.0.202507011659//db//plugins/mcufinder/images/
2026-02-11 22:44:32,375 [INFO] ApiDb:250 - Set database path to: /home/tecna-smart-lab/.stmcufinder/plugins/mcufinder//mcu/
2026-02-11 22:44:32,378 [INFO] DbMcusAds:125 - Set database path to: /home/tecna-smart-lab/.stmcufinder/plugins/mcufinder//mcu/
2026-02-11 22:44:32,383 [INFO] CrossReferenceDbSqlite:203 - Set database path to: /home/tecna-smart-lab/.stmcufinder/plugins/mcufinder//mcu/cs/
2026-02-11 22:44:32,687 [INFO] RulesReader:64 - Compatibility file has been processed (317 Rules)
2026-02-11 22:44:32,942 [INFO] DbMcusXml:78 - Set database path to: /opt/st/stm32cubeide_1.18.1/../../../home/tecna-smart-lab/.eclipse/com.st.stm32cube.ide.mcu.rcp.product_1.18.1_139067097_linux_gtk_x86_64/plugins/com.st.stm32cube.common.mx_6.15.0.202507011659//db//mcu/
2026-02-11 22:44:32,942 [INFO] ApiDb:274 - Set plugin database path to: /opt/st/stm32cubeide_1.18.1/../../../home/tecna-smart-lab/.eclipse/com.st.stm32cube.ide.mcu.rcp.product_1.18.1_139067097_linux_gtk_x86_64/plugins/com.st.stm32cube.common.mx_6.15.0.202507011659//db//plugins/boardmanager/
2026-02-11 22:44:32,943 [INFO] ApiDb:261 - Set plugin images path to: /opt/st/stm32cubeide_1.18.1/../../../home/tecna-smart-lab/.eclipse/com.st.stm32cube.ide.mcu.rcp.product_1.18.1_139067097_linux_gtk_x86_64/plugins/com.st.stm32cube.common.mx_6.15.0.202507011659//db//plugins/mcufinder/images/
2026-02-11 22:44:32,943 [WARN] DbFile:41 - Overriding database path with different value: /home/tecna-smart-lab/.stmcufinder/plugins/mcufinder/ => /home/tecna-smart-lab/.stmcufinder/plugins/mcufinder
2026-02-11 22:44:32,943 [INFO] ApiDb:250 - Set database path to: /home/tecna-smart-lab/.stmcufinder/plugins/mcufinder//mcu/
2026-02-11 22:44:32,943 [WARN] DbFile:41 - Overriding database path with different value: /home/tecna-smart-lab/.stmcufinder/plugins/mcufinder/ => /home/tecna-smart-lab/.stmcufinder/plugins/mcufinder
2026-02-11 22:44:32,943 [INFO] DbMcusAds:125 - Set database path to: /home/tecna-smart-lab/.stmcufinder/plugins/mcufinder//mcu/
2026-02-11 22:44:32,943 [WARN] DbFile:41 - Overriding database path with different value: /home/tecna-smart-lab/.stmcufinder/plugins/mcufinder/ => /home/tecna-smart-lab/.stmcufinder/plugins/mcufinder
2026-02-11 22:44:32,943 [WARN] DbFile:41 - Overriding database path with different value: /home/tecna-smart-lab/.stmcufinder/plugins/mcufinder/ => /home/tecna-smart-lab/.stmcufinder/plugins/mcufinder
2026-02-11 22:44:32,944 [INFO] CrossReferenceDbSqlite:203 - Set database path to: /home/tecna-smart-lab/.stmcufinder/plugins/mcufinder//mcu/cs/
2026-02-11 22:44:33,062 [INFO] MainPanel:274 - HeapMemory: 268435456
2026-02-11 22:44:33,308 [INFO] DbMcusXml:78 - Set database path to: /opt/st/stm32cubeide_1.18.1/../../../home/tecna-smart-lab/.eclipse/com.st.stm32cube.ide.mcu.rcp.product_1.18.1_139067097_linux_gtk_x86_64/plugins/com.st.stm32cube.common.mx_6.15.0.202507011659//db//mcu/
2026-02-11 22:44:33,309 [INFO] ApiDb:274 - Set plugin database path to: /opt/st/stm32cubeide_1.18.1/../../../home/tecna-smart-lab/.eclipse/com.st.stm32cube.ide.mcu.rcp.product_1.18.1_139067097_linux_gtk_x86_64/plugins/com.st.stm32cube.common.mx_6.15.0.202507011659//db//plugins/boardmanager/
2026-02-11 22:44:33,309 [INFO] ApiDb:261 - Set plugin images path to: /opt/st/stm32cubeide_1.18.1/../../../home/tecna-smart-lab/.eclipse/com.st.stm32cube.ide.mcu.rcp.product_1.18.1_139067097_linux_gtk_x86_64/plugins/com.st.stm32cube.common.mx_6.15.0.202507011659//db//plugins/mcufinder/images/
2026-02-11 22:44:33,309 [WARN] DbFile:41 - Overriding database path with different value: /home/tecna-smart-lab/.stmcufinder/plugins/mcufinder/ => /home/tecna-smart-lab/.stmcufinder/plugins/mcufinder
2026-02-11 22:44:33,310 [INFO] ApiDb:250 - Set database path to: /home/tecna-smart-lab/.stmcufinder/plugins/mcufinder//mcu/
2026-02-11 22:44:33,310 [WARN] DbFile:41 - Overriding database path with different value: /home/tecna-smart-lab/.stmcufinder/plugins/mcufinder/ => /home/tecna-smart-lab/.stmcufinder/plugins/mcufinder
2026-02-11 22:44:33,310 [INFO] DbMcusAds:125 - Set database path to: /home/tecna-smart-lab/.stmcufinder/plugins/mcufinder//mcu/
2026-02-11 22:44:33,310 [WARN] DbFile:41 - Overriding database path with different value: /home/tecna-smart-lab/.stmcufinder/plugins/mcufinder/ => /home/tecna-smart-lab/.stmcufinder/plugins/mcufinder
2026-02-11 22:44:33,310 [WARN] DbFile:41 - Overriding database path with different value: /home/tecna-smart-lab/.stmcufinder/plugins/mcufinder/ => /home/tecna-smart-lab/.stmcufinder/plugins/mcufinder
2026-02-11 22:44:33,310 [INFO] CrossReferenceDbSqlite:203 - Set database path to: /home/tecna-smart-lab/.stmcufinder/plugins/mcufinder//mcu/cs/
2026-02-11 22:44:33,340 [INFO] ApplicationProperties:184 - Using Application install path: /opt/st/stm32cubeide_1.18.1/../../../home/tecna-smart-lab/.eclipse/com.st.stm32cube.ide.mcu.rcp.product_1.18.1_139067097_linux_gtk_x86_64/plugins/com.st.stm32cube.common.mx_6.15.0.202507011659
2026-02-11 22:44:33,344 [INFO] PluginManage:196 - Search for loadable plugins [exclusion list=, ]
2026-02-11 22:44:33,346 [INFO] PluginManage:310 - Check plugin analytics
2026-02-11 22:44:33,723 [INFO] AnalyticsPlugin:253 - Accepted Software Licenses: STM32CubeMX.6.15.0
2026-02-11 22:44:33,724 [INFO] AnalyticsPlugin:255 - Accepted CMSIS Pack Licenses: STMicroelectronics.X-CUBE-FREERTOS.1.3.0,STMicroelectronics.X-CUBE-GNSS1.7.0.1,STMicroelectronics.X-CUBE-AZRTOS-H7.3.3.0,portGmbH.I-Cube-SoM-uGOAL.1.1.0,STMicroelectronics.X-CUBE-AZRTOS-G4.2.0.0,STMicroelectronics.X-CUBE-FREERTOS.1.3.1,STMicroelectronics.X-CUBE-NFC6.3.1.0,STMicroelectronics.X-CUBE-NFC4.3.0.0,STMicroelectronics.X-CUBE-NFC7.2.0.0,STMicroelectronics.X-CUBE-NFC9.1.0.0,STMicroelectronics.X-CUBE-NFC12.1.0.0,STMicroelectronics.X-CUBE-NFC10.1.0.0,RealThread.X-CUBE-RT-Thread_Nano.4.1.1,STMicroelectronics.X-CUBE-AZRTOS-F4.1.1.0,STMicroelectronics.X-CUBE-DISPLAY.3.0.0,Infineon.AIROC-Wi-Fi-Bluetooth-STM32.1.7.0,Cesanta.I-CUBE-Mongoose.7.13.0,STMicroelectronics.X-CUBE-AZRTOS-WB.2.0.0,STMicroelectronics.X-CUBE-EEPRMA1.5.2.0
2026-02-11 22:44:33,724 [INFO] AnalyticsPlugin:257 - Accepted Firmware Licenses: FW.U5.1.7.0,FW.G0.1.6.0,FW.H7.1.12.0,FW.C0.1.4.0,FW.F4.1.28.0,FW.G4.1.6.0,FW.U5.1.8.0,FW.WL.1.3.0,FW.H5.1.5.0
2026-02-11 22:44:33,727 [INFO] PluginManage:359 - Loaded plugin analytics (category:tool,tabindex:-1)
2026-02-11 22:44:33,728 [INFO] PluginManage:310 - Check plugin cadmodel
2026-02-11 22:44:33,736 [INFO] CADModel:105 - Init CAD model plugin
2026-02-11 22:44:33,737 [INFO] PluginManage:359 - Loaded plugin cadmodel (category:power,tabindex:5)
2026-02-11 22:44:33,737 [INFO] PluginManage:310 - Check plugin clock
2026-02-11 22:44:33,752 [INFO] PluginManage:359 - Loaded plugin clock (category:base,tabindex:2)
2026-02-11 22:44:33,753 [INFO] PluginManage:310 - Check plugin ddr
2026-02-11 22:44:33,755 [INFO] PluginManage:359 - Loaded plugin ddr (category:tool,tabindex:6)
2026-02-11 22:44:33,756 [INFO] PluginManage:310 - Check plugin filemanager
2026-02-11 22:44:34,020 [ERROR] LogOutputStream:75 - [STDERR_REDIRECT] Feb 11, 2026 10:44:34 PM org.eclipse.lsp4j.jsonrpc.services.GenericEndpoint notify
2026-02-11 22:44:34,025 [ERROR] LogOutputStream:75 - [STDERR_REDIRECT] WARNING: Unsupported notification method: statusNotification
2026-02-11 22:44:34,026 [ERROR] LogOutputStream:75 - [STDERR_REDIRECT] 
2026-02-11 22:44:34,029 [ERROR] LogOutputStream:75 - [STDERR_REDIRECT] Feb 11, 2026 10:44:34 PM org.eclipse.lsp4j.jsonrpc.services.GenericEndpoint notify
2026-02-11 22:44:34,030 [ERROR] LogOutputStream:75 - [STDERR_REDIRECT] WARNING: Unsupported notification method: didChangeStatus
2026-02-11 22:44:34,031 [ERROR] LogOutputStream:75 - [STDERR_REDIRECT] 
2026-02-11 22:44:34,038 [INFO] PluginManage:359 - Loaded plugin filemanager (category:base,tabindex:10)
2026-02-11 22:44:34,038 [INFO] PluginManage:310 - Check plugin ipmanager
2026-02-11 22:44:34,058 [ERROR] LogOutputStream:75 - [STDERR_REDIRECT] Feb 11, 2026 10:44:34 PM org.eclipse.lsp4j.jsonrpc.services.GenericEndpoint notify
2026-02-11 22:44:34,060 [ERROR] LogOutputStream:75 - [STDERR_REDIRECT] WARNING: Unsupported notification method: conversation/preconditionsNotification
2026-02-11 22:44:34,067 [ERROR] LogOutputStream:75 - [STDERR_REDIRECT] 
2026-02-11 22:44:34,134 [INFO] PluginManage:359 - Loaded plugin ipmanager (category:base,tabindex:5)
2026-02-11 22:44:34,134 [INFO] PluginManage:310 - Check plugin lpbam
2026-02-11 22:44:34,181 [INFO] PluginManage:359 - Loaded plugin lpbam (category:base,tabindex:0)
2026-02-11 22:44:34,183 [INFO] PluginManage:310 - Check plugin memorymap
2026-02-11 22:44:34,223 [INFO] PluginManage:359 - Loaded plugin memorymap (category:base,tabindex:4)
2026-02-11 22:44:34,224 [INFO] PluginManage:310 - Check plugin pinoutandconfiguration
2026-02-11 22:44:34,249 [INFO] PluginManage:359 - Loaded plugin pinoutandconfiguration (category:base,tabindex:1)
2026-02-11 22:44:34,249 [INFO] PluginManage:310 - Check plugin pinoutconfig
2026-02-11 22:44:34,522 [WARN] SupportedApi:132 - Cannot load RTOS API schema: s4s-elt-must-match.1: The content of 'definitions' must match (annotation?, (simpleType | complexType)?, (unique | key | keyref)*)). A problem was found starting at: attribute.
2026-02-11 22:44:34,811 [INFO] PluginManage:359 - Loaded plugin pinoutconfig (category:base,tabindex:0)
2026-02-11 22:44:34,811 [INFO] PluginManage:310 - Check plugin power
2026-02-11 22:44:34,835 [INFO] PluginManage:359 - Loaded plugin power (category:power,tabindex:4)
2026-02-11 22:44:34,835 [INFO] PluginManage:310 - Check plugin projectmanager
2026-02-11 22:44:34,874 [INFO] PluginManage:359 - Loaded plugin projectmanager (category:projectmanager,tabindex:4)
2026-02-11 22:44:34,874 [INFO] PluginManage:310 - Check plugin rif
2026-02-11 22:44:34,893 [INFO] PluginManage:359 - Loaded plugin rif (category:base,tabindex:3)
2026-02-11 22:44:34,893 [INFO] PluginManage:310 - Check plugin thirdparty
2026-02-11 22:44:35,151 [WARN] IntegrityCheckThread:84 - waiting for thirdparty lock release [integrity check]
2026-02-11 22:44:35,152 [INFO] PluginManage:359 - Loaded plugin thirdparty (category:base,tabindex:-1)
2026-02-11 22:44:35,152 [INFO] PluginManage:310 - Check plugin tools
2026-02-11 22:44:35,152 [INFO] IntegrityCheckThread:86 - entering critical section [integrity check]
2026-02-11 22:44:35,153 [INFO] ThirdPartyUpdaterWithRetryManager:70 - Updater plugin not ready yet. [1/15]
2026-02-11 22:44:35,158 [INFO] PluginManage:359 - Loaded plugin tools (category:base,tabindex:7)
2026-02-11 22:44:35,159 [INFO] PluginManage:310 - Check plugin tutovideos
2026-02-11 22:44:35,920 [INFO] PluginManage:359 - Loaded plugin tutovideos (category:base,tabindex:-1)
2026-02-11 22:44:35,920 [INFO] PluginManage:310 - Check plugin updater
2026-02-11 22:44:35,974 [INFO] PluginManage:359 - Loaded plugin updater (category:base,tabindex:12)
2026-02-11 22:44:35,974 [INFO] PluginManage:310 - Check plugin userauth
2026-02-11 22:44:35,983 [INFO] UserAuth:118 - Init User Auth plugin
2026-02-11 22:44:35,986 [INFO] PluginManage:359 - Loaded plugin userauth (category:base,tabindex:14)
2026-02-11 22:44:35,987 [INFO] PluginManage:283 - PluginManage : Loaded plugins [18]
2026-02-11 22:44:36,511 [INFO] PinOutPanel:1589 - setPackage(No Configuration,No Configuration)
2026-02-11 22:44:36,693 [INFO] CADModel:165 - CPN selected for project level
2026-02-11 22:44:36,693 [INFO] CADModel:114 - Register for checkConnection events
2026-02-11 22:44:36,725 [INFO] IPUIPlugin:80 - create IPUIPlugin
2026-02-11 22:44:36,726 [INFO] PluginManager:220 - loadIPPluginJar : add spi
2026-02-11 22:44:36,734 [INFO] IPUIPlugin:80 - create IPUIPlugin
2026-02-11 22:44:36,734 [INFO] PluginManager:220 - loadIPPluginJar : add ddr_ctrl_phy
2026-02-11 22:44:36,738 [INFO] IPUIPlugin:80 - create IPUIPlugin
2026-02-11 22:44:36,738 [INFO] PluginManager:220 - loadIPPluginJar : add fatfs
2026-02-11 22:44:36,745 [INFO] IPUIPlugin:80 - create IPUIPlugin
2026-02-11 22:44:36,746 [INFO] PluginManager:220 - loadIPPluginJar : add dma3
2026-02-11 22:44:36,754 [INFO] IPUIPlugin:80 - create IPUIPlugin
2026-02-11 22:44:36,755 [INFO] PluginManager:220 - loadIPPluginJar : add touchsensing
2026-02-11 22:44:36,762 [INFO] IPUIPlugin:80 - create IPUIPlugin
2026-02-11 22:44:36,762 [INFO] PluginManager:220 - loadIPPluginJar : add usart
2026-02-11 22:44:36,768 [INFO] IPUIPlugin:80 - create IPUIPlugin
2026-02-11 22:44:36,769 [INFO] PluginManager:220 - loadIPPluginJar : add cryp
2026-02-11 22:44:36,775 [INFO] IPUIPlugin:80 - create IPUIPlugin
2026-02-11 22:44:36,775 [INFO] PluginManager:220 - loadIPPluginJar : add i2s
2026-02-11 22:44:36,779 [INFO] IPUIPlugin:80 - create IPUIPlugin
2026-02-11 22:44:36,779 [INFO] PluginManager:220 - loadIPPluginJar : add ltdc
2026-02-11 22:44:36,785 [INFO] IPUIPlugin:80 - create IPUIPlugin
2026-02-11 22:44:36,785 [INFO] PluginManager:220 - loadIPPluginJar : add gfxmmu
2026-02-11 22:44:36,791 [INFO] IPUIPlugin:80 - create IPUIPlugin
2026-02-11 22:44:36,792 [INFO] PluginManager:220 - loadIPPluginJar : add dfsdm
2026-02-11 22:44:36,808 [INFO] IPUIPlugin:80 - create IPUIPlugin
2026-02-11 22:44:36,816 [INFO] PluginManager:220 - loadIPPluginJar : add plateformsettings
2026-02-11 22:44:36,822 [INFO] IPUIPlugin:80 - create IPUIPlugin
2026-02-11 22:44:36,823 [INFO] PluginManager:220 - loadIPPluginJar : add pdm2pcm
2026-02-11 22:44:36,835 [INFO] IPUIPlugin:80 - create IPUIPlugin
2026-02-11 22:44:36,836 [INFO] PluginManager:220 - loadIPPluginJar : add freertos
2026-02-11 22:44:36,840 [INFO] IPUIPlugin:80 - create IPUIPlugin
2026-02-11 22:44:36,841 [INFO] PluginManager:220 - loadIPPluginJar : add tim
2026-02-11 22:44:36,846 [INFO] IPUIPlugin:80 - create IPUIPlugin
2026-02-11 22:44:36,846 [INFO] PluginManager:220 - loadIPPluginJar : add ts
2026-02-11 22:44:36,851 [INFO] IPUIPlugin:80 - create IPUIPlugin
2026-02-11 22:44:36,851 [INFO] PluginManager:220 - loadIPPluginJar : add quadspi
2026-02-11 22:44:36,854 [INFO] IPUIPlugin:80 - create IPUIPlugin
2026-02-11 22:44:36,855 [INFO] PluginManager:220 - loadIPPluginJar : add comp
2026-02-11 22:44:36,867 [INFO] IPUIPlugin:80 - create IPUIPlugin
2026-02-11 22:44:36,867 [INFO] PluginManager:220 - loadIPPluginJar : add resmgrutility
2026-02-11 22:44:36,884 [INFO] IPUIPlugin:80 - create IPUIPlugin
2026-02-11 22:44:36,885 [INFO] PluginManager:220 - loadIPPluginJar : add mdma
2026-02-11 22:44:36,896 [INFO] IPUIPlugin:80 - create IPUIPlugin
2026-02-11 22:44:36,896 [INFO] PluginManager:220 - loadIPPluginJar : add gpio
2026-02-11 22:44:36,900 [INFO] IPUIPlugin:80 - create IPUIPlugin
2026-02-11 22:44:36,901 [INFO] PluginManager:220 - loadIPPluginJar : add tsc
2026-02-11 22:44:36,908 [INFO] IPUIPlugin:80 - create IPUIPlugin
2026-02-11 22:44:36,908 [INFO] PluginManager:220 - loadIPPluginJar : add extmemmanager
2026-02-11 22:44:36,916 [INFO] IPUIPlugin:80 - create IPUIPlugin
2026-02-11 22:44:36,916 [INFO] PluginManager:220 - loadIPPluginJar : add sai
2026-02-11 22:44:36,922 [INFO] IPUIPlugin:80 - create IPUIPlugin
2026-02-11 22:44:36,922 [INFO] PluginManager:220 - loadIPPluginJar : add i2c
2026-02-11 22:44:36,926 [INFO] IPUIPlugin:80 - create IPUIPlugin
2026-02-11 22:44:36,926 [INFO] PluginManager:220 - loadIPPluginJar : add ucpd
2026-02-11 22:44:36,932 [INFO] IPUIPlugin:80 - create IPUIPlugin
2026-02-11 22:44:36,933 [INFO] PluginManager:220 - loadIPPluginJar : add aes
2026-02-11 22:44:36,937 [INFO] IPUIPlugin:80 - create IPUIPlugin
2026-02-11 22:44:36,938 [INFO] PluginManager:220 - loadIPPluginJar : add tracer_emb
2026-02-11 22:44:36,945 [INFO] IPUIPlugin:80 - create IPUIPlugin
2026-02-11 22:44:36,946 [INFO] PluginManager:220 - loadIPPluginJar : add usbx
2026-02-11 22:44:36,952 [INFO] IPUIPlugin:80 - create IPUIPlugin
2026-02-11 22:44:36,952 [INFO] PluginManager:220 - loadIPPluginJar : add lorawan
2026-02-11 22:44:36,969 [INFO] IPUIPlugin:80 - create IPUIPlugin
2026-02-11 22:44:36,969 [INFO] PluginManager:220 - loadIPPluginJar : add linkedlist
2026-02-11 22:44:36,980 [INFO] IPUIPlugin:80 - create IPUIPlugin
2026-02-11 22:44:36,980 [INFO] PluginManager:220 - loadIPPluginJar : add fmc
2026-02-11 22:44:36,987 [INFO] IPUIPlugin:80 - create IPUIPlugin
2026-02-11 22:44:36,987 [INFO] PluginManager:220 - loadIPPluginJar : add opamp
2026-02-11 22:44:36,991 [INFO] IPUIPlugin:80 - create IPUIPlugin
2026-02-11 22:44:36,991 [INFO] PluginManager:220 - loadIPPluginJar : add genericplugin
2026-02-11 22:44:37,000 [INFO] IPUIPlugin:80 - create IPUIPlugin
2026-02-11 22:44:37,000 [INFO] PluginManager:220 - loadIPPluginJar : add nvic
2026-02-11 22:44:37,008 [INFO] IPUIPlugin:80 - create IPUIPlugin
2026-02-11 22:44:37,009 [INFO] PluginManager:220 - loadIPPluginJar : add ipddr
2026-02-11 22:44:37,015 [INFO] IPUIPlugin:80 - create IPUIPlugin
2026-02-11 22:44:37,015 [INFO] PluginManager:220 - loadIPPluginJar : add i3c
2026-02-11 22:44:37,020 [INFO] IPUIPlugin:80 - create IPUIPlugin
2026-02-11 22:44:37,021 [INFO] PluginManager:220 - loadIPPluginJar : add hash
2026-02-11 22:44:37,027 [INFO] IPUIPlugin:80 - create IPUIPlugin
2026-02-11 22:44:37,028 [INFO] PluginManager:220 - loadIPPluginJar : add gtzc
2026-02-11 22:44:37,032 [INFO] IPUIPlugin:80 - create IPUIPlugin
2026-02-11 22:44:37,033 [INFO] PluginManager:220 - loadIPPluginJar : add radio
2026-02-11 22:44:37,048 [INFO] IPUIPlugin:80 - create IPUIPlugin
2026-02-11 22:44:37,048 [INFO] PluginManager:220 - loadIPPluginJar : add gic
2026-02-11 22:44:37,063 [INFO] IPUIPlugin:80 - create IPUIPlugin
2026-02-11 22:44:37,064 [INFO] PluginManager:220 - loadIPPluginJar : add dma
2026-02-11 22:44:37,070 [INFO] IPUIPlugin:80 - create IPUIPlugin
2026-02-11 22:44:37,070 [INFO] PluginManager:220 - loadIPPluginJar : add can
2026-02-11 22:44:37,076 [INFO] IPUIPlugin:80 - create IPUIPlugin
2026-02-11 22:44:37,077 [INFO] PluginManager:220 - loadIPPluginJar : add openamp
2026-02-11 22:44:37,093 [INFO] IPUIPlugin:80 - create IPUIPlugin
2026-02-11 22:44:37,093 [INFO] PluginManager:220 - loadIPPluginJar : add stm32_wpan
2026-02-11 22:44:37,107 [INFO] IPUIPlugin:80 - create IPUIPlugin
2026-02-11 22:44:37,107 [INFO] PluginManager:220 - loadIPPluginJar : add adc
2026-02-11 22:44:37,268 [FATAL] Updater:351 - Updater called before beeing initialized
2026-02-11 22:44:37,338 [INFO] RulesReader:64 - Compatibility file has been processed (317 Rules)
2026-02-11 22:44:37,358 [INFO] RulesReader:64 - Compatibility file has been processed (317 Rules)
2026-02-11 22:44:37,371 [INFO] CADModel:165 - CPN selected for project level
2026-02-11 22:44:37,371 [INFO] CADModel:114 - Register for checkConnection events
2026-02-11 22:44:37,372 [FATAL] Updater:351 - Updater called before beeing initialized
2026-02-11 22:44:37,372 [ERROR] CADModel:125 - Updater not yet initialized, retry later 
2026-02-11 22:44:37,638 [FATAL] Updater:351 - Updater called before beeing initialized
2026-02-11 22:44:37,642 [INFO] CADModel:165 - CPN selected for project level
2026-02-11 22:44:37,643 [INFO] CADModel:114 - Register for checkConnection events
2026-02-11 22:44:37,643 [FATAL] Updater:351 - Updater called before beeing initialized
2026-02-11 22:44:37,643 [ERROR] CADModel:125 - Updater not yet initialized, retry later 
2026-02-11 22:44:37,652 [FATAL] Updater:351 - Updater called before beeing initialized
2026-02-11 22:44:37,928 [FATAL] Updater:351 - Updater called before beeing initialized
2026-02-11 22:44:37,936 [INFO] DbMcusAds:53 - JSON generation date=Thu Jan 08 10:57:51 PET 2026 (1767887871456)
2026-02-11 22:44:37,937 [FATAL] Updater:351 - Updater called before beeing initialized
2026-02-11 22:44:38,024 [WARN] DetailPanel:346 - Failed to get advertising image, set to default
2026-02-11 22:44:38,154 [INFO] ThirdPartyUpdaterWithRetryManager:70 - Updater plugin not ready yet. [2/15]
2026-02-11 22:44:38,235 [FATAL] Updater:351 - Updater called before beeing initialized
2026-02-11 22:44:38,239 [FATAL] Updater:351 - Updater called before beeing initialized
2026-02-11 22:44:38,240 [FATAL] Updater:351 - Updater called before beeing initialized
2026-02-11 22:44:38,240 [WARN] DetailPanel:346 - Failed to get advertising image, set to default
2026-02-11 22:44:38,243 [FATAL] Updater:351 - Updater called before beeing initialized
2026-02-11 22:44:38,338 [ERROR] Updater:1198 - MainUpdater not yet initialized. External WinMGr cannot be set.
2026-02-11 22:44:38,340 [INFO] Updater:1134 - Updater Version found : 6.15.0
2026-02-11 22:44:38,371 [INFO] ApplicationProperties:184 - Using Application install path: /opt/st/stm32cubeide_1.18.1/../../../home/tecna-smart-lab/.eclipse/com.st.stm32cube.ide.mcu.rcp.product_1.18.1_139067097_linux_gtk_x86_64/plugins/com.st.stm32cube.common.mx_6.15.0.202507011659
2026-02-11 22:44:39,834 [INFO] MainUpdater:2872 - connection check result : 10
2026-02-11 22:44:39,836 [INFO] MainUpdater:289 - Updater Check For Update Now.
2026-02-11 22:44:39,837 [INFO] MicroXplorer:498 - Change Database Version : DB.6.0.150
2026-02-11 22:44:39,849 [INFO] McuFinderGlobals:63 - Set McuFinder mode to 2 (CubeIDE integrated)
2026-02-11 22:44:39,851 [INFO] UserAuth:487 - Internet connection configuration mode: 1
2026-02-11 22:44:39,888 [INFO] JxBrowserEngine:152 - Initiate JxBrowser Engine with user profile folder
2026-02-11 22:44:40,220 [INFO] CheckServerUpdateThread:120 - End of CheckServer Thread
2026-02-11 22:44:41,509 [WARN] PackLoader:240 - Cannot read IP mode file for STMicroelectronics.FP-SNS-MOTENVWB1.1.4.0
2026-02-11 22:44:41,521 [WARN] PackLoader:240 - Cannot read IP mode file for STMicroelectronics.FP-ATR-ASTRA1.2.0.2
2026-02-11 22:44:41,532 [WARN] PackLoader:240 - Cannot read IP mode file for STMicroelectronics.X-CUBE-SMBUS.2.1.0
2026-02-11 22:44:41,539 [WARN] PackLoader:240 - Cannot read IP mode file for STMicroelectronics.X-CUBE-ST60.1.0.0
2026-02-11 22:44:41,593 [WARN] PackLoader:240 - Cannot read IP mode file for STMicroelectronics.X-CUBE-AZRTOS-F7.1.1.0
2026-02-11 22:44:41,608 [WARN] PackLoader:240 - Cannot read IP mode file for STMicroelectronics.FP-SNS-MOTENV1.5.1.0
2026-02-11 22:44:41,653 [WARN] PackLoader:240 - Cannot read IP mode file for Infineon.AIROC-Wi-Fi-Bluetooth-STM32.1.7.0
2026-02-11 22:44:41,787 [INFO] WebApp:169 - Instantiating new browser for Auth
2026-02-11 22:44:41,901 [WARN] PackLoader:240 - Cannot read IP mode file for STMicroelectronics.X-CUBE-AZRTOS-H7.3.4.0
2026-02-11 22:44:41,919 [WARN] PackLoader:240 - Cannot read IP mode file for STMicroelectronics.X-CUBE-DISPLAY.3.0.0
2026-02-11 22:44:42,003 [WARN] PackLoader:240 - Cannot read IP mode file for STMicroelectronics.X-CUBE-NFC10.1.0.0
2026-02-11 22:44:42,086 [WARN] PackLoader:240 - Cannot read IP mode file for STMicroelectronics.X-CUBE-BLEMGR.4.0.0
2026-02-11 22:44:42,107 [WARN] PackLoader:240 - Cannot read IP mode file for STMicroelectronics.X-CUBE-ST60.1.1.0
2026-02-11 22:44:42,121 [WARN] PackLoader:240 - Cannot read IP mode file for emotas.I-CUBE-CANOPEN.1.3.0
2026-02-11 22:44:42,132 [WARN] PackLoader:240 - Cannot read IP mode file for STMicroelectronics.X-CUBE-GNSS1.7.1.0
2026-02-11 22:44:42,140 [WARN] ConditionMgr:438 - getConditionDescription Invalid condition id : Cortex-A Device cause : null
2026-02-11 22:44:42,152 [WARN] ConditionMgr:1044 - genDependencies : Invalid condition id : Cortex-A Device cause : null
2026-02-11 22:44:42,153 [WARN] ConditionMgr:1044 - genDependencies : Invalid condition id : Cortex-A Device cause : null
2026-02-11 22:44:42,153 [WARN] ConditionMgr:1044 - genDependencies : Invalid condition id : Cortex-A Device cause : null
2026-02-11 22:44:42,160 [WARN] PackLoader:240 - Cannot read IP mode file for STMicroelectronics.X-CUBE-AI.10.0.0
2026-02-11 22:44:42,175 [WARN] PackLoader:240 - Cannot read IP mode file for STMicroelectronics.FP-SNS-STBOX1.2.1.0
2026-02-11 22:44:42,190 [WARN] PackLoader:240 - Cannot read IP mode file for STMicroelectronics.FP-SNS-SMARTAG2.1.2.0
2026-02-11 22:44:42,220 [WARN] PackLoader:240 - Cannot read IP mode file for STMicroelectronics.FP-SNS-FLIGHT1.5.1.0
2026-02-11 22:44:42,238 [INFO] LogOutputStream:77 - [STDOUT_REDIRECT] 1 : Invalid condition id : UX_CORESTACK_Condition cause : null
2026-02-11 22:44:42,239 [INFO] LogOutputStream:77 - [STDOUT_REDIRECT] 1 : Invalid condition id : UX_CORESTACK_Condition cause : null
2026-02-11 22:44:42,239 [INFO] LogOutputStream:77 - [STDOUT_REDIRECT] 1 : Invalid condition id : UX_CORESTACK_Condition cause : null
2026-02-11 22:44:42,240 [INFO] LogOutputStream:77 - [STDOUT_REDIRECT] 1 : Invalid condition id : UX_CORESTACK_Condition cause : null
2026-02-11 22:44:42,240 [INFO] LogOutputStream:77 - [STDOUT_REDIRECT] 1 : Invalid condition id : UX_CORESTACK_Condition cause : null
2026-02-11 22:44:42,246 [WARN] PackLoader:240 - Cannot read IP mode file for STMicroelectronics.X-CUBE-AZRTOS-WL.2.0.0
2026-02-11 22:44:42,257 [WARN] PackLoader:240 - Cannot read IP mode file for STMicroelectronics.FP-SNS-MOTENV1.5.0.0
2026-02-11 22:44:42,291 [WARN] PackLoader:240 - Cannot read IP mode file for STMicroelectronics.X-CUBE-AZRTOS-H7RS.1.2.0
2026-02-11 22:44:42,310 [WARN] PackLoader:240 - Cannot read IP mode file for WES.I-CUBE-Cesium.1.3.0
2026-02-11 22:44:42,316 [WARN] PackLoader:240 - Cannot read IP mode file for STMicroelectronics.X-CUBE-BLE2.3.3.0
2026-02-11 22:44:42,336 [WARN] PackLoader:240 - Cannot read IP mode file for STMicroelectronics.X-CUBE-NFC9.1.0.0
2026-02-11 22:44:42,381 [WARN] PackLoader:240 - Cannot read IP mode file for STMicroelectronics.X-CUBE-BLE1.7.1.0
2026-02-11 22:44:42,385 [WARN] PackLoader:240 - Cannot read IP mode file for wolfSSL.I-CUBE-wolfMQTT.1.19.2
2026-02-11 22:44:42,391 [WARN] PackLoader:240 - Cannot read IP mode file for STMicroelectronics.X-CUBE-FREERTOS.1.4.0
2026-02-11 22:44:42,398 [WARN] PackLoader:240 - Cannot read IP mode file for STMicroelectronics.X-CUBE-EEPRMA1.5.2.0
2026-02-11 22:44:42,451 [WARN] PackLoader:240 - Cannot read IP mode file for STMicroelectronics.X-CUBE-ST67W61.1.1.0
2026-02-11 22:44:42,458 [WARN] PackLoader:240 - Cannot read IP mode file for STMicroelectronics.X-CUBE-AI.10.1.0
2026-02-11 22:44:42,531 [WARN] PackLoader:240 - Cannot read IP mode file for STMicroelectronics.X-CUBE-MEMS1.12.0.0
2026-02-11 22:44:42,890 [WARN] PackLoader:240 - Cannot read IP mode file for STMicroelectronics.X-CUBE-MEMS1.11.2.0
2026-02-11 22:44:43,250 [WARN] PackLoader:240 - Cannot read IP mode file for STMicroelectronics.X-CUBE-AZRTOS-G0.1.1.0
2026-02-11 22:44:43,270 [WARN] PackLoader:240 - Cannot read IP mode file for STMicroelectronics.X-CUBE-SAFEA1.1.2.2
2026-02-11 22:44:43,285 [WARN] PackLoader:240 - Cannot read IP mode file for STMicroelectronics.X-CUBE-NFC4.3.0.0
2026-02-11 22:44:43,384 [WARN] PackLoader:240 - Cannot read IP mode file for EmbeddedOffice.I-CUBE-FS-RTOS.1.0.1
2026-02-11 22:44:43,394 [WARN] PackLoader:240 - Cannot read IP mode file for STMicroelectronics.X-CUBE-WB05N.2.0.0
2026-02-11 22:44:43,402 [WARN] PackLoader:240 - Cannot read IP mode file for wolfSSL.I-CUBE-wolfTPM.3.8.0
2026-02-11 22:44:43,414 [WARN] PackLoader:240 - Cannot read IP mode file for STMicroelectronics.X-CUBE-TCPP.4.2.0
2026-02-11 22:44:43,426 [WARN] PackLoader:240 - Cannot read IP mode file for RealThread.X-CUBE-RT-Thread_Nano.4.1.1
2026-02-11 22:44:43,500 [WARN] PackLoader:240 - Cannot read IP mode file for STMicroelectronics.FP-ATR-SIGFOX1.3.2.0
2026-02-11 22:44:43,514 [WARN] PackLoader:240 - Cannot read IP mode file for STMicroelectronics.X-CUBE-EEPRMA1.5.1.0
2026-02-11 22:44:43,532 [WARN] PackLoader:240 - Cannot read IP mode file for wolfSSL.I-CUBE-wolfSSL.5.7.6
2026-02-11 22:44:43,545 [WARN] PackLoader:240 - Cannot read IP mode file for ITTIA_DB.I-CUBE-ITTIADB.8.9.0
2026-02-11 22:44:43,560 [WARN] PackLoader:240 - Cannot read IP mode file for STMicroelectronics.X-CUBE-NFC6.3.2.0
2026-02-11 22:44:43,578 [WARN] PackLoader:240 - Cannot read IP mode file for STMicroelectronics.X-CUBE-ST67W61.1.0.0
2026-02-11 22:44:43,588 [WARN] PackLoader:240 - Cannot read IP mode file for STMicroelectronics.X-CUBE-AI.10.2.0
2026-02-11 22:44:43,626 [INFO] WebApp:463 - Apply proxy settings
2026-02-11 22:44:43,628 [INFO] WebApp:548 - Chromium requires no authentication
2026-02-11 22:44:43,644 [INFO] WebApp:491 - Direct internet connection detected
2026-02-11 22:44:43,645 [WARN] PackLoader:240 - Cannot read IP mode file for SEGGER.I-CUBE-embOS.1.3.1
2026-02-11 22:44:43,691 [INFO] WebApp:900 - Register for checkConnection events
2026-02-11 22:44:43,691 [INFO] WebApp:463 - Apply proxy settings
2026-02-11 22:44:43,691 [INFO] WebApp:548 - Chromium requires no authentication
2026-02-11 22:44:43,693 [INFO] WebApp:491 - Direct internet connection detected
2026-02-11 22:44:43,750 [WARN] PackLoader:240 - Cannot read IP mode file for STMicroelectronics.X-CUBE-ALGOBUILD.1.4.0
2026-02-11 22:44:43,878 [WARN] PackLoader:240 - Cannot read IP mode file for STMicroelectronics.X-CUBE-MEMS1.11.3.0
2026-02-11 22:44:43,925 [INFO] WebApp:191 - Connection restablished
2026-02-11 22:44:44,088 [INFO] WebApp:225 - Starting web application
2026-02-11 22:44:44,089 [INFO] WebApp:593 - Web application path used /opt/st/stm32cubeide_1.18.1/../../../home/tecna-smart-lab/.eclipse/com.st.stm32cube.ide.mcu.rcp.product_1.18.1_139067097_linux_gtk_x86_64/plugins/com.st.stm32cube.common.mx_6.15.0.202507011659/db/plugins/mcufinder/reactClient1/index.html
2026-02-11 22:44:44,219 [WARN] PackLoader:240 - Cannot read IP mode file for STMicroelectronics.X-CUBE-PM33A1.1.0.0
2026-02-11 22:44:44,333 [WARN] PackLoader:240 - Cannot read IP mode file for STMicroelectronics.X-CUBE-AZRTOS-F4.1.1.0
2026-02-11 22:44:44,414 [INFO] UserAuth:487 - Internet connection configuration mode: 1
2026-02-11 22:44:45,054 [WARN] PackLoader:240 - Cannot read IP mode file for Avnet-IotConnect.X-CUBE-IoTC-DA16k-PMOD.1.0.0
2026-02-11 22:44:45,066 [WARN] PackLoader:240 - Cannot read IP mode file for STMicroelectronics.X-CUBE-ISPU.2.1.0
2026-02-11 22:44:45,112 [WARN] PackLoader:240 - Cannot read IP mode file for STMicroelectronics.X-CUBE-IPS.3.2.0
2026-02-11 22:44:45,150 [WARN] PackLoader:240 - Cannot read IP mode file for STMicroelectronics.X-CUBE-NFC12.1.0.0
2026-02-11 22:44:45,325 [WARN] PackLoader:240 - Cannot read IP mode file for STMicroelectronics.X-CUBE-AZRTOS-L5.2.0.0
2026-02-11 22:44:45,355 [WARN] PackLoader:240 - Cannot read IP mode file for STMicroelectronics.X-CUBE-NFC6.3.1.0
2026-02-11 22:44:45,460 [WARN] PackLoader:240 - Cannot read IP mode file for STMicroelectronics.X-CUBE-FREERTOS.1.3.1
2026-02-11 22:44:45,567 [WARN] PackLoader:240 - Cannot read IP mode file for STMicroelectronics.X-CUBE-FREERTOS.1.3.0
2026-02-11 22:44:45,666 [WARN] PackLoader:240 - Cannot read IP mode file for STMicroelectronics.X-CUBE-NFC7.1.0.1
2026-02-11 22:44:45,678 [WARN] PackLoader:240 - Cannot read IP mode file for STMicroelectronics.X-CUBE-TOUCHGFX.4.26.0
2026-02-11 22:44:45,690 [WARN] PackLoader:240 - Cannot read IP mode file for STMicroelectronics.FP-SNS-STAIOTCFT.1.0.0
2026-02-11 22:44:45,702 [WARN] PackLoader:240 - Cannot read IP mode file for STMicroelectronics.X-CUBE-DPower.1.3.0
2026-02-11 22:44:45,762 [WARN] ConditionMgr:438 - getConditionDescription Invalid condition id : LAN8742 Phy interface Condition cause : null
2026-02-11 22:44:45,763 [WARN] PackLoader:240 - Cannot read IP mode file for STMicroelectronics.X-CUBE-AZRTOS-L4.2.0.0
2026-02-11 22:44:45,766 [WARN] ConditionMgr:1044 - genDependencies : Invalid condition id : LAN8742 Phy interface Condition cause : null
2026-02-11 22:44:45,767 [WARN] ConditionMgr:1044 - genDependencies : Invalid condition id : LAN8742 Phy interface Condition cause : null
2026-02-11 22:44:45,769 [WARN] ConditionMgr:1044 - genDependencies : Invalid condition id : LAN8742 Phy interface Condition cause : null
2026-02-11 22:44:45,786 [WARN] PackLoader:240 - Cannot read IP mode file for STMicroelectronics.X-CUBE-SFXS2LP1.4.0.0
2026-02-11 22:44:45,809 [WARN] PackLoader:240 - Cannot read IP mode file for STMicroelectronics.X-CUBE-ST67W61.1.2.0
2026-02-11 22:44:45,893 [WARN] PackLoader:240 - Cannot read IP mode file for STMicroelectronics.X-CUBE-AZRTOS-H7.3.3.0
2026-02-11 22:44:46,805 [WARN] PackLoader:240 - Cannot read IP mode file for STMicroelectronics.X-CUBE-BLEMGR.4.1.0
2026-02-11 22:44:46,876 [WARN] ConditionMgr:438 - getConditionDescription Invalid condition id : UX DEVICE CLASS RTOS Condition cause : null
2026-02-11 22:44:46,876 [WARN] ConditionMgr:438 - getConditionDescription Invalid condition id : UX DEVICE CLASS RTOS Condition cause : null
2026-02-11 22:44:46,880 [WARN] PackLoader:240 - Cannot read IP mode file for STMicroelectronics.X-CUBE-AZRTOS-WB.2.0.0
2026-02-11 22:44:46,882 [WARN] ConditionMgr:1044 - genDependencies : Invalid condition id : UX DEVICE CLASS RTOS Condition cause : null
2026-02-11 22:44:46,882 [WARN] ConditionMgr:1044 - genDependencies : Invalid condition id : UX DEVICE CLASS RTOS Condition cause : null
2026-02-11 22:44:46,883 [WARN] ConditionMgr:1044 - genDependencies : Invalid condition id : UX DEVICE CLASS RTOS Condition cause : null
2026-02-11 22:44:46,884 [WARN] ConditionMgr:1044 - genDependencies : Invalid condition id : UX DEVICE CLASS RTOS Condition cause : null
2026-02-11 22:44:46,885 [WARN] ConditionMgr:1044 - genDependencies : Invalid condition id : UX DEVICE CLASS RTOS Condition cause : null
2026-02-11 22:44:46,892 [WARN] ConditionMgr:438 - getConditionDescription Invalid condition id : UX DEVICE CLASS RTOS Condition cause : null
2026-02-11 22:44:46,892 [WARN] ConditionMgr:438 - getConditionDescription Invalid condition id : UX DEVICE CLASS RTOS Condition cause : null
2026-02-11 22:44:47,504 [WARN] PackLoader:240 - Cannot read IP mode file for STMicroelectronics.X-CUBE-GNSS1.7.0.1
2026-02-11 22:44:47,561 [WARN] PackLoader:240 - Cannot read IP mode file for STMicroelectronics.X-CUBE-TOUCHGFX.4.25.0
2026-02-11 22:44:47,576 [WARN] PackLoader:240 - Cannot read IP mode file for STMicroelectronics.FP-SNS-STBOX1.2.0.0
2026-02-11 22:44:47,598 [WARN] PackLoader:240 - Cannot read IP mode file for STMicroelectronics.X-CUBE-STSE01.2.0.0
2026-02-11 22:44:47,626 [WARN] PackLoader:240 - Cannot read IP mode file for STMicroelectronics.X-CUBE-SUBG2.5.0.0
2026-02-11 22:44:47,691 [WARN] PackLoader:240 - Cannot read IP mode file for STMicroelectronics.X-CUBE-AZRTOS-H7RS.1.1.0
2026-02-11 22:44:47,705 [WARN] PackLoader:240 - Cannot read IP mode file for Cesanta.I-CUBE-Mongoose.7.13.0
2026-02-11 22:44:47,789 [WARN] PackLoader:240 - Cannot read IP mode file for STMicroelectronics.X-CUBE-AZRTOS-G4.2.0.0
2026-02-11 22:44:48,311 [WARN] PackLoader:240 - Cannot read IP mode file for wolfSSL.I-CUBE-wolfSSH.1.4.20
2026-02-11 22:44:48,321 [WARN] PackLoader:240 - Cannot read IP mode file for STMicroelectronics.X-CUBE-NFC7.2.0.0
2026-02-11 22:44:48,401 [WARN] PackLoader:240 - Cannot read IP mode file for STMicroelectronics.X-CUBE-IPS.3.1.0
2026-02-11 22:44:48,417 [WARN] PackLoader:240 - Cannot read IP mode file for STMicroelectronics.X-CUBE-ALS.1.0.2
2026-02-11 22:44:48,428 [WARN] PackLoader:240 - Cannot read IP mode file for STMicroelectronics.X-CUBE-STSE01.1.0.0
2026-02-11 22:44:48,439 [WARN] PackLoader:240 - Cannot read IP mode file for portGmbH.I-Cube-SoM-uGOAL.1.1.0
2026-02-11 22:44:48,497 [WARN] PackLoader:240 - Cannot read IP mode file for STMicroelectronics.X-CUBE-TOF1.3.4.3
2026-02-11 22:44:48,520 [INFO] ThirdParty:978 - Integrity check success = true
2026-02-11 22:44:48,521 [INFO] IntegrityCheckThread:100 - exiting critical section [integrity check]
2026-02-11 22:44:48,521 [INFO] IntegrityCheckThread:103 - End integrity checks thread
