../leather_gauge_controller/app/src/lgc_main_task.c:81:6:lgc_main_task_entry	96	static
../leather_gauge_controller/app/src/lgc_main_task.c:259:13:lgc_encoder_callback	8	static
../leather_gauge_controller/app/src/lgc_main_task.c:265:16:lgc_get_state	4	static
../leather_gauge_controller/app/src/lgc_main_task.c:270:16:lgc_set_state	16	static
../leather_gauge_controller/app/src/lgc_main_task.c:282:13:lgc_set_leds	16	static
../leather_gauge_controller/app/src/lgc_main_task.c:314:17:lgc_count_active_bits	16	static
../leather_gauge_controller/app/src/lgc_main_task.c:341:14:lgc_calculate_slice_area	24	static
../leather_gauge_controller/app/src/lgc_main_task.c:362:16:lgc_process_measurement	24	static
../leather_gauge_controller/app/src/lgc_main_task.c:476:6:lgc_buttons_callback	16	static
../leather_gauge_controller/app/src/lgc_main_task.c:575:6:lgc_set_stop_condition	16	static
../leather_gauge_controller/app/src/lgc_main_task.c:587:6:lgc_get_measurements	16	static
../leather_gauge_controller/app/src/lgc_main_task.c:597:6:lgc_get_state_data	16	static
