../leather_gauge_controller/app/src/lgc_main_task.c:87:6:lgc_main_task_entry	88	static
../leather_gauge_controller/app/src/lgc_main_task.c:299:6:lgc_clear_measurement_last_leather	8	static
../leather_gauge_controller/app/src/lgc_main_task.c:325:6:lgc_increment_batch_index	8	static
../leather_gauge_controller/app/src/lgc_main_task.c:344:13:lgc_encoder_callback	8	static
../leather_gauge_controller/app/src/lgc_main_task.c:358:16:lgc_get_state	4	static
../leather_gauge_controller/app/src/lgc_main_task.c:363:16:lgc_set_state	16	static
../leather_gauge_controller/app/src/lgc_main_task.c:375:13:lgc_set_leds	16	static
../leather_gauge_controller/app/src/lgc_main_task.c:407:17:lgc_count_active_bits	16	static
../leather_gauge_controller/app/src/lgc_main_task.c:434:14:lgc_calculate_slice_area	24	static
../leather_gauge_controller/app/src/lgc_main_task.c:455:16:lgc_process_measurement	32	static
../leather_gauge_controller/app/src/lgc_main_task.c:597:6:lgc_buttons_callback	16	static
../leather_gauge_controller/app/src/lgc_main_task.c:699:6:lgc_set_stop_condition	16	static
../leather_gauge_controller/app/src/lgc_main_task.c:711:6:lgc_get_measurements	16	static
../leather_gauge_controller/app/src/lgc_main_task.c:721:6:lgc_get_state_data	16	static
