../leather_gauge_controller/app/src/lgc_main_task.c:81:6:lgc_main_task_entry	96	static
../leather_gauge_controller/app/src/lgc_main_task.c:273:6:lgc_clear_measurement_last_leather	8	static
../leather_gauge_controller/app/src/lgc_main_task.c:299:6:lgc_increment_batch_index	8	static
../leather_gauge_controller/app/src/lgc_main_task.c:318:13:lgc_encoder_callback	8	static
../leather_gauge_controller/app/src/lgc_main_task.c:324:16:lgc_get_state	4	static
../leather_gauge_controller/app/src/lgc_main_task.c:329:16:lgc_set_state	16	static
../leather_gauge_controller/app/src/lgc_main_task.c:341:13:lgc_set_leds	16	static
../leather_gauge_controller/app/src/lgc_main_task.c:373:17:lgc_count_active_bits	16	static
../leather_gauge_controller/app/src/lgc_main_task.c:400:14:lgc_calculate_slice_area	24	static
../leather_gauge_controller/app/src/lgc_main_task.c:421:16:lgc_process_measurement	32	static
../leather_gauge_controller/app/src/lgc_main_task.c:563:6:lgc_buttons_callback	16	static
../leather_gauge_controller/app/src/lgc_main_task.c:665:6:lgc_set_stop_condition	16	static
../leather_gauge_controller/app/src/lgc_main_task.c:677:6:lgc_get_measurements	16	static
../leather_gauge_controller/app/src/lgc_main_task.c:687:6:lgc_get_state_data	16	static
