../Display_P10_App/App/Src/dmd_app.cpp:49:6:void display_p10_main_task_entry(const void*)	88	static
../Display_P10_App/App/Src/dmd_app.cpp:261:6:void display_p10_udapte_task_entry(const void*)	8	static
../Display_P10_App/App/Src/dmd_app.cpp:267:6:void HAL_TIM_PeriodElapsedCallback(TIM_HandleTypeDef*)	8	static
../Display_P10_App/App/Src/dmd_app.cpp:273:6:void Scrolling_text(int, int, int, char*, int)	104	static
../Display_P10_App/App/Src/dmd_app.cpp:296:1:cpp)	8	static
../Display_P10_App/App/Src/dmd_app.cpp:296:1:cpp)	8	static
