../leather_gauge_controller/middlewares/dwin/dwin_core.c:17:13:_dwin_lock	16	static
../leather_gauge_controller/middlewares/dwin/dwin_core.c:23:13:_dwin_unlock	16	static
../leather_gauge_controller/middlewares/dwin/dwin_core.c:33:21:_dwin_wait_response	32	static
../leather_gauge_controller/middlewares/dwin/dwin_core.c:72:13:_dwin_handle_frame	80	static
../leather_gauge_controller/middlewares/dwin/dwin_core.c:160:14:dwin_init	32	static
../leather_gauge_controller/middlewares/dwin/dwin_core.c:174:6:dwin_register_callback	24	static
../leather_gauge_controller/middlewares/dwin/dwin_core.c:183:6:dwin_rx_push_ex	32	static
../leather_gauge_controller/middlewares/dwin/dwin_core.c:191:6:dwin_rx_notify	16	static
../leather_gauge_controller/middlewares/dwin/dwin_core.c:199:6:dwin_rx_push	24	static
../leather_gauge_controller/middlewares/dwin/dwin_core.c:212:6:dwin_process	24	static
../leather_gauge_controller/middlewares/dwin/dwin_core.c:260:14:dwin_write_vp_u16	32	static
../leather_gauge_controller/middlewares/dwin/dwin_core.c:285:14:dwin_write_vp_u32	40	static
../leather_gauge_controller/middlewares/dwin/dwin_core.c:312:14:dwin_write_vp_raw	32	static
../leather_gauge_controller/middlewares/dwin/dwin_core.c:339:14:dwin_read_vp	32	static
../leather_gauge_controller/middlewares/dwin/dwin_core.c:373:14:dwin_page_jump	24	static
../leather_gauge_controller/middlewares/dwin/dwin_core.c:379:14:dwin_write_text	32	static
../leather_gauge_controller/middlewares/dwin/dwin_core.c:387:14:dwin_read_text	48	static
../leather_gauge_controller/middlewares/dwin/dwin_core.c:413:14:dwin_read_u16	40	static
../leather_gauge_controller/middlewares/dwin/dwin_core.c:424:14:dwin_read_u32	40	static
../leather_gauge_controller/middlewares/dwin/dwin_core.c:435:14:dwin_get_page	16	static
../leather_gauge_controller/middlewares/dwin/dwin_core.c:440:14:dwin_beep	24	static
../leather_gauge_controller/middlewares/dwin/dwin_core.c:448:14:dwin_set_brightness	24	static
../leather_gauge_controller/middlewares/dwin/dwin_core.c:457:14:dwin_get_brightness	24	static
../leather_gauge_controller/middlewares/dwin/dwin_core.c:468:14:dwin_get_version	16	static
../leather_gauge_controller/middlewares/dwin/dwin_core.c:473:14:dwin_get_rtc	40	static
../leather_gauge_controller/middlewares/dwin/dwin_core.c:493:14:dwin_set_rtc	24	static
../leather_gauge_controller/middlewares/dwin/dwin_core.c:509:14:dwin_soft_reset	16	static
