../Display_P10_App/Components/nanoMODBUS/nanomodbus.c:41:16:get_1	0	static
../Display_P10_App/Components/nanoMODBUS/nanomodbus.c:48:13:put_1	0	static
../Display_P10_App/Components/nanoMODBUS/nanomodbus.c:66:17:get_2	0	static
../Display_P10_App/Components/nanoMODBUS/nanomodbus.c:74:13:put_2	0	static
../Display_P10_App/Components/nanoMODBUS/nanomodbus.c:130:13:swap_regs	0	static
../Display_P10_App/Components/nanoMODBUS/nanomodbus.c:153:13:msg_state_req	16	static
../Display_P10_App/Components/nanoMODBUS/nanomodbus.c:234:19:recv	16	static
../Display_P10_App/Components/nanoMODBUS/nanomodbus.c:353:13:put_msg_header	16	static
../Display_P10_App/Components/nanoMODBUS/nanomodbus.c:289:19:recv_msg_header	24	static
../Display_P10_App/Components/nanoMODBUS/nanomodbus.c:172:12:nmbs_create	16	static
../Display_P10_App/Components/nanoMODBUS/nanomodbus.c:196:6:nmbs_set_read_timeout	0	static
../Display_P10_App/Components/nanoMODBUS/nanomodbus.c:201:6:nmbs_set_byte_timeout	0	static
../Display_P10_App/Components/nanoMODBUS/nanomodbus.c:206:6:nmbs_set_destination_rtu_address	0	static
../Display_P10_App/Components/nanoMODBUS/nanomodbus.c:211:6:nmbs_set_platform_arg	0	static
../Display_P10_App/Components/nanoMODBUS/nanomodbus.c:216:10:nmbs_crc_calc	0	static
../Display_P10_App/Components/nanoMODBUS/nanomodbus.c:269:19:recv_msg_footer	16	static
../Display_P10_App/Components/nanoMODBUS/nanomodbus.c:432:19:recv_res_header	32	static
../Display_P10_App/Components/nanoMODBUS/nanomodbus.c:497:19:recv_read_discrete_res	24	static
../Display_P10_App/Components/nanoMODBUS/nanomodbus.c:533:19:recv_read_registers_res	32	static
../Display_P10_App/Components/nanoMODBUS/nanomodbus.c:380:19:send_msg	16	static
../Display_P10_App/Components/nanoMODBUS/nanomodbus.c:420:19:send_exception_msg	16	static
../Display_P10_App/Components/nanoMODBUS/nanomodbus.c:855:19:handle_read_discrete	288	static
../Display_P10_App/Components/nanoMODBUS/nanomodbus.c:920:19:handle_read_registers	288	static
../Display_P10_App/Components/nanoMODBUS/nanomodbus.c:1906:19:read_discrete	16	static
../Display_P10_App/Components/nanoMODBUS/nanomodbus.c:1938:19:read_registers	16	static
../Display_P10_App/Components/nanoMODBUS/nanomodbus.c:571:12:recv_write_single_coil_res	24	static
../Display_P10_App/Components/nanoMODBUS/nanomodbus.c:599:12:recv_write_single_register_res	24	static
../Display_P10_App/Components/nanoMODBUS/nanomodbus.c:626:12:recv_write_multiple_coils_res	24	static
../Display_P10_App/Components/nanoMODBUS/nanomodbus.c:653:12:recv_write_multiple_registers_res	24	static
../Display_P10_App/Components/nanoMODBUS/nanomodbus.c:680:12:recv_read_file_record_res	32	static
../Display_P10_App/Components/nanoMODBUS/nanomodbus.c:721:12:recv_write_file_record_res	56	static
../Display_P10_App/Components/nanoMODBUS/nanomodbus.c:773:12:recv_read_device_identification_res	48	static
../Display_P10_App/Components/nanoMODBUS/nanomodbus.c:1842:12:nmbs_server_create	24	static
../Display_P10_App/Components/nanoMODBUS/nanomodbus.c:1858:12:nmbs_server_poll	368	dynamic
../Display_P10_App/Components/nanoMODBUS/nanomodbus.c:1894:6:nmbs_set_callbacks_arg	0	static
../Display_P10_App/Components/nanoMODBUS/nanomodbus.c:1901:12:nmbs_client_create	8	static
../Display_P10_App/Components/nanoMODBUS/nanomodbus.c:1929:12:nmbs_read_coils	16	static
../Display_P10_App/Components/nanoMODBUS/nanomodbus.c:1934:12:nmbs_read_discrete_inputs	16	static
../Display_P10_App/Components/nanoMODBUS/nanomodbus.c:1961:12:nmbs_read_holding_registers	16	static
../Display_P10_App/Components/nanoMODBUS/nanomodbus.c:1966:12:nmbs_read_input_registers	16	static
../Display_P10_App/Components/nanoMODBUS/nanomodbus.c:1971:12:nmbs_write_single_coil	16	static
../Display_P10_App/Components/nanoMODBUS/nanomodbus.c:1993:12:nmbs_write_single_register	16	static
../Display_P10_App/Components/nanoMODBUS/nanomodbus.c:2013:12:nmbs_write_multiple_coils	32	static
../Display_P10_App/Components/nanoMODBUS/nanomodbus.c:2047:12:nmbs_write_multiple_registers	24	static
../Display_P10_App/Components/nanoMODBUS/nanomodbus.c:2081:12:nmbs_read_file_record	24	static
../Display_P10_App/Components/nanoMODBUS/nanomodbus.c:2111:12:nmbs_write_file_record	40	static
../Display_P10_App/Components/nanoMODBUS/nanomodbus.c:2146:12:nmbs_read_write_registers	40	static
../Display_P10_App/Components/nanoMODBUS/nanomodbus.c:2193:12:nmbs_read_device_identification_basic	72	static
../Display_P10_App/Components/nanoMODBUS/nanomodbus.c:2229:12:nmbs_read_device_identification_regular	80	static
../Display_P10_App/Components/nanoMODBUS/nanomodbus.c:2265:12:nmbs_read_device_identification_extended	64	static
../Display_P10_App/Components/nanoMODBUS/nanomodbus.c:2301:12:nmbs_read_device_identification	48	static
../Display_P10_App/Components/nanoMODBUS/nanomodbus.c:2320:12:nmbs_send_raw_pdu	24	static
../Display_P10_App/Components/nanoMODBUS/nanomodbus.c:2334:12:nmbs_receive_raw_pdu_response	24	static
../Display_P10_App/Components/nanoMODBUS/nanomodbus.c:2362:13:nmbs_strerror	0	static
