/home/tecna-smart-lab/GitHub/leather_gauge/Firmware/middlewares/lwprintf/src/lwprintf/lwprintf.c:178:1:prv_out_fn_print	16	static
/home/tecna-smart-lab/GitHub/leather_gauge/Firmware/middlewares/lwprintf/src/lwprintf/lwprintf.c:200:1:prv_out_fn_write_buff	16	static
/home/tecna-smart-lab/GitHub/leather_gauge/Firmware/middlewares/lwprintf/src/lwprintf/lwprintf.c:219:1:prv_parse_num	24	static
/home/tecna-smart-lab/GitHub/leather_gauge/Firmware/middlewares/lwprintf/src/lwprintf/lwprintf.c:235:1:prv_out_str_before	24	static
/home/tecna-smart-lab/GitHub/leather_gauge/Firmware/middlewares/lwprintf/src/lwprintf/lwprintf.c:310:1:prv_out_str_after	24	static
/home/tecna-smart-lab/GitHub/leather_gauge/Firmware/middlewares/lwprintf/src/lwprintf/lwprintf.c:328:1:prv_out_str_raw	32	static
/home/tecna-smart-lab/GitHub/leather_gauge/Firmware/middlewares/lwprintf/src/lwprintf/lwprintf.c:345:1:prv_out_str	24	static
/home/tecna-smart-lab/GitHub/leather_gauge/Firmware/middlewares/lwprintf/src/lwprintf/lwprintf.c:360:1:prv_longest_unsigned_int_to_str	96	static
/home/tecna-smart-lab/GitHub/leather_gauge/Firmware/middlewares/lwprintf/src/lwprintf/lwprintf.c:394:1:prv_longest_signed_int_to_str	32	static
/home/tecna-smart-lab/GitHub/leather_gauge/Firmware/middlewares/lwprintf/src/lwprintf/lwprintf.c:409:1:prv_strnlen	24	static
/home/tecna-smart-lab/GitHub/leather_gauge/Firmware/middlewares/lwprintf/src/lwprintf/lwprintf.c:426:1:prv_calculate_dbl_num_data	96	static
/home/tecna-smart-lab/GitHub/leather_gauge/Firmware/middlewares/lwprintf/src/lwprintf/lwprintf.c:503:1:prv_double_to_str	152	static
/home/tecna-smart-lab/GitHub/leather_gauge/Firmware/middlewares/lwprintf/src/lwprintf/lwprintf.c:746:1:prv_format	152	static
/home/tecna-smart-lab/GitHub/leather_gauge/Firmware/middlewares/lwprintf/src/lwprintf/lwprintf.c:1041:1:lwprintf_init_ex	16	static
/home/tecna-smart-lab/GitHub/leather_gauge/Firmware/middlewares/lwprintf/src/lwprintf/lwprintf.c:1065:1:lwprintf_vprintf_ex	72	static
/home/tecna-smart-lab/GitHub/leather_gauge/Firmware/middlewares/lwprintf/src/lwprintf/lwprintf.c:1092:1:lwprintf_printf_ex	28	static
/home/tecna-smart-lab/GitHub/leather_gauge/Firmware/middlewares/lwprintf/src/lwprintf/lwprintf.c:1118:1:lwprintf_vsnprintf_ex	72	static
/home/tecna-smart-lab/GitHub/leather_gauge/Firmware/middlewares/lwprintf/src/lwprintf/lwprintf.c:1149:1:lwprintf_snprintf_ex	44	static
