/home/tecna-smart-lab/GitHub/leather_gauge/Firmware/middlewares/nanoMODBUS/nanomodbus.c:43:16:get_1	24	static
/home/tecna-smart-lab/GitHub/leather_gauge/Firmware/middlewares/nanoMODBUS/nanomodbus.c:50:13:put_1	16	static
/home/tecna-smart-lab/GitHub/leather_gauge/Firmware/middlewares/nanoMODBUS/nanomodbus.c:56:13:discard_1	16	static
/home/tecna-smart-lab/GitHub/leather_gauge/Firmware/middlewares/nanoMODBUS/nanomodbus.c:63:13:discard_n	16	static
/home/tecna-smart-lab/GitHub/leather_gauge/Firmware/middlewares/nanoMODBUS/nanomodbus.c:70:17:get_2	24	static
/home/tecna-smart-lab/GitHub/leather_gauge/Firmware/middlewares/nanoMODBUS/nanomodbus.c:78:13:put_2	16	static
/home/tecna-smart-lab/GitHub/leather_gauge/Firmware/middlewares/nanoMODBUS/nanomodbus.c:87:13:set_1	16	static
/home/tecna-smart-lab/GitHub/leather_gauge/Firmware/middlewares/nanoMODBUS/nanomodbus.c:92:13:set_2	16	static
/home/tecna-smart-lab/GitHub/leather_gauge/Firmware/middlewares/nanoMODBUS/nanomodbus.c:100:17:get_n	24	static
/home/tecna-smart-lab/GitHub/leather_gauge/Firmware/middlewares/nanoMODBUS/nanomodbus.c:109:13:put_n	24	static
/home/tecna-smart-lab/GitHub/leather_gauge/Firmware/middlewares/nanoMODBUS/nanomodbus.c:117:18:get_regs	24	static
/home/tecna-smart-lab/GitHub/leather_gauge/Firmware/middlewares/nanoMODBUS/nanomodbus.c:130:13:put_regs	32	static
/home/tecna-smart-lab/GitHub/leather_gauge/Firmware/middlewares/nanoMODBUS/nanomodbus.c:140:13:swap_regs	16	static
/home/tecna-smart-lab/GitHub/leather_gauge/Firmware/middlewares/nanoMODBUS/nanomodbus.c:147:19:recv	32	static
/home/tecna-smart-lab/GitHub/leather_gauge/Firmware/middlewares/nanoMODBUS/nanomodbus.c:169:19:send	32	static
/home/tecna-smart-lab/GitHub/leather_gauge/Firmware/middlewares/nanoMODBUS/nanomodbus.c:186:13:flush	24	static
/home/tecna-smart-lab/GitHub/leather_gauge/Firmware/middlewares/nanoMODBUS/nanomodbus.c:191:13:msg_buf_reset	16	static
/home/tecna-smart-lab/GitHub/leather_gauge/Firmware/middlewares/nanoMODBUS/nanomodbus.c:196:13:msg_state_reset	16	static
/home/tecna-smart-lab/GitHub/leather_gauge/Firmware/middlewares/nanoMODBUS/nanomodbus.c:208:13:msg_state_req	16	static
/home/tecna-smart-lab/GitHub/leather_gauge/Firmware/middlewares/nanoMODBUS/nanomodbus.c:227:12:nmbs_create	24	static
/home/tecna-smart-lab/GitHub/leather_gauge/Firmware/middlewares/nanoMODBUS/nanomodbus.c:251:6:nmbs_set_read_timeout	16	static
/home/tecna-smart-lab/GitHub/leather_gauge/Firmware/middlewares/nanoMODBUS/nanomodbus.c:256:6:nmbs_set_byte_timeout	16	static
/home/tecna-smart-lab/GitHub/leather_gauge/Firmware/middlewares/nanoMODBUS/nanomodbus.c:261:6:nmbs_platform_conf_create	16	static
/home/tecna-smart-lab/GitHub/leather_gauge/Firmware/middlewares/nanoMODBUS/nanomodbus.c:269:6:nmbs_set_destination_rtu_address	16	static
/home/tecna-smart-lab/GitHub/leather_gauge/Firmware/middlewares/nanoMODBUS/nanomodbus.c:274:6:nmbs_set_platform_arg	16	static
/home/tecna-smart-lab/GitHub/leather_gauge/Firmware/middlewares/nanoMODBUS/nanomodbus.c:279:10:nmbs_crc_calc	40	static
/home/tecna-smart-lab/GitHub/leather_gauge/Firmware/middlewares/nanoMODBUS/nanomodbus.c:297:19:recv_msg_footer	24	static
/home/tecna-smart-lab/GitHub/leather_gauge/Firmware/middlewares/nanoMODBUS/nanomodbus.c:316:19:recv_msg_header	32	static
/home/tecna-smart-lab/GitHub/leather_gauge/Firmware/middlewares/nanoMODBUS/nanomodbus.c:387:13:put_msg_header	16	static
/home/tecna-smart-lab/GitHub/leather_gauge/Firmware/middlewares/nanoMODBUS/nanomodbus.c:406:13:set_msg_header_size	16	static
/home/tecna-smart-lab/GitHub/leather_gauge/Firmware/middlewares/nanoMODBUS/nanomodbus.c:416:19:send_msg	24	static
/home/tecna-smart-lab/GitHub/leather_gauge/Firmware/middlewares/nanoMODBUS/nanomodbus.c:431:19:recv_req_header	24	static
/home/tecna-smart-lab/GitHub/leather_gauge/Firmware/middlewares/nanoMODBUS/nanomodbus.c:450:13:put_res_header	16	static
/home/tecna-smart-lab/GitHub/leather_gauge/Firmware/middlewares/nanoMODBUS/nanomodbus.c:456:19:send_exception_msg	16	static
/home/tecna-smart-lab/GitHub/leather_gauge/Firmware/middlewares/nanoMODBUS/nanomodbus.c:472:19:recv_res_header	24	static
/home/tecna-smart-lab/GitHub/leather_gauge/Firmware/middlewares/nanoMODBUS/nanomodbus.c:519:13:put_req_header	16	static
/home/tecna-smart-lab/GitHub/leather_gauge/Firmware/middlewares/nanoMODBUS/nanomodbus.c:540:19:recv_read_discrete_res	24	static
/home/tecna-smart-lab/GitHub/leather_gauge/Firmware/middlewares/nanoMODBUS/nanomodbus.c:580:19:recv_read_registers_res	32	static
/home/tecna-smart-lab/GitHub/leather_gauge/Firmware/middlewares/nanoMODBUS/nanomodbus.c:619:12:recv_write_single_coil_res	24	static
/home/tecna-smart-lab/GitHub/leather_gauge/Firmware/middlewares/nanoMODBUS/nanomodbus.c:647:12:recv_write_single_register_res	24	static
/home/tecna-smart-lab/GitHub/leather_gauge/Firmware/middlewares/nanoMODBUS/nanomodbus.c:674:12:recv_write_multiple_coils_res	24	static
/home/tecna-smart-lab/GitHub/leather_gauge/Firmware/middlewares/nanoMODBUS/nanomodbus.c:701:12:recv_write_multiple_registers_res	24	static
/home/tecna-smart-lab/GitHub/leather_gauge/Firmware/middlewares/nanoMODBUS/nanomodbus.c:728:12:recv_read_file_record_res	32	static
/home/tecna-smart-lab/GitHub/leather_gauge/Firmware/middlewares/nanoMODBUS/nanomodbus.c:769:12:recv_write_file_record_res	40	static
/home/tecna-smart-lab/GitHub/leather_gauge/Firmware/middlewares/nanoMODBUS/nanomodbus.c:821:12:recv_read_device_identification_res	48	static
/home/tecna-smart-lab/GitHub/leather_gauge/Firmware/middlewares/nanoMODBUS/nanomodbus.c:907:19:handle_read_discrete	80	static
/home/tecna-smart-lab/GitHub/leather_gauge/Firmware/middlewares/nanoMODBUS/nanomodbus.c:972:19:handle_read_registers	304	static
/home/tecna-smart-lab/GitHub/leather_gauge/Firmware/middlewares/nanoMODBUS/nanomodbus.c:1038:19:handle_read_coils	16	static
/home/tecna-smart-lab/GitHub/leather_gauge/Firmware/middlewares/nanoMODBUS/nanomodbus.c:1045:19:handle_read_discrete_inputs	16	static
/home/tecna-smart-lab/GitHub/leather_gauge/Firmware/middlewares/nanoMODBUS/nanomodbus.c:1052:19:handle_read_holding_registers	16	static
/home/tecna-smart-lab/GitHub/leather_gauge/Firmware/middlewares/nanoMODBUS/nanomodbus.c:1059:19:handle_read_input_registers	16	static
/home/tecna-smart-lab/GitHub/leather_gauge/Firmware/middlewares/nanoMODBUS/nanomodbus.c:1066:19:handle_write_single_coil	32	static
/home/tecna-smart-lab/GitHub/leather_gauge/Firmware/middlewares/nanoMODBUS/nanomodbus.c:1120:19:handle_write_single_register	32	static
/home/tecna-smart-lab/GitHub/leather_gauge/Firmware/middlewares/nanoMODBUS/nanomodbus.c:1170:19:handle_write_multiple_coils	80	static
/home/tecna-smart-lab/GitHub/leather_gauge/Firmware/middlewares/nanoMODBUS/nanomodbus.c:1247:19:handle_write_multiple_registers	296	static
/home/tecna-smart-lab/GitHub/leather_gauge/Firmware/middlewares/nanoMODBUS/nanomodbus.c:1323:19:handle_read_file_record	72	dynamic
/home/tecna-smart-lab/GitHub/leather_gauge/Firmware/middlewares/nanoMODBUS/nanomodbus.c:1433:19:handle_write_file_record	56	static
/home/tecna-smart-lab/GitHub/leather_gauge/Firmware/middlewares/nanoMODBUS/nanomodbus.c:1541:19:handle_read_write_registers	104	dynamic
/home/tecna-smart-lab/GitHub/leather_gauge/Firmware/middlewares/nanoMODBUS/nanomodbus.c:1647:19:handle_read_device_identification	216	static
/home/tecna-smart-lab/GitHub/leather_gauge/Firmware/middlewares/nanoMODBUS/nanomodbus.c:1810:19:handle_req_fc	24	static
/home/tecna-smart-lab/GitHub/leather_gauge/Firmware/middlewares/nanoMODBUS/nanomodbus.c:1896:6:nmbs_callbacks_create	16	static
/home/tecna-smart-lab/GitHub/leather_gauge/Firmware/middlewares/nanoMODBUS/nanomodbus.c:1902:12:nmbs_server_create	40	static
/home/tecna-smart-lab/GitHub/leather_gauge/Firmware/middlewares/nanoMODBUS/nanomodbus.c:1921:12:nmbs_server_poll	24	static
/home/tecna-smart-lab/GitHub/leather_gauge/Firmware/middlewares/nanoMODBUS/nanomodbus.c:1955:6:nmbs_set_callbacks_arg	16	static
/home/tecna-smart-lab/GitHub/leather_gauge/Firmware/middlewares/nanoMODBUS/nanomodbus.c:1962:12:nmbs_client_create	16	static
/home/tecna-smart-lab/GitHub/leather_gauge/Firmware/middlewares/nanoMODBUS/nanomodbus.c:1967:19:read_discrete	32	static
/home/tecna-smart-lab/GitHub/leather_gauge/Firmware/middlewares/nanoMODBUS/nanomodbus.c:1990:12:nmbs_read_coils	32	static
/home/tecna-smart-lab/GitHub/leather_gauge/Firmware/middlewares/nanoMODBUS/nanomodbus.c:1995:12:nmbs_read_discrete_inputs	32	static
/home/tecna-smart-lab/GitHub/leather_gauge/Firmware/middlewares/nanoMODBUS/nanomodbus.c:1999:19:read_registers	32	static
/home/tecna-smart-lab/GitHub/leather_gauge/Firmware/middlewares/nanoMODBUS/nanomodbus.c:2022:12:nmbs_read_holding_registers	32	static
/home/tecna-smart-lab/GitHub/leather_gauge/Firmware/middlewares/nanoMODBUS/nanomodbus.c:2027:12:nmbs_read_input_registers	32	static
/home/tecna-smart-lab/GitHub/leather_gauge/Firmware/middlewares/nanoMODBUS/nanomodbus.c:2032:12:nmbs_write_single_coil	24	static
/home/tecna-smart-lab/GitHub/leather_gauge/Firmware/middlewares/nanoMODBUS/nanomodbus.c:2054:12:nmbs_write_single_register	24	static
/home/tecna-smart-lab/GitHub/leather_gauge/Firmware/middlewares/nanoMODBUS/nanomodbus.c:2074:12:nmbs_write_multiple_coils	32	static
/home/tecna-smart-lab/GitHub/leather_gauge/Firmware/middlewares/nanoMODBUS/nanomodbus.c:2108:12:nmbs_write_multiple_registers	32	static
/home/tecna-smart-lab/GitHub/leather_gauge/Firmware/middlewares/nanoMODBUS/nanomodbus.c:2142:12:nmbs_read_file_record	32	static
/home/tecna-smart-lab/GitHub/leather_gauge/Firmware/middlewares/nanoMODBUS/nanomodbus.c:2172:12:nmbs_write_file_record	40	static
/home/tecna-smart-lab/GitHub/leather_gauge/Firmware/middlewares/nanoMODBUS/nanomodbus.c:2207:12:nmbs_read_write_registers	32	static
/home/tecna-smart-lab/GitHub/leather_gauge/Firmware/middlewares/nanoMODBUS/nanomodbus.c:2250:12:nmbs_read_device_identification_basic	64	static
/home/tecna-smart-lab/GitHub/leather_gauge/Firmware/middlewares/nanoMODBUS/nanomodbus.c:2286:12:nmbs_read_device_identification_regular	72	static
/home/tecna-smart-lab/GitHub/leather_gauge/Firmware/middlewares/nanoMODBUS/nanomodbus.c:2322:12:nmbs_read_device_identification_extended	56	static
/home/tecna-smart-lab/GitHub/leather_gauge/Firmware/middlewares/nanoMODBUS/nanomodbus.c:2358:12:nmbs_read_device_identification	48	static
/home/tecna-smart-lab/GitHub/leather_gauge/Firmware/middlewares/nanoMODBUS/nanomodbus.c:2377:12:nmbs_send_raw_pdu	32	static
/home/tecna-smart-lab/GitHub/leather_gauge/Firmware/middlewares/nanoMODBUS/nanomodbus.c:2391:12:nmbs_receive_raw_pdu_response	40	static
/home/tecna-smart-lab/GitHub/leather_gauge/Firmware/middlewares/nanoMODBUS/nanomodbus.c:2419:13:nmbs_strerror	16	static
