Archive member included to satisfy reference by file (symbol)

C:/ST/STM32CubeIDE_2.0.0/STM32CubeIDE/plugins/com.st.stm32cube.ide.mcu.externaltools.gnu-tools-for-stm32.13.3.rel1.win32_1.0.100.202509120712/tools/bin/../lib/gcc/arm-none-eabi/13.3.1/../../../../arm-none-eabi/lib/thumb/v7-m/nofp\libstdc++_nano.a(guard.o)
                              ./Display_P10_App/App/Src/dmd_app.o (__cxa_guard_acquire)
C:/ST/STM32CubeIDE_2.0.0/STM32CubeIDE/plugins/com.st.stm32cube.ide.mcu.externaltools.gnu-tools-for-stm32.13.3.rel1.win32_1.0.100.202509120712/tools/bin/../lib/gcc/arm-none-eabi/13.3.1/../../../../arm-none-eabi/lib/thumb/v7-m/nofp\libc_nano.a(libc_a-exit.o)
                              C:/ST/STM32CubeIDE_2.0.0/STM32CubeIDE/plugins/com.st.stm32cube.ide.mcu.externaltools.gnu-tools-for-stm32.13.3.rel1.win32_1.0.100.202509120712/tools/bin/../lib/gcc/arm-none-eabi/13.3.1/../../../../arm-none-eabi/lib/thumb/v7-m/nofp/crt0.o (exit)
C:/ST/STM32CubeIDE_2.0.0/STM32CubeIDE/plugins/com.st.stm32cube.ide.mcu.externaltools.gnu-tools-for-stm32.13.3.rel1.win32_1.0.100.202509120712/tools/bin/../lib/gcc/arm-none-eabi/13.3.1/../../../../arm-none-eabi/lib/thumb/v7-m/nofp\libc_nano.a(libc_a-findfp.o)
                              ./Middlewares/Third_Party/FreeRTOS/Source/tasks.o (__sf)
C:/ST/STM32CubeIDE_2.0.0/STM32CubeIDE/plugins/com.st.stm32cube.ide.mcu.externaltools.gnu-tools-for-stm32.13.3.rel1.win32_1.0.100.202509120712/tools/bin/../lib/gcc/arm-none-eabi/13.3.1/../../../../arm-none-eabi/lib/thumb/v7-m/nofp\libc_nano.a(libc_a-fwalk.o)
                              C:/ST/STM32CubeIDE_2.0.0/STM32CubeIDE/plugins/com.st.stm32cube.ide.mcu.externaltools.gnu-tools-for-stm32.13.3.rel1.win32_1.0.100.202509120712/tools/bin/../lib/gcc/arm-none-eabi/13.3.1/../../../../arm-none-eabi/lib/thumb/v7-m/nofp\libc_nano.a(libc_a-findfp.o) (_fwalk_sglue)
C:/ST/STM32CubeIDE_2.0.0/STM32CubeIDE/plugins/com.st.stm32cube.ide.mcu.externaltools.gnu-tools-for-stm32.13.3.rel1.win32_1.0.100.202509120712/tools/bin/../lib/gcc/arm-none-eabi/13.3.1/../../../../arm-none-eabi/lib/thumb/v7-m/nofp\libc_nano.a(libc_a-stdio.o)
                              C:/ST/STM32CubeIDE_2.0.0/STM32CubeIDE/plugins/com.st.stm32cube.ide.mcu.externaltools.gnu-tools-for-stm32.13.3.rel1.win32_1.0.100.202509120712/tools/bin/../lib/gcc/arm-none-eabi/13.3.1/../../../../arm-none-eabi/lib/thumb/v7-m/nofp\libc_nano.a(libc_a-findfp.o) (__sread)
C:/ST/STM32CubeIDE_2.0.0/STM32CubeIDE/plugins/com.st.stm32cube.ide.mcu.externaltools.gnu-tools-for-stm32.13.3.rel1.win32_1.0.100.202509120712/tools/bin/../lib/gcc/arm-none-eabi/13.3.1/../../../../arm-none-eabi/lib/thumb/v7-m/nofp\libc_nano.a(libc_a-vsnprintf.o)
                              ./Display_P10_App/Components/at24cxx/interface/driver_at24cxx_interface.o (vsnprintf)
C:/ST/STM32CubeIDE_2.0.0/STM32CubeIDE/plugins/com.st.stm32cube.ide.mcu.externaltools.gnu-tools-for-stm32.13.3.rel1.win32_1.0.100.202509120712/tools/bin/../lib/gcc/arm-none-eabi/13.3.1/../../../../arm-none-eabi/lib/thumb/v7-m/nofp\libc_nano.a(libc_a-memcmp.o)
                              ./Display_P10_App/Components/nanoMODBUS/nanomodbus.o (memcmp)
C:/ST/STM32CubeIDE_2.0.0/STM32CubeIDE/plugins/com.st.stm32cube.ide.mcu.externaltools.gnu-tools-for-stm32.13.3.rel1.win32_1.0.100.202509120712/tools/bin/../lib/gcc/arm-none-eabi/13.3.1/../../../../arm-none-eabi/lib/thumb/v7-m/nofp\libc_nano.a(libc_a-memset.o)
                              C:/ST/STM32CubeIDE_2.0.0/STM32CubeIDE/plugins/com.st.stm32cube.ide.mcu.externaltools.gnu-tools-for-stm32.13.3.rel1.win32_1.0.100.202509120712/tools/bin/../lib/gcc/arm-none-eabi/13.3.1/../../../../arm-none-eabi/lib/thumb/v7-m/nofp/crt0.o (memset)
C:/ST/STM32CubeIDE_2.0.0/STM32CubeIDE/plugins/com.st.stm32cube.ide.mcu.externaltools.gnu-tools-for-stm32.13.3.rel1.win32_1.0.100.202509120712/tools/bin/../lib/gcc/arm-none-eabi/13.3.1/../../../../arm-none-eabi/lib/thumb/v7-m/nofp\libc_nano.a(libc_a-strncpy.o)
                              ./Display_P10_App/Components/at24cxx/driver_at24cxx.o (strncpy)
C:/ST/STM32CubeIDE_2.0.0/STM32CubeIDE/plugins/com.st.stm32cube.ide.mcu.externaltools.gnu-tools-for-stm32.13.3.rel1.win32_1.0.100.202509120712/tools/bin/../lib/gcc/arm-none-eabi/13.3.1/../../../../arm-none-eabi/lib/thumb/v7-m/nofp\libc_nano.a(libc_a-closer.o)
                              C:/ST/STM32CubeIDE_2.0.0/STM32CubeIDE/plugins/com.st.stm32cube.ide.mcu.externaltools.gnu-tools-for-stm32.13.3.rel1.win32_1.0.100.202509120712/tools/bin/../lib/gcc/arm-none-eabi/13.3.1/../../../../arm-none-eabi/lib/thumb/v7-m/nofp\libc_nano.a(libc_a-stdio.o) (_close_r)
C:/ST/STM32CubeIDE_2.0.0/STM32CubeIDE/plugins/com.st.stm32cube.ide.mcu.externaltools.gnu-tools-for-stm32.13.3.rel1.win32_1.0.100.202509120712/tools/bin/../lib/gcc/arm-none-eabi/13.3.1/../../../../arm-none-eabi/lib/thumb/v7-m/nofp\libc_nano.a(libc_a-reent.o)
                              ./Middlewares/Third_Party/FreeRTOS/Source/tasks.o (_reclaim_reent)
[...]
Memory Configuration

Name             Origin             Length             Attributes
RAM              0x20000000         0x00005000         xrw
FLASH            0x08000000         0x00010000         xr
*default*        0x00000000         0xffffffff

Linker script and memory map

LOAD C:/ST/STM32CubeIDE_2.0.0/STM32CubeIDE/plugins/com.st.stm32cube.ide.mcu.externaltools.gnu-tools-for-stm32.13.3.rel1.win32_1.0.100.202509120712/tools/bin/../lib/gcc/arm-none-eabi/13.3.1/thumb/v7-m/nofp/crti.o
LOAD C:/ST/STM32CubeIDE_2.0.0/STM32CubeIDE/plugins/com.st.stm32cube.ide.mcu.externaltools.gnu-tools-for-stm32.13.3.rel1.win32_1.0.100.202509120712/tools/bin/../lib/gcc/arm-none-eabi/13.3.1/thumb/v7-m/nofp/crtbegin.o
LOAD C:/ST/STM32CubeIDE_2.0.0/STM32CubeIDE/plugins/com.st.stm32cube.ide.mcu.externaltools.gnu-tools-for-stm32.13.3.rel1.win32_1.0.100.202509120712/tools/bin/../lib/gcc/arm-none-eabi/13.3.1/../../../../arm-none-eabi/lib/thumb/v7-m/nofp/crt0.o
LOAD ./Core/Src/dma.o
LOAD ./Core/Src/freertos.o
LOAD ./Core/Src/gpio.o
LOAD ./Core/Src/i2c.o
LOAD ./Core/Src/main.o
LOAD ./Core/Src/spi.o
LOAD ./Core/Src/stm32f1xx_hal_msp.o
LOAD ./Core/Src/stm32f1xx_it.o
LOAD ./Core/Src/syscalls.o
LOAD ./Core/Src/sysmem.o
LOAD ./Core/Src/system_stm32f1xx.o
LOAD ./Core/Src/tim.o
LOAD ./Core/Src/usart.o
LOAD ./Core/Startup/startup_stm32f103c8tx.o
LOAD ./Display_P10_App/App/Src/dmd_app.o
LOAD ./Display_P10_App/App/Src/dmd_lwprintf_out_fn.o
LOAD ./Display_P10_App/App/Src/modbus_server_app.o
LOAD ./Display_P10_App/Components/at24cxx/driver_at24cxx.o
LOAD ./Display_P10_App/Components/at24cxx/interface/driver_at24cxx_interface.o
LOAD ./Display_P10_App/Components/dmd/Bitmap.o
LOAD ./Display_P10_App/Components/dmd/dmd.o
LOAD ./Display_P10_App/Components/lwprintf/src/lwprintf/lwprintf.o
LOAD ./Display_P10_App/Components/lwprintf/src/system/lwprintf_sys_cmsis_os.o
LOAD ./Display_P10_App/Components/lwrb/src/lwrb/lwrb.o
LOAD ./Display_P10_App/Components/lwrb/src/lwrb/lwrb_ex.o
LOAD ./Display_P10_App/Components/nanoMODBUS/nanomodbus.o
LOAD ./Drivers/STM32F1xx_HAL_Driver/Src/stm32f1xx_hal.o
LOAD ./Drivers/STM32F1xx_HAL_Driver/Src/stm32f1xx_hal_cortex.o
LOAD ./Drivers/STM32F1xx_HAL_Driver/Src/stm32f1xx_hal_dma.o
LOAD ./Drivers/STM32F1xx_HAL_Driver/Src/stm32f1xx_hal_exti.o
LOAD ./Drivers/STM32F1xx_HAL_Driver/Src/stm32f1xx_hal_flash.o
LOAD ./Drivers/STM32F1xx_HAL_Driver/Src/stm32f1xx_hal_flash_ex.o
LOAD ./Drivers/STM32F1xx_HAL_Driver/Src/stm32f1xx_hal_gpio.o
LOAD ./Drivers/STM32F1xx_HAL_Driver/Src/stm32f1xx_hal_gpio_ex.o
LOAD ./Drivers/STM32F1xx_HAL_Driver/Src/stm32f1xx_hal_i2c.o
LOAD ./Drivers/STM32F1xx_HAL_Driver/Src/stm32f1xx_hal_pwr.o
LOAD ./Drivers/STM32F1xx_HAL_Driver/Src/stm32f1xx_hal_rcc.o
LOAD ./Drivers/STM32F1xx_HAL_Driver/Src/stm32f1xx_hal_rcc_ex.o
LOAD ./Drivers/STM32F1xx_HAL_Driver/Src/stm32f1xx_hal_spi.o
LOAD ./Drivers/STM32F1xx_HAL_Driver/Src/stm32f1xx_hal_tim.o
LOAD ./Drivers/STM32F1xx_HAL_Driver/Src/stm32f1xx_hal_tim_ex.o
LOAD ./Drivers/STM32F1xx_HAL_Driver/Src/stm32f1xx_hal_uart.o
LOAD ./Middlewares/Third_Party/FreeRTOS/Source/CMSIS_RTOS/cmsis_os.o
LOAD ./Middlewares/Third_Party/FreeRTOS/Source/croutine.o
LOAD ./Middlewares/Third_Party/FreeRTOS/Source/event_groups.o
LOAD ./Middlewares/Third_Party/FreeRTOS/Source/list.o
LOAD ./Middlewares/Third_Party/FreeRTOS/Source/queue.o
LOAD ./Middlewares/Third_Party/FreeRTOS/Source/stream_buffer.o
LOAD ./Middlewares/Third_Party/FreeRTOS/Source/tasks.o
LOAD ./Middlewares/Third_Party/FreeRTOS/Source/timers.o
LOAD ./Middlewares/Third_Party/FreeRTOS/Source/portable/GCC/ARM_CM3/port.o
LOAD ./Middlewares/Third_Party/FreeRTOS/Source/portable/MemMang/heap_4.o
START GROUP
LOAD C:/ST/STM32CubeIDE_2.0.0/STM32CubeIDE/plugins/com.st.stm32cube.ide.mcu.externaltools.gnu-tools-for-stm32.13.3.rel1.win32_1.0.100.202509120712/tools/bin/../lib/gcc/arm-none-eabi/13.3.1/../../../../arm-none-eabi/lib/thumb/v7-m/nofp\libstdc++_nano.a
LOAD C:/ST/STM32CubeIDE_2.0.0/STM32CubeIDE/plugins/com.st.stm32cube.ide.mcu.externaltools.gnu-tools-for-stm32.13.3.rel1.win32_1.0.100.202509120712/tools/bin/../lib/gcc/arm-none-eabi/13.3.1/../../../../arm-none-eabi/lib/thumb/v7-m/nofp\libsupc++_nano.a
END GROUP
LOAD C:/ST/STM32CubeIDE_2.0.0/STM32CubeIDE/plugins/com.st.stm32cube.ide.mcu.externaltools.gnu-tools-for-stm32.13.3.rel1.win32_1.0.100.202509120712/tools/bin/../lib/gcc/arm-none-eabi/13.3.1/../../../../arm-none-eabi/lib/thumb/v7-m/nofp\libstdc++_nano.a
LOAD C:/ST/STM32CubeIDE_2.0.0/STM32CubeIDE/plugins/com.st.stm32cube.ide.mcu.externaltools.gnu-tools-for-stm32.13.3.rel1.win32_1.0.100.202509120712/tools/bin/../lib/gcc/arm-none-eabi/13.3.1/../../../../arm-none-eabi/lib/thumb/v7-m/nofp\libm.a
LOAD C:/ST/STM32CubeIDE_2.0.0/STM32CubeIDE/plugins/com.st.stm32cube.ide.mcu.externaltools.gnu-tools-for-stm32.13.3.rel1.win32_1.0.100.202509120712/tools/bin/../lib/gcc/arm-none-eabi/13.3.1/../../../../arm-none-eabi/lib/thumb/v7-m/nofp\libc_nano.a
START GROUP
LOAD C:/ST/STM32CubeIDE_2.0.0/STM32CubeIDE/plugins/com.st.stm32cube.ide.mcu.externaltools.gnu-tools-for-stm32.13.3.rel1.win32_1.0.100.202509120712/tools/bin/../lib/gcc/arm-none-eabi/13.3.1/thumb/v7-m/nofp\libgcc.a
LOAD C:/ST/STM32CubeIDE_2.0.0/STM32CubeIDE/plugins/com.st.stm32cube.ide.mcu.externaltools.gnu-tools-for-stm32.13.3.rel1.win32_1.0.100.202509120712/tools/bin/../lib/gcc/arm-none-eabi/13.3.1/../../../../arm-none-eabi/lib/thumb/v7-m/nofp\libc_nano.a
END GROUP
START GROUP
LOAD C:/ST/STM32CubeIDE_2.0.0/STM32CubeIDE/plugins/com.st.stm32cube.ide.mcu.externaltools.gnu-tools-for-stm32.13.3.rel1.win32_1.0.100.202509120712/tools/bin/../lib/gcc/arm-none-eabi/13.3.1/thumb/v7-m/nofp\libgcc.a
LOAD C:/ST/STM32CubeIDE_2.0.0/STM32CubeIDE/plugins/com.st.stm32cube.ide.mcu.externaltools.gnu-tools-for-stm32.13.3.rel1.win32_1.0.100.202509120712/tools/bin/../lib/gcc/arm-none-eabi/13.3.1/../../../../arm-none-eabi/lib/thumb/v7-m/nofp\libc_nano.a
END GROUP
LOAD C:/ST/STM32CubeIDE_2.0.0/STM32CubeIDE/plugins/com.st.stm32cube.ide.mcu.externaltools.gnu-tools-for-stm32.13.3.rel1.win32_1.0.100.202509120712/tools/bin/../lib/gcc/arm-none-eabi/13.3.1/thumb/v7-m/nofp/crtend.o
LOAD C:/ST/STM32CubeIDE_2.0.0/STM32CubeIDE/plugins/com.st.stm32cube.ide.mcu.externaltools.gnu-tools-for-stm32.13.3.rel1.win32_1.0.100.202509120712/tools/bin/../lib/gcc/arm-none-eabi/13.3.1/thumb/v7-m/nofp/crtn.o
                0x20005000                        _estack = (ORIGIN (RAM) + LENGTH (RAM))
                0x00000200                        _Min_Heap_Size = 0x200
                0x00000400                        _Min_Stack_Size = 0x400

.isr_vector     0x08000000      0x10c
                0x08000000                        . = ALIGN (0x4)
 *(.isr_vector)
 .isr_vector    0x08000000      0x10c ./Core/Startup/startup_stm32f103c8tx.o
                0x08000000                g_pfnVectors
                0x0800010c                        . = ALIGN (0x4)

.text           0x08000110     0xb7f8
                0x08000110                        . = ALIGN (0x4)
 *(.text)
 .text          0x08000110       0x40 C:/ST/STM32CubeIDE_2.0.0/STM32CubeIDE/plugins/com.st.stm32cube.ide.mcu.externaltools.gnu-tools-for-stm32.13.3.rel1.win32_1.0.100.202509120712/tools/bin/../lib/gcc/arm-none-eabi/13.3.1/thumb/v7-m/nofp/crtbegin.o
 .text          0x08000150       0x10 C:/ST/STM32CubeIDE_2.0.0/STM32CubeIDE/plugins/com.st.stm32cube.ide.mcu.externaltools.gnu-tools-for-stm32.13.3.rel1.win32_1.0.100.202509120712/tools/bin/../lib/gcc/arm-none-eabi/13.3.1/../../../../arm-none-eabi/lib/thumb/v7-m/nofp\libc_nano.a(libc_a-strlen.o)
                0x08000150                strlen
 .text          0x08000160      0x378 C:/ST/STM32CubeIDE_2.0.0/STM32CubeIDE/plugins/com.st.stm32cube.ide.mcu.externaltools.gnu-tools-for-stm32.13.3.rel1.win32_1.0.100.202509120712/tools/bin/../lib/gcc/arm-none-eabi/13.3.1/thumb/v7-m/nofp\libgcc.a(_arm_addsubdf3.o)
                0x08000160                __aeabi_drsub
                0x08000168                __aeabi_dsub
                0x08000168                __subdf3
                0x0800016c                __aeabi_dadd
                0x0800016c                __adddf3
                0x080003e4                __floatunsidf
                0x080003e4                __aeabi_ui2d
                0x08000404                __floatsidf
                0x08000404                __aeabi_i2d
                0x08000428                __aeabi_f2d
                0x08000428                __extendsfdf2
                0x0800046c                __floatundidf
                0x0800046c                __aeabi_ul2d
                0x0800047c                __floatdidf
                0x0800047c                __aeabi_l2d
 .text          0x080004d8      0x424 C:/ST/STM32CubeIDE_2.0.0/STM32CubeIDE/plugins/com.st.stm32cube.ide.mcu.externaltools.gnu-tools-for-stm32.13.3.rel1.win32_1.0.100.202509120712/tools/bin/../lib/gcc/arm-none-eabi/13.3.1/thumb/v7-m/nofp\libgcc.a(_arm_muldivdf3.o)
                0x080004d8                __aeabi_dmul
                0x080004d8                __muldf3
                0x0800072c                __divdf3
                0x0800072c                __aeabi_ddiv
 .text          0x080008fc      0x110 C:/ST/STM32CubeIDE_2.0.0/STM32CubeIDE/plugins/com.st.stm32cube.ide.mcu.externaltools.gnu-tools-for-stm32.13.3.rel1.win32_1.0.100.202509120712/tools/bin/../lib/gcc/arm-none-eabi/13.3.1/thumb/v7-m/nofp\libgcc.a(_arm_cmpdf2.o)
                0x080008fc                __gtdf2
                0x080008fc                __gedf2
                0x08000904                __ltdf2
                0x08000904                __ledf2
                0x0800090c                __nedf2
                0x0800090c                __eqdf2
                0x0800090c                __cmpdf2
                0x08000988                __aeabi_cdrcmple
                0x08000998                __aeabi_cdcmpeq
                0x08000998                __aeabi_cdcmple
                0x080009a8                __aeabi_dcmpeq
                0x080009bc                __aeabi_dcmplt
                0x080009d0                __aeabi_dcmple
                0x080009e4                __aeabi_dcmpge
                0x080009f8                __aeabi_dcmpgt
 .text          0x08000a0c      0x21c C:/ST/STM32CubeIDE_2.0.0/STM32CubeIDE/plugins/com.st.stm32cube.ide.mcu.externaltools.gnu-tools-for-stm32.13.3.rel1.win32_1.0.100.202509120712/tools/bin/../lib/gcc/arm-none-eabi/13.3.1/thumb/v7-m/nofp\libgcc.a(_arm_addsubsf3.o)
                0x08000a0c                __aeabi_frsub
                0x08000a14                __subsf3
                0x08000a14                __aeabi_fsub
                0x08000a18                __aeabi_fadd
                0x08000a18                __addsf3
                0x08000b78                __aeabi_ui2f
                0x08000b78                __floatunsisf
                0x08000b80                __aeabi_i2f
                0x08000b80                __floatsisf
                0x08000b9c                __aeabi_ul2f
                0x08000b9c                __floatundisf
                0x08000bac                __aeabi_l2f
                0x08000bac                __floatdisf
 .text          0x08000c28      0x2a0 C:/ST/STM32CubeIDE_2.0.0/STM32CubeIDE/plugins/com.st.stm32cube.ide.mcu.externaltools.gnu-tools-for-stm32.13.3.rel1.win32_1.0.100.202509120712/tools/bin/../lib/gcc/arm-none-eabi/13.3.1/thumb/v7-m/nofp\libgcc.a(_arm_muldivsf3.o)
                0x08000c28                __mulsf3
                0x08000c28                __aeabi_fmul
                0x08000d90                __aeabi_fdiv
                0x08000d90                __divsf3
 .text          0x08000ec8       0x30 C:/ST/STM32CubeIDE_2.0.0/STM32CubeIDE/plugins/com.st.stm32cube.ide.mcu.externaltools.gnu-tools-for-stm32.13.3.rel1.win32_1.0.100.202509120712/tools/bin/../lib/gcc/arm-none-eabi/13.3.1/thumb/v7-m/nofp\libgcc.a(_aeabi_uldivmod.o)
                0x08000ec8                __aeabi_uldivmod
 .text          0x08000ef8       0x30 C:/ST/STM32CubeIDE_2.0.0/STM32CubeIDE/plugins/com.st.stm32cube.ide.mcu.externaltools.gnu-tools-for-stm32.13.3.rel1.win32_1.0.100.202509120712/tools/bin/../lib/gcc/arm-none-eabi/13.3.1/thumb/v7-m/nofp\libgcc.a(_fixdfdi.o)
                0x08000ef8                __fixdfdi
                0x08000ef8                __aeabi_d2lz
 .text          0x08000f28       0x3c C:/ST/STM32CubeIDE_2.0.0/STM32CubeIDE/plugins/com.st.stm32cube.ide.mcu.externaltools.gnu-tools-for-stm32.13.3.rel1.win32_1.0.100.202509120712/tools/bin/../lib/gcc/arm-none-eabi/13.3.1/thumb/v7-m/nofp\libgcc.a(_fixunsdfdi.o)
                0x08000f28                __fixunsdfdi
                0x08000f28                __aeabi_d2ulz
 .text          0x08000f64      0x300 C:/ST/STM32CubeIDE_2.0.0/STM32CubeIDE/plugins/com.st.stm32cube.ide.mcu.externaltools.gnu-tools-for-stm32.13.3.rel1.win32_1.0.100.202509120712/tools/bin/../lib/gcc/arm-none-eabi/13.3.1/thumb/v7-m/nofp\libgcc.a(_udivmoddi4.o)
                0x08000f64                __udivmoddi4
 .text          0x08001264        0x4 C:/ST/STM32CubeIDE_2.0.0/STM32CubeIDE/plugins/com.st.stm32cube.ide.mcu.externaltools.gnu-tools-for-stm32.13.3.rel1.win32_1.0.100.202509120712/tools/bin/../lib/gcc/arm-none-eabi/13.3.1/thumb/v7-m/nofp\libgcc.a(_dvmd_tls.o)
                0x08001264                __aeabi_idiv0
                0x08001264                __aeabi_ldiv0
 .text          0x08001268       0x40 C:/ST/STM32CubeIDE_2.0.0/STM32CubeIDE/plugins/com.st.stm32cube.ide.mcu.externaltools.gnu-tools-for-stm32.13.3.rel1.win32_1.0.100.202509120712/tools/bin/../lib/gcc/arm-none-eabi/13.3.1/thumb/v7-m/nofp\libgcc.a(_arm_fixunsdfsi.o)
                0x08001268                __aeabi_d2uiz
                0x08001268                __fixunsdfsi
 *(.text*)
 .text.MX_DMA_Init
                0x080012a8       0x34 ./Core/Src/dma.o
                0x080012a8                MX_DMA_Init
 .text.MX_FREERTOS_Init
                0x080012dc       0x98 ./Core/Src/freertos.o
                0x080012dc                MX_FREERTOS_Init
 .text.MX_GPIO_Init
                0x08001374       0xb4 ./Core/Src/gpio.o
                0x08001374                MX_GPIO_Init
 .text.MX_I2C2_Init
                0x08001428       0x3c ./Core/Src/i2c.o
                0x08001428                MX_I2C2_Init
 .text.HAL_I2C_MspInit
                0x08001464       0x64 ./Core/Src/i2c.o
                0x08001464                HAL_I2C_MspInit
 .text.HAL_I2C_MspDeInit
                0x080014c8       0x3c ./Core/Src/i2c.o
                0x080014c8                HAL_I2C_MspDeInit
 .text.SystemClock_Config
                0x08001504       0x62 ./Core/Src/main.o
                0x08001504                SystemClock_Config
 *fill*         0x08001566        0x2 
 .text.main     0x08001568       0x3c ./Core/Src/main.o
                0x08001568                main
 .text.Error_Handler
                0x080015a4        0x4 ./Core/Src/main.o
                0x080015a4                Error_Handler
 .text.MX_SPI1_Init
                0x080015a8       0x44 ./Core/Src/spi.o
                0x080015a8                MX_SPI1_Init
 .text.HAL_SPI_MspInit
                0x080015ec       0x64 ./Core/Src/spi.o
                0x080015ec                HAL_SPI_MspInit
 .text.HAL_MspInit
                0x08001650       0x54 ./Core/Src/stm32f1xx_hal_msp.o
                0x08001650                HAL_MspInit
 .text.NMI_Handler
                0x080016a4        0x2 ./Core/Src/stm32f1xx_it.o
                0x080016a4                NMI_Handler
 .text.HardFault_Handler
                0x080016a6        0x2 ./Core/Src/stm32f1xx_it.o
                0x080016a6                HardFault_Handler
 .text.MemManage_Handler
                0x080016a8        0x2 ./Core/Src/stm32f1xx_it.o
                0x080016a8                MemManage_Handler
 .text.BusFault_Handler
                0x080016aa        0x2 ./Core/Src/stm32f1xx_it.o
                0x080016aa                BusFault_Handler
 .text.UsageFault_Handler
                0x080016ac        0x2 ./Core/Src/stm32f1xx_it.o
                0x080016ac                UsageFault_Handler
 .text.DebugMon_Handler
                0x080016ae        0x2 ./Core/Src/stm32f1xx_it.o
                0x080016ae                DebugMon_Handler
 .text.SysTick_Handler
                0x080016b0       0x16 ./Core/Src/stm32f1xx_it.o
                0x080016b0                SysTick_Handler
 *fill*         0x080016c6        0x2 
 .text.DMA1_Channel5_IRQHandler
                0x080016c8       0x10 ./Core/Src/stm32f1xx_it.o
                0x080016c8                DMA1_Channel5_IRQHandler
 .text.TIM4_IRQHandler
                0x080016d8       0x10 ./Core/Src/stm32f1xx_it.o
                0x080016d8                TIM4_IRQHandler
 .text.USART1_IRQHandler
                0x080016e8       0x10 ./Core/Src/stm32f1xx_it.o
                0x080016e8                USART1_IRQHandler
 .text._sbrk    0x080016f8       0x48 ./Core/Src/sysmem.o
                0x080016f8                _sbrk
 .text.SystemInit
                0x08001740        0x2 ./Core/Src/system_stm32f1xx.o
                0x08001740                SystemInit
 *fill*         0x08001742        0x2 
 .text.MX_TIM4_Init
                0x08001744       0x70 ./Core/Src/tim.o
                0x08001744                MX_TIM4_Init
 .text.HAL_TIM_PWM_MspInit
                0x080017b4       0x26 ./Core/Src/tim.o
                0x080017b4                HAL_TIM_PWM_MspInit
 *fill*         0x080017da        0x2 
 .text.HAL_TIM_Base_MspInit
                0x080017dc       0x40 ./Core/Src/tim.o
                0x080017dc                HAL_TIM_Base_MspInit
 .text.HAL_TIM_MspPostInit
                0x0800181c       0x48 ./Core/Src/tim.o
                0x0800181c                HAL_TIM_MspPostInit
 .text.MX_TIM2_Init
                0x08001864       0x84 ./Core/Src/tim.o
                0x08001864                MX_TIM2_Init
 .text.MX_USART1_UART_Init
                0x080018e8       0x34 ./Core/Src/usart.o
                0x080018e8                MX_USART1_UART_Init
 .text.HAL_UART_MspInit
                0x0800191c       0xbc ./Core/Src/usart.o
                0x0800191c                HAL_UART_MspInit
 .text.HAL_UART_MspDeInit
                0x080019d8       0x3c ./Core/Src/usart.o
                0x080019d8                HAL_UART_MspDeInit
 .text.Reset_Handler
                0x08001a14       0x48 ./Core/Startup/startup_stm32f103c8tx.o
                0x08001a14                Reset_Handler
 .text.Default_Handler
                0x08001a5c        0x2 ./Core/Startup/startup_stm32f103c8tx.o
                0x08001a5c                RTC_Alarm_IRQHandler
                0x08001a5c                EXTI2_IRQHandler
                0x08001a5c                TIM1_CC_IRQHandler
                0x08001a5c                PVD_IRQHandler
                0x08001a5c                EXTI3_IRQHandler
                0x08001a5c                EXTI0_IRQHandler
                0x08001a5c                I2C2_EV_IRQHandler
                0x08001a5c                ADC1_2_IRQHandler
                0x08001a5c                SPI1_IRQHandler
                0x08001a5c                TAMPER_IRQHandler
                0x08001a5c                DMA1_Channel4_IRQHandler
                0x08001a5c                USART3_IRQHandler
                0x08001a5c                RTC_IRQHandler
                0x08001a5c                DMA1_Channel7_IRQHandler
                0x08001a5c                CAN1_RX1_IRQHandler
                0x08001a5c                I2C1_EV_IRQHandler
                0x08001a5c                DMA1_Channel6_IRQHandler
                0x08001a5c                TIM3_IRQHandler
                0x08001a5c                RCC_IRQHandler
                0x08001a5c                TIM1_TRG_COM_IRQHandler
                0x08001a5c                DMA1_Channel1_IRQHandler
                0x08001a5c                Default_Handler
                0x08001a5c                EXTI15_10_IRQHandler
                0x08001a5c                EXTI9_5_IRQHandler
                0x08001a5c                SPI2_IRQHandler
                0x08001a5c                EXTI4_IRQHandler
                0x08001a5c                USB_LP_CAN1_RX0_IRQHandler
                0x08001a5c                USB_HP_CAN1_TX_IRQHandler
                0x08001a5c                DMA1_Channel3_IRQHandler
                0x08001a5c                TIM1_UP_IRQHandler
                0x08001a5c                WWDG_IRQHandler
                0x08001a5c                TIM2_IRQHandler
                0x08001a5c                TIM1_BRK_IRQHandler
                0x08001a5c                EXTI1_IRQHandler
                0x08001a5c                USART2_IRQHandler
                0x08001a5c                I2C2_ER_IRQHandler
                0x08001a5c                DMA1_Channel2_IRQHandler
                0x08001a5c                CAN1_SCE_IRQHandler
                0x08001a5c                FLASH_IRQHandler
                0x08001a5c                I2C1_ER_IRQHandler
                0x08001a5c                USBWakeUp_IRQHandler
 *fill*         0x08001a5e        0x2 
 .text.display_p10_main_task_entry
                0x08001a60      0x454 ./Display_P10_App/App/Src/dmd_app.o
                0x08001a60                display_p10_main_task_entry
 .text.display_p10_udapte_task_entry
                0x08001eb4       0x20 ./Display_P10_App/App/Src/dmd_app.o
                0x08001eb4                display_p10_udapte_task_entry
 .text.HAL_TIM_PeriodElapsedCallback
                0x08001ed4       0x10 ./Display_P10_App/App/Src/dmd_app.o
                0x08001ed4                HAL_TIM_PeriodElapsedCallback
 .text._GLOBAL__sub_I_display
                0x08001ee4       0x14 ./Display_P10_App/App/Src/dmd_app.o
 .text._GLOBAL__sub_D_display
                0x08001ef8       0x10 ./Display_P10_App/App/Src/dmd_app.o
 .text.dmd_lwprintf_out
                0x08001f08       0x3a ./Display_P10_App/App/Src/dmd_lwprintf_out_fn.o
                0x08001f08                dmd_lwprintf_out
 *fill*         0x08001f42        0x2 
 .text._ZL25modbus_server_data_updatev
                0x08001f44       0x44 ./Display_P10_App/App/Src/modbus_server_app.o
 .text._Z30handler_read_holding_registersttPthPv
                0x08001f88       0x3c ./Display_P10_App/App/Src/modbus_server_app.o
                0x08001f88                handler_read_holding_registers(unsigned short, unsigned short, unsigned short*, unsigned char, void*)
 .text._Z15modbus_rtu_readPhtlPv
                0x08001fc4       0x70 ./Display_P10_App/App/Src/modbus_server_app.o
                0x08001fc4                modbus_rtu_read(unsigned char*, unsigned short, long, void*)
 .text._Z16modbus_rtu_writePKhtlPv
                0x08002034       0x34 ./Display_P10_App/App/Src/modbus_server_app.o
                0x08002034                modbus_rtu_write(unsigned char const*, unsigned short, long, void*)
 .text.HAL_UART_ErrorCallback
                0x08002068       0x10 ./Display_P10_App/App/Src/modbus_server_app.o
                0x08002068                HAL_UART_ErrorCallback
 .text.HAL_UART_RxCpltCallback
                0x08002078       0x68 ./Display_P10_App/App/Src/modbus_server_app.o
                0x08002078                HAL_UART_RxCpltCallback
 .text.HAL_UARTEx_RxEventCallback
                0x080020e0       0x68 ./Display_P10_App/App/Src/modbus_server_app.o
                0x080020e0                HAL_UARTEx_RxEventCallback
 .text._Z16USART1_UART_Initm
                0x08002148       0x34 ./Display_P10_App/App/Src/modbus_server_app.o
                0x08002148                USART1_UART_Init(unsigned long)
 .text.modbusServerRTU_Task
                0x0800217c      0x138 ./Display_P10_App/App/Src/modbus_server_app.o
                0x0800217c                modbusServerRTU_Task
 .text._Z21modbus_rtu_write_datatt
                0x080022b4      0x150 ./Display_P10_App/App/Src/modbus_server_app.o
                0x080022b4                modbus_rtu_write_data(unsigned short, unsigned short)
 .text._Z31handle_write_multiple_registersttPKthPv
                0x08002404       0x3c ./Display_P10_App/App/Src/modbus_server_app.o
                0x08002404                handle_write_multiple_registers(unsigned short, unsigned short, unsigned short const*, unsigned char, void*)
 .text._Z28handle_write_single_registertthPv
                0x08002440       0x1c ./Display_P10_App/App/Src/modbus_server_app.o
                0x08002440                handle_write_single_register(unsigned short, unsigned short, unsigned char, void*)
 .text.at24cxx_init
                0x0800245c       0xa0 ./Display_P10_App/Components/at24cxx/driver_at24cxx.o
                0x0800245c                at24cxx_init
 .text.at24cxx_set_type
                0x080024fc        0xc ./Display_P10_App/Components/at24cxx/driver_at24cxx.o
                0x080024fc                at24cxx_set_type
 .text.at24cxx_set_addr_pin
                0x08002508       0x12 ./Display_P10_App/Components/at24cxx/driver_at24cxx.o
                0x08002508                at24cxx_set_addr_pin
 *fill*         0x0800251a        0x2 
 .text.at24cxx_read
                0x0800251c       0xe0 ./Display_P10_App/Components/at24cxx/driver_at24cxx.o
                0x0800251c                at24cxx_read
 .text.at24cxx_write
                0x080025fc      0x100 ./Display_P10_App/Components/at24cxx/driver_at24cxx.o
                0x080025fc                at24cxx_write
 .text.at24cxx_interface_iic_init
                0x080026fc        0xa ./Display_P10_App/Components/at24cxx/interface/driver_at24cxx_interface.o
                0x080026fc                at24cxx_interface_iic_init
 *fill*         0x08002706        0x2 
 .text.at24cxx_interface_iic_deinit
                0x08002708       0x10 ./Display_P10_App/Components/at24cxx/interface/driver_at24cxx_interface.o
                0x08002708                at24cxx_interface_iic_deinit
 .text.at24cxx_interface_iic_read
                0x08002718       0x20 ./Display_P10_App/Components/at24cxx/interface/driver_at24cxx_interface.o
                0x08002718                at24cxx_interface_iic_read
 .text.at24cxx_interface_iic_write
                0x08002738       0x20 ./Display_P10_App/Components/at24cxx/interface/driver_at24cxx_interface.o
                0x08002738                at24cxx_interface_iic_write
 .text.at24cxx_interface_iic_read_address16
                0x08002758       0x20 ./Display_P10_App/Components/at24cxx/interface/driver_at24cxx_interface.o
                0x08002758                at24cxx_interface_iic_read_address16
 .text.at24cxx_interface_iic_write_address16
                0x08002778       0x20 ./Display_P10_App/Components/at24cxx/interface/driver_at24cxx_interface.o
                0x08002778                at24cxx_interface_iic_write_address16
 .text.at24cxx_interface_delay_ms
                0x08002798        0x8 ./Display_P10_App/Components/at24cxx/interface/driver_at24cxx_interface.o
                0x08002798                at24cxx_interface_delay_ms
 .text.at24cxx_interface_debug_print
                0x080027a0       0x7a ./Display_P10_App/Components/at24cxx/interface/driver_at24cxx_interface.o
                0x080027a0                at24cxx_interface_debug_print
 .text._ZN6BitmapC2Eii
                0x0800281a       0x36 ./Display_P10_App/Components/dmd/Bitmap.o
                0x0800281a                Bitmap::Bitmap(int, int)
                0x0800281a                Bitmap::Bitmap(int, int)
 .text._ZN6BitmapD2Ev
                0x08002850       0x10 ./Display_P10_App/Components/dmd/Bitmap.o
                0x08002850                Bitmap::~Bitmap()
                0x08002850                Bitmap::~Bitmap()
 .text._ZN6Bitmap11clearScreenEv
                0x08002860       0x14 ./Display_P10_App/Components/dmd/Bitmap.o
                0x08002860                Bitmap::clearScreen()
 .text._ZN6Bitmap8setPixelEiih
                0x08002874       0x48 ./Display_P10_App/Components/dmd/Bitmap.o
                0x08002874                Bitmap::setPixel(int, int, unsigned char)
 .text._ZN6Bitmap8drawLineEiiiih
                0x080028bc       0xda ./Display_P10_App/Components/dmd/Bitmap.o
                0x080028bc                Bitmap::drawLine(int, int, int, int, unsigned char)
 .text._ZN6Bitmap7setFontEPKh
                0x08002996        0x4 ./Display_P10_App/Components/dmd/Bitmap.o
                0x08002996                Bitmap::setFont(unsigned char const*)
 .text._ZNK6Bitmap12getCharWidthEc
                0x0800299a       0x3c ./Display_P10_App/Components/dmd/Bitmap.o
                0x0800299a                Bitmap::getCharWidth(char) const
 .text._ZN6Bitmap4fillEiiiih
                0x080029d6       0x48 ./Display_P10_App/Components/dmd/Bitmap.o
                0x080029d6                Bitmap::fill(int, int, int, int, unsigned char)
 .text._ZN6Bitmap8drawRectEiiiihh
                0x08002a1e       0xee ./Display_P10_App/Components/dmd/Bitmap.o
                0x08002a1e                Bitmap::drawRect(int, int, int, int, unsigned char, unsigned char)
 .text._ZN6Bitmap8drawCharEiic
                0x08002b0c      0x164 ./Display_P10_App/Components/dmd/Bitmap.o
                0x08002b0c                Bitmap::drawChar(int, int, char)
 .text._ZN6Bitmap10drawStringEiiPKci
                0x08002c70       0x68 ./Display_P10_App/Components/dmd/Bitmap.o
                0x08002c70                Bitmap::drawString(int, int, char const*, int)
 .text._ZN6DMDESPC2Eii
                0x08002cd8       0x84 ./Display_P10_App/Components/dmd/dmd.o
                0x08002cd8                DMDESP::DMDESP(int, int)
                0x08002cd8                DMDESP::DMDESP(int, int)
 .text._ZN6DMDESPD2Ev
                0x08002d5c       0x22 ./Display_P10_App/Components/dmd/dmd.o
                0x08002d5c                DMDESP::~DMDESP()
                0x08002d5c                DMDESP::~DMDESP()
 .text._ZN6DMDESP16setConnectSchemeEh
                0x08002d7e        0x6 ./Display_P10_App/Components/dmd/dmd.o
                0x08002d7e                DMDESP::setConnectScheme(unsigned char)
 .text._ZN6DMDESP9mutexTakeEl
                0x08002d84       0x12 ./Display_P10_App/Components/dmd/dmd.o
                0x08002d84                DMDESP::mutexTake(long)
 .text._ZN6DMDESP12mutexReleaseEv
                0x08002d96       0x10 ./Display_P10_App/Components/dmd/dmd.o
                0x08002d96                DMDESP::mutexRelease()
 .text._ZN6DMDESP10updateFlagEv
                0x08002da6       0x46 ./Display_P10_App/Components/dmd/dmd.o
                0x08002da6                DMDESP::updateFlag()
 .text._ZN6DMDESP7refreshEv
                0x08002dec      0x1d0 ./Display_P10_App/Components/dmd/dmd.o
                0x08002dec                DMDESP::refresh()
 .text._ZN6DMDESP4loopEv
                0x08002fbc       0x34 ./Display_P10_App/Components/dmd/dmd.o
                0x08002fbc                DMDESP::loop()
 .text._ZN6DMDESP5startEv
                0x08002ff0       0x10 ./Display_P10_App/Components/dmd/dmd.o
                0x08002ff0                DMDESP::start()
 .text._ZN6DMDESP13setBrightnessEh
                0x08003000       0x10 ./Display_P10_App/Components/dmd/dmd.o
                0x08003000                DMDESP::setBrightness(unsigned char)
 .text.prv_out_fn_print
                0x08003010       0x36 ./Display_P10_App/Components/lwprintf/src/lwprintf/lwprintf.o
 .text.prv_out_fn_write_buff
                0x08003046       0x28 ./Display_P10_App/Components/lwprintf/src/lwprintf/lwprintf.o
 *fill*         0x0800306e        0x2 
 .text.prv_out_str_before
                0x08003070      0x188 ./Display_P10_App/Components/lwprintf/src/lwprintf/lwprintf.o
 .text.prv_out_str_after
                0x080031f8       0x2e ./Display_P10_App/Components/lwprintf/src/lwprintf/lwprintf.o
 .text.prv_out_str
                0x08003226       0x30 ./Display_P10_App/Components/lwprintf/src/lwprintf/lwprintf.o
 .text.prv_unsigned_int_to_str
                0x08003256       0xb8 ./Display_P10_App/Components/lwprintf/src/lwprintf/lwprintf.o
 .text.prv_unsigned_long_int_to_str
                0x0800330e       0xb8 ./Display_P10_App/Components/lwprintf/src/lwprintf/lwprintf.o
 .text.prv_unsigned_longlong_int_to_str
                0x080033c6      0x13c ./Display_P10_App/Components/lwprintf/src/lwprintf/lwprintf.o
 *fill*         0x08003502        0x6 
 .text.prv_calculate_dbl_num_data
                0x08003508      0x2f4 ./Display_P10_App/Components/lwprintf/src/lwprintf/lwprintf.o
 .text.prv_strnlen
                0x080037fc       0x26 ./Display_P10_App/Components/lwprintf/src/lwprintf/lwprintf.o
                0x080037fc                prv_strnlen
 *fill*         0x08003822        0x6 
 .text.prv_format
                0x08003828     0x12dc ./Display_P10_App/Components/lwprintf/src/lwprintf/lwprintf.o
 .text.lwprintf_init_ex
                0x08004b04       0x34 ./Display_P10_App/Components/lwprintf/src/lwprintf/lwprintf.o
                0x08004b04                lwprintf_init_ex
 .text.lwprintf_vsnprintf_ex
                0x08004b38       0x44 ./Display_P10_App/Components/lwprintf/src/lwprintf/lwprintf.o
                0x08004b38                lwprintf_vsnprintf_ex
 .text.lwprintf_snprintf_ex
                0x08004b7c       0x1e ./Display_P10_App/Components/lwprintf/src/lwprintf/lwprintf.o
                0x08004b7c                lwprintf_snprintf_ex
 .text.lwprintf_sys_mutex_create
                0x08004b9a       0x14 ./Display_P10_App/Components/lwprintf/src/system/lwprintf_sys_cmsis_os.o
                0x08004b9a                lwprintf_sys_mutex_create
 .text.lwprintf_sys_mutex_isvalid
                0x08004bae        0xa ./Display_P10_App/Components/lwprintf/src/system/lwprintf_sys_cmsis_os.o
                0x08004bae                lwprintf_sys_mutex_isvalid
 .text.lwprintf_sys_mutex_wait
                0x08004bb8       0x16 ./Display_P10_App/Components/lwprintf/src/system/lwprintf_sys_cmsis_os.o
                0x08004bb8                lwprintf_sys_mutex_wait
 .text.lwprintf_sys_mutex_release
                0x08004bce       0x18 ./Display_P10_App/Components/lwprintf/src/system/lwprintf_sys_cmsis_os.o
                0x08004bce                lwprintf_sys_mutex_release
 .text.lwrb_init
                0x08004be6       0x24 ./Display_P10_App/Components/lwrb/src/lwrb/lwrb.o
                0x08004be6                lwrb_init
 .text.lwrb_get_free
                0x08004c0a       0x26 ./Display_P10_App/Components/lwrb/src/lwrb/lwrb.o
                0x08004c0a                lwrb_get_free
 .text.lwrb_write_ex
                0x08004c30       0xbc ./Display_P10_App/Components/lwrb/src/lwrb/lwrb.o
                0x08004c30                lwrb_write_ex
 .text.lwrb_write
                0x08004cec       0x1e ./Display_P10_App/Components/lwrb/src/lwrb/lwrb.o
                0x08004cec                lwrb_write
 .text.lwrb_get_full
                0x08004d0a       0x24 ./Display_P10_App/Components/lwrb/src/lwrb/lwrb.o
                0x08004d0a                lwrb_get_full
 .text.lwrb_read_ex
                0x08004d2e       0xbc ./Display_P10_App/Components/lwrb/src/lwrb/lwrb.o
                0x08004d2e                lwrb_read_ex
 .text.lwrb_read
                0x08004dea       0x1e ./Display_P10_App/Components/lwrb/src/lwrb/lwrb.o
                0x08004dea                lwrb_read
 .text.get_1    0x08004e08       0x10 ./Display_P10_App/Components/nanoMODBUS/nanomodbus.o
 .text.put_1    0x08004e18        0xe ./Display_P10_App/Components/nanoMODBUS/nanomodbus.o
 .text.get_2    0x08004e26       0x16 ./Display_P10_App/Components/nanoMODBUS/nanomodbus.o
 .text.put_2    0x08004e3c       0x14 ./Display_P10_App/Components/nanoMODBUS/nanomodbus.o
 .text.swap_regs
                0x08004e50       0x1a ./Display_P10_App/Components/nanoMODBUS/nanomodbus.o
 .text.recv     0x08004e6a       0x2e ./Display_P10_App/Components/nanoMODBUS/nanomodbus.o
 .text.put_msg_header
                0x08004e98       0x54 ./Display_P10_App/Components/nanoMODBUS/nanomodbus.o
 .text.recv_msg_header
                0x08004eec       0xec ./Display_P10_App/Components/nanoMODBUS/nanomodbus.o
 .text.nmbs_create
                0x08004fd8       0x60 ./Display_P10_App/Components/nanoMODBUS/nanomodbus.o
                0x08004fd8                nmbs_create
 .text.nmbs_set_read_timeout
                0x08005038        0x6 ./Display_P10_App/Components/nanoMODBUS/nanomodbus.o
                0x08005038                nmbs_set_read_timeout
 .text.nmbs_set_byte_timeout
                0x0800503e        0x6 ./Display_P10_App/Components/nanoMODBUS/nanomodbus.o
                0x0800503e                nmbs_set_byte_timeout
 .text.nmbs_crc_calc
                0x08005044       0x3a ./Display_P10_App/Components/nanoMODBUS/nanomodbus.o
                0x08005044                nmbs_crc_calc
 .text.recv_msg_footer
                0x0800507e       0x3a ./Display_P10_App/Components/nanoMODBUS/nanomodbus.o
 .text.recv_res_header
                0x080050b8       0x8a ./Display_P10_App/Components/nanoMODBUS/nanomodbus.o
 .text.recv_read_discrete_res
                0x08005142       0x66 ./Display_P10_App/Components/nanoMODBUS/nanomodbus.o
 .text.recv_read_registers_res
                0x080051a8       0x84 ./Display_P10_App/Components/nanoMODBUS/nanomodbus.o
 .text.send_msg
                0x0800522c       0x4a ./Display_P10_App/Components/nanoMODBUS/nanomodbus.o
 .text.send_exception_msg
                0x08005276       0x26 ./Display_P10_App/Components/nanoMODBUS/nanomodbus.o
 .text.handle_read_discrete
                0x0800529c      0x104 ./Display_P10_App/Components/nanoMODBUS/nanomodbus.o
 .text.handle_read_registers
                0x080053a0       0xfe ./Display_P10_App/Components/nanoMODBUS/nanomodbus.o
 .text.recv_write_single_coil_res
                0x0800549e       0x58 ./Display_P10_App/Components/nanoMODBUS/nanomodbus.o
                0x0800549e                recv_write_single_coil_res
 .text.recv_write_single_register_res
                0x080054f6       0x58 ./Display_P10_App/Components/nanoMODBUS/nanomodbus.o
                0x080054f6                recv_write_single_register_res
 .text.recv_write_multiple_coils_res
                0x0800554e       0x58 ./Display_P10_App/Components/nanoMODBUS/nanomodbus.o
                0x0800554e                recv_write_multiple_coils_res
 .text.recv_write_multiple_registers_res
                0x080055a6       0x58 ./Display_P10_App/Components/nanoMODBUS/nanomodbus.o
                0x080055a6                recv_write_multiple_registers_res
 .text.recv_read_file_record_res
                0x080055fe       0xa6 ./Display_P10_App/Components/nanoMODBUS/nanomodbus.o
                0x080055fe                recv_read_file_record_res
 .text.recv_write_file_record_res
                0x080056a4       0xde ./Display_P10_App/Components/nanoMODBUS/nanomodbus.o
                0x080056a4                recv_write_file_record_res
 .text.recv_read_device_identification_res
                0x08005782      0x160 ./Display_P10_App/Components/nanoMODBUS/nanomodbus.o
                0x08005782                recv_read_device_identification_res
 .text.nmbs_server_create
                0x080058e2       0x50 ./Display_P10_App/Components/nanoMODBUS/nanomodbus.o
                0x080058e2                nmbs_server_create
 *fill*         0x08005932        0x2 
 .text.nmbs_server_poll
                0x08005934      0xef8 ./Display_P10_App/Components/nanoMODBUS/nanomodbus.o
                0x08005934                nmbs_server_poll
 .text.HAL_InitTick
                0x0800682c       0x4c ./Drivers/STM32F1xx_HAL_Driver/Src/stm32f1xx_hal.o
                0x0800682c                HAL_InitTick
 .text.HAL_Init
                0x08006878       0x24 ./Drivers/STM32F1xx_HAL_Driver/Src/stm32f1xx_hal.o
                0x08006878                HAL_Init
 .text.HAL_IncTick
                0x0800689c       0x18 ./Drivers/STM32F1xx_HAL_Driver/Src/stm32f1xx_hal.o
                0x0800689c                HAL_IncTick
 .text.HAL_GetTick
                0x080068b4        0xc ./Drivers/STM32F1xx_HAL_Driver/Src/stm32f1xx_hal.o
                0x080068b4                HAL_GetTick
 .text.HAL_Delay
                0x080068c0       0x28 ./Drivers/STM32F1xx_HAL_Driver/Src/stm32f1xx_hal.o
                0x080068c0                HAL_Delay
 .text.HAL_NVIC_SetPriorityGrouping
                0x080068e8       0x24 ./Drivers/STM32F1xx_HAL_Driver/Src/stm32f1xx_hal_cortex.o
                0x080068e8                HAL_NVIC_SetPriorityGrouping
 .text.HAL_NVIC_SetPriority
                0x0800690c       0x6c ./Drivers/STM32F1xx_HAL_Driver/Src/stm32f1xx_hal_cortex.o
                0x0800690c                HAL_NVIC_SetPriority
 .text.HAL_NVIC_EnableIRQ
                0x08006978       0x1c ./Drivers/STM32F1xx_HAL_Driver/Src/stm32f1xx_hal_cortex.o
                0x08006978                HAL_NVIC_EnableIRQ
 .text.HAL_NVIC_DisableIRQ
                0x08006994       0x24 ./Drivers/STM32F1xx_HAL_Driver/Src/stm32f1xx_hal_cortex.o
                0x08006994                HAL_NVIC_DisableIRQ
 .text.HAL_SYSTICK_Config
                0x080069b8       0x28 ./Drivers/STM32F1xx_HAL_Driver/Src/stm32f1xx_hal_cortex.o
                0x080069b8                HAL_SYSTICK_Config
 .text.HAL_DMA_Init
                0x080069e0       0x68 ./Drivers/STM32F1xx_HAL_Driver/Src/stm32f1xx_hal_dma.o
                0x080069e0                HAL_DMA_Init
 .text.HAL_DMA_DeInit
                0x08006a48       0x68 ./Drivers/STM32F1xx_HAL_Driver/Src/stm32f1xx_hal_dma.o
                0x08006a48                HAL_DMA_DeInit
 .text.HAL_DMA_Start_IT
                0x08006ab0       0x9e ./Drivers/STM32F1xx_HAL_Driver/Src/stm32f1xx_hal_dma.o
                0x08006ab0                HAL_DMA_Start_IT
 .text.HAL_DMA_Abort
                0x08006b4e       0x42 ./Drivers/STM32F1xx_HAL_Driver/Src/stm32f1xx_hal_dma.o
                0x08006b4e                HAL_DMA_Abort
 .text.HAL_DMA_Abort_IT
                0x08006b90       0x98 ./Drivers/STM32F1xx_HAL_Driver/Src/stm32f1xx_hal_dma.o
                0x08006b90                HAL_DMA_Abort_IT
 .text.HAL_DMA_IRQHandler
                0x08006c28      0x140 ./Drivers/STM32F1xx_HAL_Driver/Src/stm32f1xx_hal_dma.o
                0x08006c28                HAL_DMA_IRQHandler
 .text.HAL_GPIO_Init
                0x08006d68      0x240 ./Drivers/STM32F1xx_HAL_Driver/Src/stm32f1xx_hal_gpio.o
                0x08006d68                HAL_GPIO_Init
 .text.HAL_GPIO_DeInit
                0x08006fa8       0xfc ./Drivers/STM32F1xx_HAL_Driver/Src/stm32f1xx_hal_gpio.o
                0x08006fa8                HAL_GPIO_DeInit
 .text.HAL_GPIO_WritePin
                0x080070a4        0xc ./Drivers/STM32F1xx_HAL_Driver/Src/stm32f1xx_hal_gpio.o
                0x080070a4                HAL_GPIO_WritePin
 .text.I2C_IsAcknowledgeFailed
                0x080070b0       0x32 ./Drivers/STM32F1xx_HAL_Driver/Src/stm32f1xx_hal_i2c.o
 .text.I2C_WaitOnFlagUntilTimeout
                0x080070e2       0x86 ./Drivers/STM32F1xx_HAL_Driver/Src/stm32f1xx_hal_i2c.o
 .text.I2C_WaitOnMasterAddressFlagUntilTimeout
                0x08007168       0xba ./Drivers/STM32F1xx_HAL_Driver/Src/stm32f1xx_hal_i2c.o
 .text.I2C_WaitOnTXEFlagUntilTimeout
                0x08007222       0x5e ./Drivers/STM32F1xx_HAL_Driver/Src/stm32f1xx_hal_i2c.o
 .text.I2C_RequestMemoryWrite
                0x08007280       0xe0 ./Drivers/STM32F1xx_HAL_Driver/Src/stm32f1xx_hal_i2c.o
 .text.I2C_RequestMemoryRead
                0x08007360      0x164 ./Drivers/STM32F1xx_HAL_Driver/Src/stm32f1xx_hal_i2c.o
 .text.I2C_WaitOnBTFFlagUntilTimeout
                0x080074c4       0x5e ./Drivers/STM32F1xx_HAL_Driver/Src/stm32f1xx_hal_i2c.o
 .text.I2C_WaitOnRXNEFlagUntilTimeout
                0x08007522       0x84 ./Drivers/STM32F1xx_HAL_Driver/Src/stm32f1xx_hal_i2c.o
 *fill*         0x080075a6        0x2 
 .text.HAL_I2C_Init
                0x080075a8      0x184 ./Drivers/STM32F1xx_HAL_Driver/Src/stm32f1xx_hal_i2c.o
                0x080075a8                HAL_I2C_Init
 .text.HAL_I2C_DeInit
                0x0800772c       0x32 ./Drivers/STM32F1xx_HAL_Driver/Src/stm32f1xx_hal_i2c.o
                0x0800772c                HAL_I2C_DeInit
 *fill*         0x0800775e        0x2 
 .text.HAL_I2C_Mem_Write
                0x08007760      0x16c ./Drivers/STM32F1xx_HAL_Driver/Src/stm32f1xx_hal_i2c.o
                0x08007760                HAL_I2C_Mem_Write
 .text.HAL_I2C_Mem_Read
                0x080078cc      0x358 ./Drivers/STM32F1xx_HAL_Driver/Src/stm32f1xx_hal_i2c.o
                0x080078cc                HAL_I2C_Mem_Read
 .text.HAL_RCC_OscConfig
                0x08007c24      0x42c ./Drivers/STM32F1xx_HAL_Driver/Src/stm32f1xx_hal_rcc.o
                0x08007c24                HAL_RCC_OscConfig
 .text.HAL_RCC_GetSysClockFreq
                0x08008050       0x54 ./Drivers/STM32F1xx_HAL_Driver/Src/stm32f1xx_hal_rcc.o
                0x08008050                HAL_RCC_GetSysClockFreq
 .text.HAL_RCC_ClockConfig
                0x080080a4      0x170 ./Drivers/STM32F1xx_HAL_Driver/Src/stm32f1xx_hal_rcc.o
                0x080080a4                HAL_RCC_ClockConfig
 .text.HAL_RCC_GetPCLK1Freq
                0x08008214       0x20 ./Drivers/STM32F1xx_HAL_Driver/Src/stm32f1xx_hal_rcc.o
                0x08008214                HAL_RCC_GetPCLK1Freq
 .text.HAL_RCC_GetPCLK2Freq
                0x08008234       0x20 ./Drivers/STM32F1xx_HAL_Driver/Src/stm32f1xx_hal_rcc.o
                0x08008234                HAL_RCC_GetPCLK2Freq
 .text.SPI_WaitFlagStateUntilTimeout
                0x08008254       0xd8 ./Drivers/STM32F1xx_HAL_Driver/Src/stm32f1xx_hal_spi.o
 .text.SPI_EndRxTxTransaction
                0x0800832c       0x44 ./Drivers/STM32F1xx_HAL_Driver/Src/stm32f1xx_hal_spi.o
 .text.HAL_SPI_Init
                0x08008370       0xb6 ./Drivers/STM32F1xx_HAL_Driver/Src/stm32f1xx_hal_spi.o
                0x08008370                HAL_SPI_Init
 .text.HAL_SPI_Transmit
                0x08008426      0x1b8 ./Drivers/STM32F1xx_HAL_Driver/Src/stm32f1xx_hal_spi.o
                0x08008426                HAL_SPI_Transmit
 *fill*         0x080085de        0x2 
 .text.TIM_OC1_SetConfig
                0x080085e0       0x54 ./Drivers/STM32F1xx_HAL_Driver/Src/stm32f1xx_hal_tim.o
 .text.TIM_OC3_SetConfig
                0x08008634       0x58 ./Drivers/STM32F1xx_HAL_Driver/Src/stm32f1xx_hal_tim.o
 .text.TIM_OC4_SetConfig
                0x0800868c       0x48 ./Drivers/STM32F1xx_HAL_Driver/Src/stm32f1xx_hal_tim.o
 .text.HAL_TIM_Base_Start_IT
                0x080086d4       0x68 ./Drivers/STM32F1xx_HAL_Driver/Src/stm32f1xx_hal_tim.o
                0x080086d4                HAL_TIM_Base_Start_IT
 .text.HAL_TIM_OC_DelayElapsedCallback
                0x0800873c        0x2 ./Drivers/STM32F1xx_HAL_Driver/Src/stm32f1xx_hal_tim.o
                0x0800873c                HAL_TIM_OC_DelayElapsedCallback
 .text.HAL_TIM_IC_CaptureCallback
                0x0800873e        0x2 ./Drivers/STM32F1xx_HAL_Driver/Src/stm32f1xx_hal_tim.o
                0x0800873e                HAL_TIM_IC_CaptureCallback
 .text.HAL_TIM_PWM_PulseFinishedCallback
                0x08008740        0x2 ./Drivers/STM32F1xx_HAL_Driver/Src/stm32f1xx_hal_tim.o
                0x08008740                HAL_TIM_PWM_PulseFinishedCallback
 .text.HAL_TIM_TriggerCallback
                0x08008742        0x2 ./Drivers/STM32F1xx_HAL_Driver/Src/stm32f1xx_hal_tim.o
                0x08008742                HAL_TIM_TriggerCallback
 .text.HAL_TIM_IRQHandler
                0x08008744      0x15e ./Drivers/STM32F1xx_HAL_Driver/Src/stm32f1xx_hal_tim.o
                0x08008744                HAL_TIM_IRQHandler
 *fill*         0x080088a2        0x2 
 .text.TIM_Base_SetConfig
                0x080088a4       0xe4 ./Drivers/STM32F1xx_HAL_Driver/Src/stm32f1xx_hal_tim.o
                0x080088a4                TIM_Base_SetConfig
 .text.HAL_TIM_Base_Init
                0x08008988       0x58 ./Drivers/STM32F1xx_HAL_Driver/Src/stm32f1xx_hal_tim.o
                0x08008988                HAL_TIM_Base_Init
 .text.HAL_TIM_PWM_Init
                0x080089e0       0x58 ./Drivers/STM32F1xx_HAL_Driver/Src/stm32f1xx_hal_tim.o
                0x080089e0                HAL_TIM_PWM_Init
 .text.TIM_OC2_SetConfig
                0x08008a38       0x5c ./Drivers/STM32F1xx_HAL_Driver/Src/stm32f1xx_hal_tim.o
                0x08008a38                TIM_OC2_SetConfig
 .text.HAL_TIM_PWM_ConfigChannel
                0x08008a94       0xdc ./Drivers/STM32F1xx_HAL_Driver/Src/stm32f1xx_hal_tim.o
                0x08008a94                HAL_TIM_PWM_ConfigChannel
 .text.TIM_ETR_SetConfig
                0x08008b70       0x18 ./Drivers/STM32F1xx_HAL_Driver/Src/stm32f1xx_hal_tim.o
                0x08008b70                TIM_ETR_SetConfig
 .text.HAL_TIM_ConfigClockSource
                0x08008b88      0x16a ./Drivers/STM32F1xx_HAL_Driver/Src/stm32f1xx_hal_tim.o
                0x08008b88                HAL_TIM_ConfigClockSource
 .text.TIM_CCxChannelCmd
                0x08008cf2       0x1e ./Drivers/STM32F1xx_HAL_Driver/Src/stm32f1xx_hal_tim.o
                0x08008cf2                TIM_CCxChannelCmd
 .text.HAL_TIM_PWM_Start
                0x08008d10       0xc8 ./Drivers/STM32F1xx_HAL_Driver/Src/stm32f1xx_hal_tim.o
                0x08008d10                HAL_TIM_PWM_Start
 .text.HAL_TIMEx_MasterConfigSynchronization
                0x08008dd8       0x68 ./Drivers/STM32F1xx_HAL_Driver/Src/stm32f1xx_hal_tim_ex.o
                0x08008dd8                HAL_TIMEx_MasterConfigSynchronization
 .text.HAL_TIMEx_CommutCallback
                0x08008e40        0x2 ./Drivers/STM32F1xx_HAL_Driver/Src/stm32f1xx_hal_tim_ex.o
                0x08008e40                HAL_TIMEx_CommutCallback
 .text.HAL_TIMEx_BreakCallback
                0x08008e42        0x2 ./Drivers/STM32F1xx_HAL_Driver/Src/stm32f1xx_hal_tim_ex.o
                0x08008e42                HAL_TIMEx_BreakCallback
 .text.UART_EndRxTransfer
                0x08008e44       0x5c ./Drivers/STM32F1xx_HAL_Driver/Src/stm32f1xx_hal_uart.o
 .text.UART_SetConfig
                0x08008ea0       0x8c ./Drivers/STM32F1xx_HAL_Driver/Src/stm32f1xx_hal_uart.o
 .text.UART_WaitOnFlagUntilTimeout
                0x08008f2c       0x86 ./Drivers/STM32F1xx_HAL_Driver/Src/stm32f1xx_hal_uart.o
 .text.HAL_UART_Init
                0x08008fb2       0x60 ./Drivers/STM32F1xx_HAL_Driver/Src/stm32f1xx_hal_uart.o
                0x08008fb2                HAL_UART_Init
 .text.HAL_UART_DeInit
                0x08009012       0x34 ./Drivers/STM32F1xx_HAL_Driver/Src/stm32f1xx_hal_uart.o
                0x08009012                HAL_UART_DeInit
 .text.HAL_UART_Transmit
                0x08009046       0xd8 ./Drivers/STM32F1xx_HAL_Driver/Src/stm32f1xx_hal_uart.o
                0x08009046                HAL_UART_Transmit
 .text.HAL_UART_TxCpltCallback
                0x0800911e        0x2 ./Drivers/STM32F1xx_HAL_Driver/Src/stm32f1xx_hal_uart.o
                0x0800911e                HAL_UART_TxCpltCallback
 .text.HAL_UART_RxHalfCpltCallback
                0x08009120        0x2 ./Drivers/STM32F1xx_HAL_Driver/Src/stm32f1xx_hal_uart.o
                0x08009120                HAL_UART_RxHalfCpltCallback
 .text.UART_DMAError
                0x08009122       0x6c ./Drivers/STM32F1xx_HAL_Driver/Src/stm32f1xx_hal_uart.o
 .text.UART_DMAAbortOnError
                0x0800918e       0x10 ./Drivers/STM32F1xx_HAL_Driver/Src/stm32f1xx_hal_uart.o
 .text.HAL_UART_AbortReceiveCpltCallback
                0x0800919e        0x2 ./Drivers/STM32F1xx_HAL_Driver/Src/stm32f1xx_hal_uart.o
                0x0800919e                HAL_UART_AbortReceiveCpltCallback
 .text.HAL_UART_AbortReceive_IT
                0x080091a0       0xbc ./Drivers/STM32F1xx_HAL_Driver/Src/stm32f1xx_hal_uart.o
                0x080091a0                HAL_UART_AbortReceive_IT
 .text.UART_DMARxOnlyAbortCallback
                0x0800925c       0x16 ./Drivers/STM32F1xx_HAL_Driver/Src/stm32f1xx_hal_uart.o
 .text.UART_Receive_IT
                0x08009272       0xde ./Drivers/STM32F1xx_HAL_Driver/Src/stm32f1xx_hal_uart.o
 .text.HAL_UART_IRQHandler
                0x08009350      0x2f8 ./Drivers/STM32F1xx_HAL_Driver/Src/stm32f1xx_hal_uart.o
                0x08009350                HAL_UART_IRQHandler
 .text.UART_DMARxHalfCplt
                0x08009648       0x1e ./Drivers/STM32F1xx_HAL_Driver/Src/stm32f1xx_hal_uart.o
 .text.UART_DMAReceiveCplt
                0x08009666       0x9a ./Drivers/STM32F1xx_HAL_Driver/Src/stm32f1xx_hal_uart.o
 .text.UART_Start_Receive_DMA
                0x08009700       0xa4 ./Drivers/STM32F1xx_HAL_Driver/Src/stm32f1xx_hal_uart.o
                0x08009700                UART_Start_Receive_DMA
 .text.HAL_UARTEx_ReceiveToIdle_DMA
                0x080097a4       0x62 ./Drivers/STM32F1xx_HAL_Driver/Src/stm32f1xx_hal_uart.o
                0x080097a4                HAL_UARTEx_ReceiveToIdle_DMA
 .text.osKernelStart
                0x08009806        0xa ./Middlewares/Third_Party/FreeRTOS/Source/CMSIS_RTOS/cmsis_os.o
                0x08009806                osKernelStart
 .text.osThreadCreate
                0x08009810       0x38 ./Middlewares/Third_Party/FreeRTOS/Source/CMSIS_RTOS/cmsis_os.o
                0x08009810                osThreadCreate
 .text.osDelay  0x08009848       0x10 ./Middlewares/Third_Party/FreeRTOS/Source/CMSIS_RTOS/cmsis_os.o
                0x08009848                osDelay
 .text.vListInitialise
                0x08009858       0x16 ./Middlewares/Third_Party/FreeRTOS/Source/list.o
                0x08009858                vListInitialise
 .text.vListInitialiseItem
                0x0800986e        0x6 ./Middlewares/Third_Party/FreeRTOS/Source/list.o
                0x0800986e                vListInitialiseItem
 .text.vListInsertEnd
                0x08009874       0x16 ./Middlewares/Third_Party/FreeRTOS/Source/list.o
                0x08009874                vListInsertEnd
 .text.vListInsert
                0x0800988a       0x32 ./Middlewares/Third_Party/FreeRTOS/Source/list.o
                0x0800988a                vListInsert
 .text.uxListRemove
                0x080098bc       0x24 ./Middlewares/Third_Party/FreeRTOS/Source/list.o
                0x080098bc                uxListRemove
 .text.prvIsQueueEmpty
                0x080098e0       0x16 ./Middlewares/Third_Party/FreeRTOS/Source/queue.o
 .text.prvCopyDataToQueue
                0x080098f6       0x76 ./Middlewares/Third_Party/FreeRTOS/Source/queue.o
 .text.prvUnlockQueue
                0x0800996c       0x76 ./Middlewares/Third_Party/FreeRTOS/Source/queue.o
 .text.xQueueGenericReset
                0x080099e2       0x84 ./Middlewares/Third_Party/FreeRTOS/Source/queue.o
                0x080099e2                xQueueGenericReset
 .text.xQueueGenericCreate
                0x08009a66       0x44 ./Middlewares/Third_Party/FreeRTOS/Source/queue.o
                0x08009a66                xQueueGenericCreate
 .text.xQueueGenericSend
                0x08009aaa      0x194 ./Middlewares/Third_Party/FreeRTOS/Source/queue.o
                0x08009aaa                xQueueGenericSend
 .text.xQueueCreateMutex
                0x08009c3e       0x24 ./Middlewares/Third_Party/FreeRTOS/Source/queue.o
                0x08009c3e                xQueueCreateMutex
 .text.xQueueGiveFromISR
                0x08009c62       0xb2 ./Middlewares/Third_Party/FreeRTOS/Source/queue.o
                0x08009c62                xQueueGiveFromISR
 .text.xQueueSemaphoreTake
                0x08009d14      0x1a6 ./Middlewares/Third_Party/FreeRTOS/Source/queue.o
                0x08009d14                xQueueSemaphoreTake
 *fill*         0x08009eba        0x2 
 .text.prvResetNextTaskUnblockTime
                0x08009ebc       0x2c ./Middlewares/Third_Party/FreeRTOS/Source/tasks.o
 .text.prvIdleTask
                0x08009ee8       0x78 ./Middlewares/Third_Party/FreeRTOS/Source/tasks.o
 .text.prvAddCurrentTaskToDelayedList
                0x08009f60       0xb4 ./Middlewares/Third_Party/FreeRTOS/Source/tasks.o
 .text.xTaskCreate
                0x0800a014      0x1e4 ./Middlewares/Third_Party/FreeRTOS/Source/tasks.o
                0x0800a014                xTaskCreate
 .text.vTaskStartScheduler
                0x0800a1f8       0x8c ./Middlewares/Third_Party/FreeRTOS/Source/tasks.o
                0x0800a1f8                vTaskStartScheduler
 .text.vTaskSuspendAll
                0x0800a284       0x10 ./Middlewares/Third_Party/FreeRTOS/Source/tasks.o
                0x0800a284                vTaskSuspendAll
 .text.xTaskGetTickCount
                0x0800a294        0xc ./Middlewares/Third_Party/FreeRTOS/Source/tasks.o
                0x0800a294                xTaskGetTickCount
 .text.xTaskIncrementTick
                0x0800a2a0      0x138 ./Middlewares/Third_Party/FreeRTOS/Source/tasks.o
                0x0800a2a0                xTaskIncrementTick
 .text.xTaskResumeAll
                0x0800a3d8      0x100 ./Middlewares/Third_Party/FreeRTOS/Source/tasks.o
                0x0800a3d8                xTaskResumeAll
 .text.vTaskDelay
                0x0800a4d8       0x4c ./Middlewares/Third_Party/FreeRTOS/Source/tasks.o
                0x0800a4d8                vTaskDelay
 .text.vTaskSwitchContext
                0x0800a524       0xa0 ./Middlewares/Third_Party/FreeRTOS/Source/tasks.o
                0x0800a524                vTaskSwitchContext
 .text.vTaskPlaceOnEventList
                0x0800a5c4       0x30 ./Middlewares/Third_Party/FreeRTOS/Source/tasks.o
                0x0800a5c4                vTaskPlaceOnEventList
 .text.xTaskRemoveFromEventList
                0x0800a5f4       0x88 ./Middlewares/Third_Party/FreeRTOS/Source/tasks.o
                0x0800a5f4                xTaskRemoveFromEventList
 .text.vTaskInternalSetTimeOutState
                0x0800a67c       0x18 ./Middlewares/Third_Party/FreeRTOS/Source/tasks.o
                0x0800a67c                vTaskInternalSetTimeOutState
 .text.xTaskCheckForTimeOut
                0x0800a694       0x84 ./Middlewares/Third_Party/FreeRTOS/Source/tasks.o
                0x0800a694                xTaskCheckForTimeOut
 .text.vTaskMissedYield
                0x0800a718        0xc ./Middlewares/Third_Party/FreeRTOS/Source/tasks.o
                0x0800a718                vTaskMissedYield
 .text.xTaskGetSchedulerState
                0x0800a724       0x20 ./Middlewares/Third_Party/FreeRTOS/Source/tasks.o
                0x0800a724                xTaskGetSchedulerState
 .text.xTaskPriorityInherit
                0x0800a744       0xa8 ./Middlewares/Third_Party/FreeRTOS/Source/tasks.o
                0x0800a744                xTaskPriorityInherit
 .text.xTaskPriorityDisinherit
                0x0800a7ec       0xb0 ./Middlewares/Third_Party/FreeRTOS/Source/tasks.o
                0x0800a7ec                xTaskPriorityDisinherit
 .text.vTaskPriorityDisinheritAfterTimeout
                0x0800a89c       0xb4 ./Middlewares/Third_Party/FreeRTOS/Source/tasks.o
                0x0800a89c                vTaskPriorityDisinheritAfterTimeout
 .text.pvTaskIncrementMutexHeldCount
                0x0800a950       0x1c ./Middlewares/Third_Party/FreeRTOS/Source/tasks.o
                0x0800a950                pvTaskIncrementMutexHeldCount
 .text.prvTaskExitError
                0x0800a96c       0x40 ./Middlewares/Third_Party/FreeRTOS/Source/portable/GCC/ARM_CM3/port.o
 .text.prvPortStartFirstTask
                0x0800a9ac       0x20 ./Middlewares/Third_Party/FreeRTOS/Source/portable/GCC/ARM_CM3/port.o
 .text.pxPortInitialiseStack
                0x0800a9cc       0x24 ./Middlewares/Third_Party/FreeRTOS/Source/portable/GCC/ARM_CM3/port.o
                0x0800a9cc                pxPortInitialiseStack
 .text.SVC_Handler
                0x0800a9f0       0x24 ./Middlewares/Third_Party/FreeRTOS/Source/portable/GCC/ARM_CM3/port.o
                0x0800a9f0                SVC_Handler
 .text.vPortEnterCritical
                0x0800aa14       0x44 ./Middlewares/Third_Party/FreeRTOS/Source/portable/GCC/ARM_CM3/port.o
                0x0800aa14                vPortEnterCritical
 .text.vPortExitCritical
                0x0800aa58       0x2c ./Middlewares/Third_Party/FreeRTOS/Source/portable/GCC/ARM_CM3/port.o
                0x0800aa58                vPortExitCritical
 *fill*         0x0800aa84        0xc 
 .text.PendSV_Handler
                0x0800aa90       0x44 ./Middlewares/Third_Party/FreeRTOS/Source/portable/GCC/ARM_CM3/port.o
                0x0800aa90                PendSV_Handler
 .text.xPortSysTickHandler
                0x0800aad4       0x2c ./Middlewares/Third_Party/FreeRTOS/Source/portable/GCC/ARM_CM3/port.o
                0x0800aad4                xPortSysTickHandler
 .text.vPortSetupTimerInterrupt
                0x0800ab00       0x28 ./Middlewares/Third_Party/FreeRTOS/Source/portable/GCC/ARM_CM3/port.o
                0x0800ab00                vPortSetupTimerInterrupt
 .text.xPortStartScheduler
                0x0800ab28       0xc4 ./Middlewares/Third_Party/FreeRTOS/Source/portable/GCC/ARM_CM3/port.o
                0x0800ab28                xPortStartScheduler
 .text.vPortValidateInterruptPriority
                0x0800abec       0x5c ./Middlewares/Third_Party/FreeRTOS/Source/portable/GCC/ARM_CM3/port.o
                0x0800abec                vPortValidateInterruptPriority
 .text.prvInsertBlockIntoFreeList
                0x0800ac48       0x5c ./Middlewares/Third_Party/FreeRTOS/Source/portable/MemMang/heap_4.o
 .text.pvPortMalloc
                0x0800aca4      0x138 ./Middlewares/Third_Party/FreeRTOS/Source/portable/MemMang/heap_4.o
                0x0800aca4                pvPortMalloc
 .text.vPortFree
                0x0800addc       0x7c ./Middlewares/Third_Party/FreeRTOS/Source/portable/MemMang/heap_4.o
                0x0800addc                vPortFree
 .text._vsnprintf_r
                0x0800ae58       0x5c C:/ST/STM32CubeIDE_2.0.0/STM32CubeIDE/plugins/com.st.stm32cube.ide.mcu.externaltools.gnu-tools-for-stm32.13.3.rel1.win32_1.0.100.202509120712/tools/bin/../lib/gcc/arm-none-eabi/13.3.1/../../../../arm-none-eabi/lib/thumb/v7-m/nofp\libc_nano.a(libc_a-vsnprintf.o)
                0x0800ae58                _vsniprintf_r
                0x0800ae58                _vsnprintf_r
 .text.vsnprintf
                0x0800aeb4       0x1c C:/ST/STM32CubeIDE_2.0.0/STM32CubeIDE/plugins/com.st.stm32cube.ide.mcu.externaltools.gnu-tools-for-stm32.13.3.rel1.win32_1.0.100.202509120712/tools/bin/../lib/gcc/arm-none-eabi/13.3.1/../../../../arm-none-eabi/lib/thumb/v7-m/nofp\libc_nano.a(libc_a-vsnprintf.o)
                0x0800aeb4                vsniprintf
                0x0800aeb4                vsnprintf
 .text.memcmp   0x0800aed0       0x20 C:/ST/STM32CubeIDE_2.0.0/STM32CubeIDE/plugins/com.st.stm32cube.ide.mcu.externaltools.gnu-tools-for-stm32.13.3.rel1.win32_1.0.100.202509120712/tools/bin/../lib/gcc/arm-none-eabi/13.3.1/../../../../arm-none-eabi/lib/thumb/v7-m/nofp\libc_nano.a(libc_a-memcmp.o)
                0x0800aed0                memcmp
 .text.memset   0x0800aef0       0x10 C:/ST/STM32CubeIDE_2.0.0/STM32CubeIDE/plugins/com.st.stm32cube.ide.mcu.externaltools.gnu-tools-for-stm32.13.3.rel1.win32_1.0.100.202509120712/tools/bin/../lib/gcc/arm-none-eabi/13.3.1/../../../../arm-none-eabi/lib/thumb/v7-m/nofp\libc_nano.a(libc_a-memset.o)
                0x0800aef0                memset
 .text.strncpy  0x0800af00       0x26 C:/ST/STM32CubeIDE_2.0.0/STM32CubeIDE/plugins/com.st.stm32cube.ide.mcu.externaltools.gnu-tools-for-stm32.13.3.rel1.win32_1.0.100.202509120712/tools/bin/../lib/gcc/arm-none-eabi/13.3.1/../../../../arm-none-eabi/lib/thumb/v7-m/nofp\libc_nano.a(libc_a-strncpy.o)
                0x0800af00                strncpy
 *fill*         0x0800af26        0x2 
 .text._reclaim_reent
                0x0800af28       0xbc C:/ST/STM32CubeIDE_2.0.0/STM32CubeIDE/plugins/com.st.stm32cube.ide.mcu.externaltools.gnu-tools-for-stm32.13.3.rel1.win32_1.0.100.202509120712/tools/bin/../lib/gcc/arm-none-eabi/13.3.1/../../../../arm-none-eabi/lib/thumb/v7-m/nofp\libc_nano.a(libc_a-reent.o)
                0x0800af28                _reclaim_reent
 .text.__errno  0x0800afe4        0xc C:/ST/STM32CubeIDE_2.0.0/STM32CubeIDE/plugins/com.st.stm32cube.ide.mcu.externaltools.gnu-tools-for-stm32.13.3.rel1.win32_1.0.100.202509120712/tools/bin/../lib/gcc/arm-none-eabi/13.3.1/../../../../arm-none-eabi/lib/thumb/v7-m/nofp\libc_nano.a(libc_a-errno.o)
                0x0800afe4                __errno
 .text.__libc_init_array
                0x0800aff0       0x48 C:/ST/STM32CubeIDE_2.0.0/STM32CubeIDE/plugins/com.st.stm32cube.ide.mcu.externaltools.gnu-tools-for-stm32.13.3.rel1.win32_1.0.100.202509120712/tools/bin/../lib/gcc/arm-none-eabi/13.3.1/../../../../arm-none-eabi/lib/thumb/v7-m/nofp\libc_nano.a(libc_a-init.o)
                0x0800aff0                __libc_init_array
 .text.__retarget_lock_acquire_recursive
                0x0800b038        0x2 C:/ST/STM32CubeIDE_2.0.0/STM32CubeIDE/plugins/com.st.stm32cube.ide.mcu.externaltools.gnu-tools-for-stm32.13.3.rel1.win32_1.0.100.202509120712/tools/bin/../lib/gcc/arm-none-eabi/13.3.1/../../../../arm-none-eabi/lib/thumb/v7-m/nofp\libc_nano.a(libc_a-lock.o)
                0x0800b038                __retarget_lock_acquire_recursive
 .text.__retarget_lock_release_recursive
                0x0800b03a        0x2 C:/ST/STM32CubeIDE_2.0.0/STM32CubeIDE/plugins/com.st.stm32cube.ide.mcu.externaltools.gnu-tools-for-stm32.13.3.rel1.win32_1.0.100.202509120712/tools/bin/../lib/gcc/arm-none-eabi/13.3.1/../../../../arm-none-eabi/lib/thumb/v7-m/nofp\libc_nano.a(libc_a-lock.o)
                0x0800b03a                __retarget_lock_release_recursive
 .text.memcpy   0x0800b03c       0x1c C:/ST/STM32CubeIDE_2.0.0/STM32CubeIDE/plugins/com.st.stm32cube.ide.mcu.externaltools.gnu-tools-for-stm32.13.3.rel1.win32_1.0.100.202509120712/tools/bin/../lib/gcc/arm-none-eabi/13.3.1/../../../../arm-none-eabi/lib/thumb/v7-m/nofp\libc_nano.a(libc_a-memcpy-stub.o)
                0x0800b03c                memcpy
 .text._free_r  0x0800b058       0x90 C:/ST/STM32CubeIDE_2.0.0/STM32CubeIDE/plugins/com.st.stm32cube.ide.mcu.externaltools.gnu-tools-for-stm32.13.3.rel1.win32_1.0.100.202509120712/tools/bin/../lib/gcc/arm-none-eabi/13.3.1/../../../../arm-none-eabi/lib/thumb/v7-m/nofp\libc_nano.a(libc_a-freer.o)
                0x0800b058                _free_r
 .text.sbrk_aligned
                0x0800b0e8       0x44 C:/ST/STM32CubeIDE_2.0.0/STM32CubeIDE/plugins/com.st.stm32cube.ide.mcu.externaltools.gnu-tools-for-stm32.13.3.rel1.win32_1.0.100.202509120712/tools/bin/../lib/gcc/arm-none-eabi/13.3.1/../../../../arm-none-eabi/lib/thumb/v7-m/nofp\libc_nano.a(libc_a-mallocr.o)
 .text._malloc_r
                0x0800b12c      0x100 C:/ST/STM32CubeIDE_2.0.0/STM32CubeIDE/plugins/com.st.stm32cube.ide.mcu.externaltools.gnu-tools-for-stm32.13.3.rel1.win32_1.0.100.202509120712/tools/bin/../lib/gcc/arm-none-eabi/13.3.1/../../../../arm-none-eabi/lib/thumb/v7-m/nofp\libc_nano.a(libc_a-mallocr.o)
                0x0800b12c                _malloc_r
 .text.__malloc_lock
                0x0800b22c        0xc C:/ST/STM32CubeIDE_2.0.0/STM32CubeIDE/plugins/com.st.stm32cube.ide.mcu.externaltools.gnu-tools-for-stm32.13.3.rel1.win32_1.0.100.202509120712/tools/bin/../lib/gcc/arm-none-eabi/13.3.1/../../../../arm-none-eabi/lib/thumb/v7-m/nofp\libc_nano.a(libc_a-mlock.o)
                0x0800b22c                __malloc_lock
 .text.__malloc_unlock
                0x0800b238        0xc C:/ST/STM32CubeIDE_2.0.0/STM32CubeIDE/plugins/com.st.stm32cube.ide.mcu.externaltools.gnu-tools-for-stm32.13.3.rel1.win32_1.0.100.202509120712/tools/bin/../lib/gcc/arm-none-eabi/13.3.1/../../../../arm-none-eabi/lib/thumb/v7-m/nofp\libc_nano.a(libc_a-mlock.o)
                0x0800b238                __malloc_unlock
 .text.__ssputs_r
                0x0800b244       0xb6 C:/ST/STM32CubeIDE_2.0.0/STM32CubeIDE/plugins/com.st.stm32cube.ide.mcu.externaltools.gnu-tools-for-stm32.13.3.rel1.win32_1.0.100.202509120712/tools/bin/../lib/gcc/arm-none-eabi/13.3.1/../../../../arm-none-eabi/lib/thumb/v7-m/nofp\libc_nano.a(libc_a-nano-svfprintf.o)
                0x0800b244                __ssputs_r
 *fill*         0x0800b2fa        0x2 
 .text._svfprintf_r
                0x0800b2fc      0x1f8 C:/ST/STM32CubeIDE_2.0.0/STM32CubeIDE/plugins/com.st.stm32cube.ide.mcu.externaltools.gnu-tools-for-stm32.13.3.rel1.win32_1.0.100.202509120712/tools/bin/../lib/gcc/arm-none-eabi/13.3.1/../../../../arm-none-eabi/lib/thumb/v7-m/nofp\libc_nano.a(libc_a-nano-svfprintf.o)
                0x0800b2fc                _svfiprintf_r
                0x0800b2fc                _svfprintf_r
 .text._printf_common
                0x0800b4f4       0xe4 C:/ST/STM32CubeIDE_2.0.0/STM32CubeIDE/plugins/com.st.stm32cube.ide.mcu.externaltools.gnu-tools-for-stm32.13.3.rel1.win32_1.0.100.202509120712/tools/bin/../lib/gcc/arm-none-eabi/13.3.1/../../../../arm-none-eabi/lib/thumb/v7-m/nofp\libc_nano.a(libc_a-nano-vfprintf_i.o)
                0x0800b4f4                _printf_common
 .text._printf_i
                0x0800b5d8      0x23c C:/ST/STM32CubeIDE_2.0.0/STM32CubeIDE/plugins/com.st.stm32cube.ide.mcu.externaltools.gnu-tools-for-stm32.13.3.rel1.win32_1.0.100.202509120712/tools/bin/../lib/gcc/arm-none-eabi/13.3.1/../../../../arm-none-eabi/lib/thumb/v7-m/nofp\libc_nano.a(libc_a-nano-vfprintf_i.o)
                0x0800b5d8                _printf_i
 .text.memmove  0x0800b814       0x34 C:/ST/STM32CubeIDE_2.0.0/STM32CubeIDE/plugins/com.st.stm32cube.ide.mcu.externaltools.gnu-tools-for-stm32.13.3.rel1.win32_1.0.100.202509120712/tools/bin/../lib/gcc/arm-none-eabi/13.3.1/../../../../arm-none-eabi/lib/thumb/v7-m/nofp\libc_nano.a(libc_a-memmove.o)
                0x0800b814                memmove
 .text._sbrk_r  0x0800b848       0x20 C:/ST/STM32CubeIDE_2.0.0/STM32CubeIDE/plugins/com.st.stm32cube.ide.mcu.externaltools.gnu-tools-for-stm32.13.3.rel1.win32_1.0.100.202509120712/tools/bin/../lib/gcc/arm-none-eabi/13.3.1/../../../../arm-none-eabi/lib/thumb/v7-m/nofp\libc_nano.a(libc_a-sbrkr.o)
                0x0800b848                _sbrk_r
 .text.memchr   0x0800b868       0x1c C:/ST/STM32CubeIDE_2.0.0/STM32CubeIDE/plugins/com.st.stm32cube.ide.mcu.externaltools.gnu-tools-for-stm32.13.3.rel1.win32_1.0.100.202509120712/tools/bin/../lib/gcc/arm-none-eabi/13.3.1/../../../../arm-none-eabi/lib/thumb/v7-m/nofp\libc_nano.a(libc_a-memchr-stub.o)
                0x0800b868                memchr
 .text._realloc_r
                0x0800b884       0x5c C:/ST/STM32CubeIDE_2.0.0/STM32CubeIDE/plugins/com.st.stm32cube.ide.mcu.externaltools.gnu-tools-for-stm32.13.3.rel1.win32_1.0.100.202509120712/tools/bin/../lib/gcc/arm-none-eabi/13.3.1/../../../../arm-none-eabi/lib/thumb/v7-m/nofp\libc_nano.a(libc_a-reallocr.o)
                0x0800b884                _realloc_r
 .text._malloc_usable_size_r
                0x0800b8e0       0x10 C:/ST/STM32CubeIDE_2.0.0/STM32CubeIDE/plugins/com.st.stm32cube.ide.mcu.externaltools.gnu-tools-for-stm32.13.3.rel1.win32_1.0.100.202509120712/tools/bin/../lib/gcc/arm-none-eabi/13.3.1/../../../../arm-none-eabi/lib/thumb/v7-m/nofp\libc_nano.a(libc_a-msizer.o)
                0x0800b8e0                _malloc_usable_size_r
 *(.glue_7)
 .glue_7        0x0800b8f0        0x0 linker stubs
 *(.glue_7t)
 .glue_7t       0x0800b8f0        0x0 linker stubs
 *(.eh_frame)
 .eh_frame      0x0800b8f0        0x0 C:/ST/STM32CubeIDE_2.0.0/STM32CubeIDE/plugins/com.st.stm32cube.ide.mcu.externaltools.gnu-tools-for-stm32.13.3.rel1.win32_1.0.100.202509120712/tools/bin/../lib/gcc/arm-none-eabi/13.3.1/thumb/v7-m/nofp/crtbegin.o
 *(.init)
 .init          0x0800b8f0        0x4 C:/ST/STM32CubeIDE_2.0.0/STM32CubeIDE/plugins/com.st.stm32cube.ide.mcu.externaltools.gnu-tools-for-stm32.13.3.rel1.win32_1.0.100.202509120712/tools/bin/../lib/gcc/arm-none-eabi/13.3.1/thumb/v7-m/nofp/crti.o
                0x0800b8f0                _init
 .init          0x0800b8f4        0x8 C:/ST/STM32CubeIDE_2.0.0/STM32CubeIDE/plugins/com.st.stm32cube.ide.mcu.externaltools.gnu-tools-for-stm32.13.3.rel1.win32_1.0.100.202509120712/tools/bin/../lib/gcc/arm-none-eabi/13.3.1/thumb/v7-m/nofp/crtn.o
 *(.fini)
 .fini          0x0800b8fc        0x4 C:/ST/STM32CubeIDE_2.0.0/STM32CubeIDE/plugins/com.st.stm32cube.ide.mcu.externaltools.gnu-tools-for-stm32.13.3.rel1.win32_1.0.100.202509120712/tools/bin/../lib/gcc/arm-none-eabi/13.3.1/thumb/v7-m/nofp/crti.o
                0x0800b8fc                _fini
 .fini          0x0800b900        0x8 C:/ST/STM32CubeIDE_2.0.0/STM32CubeIDE/plugins/com.st.stm32cube.ide.mcu.externaltools.gnu-tools-for-stm32.13.3.rel1.win32_1.0.100.202509120712/tools/bin/../lib/gcc/arm-none-eabi/13.3.1/thumb/v7-m/nofp/crtn.o
                0x0800b908                        . = ALIGN (0x4)
                0x0800b908                        _etext = .

.vfp11_veneer   0x0800b908        0x0
 .vfp11_veneer  0x0800b908        0x0 linker stubs

.v4_bx          0x0800b908        0x0
 .v4_bx         0x0800b908        0x0 linker stubs

.iplt           0x0800b908        0x0
 .iplt          0x0800b908        0x0 C:/ST/STM32CubeIDE_2.0.0/STM32CubeIDE/plugins/com.st.stm32cube.ide.mcu.externaltools.gnu-tools-for-stm32.13.3.rel1.win32_1.0.100.202509120712/tools/bin/../lib/gcc/arm-none-eabi/13.3.1/thumb/v7-m/nofp/crtbegin.o

.rodata         0x0800b908     0x1508
                0x0800b908                        . = ALIGN (0x4)
 *(.rodata)
 .rodata        0x0800b908       0x3c ./Core/Src/freertos.o
 *(.rodata*)
 .rodata.str1.4
                0x0800b944      0x1f1 ./Core/Src/freertos.o
                                 0x21 (size before relaxing)
 *fill*         0x0800bb35        0x3 
 .rodata.APBPrescTable
                0x0800bb38        0x8 ./Core/Src/system_stm32f1xx.o
                0x0800bb38                APBPrescTable
 .rodata.AHBPrescTable
                0x0800bb40       0x10 ./Core/Src/system_stm32f1xx.o
                0x0800bb40                AHBPrescTable
 .rodata.display_p10_main_task_entry.str1.4
                0x0800bb50        0x0 ./Display_P10_App/App/Src/dmd_app.o
                                 0x39 (size before relaxing)
 .rodata._ZL13Droid_Sans_12
                0x0800bb50      0x3f4 ./Display_P10_App/App/Src/dmd_app.o
 .rodata._ZL30Microsoft_Sans_Serif40_037_057
                0x0800bf44      0x679 ./Display_P10_App/App/Src/dmd_app.o
 *fill*         0x0800c5bd        0x3 
 .rodata._ZL14Arial_Black_16
                0x0800c5c0      0x66a ./Display_P10_App/App/Src/dmd_app.o
 .rodata.at24cxx_init.str1.4
                0x0800cc2a        0x0 ./Display_P10_App/Components/at24cxx/driver_at24cxx.o
                                 0xff (size before relaxing)
 .rodata.at24cxx_read.str1.4
                0x0800cc2a        0x0 ./Display_P10_App/Components/at24cxx/driver_at24cxx.o
                                 0x37 (size before relaxing)
 .rodata.at24cxx_write.str1.4
                0x0800cc2a        0x0 ./Display_P10_App/Components/at24cxx/driver_at24cxx.o
                                 0x38 (size before relaxing)
 *fill*         0x0800cc2a        0x2 
 .rodata._ZL8flipBits
                0x0800cc2c      0x100 ./Display_P10_App/Components/dmd/dmd.o
 .rodata.prv_format.str1.4
                0x0800cd2c        0x0 ./Display_P10_App/Components/lwprintf/src/lwprintf/lwprintf.o
                                 0x1c (size before relaxing)
 *fill*         0x0800cd2c        0x4 
 .rodata.powers_of_10
                0x0800cd30       0x98 ./Display_P10_App/Components/lwprintf/src/lwprintf/lwprintf.o
 .rodata.aPredivFactorTable.0
                0x0800cdc8        0x2 ./Drivers/STM32F1xx_HAL_Driver/Src/stm32f1xx_hal_rcc.o
 *fill*         0x0800cdca        0x2 
 .rodata.aPLLMULFactorTable.1
                0x0800cdcc       0x10 ./Drivers/STM32F1xx_HAL_Driver/Src/stm32f1xx_hal_rcc.o
 .rodata.vTaskStartScheduler.str1.4
                0x0800cddc        0x0 ./Middlewares/Third_Party/FreeRTOS/Source/tasks.o
                                  0x5 (size before relaxing)
 .rodata._svfprintf_r.str1.1
                0x0800cddc       0x33 C:/ST/STM32CubeIDE_2.0.0/STM32CubeIDE/plugins/com.st.stm32cube.ide.mcu.externaltools.gnu-tools-for-stm32.13.3.rel1.win32_1.0.100.202509120712/tools/bin/../lib/gcc/arm-none-eabi/13.3.1/../../../../arm-none-eabi/lib/thumb/v7-m/nofp\libc_nano.a(libc_a-nano-svfprintf.o)
                                 0x11 (size before relaxing)
 .rodata._printf_i.str1.1
                0x0800ce0f        0x0 C:/ST/STM32CubeIDE_2.0.0/STM32CubeIDE/plugins/com.st.stm32cube.ide.mcu.externaltools.gnu-tools-for-stm32.13.3.rel1.win32_1.0.100.202509120712/tools/bin/../lib/gcc/arm-none-eabi/13.3.1/../../../../arm-none-eabi/lib/thumb/v7-m/nofp\libc_nano.a(libc_a-nano-vfprintf_i.o)
                                 0x22 (size before relaxing)
                0x0800ce10                        . = ALIGN (0x4)
 *fill*         0x0800ce0f        0x1 

.ARM.extab      0x0800ce10        0x0
                0x0800ce10                        . = ALIGN (0x4)
 *(.ARM.extab* .gnu.linkonce.armextab.*)
                0x0800ce10                        . = ALIGN (0x4)

.ARM            0x0800ce10        0x8
                0x0800ce10                        . = ALIGN (0x4)
                0x0800ce10                        __exidx_start = .
 *(.ARM.exidx*)
 .ARM.exidx     0x0800ce10        0x8 C:/ST/STM32CubeIDE_2.0.0/STM32CubeIDE/plugins/com.st.stm32cube.ide.mcu.externaltools.gnu-tools-for-stm32.13.3.rel1.win32_1.0.100.202509120712/tools/bin/../lib/gcc/arm-none-eabi/13.3.1/../../../../arm-none-eabi/lib/thumb/v7-m/nofp\libc_nano.a(libc_a-strlen.o)
 .ARM.exidx     0x0800ce18        0x0 C:/ST/STM32CubeIDE_2.0.0/STM32CubeIDE/plugins/com.st.stm32cube.ide.mcu.externaltools.gnu-tools-for-stm32.13.3.rel1.win32_1.0.100.202509120712/tools/bin/../lib/gcc/arm-none-eabi/13.3.1/thumb/v7-m/nofp\libgcc.a(_udivmoddi4.o)
                                  0x8 (size before relaxing)
                0x0800ce18                        __exidx_end = .
                0x0800ce18                        . = ALIGN (0x4)

.preinit_array  0x0800ce18        0x0
                0x0800ce18                        . = ALIGN (0x4)
                0x0800ce18                        PROVIDE (__preinit_array_start = .)
 *(.preinit_array*)
                0x0800ce18                        PROVIDE (__preinit_array_end = .)
                0x0800ce18                        . = ALIGN (0x4)

.init_array     0x0800ce18        0x8
                0x0800ce18                        . = ALIGN (0x4)
                0x0800ce18                        PROVIDE (__init_array_start = .)
 *(SORT_BY_NAME(.init_array.*))
 *(.init_array*)
 .init_array    0x0800ce18        0x4 C:/ST/STM32CubeIDE_2.0.0/STM32CubeIDE/plugins/com.st.stm32cube.ide.mcu.externaltools.gnu-tools-for-stm32.13.3.rel1.win32_1.0.100.202509120712/tools/bin/../lib/gcc/arm-none-eabi/13.3.1/thumb/v7-m/nofp/crtbegin.o
 .init_array    0x0800ce1c        0x4 ./Display_P10_App/App/Src/dmd_app.o
                0x0800ce20                        PROVIDE (__init_array_end = .)
                0x0800ce20                        . = ALIGN (0x4)

.fini_array     0x0800ce20        0x8
                0x0800ce20                        . = ALIGN (0x4)
                [!provide]                        PROVIDE (__fini_array_start = .)
 *(SORT_BY_NAME(.fini_array.*))
 *(.fini_array*)
 .fini_array    0x0800ce20        0x4 C:/ST/STM32CubeIDE_2.0.0/STM32CubeIDE/plugins/com.st.stm32cube.ide.mcu.externaltools.gnu-tools-for-stm32.13.3.rel1.win32_1.0.100.202509120712/tools/bin/../lib/gcc/arm-none-eabi/13.3.1/thumb/v7-m/nofp/crtbegin.o
 .fini_array    0x0800ce24        0x4 ./Display_P10_App/App/Src/dmd_app.o
                [!provide]                        PROVIDE (__fini_array_end = .)
                0x0800ce28                        . = ALIGN (0x4)
                0x0800ce28                        _sidata = LOADADDR (.data)

.rel.dyn        0x0800ce28        0x0
 .rel.iplt      0x0800ce28        0x0 C:/ST/STM32CubeIDE_2.0.0/STM32CubeIDE/plugins/com.st.stm32cube.ide.mcu.externaltools.gnu-tools-for-stm32.13.3.rel1.win32_1.0.100.202509120712/tools/bin/../lib/gcc/arm-none-eabi/13.3.1/thumb/v7-m/nofp/crtbegin.o

.data           0x20000000      0x160 load address 0x0800ce28
                0x20000000                        . = ALIGN (0x4)
                0x20000000                        _sdata = .
 *(.data)
 *(.data*)
 .data.SystemCoreClock
                0x20000000        0x4 ./Core/Src/system_stm32f1xx.o
                0x20000000                SystemCoreClock
 .data.chip_type
                0x20000004        0x2 ./Display_P10_App/App/Src/dmd_app.o
                0x20000004                chip_type
 *fill*         0x20000006        0x2 
 .data._ZL13fixednums7x15
                0x20000008       0xe6 ./Display_P10_App/App/Src/dmd_app.o
 *fill*         0x200000ee        0x2 
 .data.bauds    0x200000f0       0x14 ./Display_P10_App/App/Src/modbus_server_app.o
                0x200000f0                bauds
 .data.uwTickFreq
                0x20000104        0x1 ./Drivers/STM32F1xx_HAL_Driver/Src/stm32f1xx_hal.o
                0x20000104                uwTickFreq
 *fill*         0x20000105        0x3 
 .data.uwTickPrio
                0x20000108        0x4 ./Drivers/STM32F1xx_HAL_Driver/Src/stm32f1xx_hal.o
                0x20000108                uwTickPrio
 .data.uxCriticalNesting
                0x2000010c        0x4 ./Middlewares/Third_Party/FreeRTOS/Source/portable/GCC/ARM_CM3/port.o
 .data._impure_ptr
                0x20000110        0x4 C:/ST/STM32CubeIDE_2.0.0/STM32CubeIDE/plugins/com.st.stm32cube.ide.mcu.externaltools.gnu-tools-for-stm32.13.3.rel1.win32_1.0.100.202509120712/tools/bin/../lib/gcc/arm-none-eabi/13.3.1/../../../../arm-none-eabi/lib/thumb/v7-m/nofp\libc_nano.a(libc_a-impure.o)
                0x20000110                _impure_ptr
 .data._impure_data
                0x20000114       0x4c C:/ST/STM32CubeIDE_2.0.0/STM32CubeIDE/plugins/com.st.stm32cube.ide.mcu.externaltools.gnu-tools-for-stm32.13.3.rel1.win32_1.0.100.202509120712/tools/bin/../lib/gcc/arm-none-eabi/13.3.1/../../../../arm-none-eabi/lib/thumb/v7-m/nofp\libc_nano.a(libc_a-impure.o)
                0x20000114                _impure_data
 *(.RamFunc)
 *(.RamFunc*)
                0x20000160                        . = ALIGN (0x4)
                0x20000160                        _edata = .

.igot.plt       0x20000160        0x0 load address 0x0800cf88
 .igot.plt      0x20000160        0x0 C:/ST/STM32CubeIDE_2.0.0/STM32CubeIDE/plugins/com.st.stm32cube.ide.mcu.externaltools.gnu-tools-for-stm32.13.3.rel1.win32_1.0.100.202509120712/tools/bin/../lib/gcc/arm-none-eabi/13.3.1/thumb/v7-m/nofp/crtbegin.o
                0x20000160                        . = ALIGN (0x4)

.bss            0x20000160     0x2fe4 load address 0x0800cf88
                0x20000160                        _sbss = .
                0x20000160                        __bss_start__ = _sbss
 *(.bss)
 .bss           0x20000160       0x1c C:/ST/STM32CubeIDE_2.0.0/STM32CubeIDE/plugins/com.st.stm32cube.ide.mcu.externaltools.gnu-tools-for-stm32.13.3.rel1.win32_1.0.100.202509120712/tools/bin/../lib/gcc/arm-none-eabi/13.3.1/thumb/v7-m/nofp/crtbegin.o
 *(.bss*)
 .bss.p10_update
                0x2000017c        0x4 ./Core/Src/freertos.o
                0x2000017c                p10_update
 .bss.modbusServerHandle
                0x20000180        0x4 ./Core/Src/freertos.o
                0x20000180                modbusServerHandle
 .bss.p10TaskHandle
                0x20000184        0x4 ./Core/Src/freertos.o
                0x20000184                p10TaskHandle
 .bss.mainTaskHandle
                0x20000188        0x4 ./Core/Src/freertos.o
                0x20000188                mainTaskHandle
 .bss.hi2c2     0x2000018c       0x54 ./Core/Src/i2c.o
                0x2000018c                hi2c2
 .bss.hspi1     0x200001e0       0x58 ./Core/Src/spi.o
                0x200001e0                hspi1
 .bss.__sbrk_heap_end
                0x20000238        0x4 ./Core/Src/sysmem.o
 .bss.htim4     0x2000023c       0x48 ./Core/Src/tim.o
                0x2000023c                htim4
 .bss.htim2     0x20000284       0x48 ./Core/Src/tim.o
                0x20000284                htim2
 .bss.hdma_usart1_rx
                0x200002cc       0x44 ./Core/Src/usart.o
                0x200002cc                hdma_usart1_rx
 .bss.huart1    0x20000310       0x48 ./Core/Src/usart.o
                0x20000310                huart1
 .bss.addr_eeprom
                0x20000358        0x1 ./Display_P10_App/App/Src/dmd_app.o
                0x20000358                addr_eeprom
 *fill*         0x20000359        0x3 
 .bss.eHandle   0x2000035c       0x28 ./Display_P10_App/App/Src/dmd_app.o
                0x2000035c                eHandle
 .bss.data      0x20000384       0x30 ./Display_P10_App/App/Src/dmd_app.o
                0x20000384                data
 *fill*         0x200003b4        0x4 
 .bss.display   0x200003b8       0x40 ./Display_P10_App/App/Src/dmd_app.o
                0x200003b8                display
 .bss.rxTimeout
                0x200003f8        0x4 ./Display_P10_App/App/Src/modbus_server_app.o
                0x200003f8                rxTimeout
 .bss.nmbsRtu   0x200003fc      0x15c ./Display_P10_App/App/Src/modbus_server_app.o
                0x200003fc                nmbsRtu
 .bss.rxFlag    0x20000558        0x4 ./Display_P10_App/App/Src/modbus_server_app.o
                0x20000558                rxFlag
 .bss.rxBuff    0x2000055c       0x8a ./Display_P10_App/App/Src/modbus_server_app.o
                0x2000055c                rxBuff
 *fill*         0x200005e6        0x2 
 .bss.server_registers
                0x200005e8       0x1a ./Display_P10_App/App/Src/modbus_server_app.o
                0x200005e8                server_registers
 *fill*         0x20000602        0x2 
 .bss.modbusRXbuffer
                0x20000604       0x80 ./Display_P10_App/App/Src/modbus_server_app.o
                0x20000604                modbusRXbuffer
 .bss.modbusRB  0x20000684       0x18 ./Display_P10_App/App/Src/modbus_server_app.o
                0x20000684                modbusRB
 .bss.lwprintf_default
                0x2000069c        0x8 ./Display_P10_App/Components/lwprintf/src/lwprintf/lwprintf.o
 .bss.uwTick    0x200006a4        0x4 ./Drivers/STM32F1xx_HAL_Driver/Src/stm32f1xx_hal.o
                0x200006a4                uwTick
 .bss.uxSchedulerSuspended
                0x200006a8        0x4 ./Middlewares/Third_Party/FreeRTOS/Source/tasks.o
 .bss.xIdleTaskHandle
                0x200006ac        0x4 ./Middlewares/Third_Party/FreeRTOS/Source/tasks.o
 .bss.xNextTaskUnblockTime
                0x200006b0        0x4 ./Middlewares/Third_Party/FreeRTOS/Source/tasks.o
 .bss.uxTaskNumber
                0x200006b4        0x4 ./Middlewares/Third_Party/FreeRTOS/Source/tasks.o
 .bss.xNumOfOverflows
                0x200006b8        0x4 ./Middlewares/Third_Party/FreeRTOS/Source/tasks.o
 .bss.xYieldPending
                0x200006bc        0x4 ./Middlewares/Third_Party/FreeRTOS/Source/tasks.o
 .bss.xPendedTicks
                0x200006c0        0x4 ./Middlewares/Third_Party/FreeRTOS/Source/tasks.o
 .bss.xSchedulerRunning
                0x200006c4        0x4 ./Middlewares/Third_Party/FreeRTOS/Source/tasks.o
 .bss.uxTopReadyPriority
                0x200006c8        0x4 ./Middlewares/Third_Party/FreeRTOS/Source/tasks.o
 .bss.xTickCount
                0x200006cc        0x4 ./Middlewares/Third_Party/FreeRTOS/Source/tasks.o
 .bss.uxCurrentNumberOfTasks
                0x200006d0        0x4 ./Middlewares/Third_Party/FreeRTOS/Source/tasks.o
 .bss.xSuspendedTaskList
                0x200006d4       0x14 ./Middlewares/Third_Party/FreeRTOS/Source/tasks.o
 .bss.uxDeletedTasksWaitingCleanUp
                0x200006e8        0x4 ./Middlewares/Third_Party/FreeRTOS/Source/tasks.o
 .bss.xTasksWaitingTermination
                0x200006ec       0x14 ./Middlewares/Third_Party/FreeRTOS/Source/tasks.o
 .bss.xPendingReadyList
                0x20000700       0x14 ./Middlewares/Third_Party/FreeRTOS/Source/tasks.o
 .bss.pxOverflowDelayedTaskList
                0x20000714        0x4 ./Middlewares/Third_Party/FreeRTOS/Source/tasks.o
 .bss.pxDelayedTaskList
                0x20000718        0x4 ./Middlewares/Third_Party/FreeRTOS/Source/tasks.o
 .bss.xDelayedTaskList2
                0x2000071c       0x14 ./Middlewares/Third_Party/FreeRTOS/Source/tasks.o
 .bss.xDelayedTaskList1
                0x20000730       0x14 ./Middlewares/Third_Party/FreeRTOS/Source/tasks.o
 .bss.pxReadyTasksLists
                0x20000744       0x8c ./Middlewares/Third_Party/FreeRTOS/Source/tasks.o
 .bss.pxCurrentTCB
                0x200007d0        0x4 ./Middlewares/Third_Party/FreeRTOS/Source/tasks.o
                0x200007d0                pxCurrentTCB
 .bss.ulMaxPRIGROUPValue
                0x200007d4        0x4 ./Middlewares/Third_Party/FreeRTOS/Source/portable/GCC/ARM_CM3/port.o
 .bss.ucMaxSysCallPriority
                0x200007d8        0x1 ./Middlewares/Third_Party/FreeRTOS/Source/portable/GCC/ARM_CM3/port.o
 *fill*         0x200007d9        0x3 
 .bss.xBlockAllocatedBit
                0x200007dc        0x4 ./Middlewares/Third_Party/FreeRTOS/Source/portable/MemMang/heap_4.o
 .bss.xNumberOfSuccessfulFrees
                0x200007e0        0x4 ./Middlewares/Third_Party/FreeRTOS/Source/portable/MemMang/heap_4.o
 .bss.xNumberOfSuccessfulAllocations
                0x200007e4        0x4 ./Middlewares/Third_Party/FreeRTOS/Source/portable/MemMang/heap_4.o
 .bss.xMinimumEverFreeBytesRemaining
                0x200007e8        0x4 ./Middlewares/Third_Party/FreeRTOS/Source/portable/MemMang/heap_4.o
 .bss.xFreeBytesRemaining
                0x200007ec        0x4 ./Middlewares/Third_Party/FreeRTOS/Source/portable/MemMang/heap_4.o
 .bss.pxEnd     0x200007f0        0x4 ./Middlewares/Third_Party/FreeRTOS/Source/portable/MemMang/heap_4.o
 .bss.xStart    0x200007f4        0x8 ./Middlewares/Third_Party/FreeRTOS/Source/portable/MemMang/heap_4.o
 .bss.ucHeap    0x200007fc     0x2800 ./Middlewares/Third_Party/FreeRTOS/Source/portable/MemMang/heap_4.o
 .bss.__sf      0x20002ffc      0x138 C:/ST/STM32CubeIDE_2.0.0/STM32CubeIDE/plugins/com.st.stm32cube.ide.mcu.externaltools.gnu-tools-for-stm32.13.3.rel1.win32_1.0.100.202509120712/tools/bin/../lib/gcc/arm-none-eabi/13.3.1/../../../../arm-none-eabi/lib/thumb/v7-m/nofp\libc_nano.a(libc_a-findfp.o)
                0x20002ffc                __sf
 .bss.errno     0x20003134        0x4 C:/ST/STM32CubeIDE_2.0.0/STM32CubeIDE/plugins/com.st.stm32cube.ide.mcu.externaltools.gnu-tools-for-stm32.13.3.rel1.win32_1.0.100.202509120712/tools/bin/../lib/gcc/arm-none-eabi/13.3.1/../../../../arm-none-eabi/lib/thumb/v7-m/nofp\libc_nano.a(libc_a-reent.o)
                0x20003134                errno
 .bss.__lock___malloc_recursive_mutex
                0x20003138        0x1 C:/ST/STM32CubeIDE_2.0.0/STM32CubeIDE/plugins/com.st.stm32cube.ide.mcu.externaltools.gnu-tools-for-stm32.13.3.rel1.win32_1.0.100.202509120712/tools/bin/../lib/gcc/arm-none-eabi/13.3.1/../../../../arm-none-eabi/lib/thumb/v7-m/nofp\libc_nano.a(libc_a-lock.o)
                0x20003138                __lock___malloc_recursive_mutex
 *fill*         0x20003139        0x3 
 .bss.__malloc_sbrk_start
                0x2000313c        0x4 C:/ST/STM32CubeIDE_2.0.0/STM32CubeIDE/plugins/com.st.stm32cube.ide.mcu.externaltools.gnu-tools-for-stm32.13.3.rel1.win32_1.0.100.202509120712/tools/bin/../lib/gcc/arm-none-eabi/13.3.1/../../../../arm-none-eabi/lib/thumb/v7-m/nofp\libc_nano.a(libc_a-mallocr.o)
                0x2000313c                __malloc_sbrk_start
 .bss.__malloc_free_list
                0x20003140        0x4 C:/ST/STM32CubeIDE_2.0.0/STM32CubeIDE/plugins/com.st.stm32cube.ide.mcu.externaltools.gnu-tools-for-stm32.13.3.rel1.win32_1.0.100.202509120712/tools/bin/../lib/gcc/arm-none-eabi/13.3.1/../../../../arm-none-eabi/lib/thumb/v7-m/nofp\libc_nano.a(libc_a-mallocr.o)
                0x20003140                __malloc_free_list
 *(COMMON)
                0x20003144                        . = ALIGN (0x4)
                0x20003144                        _ebss = .
                0x20003144                        __bss_end__ = _ebss

._user_heap_stack
                0x20003144      0x604 load address 0x0800cf88
                0x20003148                        . = ALIGN (0x8)
 *fill*         0x20003144        0x4 
                [!provide]                        PROVIDE (end = .)
                0x20003148                        PROVIDE (_end = .)
                0x20003348                        . = (. + _Min_Heap_Size)
 *fill*         0x20003148      0x200 
                0x20003748                        . = (. + _Min_Stack_Size)
 *fill*         0x20003348      0x400 
                0x20003748                        . = ALIGN (0x8)

/DISCARD/
 libc.a(*)
 libm.a(*)
 libgcc.a(*)

.ARM.attributes
                0x00000000       0x29
 *(.ARM.attributes)
 .ARM.attributes
                0x00000000       0x1d C:/ST/STM32CubeIDE_2.0.0/STM32CubeIDE/plugins/com.st.stm32cube.ide.mcu.externaltools.gnu-tools-for-stm32.13.3.rel1.win32_1.0.100.202509120712/tools/bin/../lib/gcc/arm-none-eabi/13.3.1/thumb/v7-m/nofp/crti.o
 .ARM.attributes
                0x0000001d       0x2d C:/ST/STM32CubeIDE_2.0.0/STM32CubeIDE/plugins/com.st.stm32cube.ide.mcu.externaltools.gnu-tools-for-stm32.13.3.rel1.win32_1.0.100.202509120712/tools/bin/../lib/gcc/arm-none-eabi/13.3.1/thumb/v7-m/nofp/crtbegin.o
 .ARM.attributes
                0x0000004a       0x2d ./Core/Src/dma.o
 .ARM.attributes
                0x00000077       0x2d ./Core/Src/freertos.o
 .ARM.attributes
                0x000000a4       0x2d ./Core/Src/gpio.o
 .ARM.attributes
                0x000000d1       0x2d ./Core/Src/i2c.o
 .ARM.attributes
                0x000000fe       0x2d ./Core/Src/main.o
 .ARM.attributes
                0x0000012b       0x2d ./Core/Src/spi.o
 .ARM.attributes
                0x00000158       0x2d ./Core/Src/stm32f1xx_hal_msp.o
 .ARM.attributes
                0x00000185       0x2d ./Core/Src/stm32f1xx_it.o
 .ARM.attributes
                0x000001b2       0x2d ./Core/Src/sysmem.o
 .ARM.attributes
                0x000001df       0x2d ./Core/Src/system_stm32f1xx.o
 .ARM.attributes
                0x0000020c       0x2d ./Core/Src/tim.o
 .ARM.attributes
                0x00000239       0x2d ./Core/Src/usart.o
 .ARM.attributes
                0x00000266       0x21 ./Core/Startup/startup_stm32f103c8tx.o
 .ARM.attributes