../leather_gauge_sensor/modules/modbus/lg_module_modbus.c:71:6:modbus_baudrate_set	16	static
../leather_gauge_sensor/modules/modbus/lg_module_modbus.c:116:9:lg_module_modbus_init	40	static
../leather_gauge_sensor/modules/modbus/lg_module_modbus.c:156:9:lg_module_modbus_set_addr	24	static
../leather_gauge_sensor/modules/modbus/lg_module_modbus.c:165:9:lg_module_modbus_pool	24	static
../leather_gauge_sensor/modules/modbus/lg_module_modbus.c:179:6:HAL_UART_ErrorCallback	16	static
../leather_gauge_sensor/modules/modbus/lg_module_modbus.c:186:6:HAL_UARTEx_RxEventCallback	16	static
../leather_gauge_sensor/modules/modbus/lg_module_modbus.c:198:16:lg_module_read_serial	32	static
../leather_gauge_sensor/modules/modbus/lg_module_modbus.c:214:16:lg_module_write_serial	40	static
../leather_gauge_sensor/modules/modbus/lg_module_modbus.c:230:19:handle_read_coils	40	static
../leather_gauge_sensor/modules/modbus/lg_module_modbus.c:247:19:handle_write_multiple_coils	40	static
../leather_gauge_sensor/modules/modbus/lg_module_modbus.c:262:19:handler_read_holding_registers	40	static
../leather_gauge_sensor/modules/modbus/lg_module_modbus.c:277:19:handle_write_multiple_registers	40	static
../leather_gauge_sensor/modules/modbus/lg_module_modbus.c:300:19:handle_write_single_register	40	static
../leather_gauge_sensor/modules/modbus/lg_module_modbus.c:306:13:modbus_server_update	184	static
../leather_gauge_sensor/modules/modbus/lg_module_modbus.c:358:12:modbus_tcp_write_data	192	static
