../leather_gauge_controller/app/src/hmi/lgc_hmi_task.c:101:6:lgc_hmi_update_task_entry	128	static
../leather_gauge_controller/app/src/hmi/lgc_hmi_task.c:201:6:lgc_hmi_task_entry	88	static
../leather_gauge_controller/app/src/hmi/lgc_hmi_task.c:307:10:lgc_dwin_uart_transmit	16	static
../leather_gauge_controller/app/src/hmi/lgc_hmi_task.c:319:10:lgc_dwin_get_tick	8	static
../leather_gauge_controller/app/src/hmi/lgc_hmi_task.c:323:6:lgc_dwin_lock	8	static
../leather_gauge_controller/app/src/hmi/lgc_hmi_task.c:327:6:lgc_dwin_unlock	8	static
../leather_gauge_controller/app/src/hmi/lgc_hmi_task.c:332:6:lgc_dwin_signal	16	static
../leather_gauge_controller/app/src/hmi/lgc_hmi_task.c:337:6:lgc_dwin_signal_set	8	static
../leather_gauge_controller/app/src/hmi/lgc_hmi_task.c:343:6:lgc_dwin_new_data_signal	8	static
../leather_gauge_controller/app/src/hmi/lgc_hmi_task.c:350:6:lgc_dwin_new_data_signal_set	8	static
../leather_gauge_controller/app/src/hmi/lgc_hmi_task.c:357:13:lgc_dwin_process_task_entry	16	static
../leather_gauge_controller/app/src/hmi/lgc_hmi_task.c:368:13:on_dwin_event	16	static
../leather_gauge_controller/app/src/hmi/lgc_hmi_task.c:375:13:lgc_dwin_uart_ErrorCallback	16	static
../leather_gauge_controller/app/src/hmi/lgc_hmi_task.c:381:13:lgc_dwin_uart_RxEventCallback	16	static
../leather_gauge_controller/app/src/hmi/lgc_hmi_task.c:391:6:lgc_dwin_uart_TxCpltCallback	16	static
../leather_gauge_controller/app/src/hmi/lgc_hmi_task.c:398:9:lgc_hmi_init	32	static
../leather_gauge_controller/app/src/hmi/lgc_hmi_task.c:486:9:lgc_hmi_send_msg	40	static
../leather_gauge_controller/app/src/hmi/lgc_hmi_task.c:510:13:hmi_set_current_page	16	static
