../leather_gauge_controller/app/src/hmi/lgc_hmi_task.c:117:6:lgc_hmi_update_task_entry	128	static
../leather_gauge_controller/app/src/hmi/lgc_hmi_task.c:242:6:lgc_hmi_task_entry	144	static
../leather_gauge_controller/app/src/hmi/lgc_hmi_task.c:611:10:lgc_dwin_uart_transmit	16	static
../leather_gauge_controller/app/src/hmi/lgc_hmi_task.c:623:10:lgc_dwin_get_tick	8	static
../leather_gauge_controller/app/src/hmi/lgc_hmi_task.c:627:6:lgc_dwin_lock	8	static
../leather_gauge_controller/app/src/hmi/lgc_hmi_task.c:631:6:lgc_dwin_unlock	8	static
../leather_gauge_controller/app/src/hmi/lgc_hmi_task.c:636:6:lgc_dwin_signal	16	static
../leather_gauge_controller/app/src/hmi/lgc_hmi_task.c:641:6:lgc_dwin_signal_set	8	static
../leather_gauge_controller/app/src/hmi/lgc_hmi_task.c:647:6:lgc_dwin_new_data_signal	8	static
../leather_gauge_controller/app/src/hmi/lgc_hmi_task.c:654:6:lgc_dwin_new_data_signal_set	8	static
../leather_gauge_controller/app/src/hmi/lgc_hmi_task.c:661:13:lgc_dwin_process_task_entry	16	static
../leather_gauge_controller/app/src/hmi/lgc_hmi_task.c:672:13:on_dwin_event	16	static
../leather_gauge_controller/app/src/hmi/lgc_hmi_task.c:679:13:lgc_dwin_uart_ErrorCallback	16	static
../leather_gauge_controller/app/src/hmi/lgc_hmi_task.c:685:13:lgc_dwin_uart_RxEventCallback	16	static
../leather_gauge_controller/app/src/hmi/lgc_hmi_task.c:695:6:lgc_dwin_uart_TxCpltCallback	16	static
../leather_gauge_controller/app/src/hmi/lgc_hmi_task.c:702:9:lgc_hmi_init	32	static
../leather_gauge_controller/app/src/hmi/lgc_hmi_task.c:790:9:lgc_hmi_send_msg	40	static
../leather_gauge_controller/app/src/hmi/lgc_hmi_task.c:814:13:hmi_set_current_page	16	static
