../leather_gauge_controller/app/src/hmi/lgc_hmi_task.c:100:6:lgc_hmi_update_task_entry	128	static
../leather_gauge_controller/app/src/hmi/lgc_hmi_task.c:195:6:lgc_hmi_task_entry	88	static
../leather_gauge_controller/app/src/hmi/lgc_hmi_task.c:301:10:lgc_dwin_uart_transmit	16	static
../leather_gauge_controller/app/src/hmi/lgc_hmi_task.c:313:10:lgc_dwin_get_tick	8	static
../leather_gauge_controller/app/src/hmi/lgc_hmi_task.c:317:6:lgc_dwin_lock	8	static
../leather_gauge_controller/app/src/hmi/lgc_hmi_task.c:321:6:lgc_dwin_unlock	8	static
../leather_gauge_controller/app/src/hmi/lgc_hmi_task.c:326:6:lgc_dwin_signal	16	static
../leather_gauge_controller/app/src/hmi/lgc_hmi_task.c:331:6:lgc_dwin_signal_set	8	static
../leather_gauge_controller/app/src/hmi/lgc_hmi_task.c:337:6:lgc_dwin_new_data_signal	8	static
../leather_gauge_controller/app/src/hmi/lgc_hmi_task.c:344:6:lgc_dwin_new_data_signal_set	8	static
../leather_gauge_controller/app/src/hmi/lgc_hmi_task.c:351:13:lgc_dwin_process_task_entry	16	static
../leather_gauge_controller/app/src/hmi/lgc_hmi_task.c:362:13:on_dwin_event	16	static
../leather_gauge_controller/app/src/hmi/lgc_hmi_task.c:369:13:lgc_dwin_uart_ErrorCallback	16	static
../leather_gauge_controller/app/src/hmi/lgc_hmi_task.c:375:13:lgc_dwin_uart_RxEventCallback	16	static
../leather_gauge_controller/app/src/hmi/lgc_hmi_task.c:387:9:lgc_hmi_init	32	static
../leather_gauge_controller/app/src/hmi/lgc_hmi_task.c:473:9:lgc_hmi_send_msg	40	static
../leather_gauge_controller/app/src/hmi/lgc_hmi_task.c:497:13:hmi_set_current_page	16	static
