../leather_gauge_sensor/modules/modbus/lg_module_modbus.c:72:6:modbus_baudrate_set	16	static
../leather_gauge_sensor/modules/modbus/lg_module_modbus.c:117:9:lg_module_modbus_init	40	static
../leather_gauge_sensor/modules/modbus/lg_module_modbus.c:159:9:lg_module_modbus_set_addr	24	static
../leather_gauge_sensor/modules/modbus/lg_module_modbus.c:168:9:lg_module_modbus_pool	24	static
../leather_gauge_sensor/modules/modbus/lg_module_modbus.c:179:6:lg_module_modbus_reset	8	static
../leather_gauge_sensor/modules/modbus/lg_module_modbus.c:189:6:HAL_UART_ErrorCallback	16	static
../leather_gauge_sensor/modules/modbus/lg_module_modbus.c:196:6:HAL_UARTEx_RxEventCallback	16	static
../leather_gauge_sensor/modules/modbus/lg_module_modbus.c:212:16:lg_module_read_serial	32	static
../leather_gauge_sensor/modules/modbus/lg_module_modbus.c:228:16:lg_module_write_serial	40	static
../leather_gauge_sensor/modules/modbus/lg_module_modbus.c:244:19:handle_read_coils	40	static
../leather_gauge_sensor/modules/modbus/lg_module_modbus.c:261:19:handle_write_multiple_coils	40	static
../leather_gauge_sensor/modules/modbus/lg_module_modbus.c:276:19:handler_read_holding_registers	40	static
../leather_gauge_sensor/modules/modbus/lg_module_modbus.c:291:19:handle_write_multiple_registers	40	static
../leather_gauge_sensor/modules/modbus/lg_module_modbus.c:314:19:handle_write_single_register	40	static
../leather_gauge_sensor/modules/modbus/lg_module_modbus.c:320:13:modbus_server_update	184	static
../leather_gauge_sensor/modules/modbus/lg_module_modbus.c:372:12:modbus_tcp_write_data	192	static
