../leather_gauge_sensor/modules/modbus/lg_module_modbus.c:72:6:modbus_baudrate_set	16	static
../leather_gauge_sensor/modules/modbus/lg_module_modbus.c:117:9:lg_module_modbus_init	40	static
../leather_gauge_sensor/modules/modbus/lg_module_modbus.c:157:9:lg_module_modbus_set_addr	24	static
../leather_gauge_sensor/modules/modbus/lg_module_modbus.c:166:9:lg_module_modbus_pool	24	static
../leather_gauge_sensor/modules/modbus/lg_module_modbus.c:177:6:lg_module_modbus_reset	8	static
../leather_gauge_sensor/modules/modbus/lg_module_modbus.c:187:6:HAL_UART_ErrorCallback	16	static
../leather_gauge_sensor/modules/modbus/lg_module_modbus.c:194:6:HAL_UARTEx_RxEventCallback	16	static
../leather_gauge_sensor/modules/modbus/lg_module_modbus.c:210:16:lg_module_read_serial	32	static
../leather_gauge_sensor/modules/modbus/lg_module_modbus.c:226:16:lg_module_write_serial	40	static
../leather_gauge_sensor/modules/modbus/lg_module_modbus.c:242:19:handle_read_coils	40	static
../leather_gauge_sensor/modules/modbus/lg_module_modbus.c:259:19:handle_write_multiple_coils	40	static
../leather_gauge_sensor/modules/modbus/lg_module_modbus.c:274:19:handler_read_holding_registers	40	static
../leather_gauge_sensor/modules/modbus/lg_module_modbus.c:289:19:handle_write_multiple_registers	40	static
../leather_gauge_sensor/modules/modbus/lg_module_modbus.c:312:19:handle_write_single_register	40	static
../leather_gauge_sensor/modules/modbus/lg_module_modbus.c:318:13:modbus_server_update	184	static
../leather_gauge_sensor/modules/modbus/lg_module_modbus.c:370:12:modbus_tcp_write_data	192	static
