../Display_P10_App/Components/dmd/dmd.cpp:18:1:DMDESP::DMDESP(int, int)	16	static,ignoring_inline_asm
../Display_P10_App/Components/dmd/dmd.cpp:39:6:void DMDESP::clearBuffer()	8	static
../Display_P10_App/Components/dmd/dmd.cpp:42:1:DMDESP::~DMDESP()	8	static
../Display_P10_App/Components/dmd/dmd.cpp:52:6:void DMDESP::setConnectScheme(uint8_t)	0	static
../Display_P10_App/Components/dmd/dmd.cpp:55:6:bool DMDESP::mutexTake(BaseType_t)	8	static
../Display_P10_App/Components/dmd/dmd.cpp:62:6:void DMDESP::mutexRelease()	8	static
../Display_P10_App/Components/dmd/dmd.cpp:65:6:void DMDESP::setDoubleBuffer(bool)	16	static
../Display_P10_App/Components/dmd/dmd.cpp:107:6:void DMDESP::swapBuffers()	8	static
../Display_P10_App/Components/dmd/dmd.cpp:128:6:void DMDESP::swapBuffersAndCopy()	8	static
../Display_P10_App/Components/dmd/dmd.cpp:136:6:void dispinit()	0	static
../Display_P10_App/Components/dmd/dmd.cpp:141:6:void DMDESP::updateFlag()	16	static,ignoring_inline_asm
../Display_P10_App/Components/dmd/dmd.cpp:190:6:void DMDESP::refresh()	64	static
../Display_P10_App/Components/dmd/dmd.cpp:151:6:void DMDESP::loop()	8	static
../Display_P10_App/Components/dmd/dmd.cpp:257:6:void DMDESP::start()	8	static
../Display_P10_App/Components/dmd/dmd.cpp:264:6:void DMDESP::setBrightness(uint8_t)	0	static
