Archive member included to satisfy reference by file (symbol)

/opt/st/stm32cubeide_1.18.1/plugins/com.st.stm32cube.ide.mcu.externaltools.gnu-tools-for-stm32.13.3.rel1.linux64_1.0.0.202410170706/tools/bin/../lib/gcc/arm-none-eabi/13.3.1/../../../../arm-none-eabi/lib/thumb/v6-m/nofp/libc_nano.a(libc_a-exit.o)
                              /opt/st/stm32cubeide_1.18.1/plugins/com.st.stm32cube.ide.mcu.externaltools.gnu-tools-for-stm32.13.3.rel1.linux64_1.0.0.202410170706/tools/bin/../lib/gcc/arm-none-eabi/13.3.1/../../../../arm-none-eabi/lib/thumb/v6-m/nofp/crt0.o (exit)
/opt/st/stm32cubeide_1.18.1/plugins/com.st.stm32cube.ide.mcu.externaltools.gnu-tools-for-stm32.13.3.rel1.linux64_1.0.0.202410170706/tools/bin/../lib/gcc/arm-none-eabi/13.3.1/../../../../arm-none-eabi/lib/thumb/v6-m/nofp/libc_nano.a(libc_a-findfp.o)
                              /opt/st/stm32cubeide_1.18.1/plugins/com.st.stm32cube.ide.mcu.externaltools.gnu-tools-for-stm32.13.3.rel1.linux64_1.0.0.202410170706/tools/bin/../lib/gcc/arm-none-eabi/13.3.1/../../../../arm-none-eabi/lib/thumb/v6-m/nofp/libc_nano.a(libc_a-exit.o) (__stdio_exit_handler)
/opt/st/stm32cubeide_1.18.1/plugins/com.st.stm32cube.ide.mcu.externaltools.gnu-tools-for-stm32.13.3.rel1.linux64_1.0.0.202410170706/tools/bin/../lib/gcc/arm-none-eabi/13.3.1/../../../../arm-none-eabi/lib/thumb/v6-m/nofp/libc_nano.a(libc_a-fwalk.o)
                              /opt/st/stm32cubeide_1.18.1/plugins/com.st.stm32cube.ide.mcu.externaltools.gnu-tools-for-stm32.13.3.rel1.linux64_1.0.0.202410170706/tools/bin/../lib/gcc/arm-none-eabi/13.3.1/../../../../arm-none-eabi/lib/thumb/v6-m/nofp/libc_nano.a(libc_a-findfp.o) (_fwalk_sglue)
/opt/st/stm32cubeide_1.18.1/plugins/com.st.stm32cube.ide.mcu.externaltools.gnu-tools-for-stm32.13.3.rel1.linux64_1.0.0.202410170706/tools/bin/../lib/gcc/arm-none-eabi/13.3.1/../../../../arm-none-eabi/lib/thumb/v6-m/nofp/libc_nano.a(libc_a-stdio.o)
                              /opt/st/stm32cubeide_1.18.1/plugins/com.st.stm32cube.ide.mcu.externaltools.gnu-tools-for-stm32.13.3.rel1.linux64_1.0.0.202410170706/tools/bin/../lib/gcc/arm-none-eabi/13.3.1/../../../../arm-none-eabi/lib/thumb/v6-m/nofp/libc_nano.a(libc_a-findfp.o) (__sread)
/opt/st/stm32cubeide_1.18.1/plugins/com.st.stm32cube.ide.mcu.externaltools.gnu-tools-for-stm32.13.3.rel1.linux64_1.0.0.202410170706/tools/bin/../lib/gcc/arm-none-eabi/13.3.1/../../../../arm-none-eabi/lib/thumb/v6-m/nofp/libc_nano.a(libc_a-memcmp.o)
                              ./leather_gauge_sensor/middlewares/nanoMODBUS/nanomodbus.o (memcmp)
/opt/st/stm32cubeide_1.18.1/plugins/com.st.stm32cube.ide.mcu.externaltools.gnu-tools-for-stm32.13.3.rel1.linux64_1.0.0.202410170706/tools/bin/../lib/gcc/arm-none-eabi/13.3.1/../../../../arm-none-eabi/lib/thumb/v6-m/nofp/libc_nano.a(libc_a-memset.o)
                              /opt/st/stm32cubeide_1.18.1/plugins/com.st.stm32cube.ide.mcu.externaltools.gnu-tools-for-stm32.13.3.rel1.linux64_1.0.0.202410170706/tools/bin/../lib/gcc/arm-none-eabi/13.3.1/../../../../arm-none-eabi/lib/thumb/v6-m/nofp/crt0.o (memset)
/opt/st/stm32cubeide_1.18.1/plugins/com.st.stm32cube.ide.mcu.externaltools.gnu-tools-for-stm32.13.3.rel1.linux64_1.0.0.202410170706/tools/bin/../lib/gcc/arm-none-eabi/13.3.1/../../../../arm-none-eabi/lib/thumb/v6-m/nofp/libc_nano.a(libc_a-strncpy.o)
                              ./leather_gauge_sensor/middlewares/nanoMODBUS/nanomodbus.o (strncpy)
/opt/st/stm32cubeide_1.18.1/plugins/com.st.stm32cube.ide.mcu.externaltools.gnu-tools-for-stm32.13.3.rel1.linux64_1.0.0.202410170706/tools/bin/../lib/gcc/arm-none-eabi/13.3.1/../../../../arm-none-eabi/lib/thumb/v6-m/nofp/libc_nano.a(libc_a-closer.o)
                              /opt/st/stm32cubeide_1.18.1/plugins/com.st.stm32cube.ide.mcu.externaltools.gnu-tools-for-stm32.13.3.rel1.linux64_1.0.0.202410170706/tools/bin/../lib/gcc/arm-none-eabi/13.3.1/../../../../arm-none-eabi/lib/thumb/v6-m/nofp/libc_nano.a(libc_a-stdio.o) (_close_r)
/opt/st/stm32cubeide_1.18.1/plugins/com.st.stm32cube.ide.mcu.externaltools.gnu-tools-for-stm32.13.3.rel1.linux64_1.0.0.202410170706/tools/bin/../lib/gcc/arm-none-eabi/13.3.1/../../../../arm-none-eabi/lib/thumb/v6-m/nofp/libc_nano.a(libc_a-reent.o)
                              /opt/st/stm32cubeide_1.18.1/plugins/com.st.stm32cube.ide.mcu.externaltools.gnu-tools-for-stm32.13.3.rel1.linux64_1.0.0.202410170706/tools/bin/../lib/gcc/arm-none-eabi/13.3.1/../../../../arm-none-eabi/lib/thumb/v6-m/nofp/libc_nano.a(libc_a-closer.o) (errno)
/opt/st/stm32cubeide_1.18.1/plugins/com.st.stm32cube.ide.mcu.externaltools.gnu-tools-for-stm32.13.3.rel1.linux64_1.0.0.202410170706/tools/bin/../lib/gcc/arm-none-eabi/13.3.1/../../../../arm-none-eabi/lib/thumb/v6-m/nofp/libc_nano.a(libc_a-impure.o)
[...]
Memory Configuration

Name             Origin             Length             Attributes
RAM              0x20000000         0x00002000         xrw
FLASH            0x08000000         0x00010000         xr
*default*        0x00000000         0xffffffff

Linker script and memory map

LOAD /opt/st/stm32cubeide_1.18.1/plugins/com.st.stm32cube.ide.mcu.externaltools.gnu-tools-for-stm32.13.3.rel1.linux64_1.0.0.202410170706/tools/bin/../lib/gcc/arm-none-eabi/13.3.1/thumb/v6-m/nofp/crti.o
LOAD /opt/st/stm32cubeide_1.18.1/plugins/com.st.stm32cube.ide.mcu.externaltools.gnu-tools-for-stm32.13.3.rel1.linux64_1.0.0.202410170706/tools/bin/../lib/gcc/arm-none-eabi/13.3.1/thumb/v6-m/nofp/crtbegin.o
LOAD /opt/st/stm32cubeide_1.18.1/plugins/com.st.stm32cube.ide.mcu.externaltools.gnu-tools-for-stm32.13.3.rel1.linux64_1.0.0.202410170706/tools/bin/../lib/gcc/arm-none-eabi/13.3.1/../../../../arm-none-eabi/lib/thumb/v6-m/nofp/crt0.o
LOAD ./Core/Src/adc.o
LOAD ./Core/Src/dma.o
LOAD ./Core/Src/gpio.o
LOAD ./Core/Src/main.o
LOAD ./Core/Src/stm32g0xx_hal_msp.o
LOAD ./Core/Src/stm32g0xx_it.o
LOAD ./Core/Src/syscalls.o
LOAD ./Core/Src/sysmem.o
LOAD ./Core/Src/system_stm32g0xx.o
LOAD ./Core/Src/tim.o
LOAD ./Core/Src/usart.o
LOAD ./Core/Startup/startup_stm32g030c8tx.o
LOAD ./Drivers/STM32G0xx_HAL_Driver/Src/stm32g0xx_hal.o
LOAD ./Drivers/STM32G0xx_HAL_Driver/Src/stm32g0xx_hal_adc.o
LOAD ./Drivers/STM32G0xx_HAL_Driver/Src/stm32g0xx_hal_adc_ex.o
LOAD ./Drivers/STM32G0xx_HAL_Driver/Src/stm32g0xx_hal_cortex.o
LOAD ./Drivers/STM32G0xx_HAL_Driver/Src/stm32g0xx_hal_dma.o
LOAD ./Drivers/STM32G0xx_HAL_Driver/Src/stm32g0xx_hal_dma_ex.o
LOAD ./Drivers/STM32G0xx_HAL_Driver/Src/stm32g0xx_hal_exti.o
LOAD ./Drivers/STM32G0xx_HAL_Driver/Src/stm32g0xx_hal_flash.o
LOAD ./Drivers/STM32G0xx_HAL_Driver/Src/stm32g0xx_hal_flash_ex.o
LOAD ./Drivers/STM32G0xx_HAL_Driver/Src/stm32g0xx_hal_gpio.o
LOAD ./Drivers/STM32G0xx_HAL_Driver/Src/stm32g0xx_hal_pwr.o
LOAD ./Drivers/STM32G0xx_HAL_Driver/Src/stm32g0xx_hal_pwr_ex.o
LOAD ./Drivers/STM32G0xx_HAL_Driver/Src/stm32g0xx_hal_rcc.o
LOAD ./Drivers/STM32G0xx_HAL_Driver/Src/stm32g0xx_hal_rcc_ex.o
LOAD ./Drivers/STM32G0xx_HAL_Driver/Src/stm32g0xx_hal_tim.o
LOAD ./Drivers/STM32G0xx_HAL_Driver/Src/stm32g0xx_hal_tim_ex.o
LOAD ./Drivers/STM32G0xx_HAL_Driver/Src/stm32g0xx_hal_uart.o
LOAD ./Drivers/STM32G0xx_HAL_Driver/Src/stm32g0xx_hal_uart_ex.o
LOAD ./Drivers/STM32G0xx_HAL_Driver/Src/stm32g0xx_ll_adc.o
LOAD ./Drivers/STM32G0xx_HAL_Driver/Src/stm32g0xx_ll_rcc.o
LOAD ./leather_gauge_sensor/app/Src/leather_gauge.o
LOAD ./leather_gauge_sensor/middlewares/DSP_Biquad/DSP_Biquad.o
LOAD ./leather_gauge_sensor/middlewares/lwrb/src/lwrb/lwrb.o
LOAD ./leather_gauge_sensor/middlewares/lwrb/src/lwrb/lwrb_ex.o
LOAD ./leather_gauge_sensor/middlewares/nanoMODBUS/nanomodbus.o
LOAD ./leather_gauge_sensor/modules/eeprom/lg_module_eeprom.o
LOAD ./leather_gauge_sensor/modules/modbus/lg_module_modbus.o
LOAD ./leather_gauge_sensor/modules/sensor/lg_module_sensor.o
START GROUP
LOAD /opt/st/stm32cubeide_1.18.1/plugins/com.st.stm32cube.ide.mcu.externaltools.gnu-tools-for-stm32.13.3.rel1.linux64_1.0.0.202410170706/tools/bin/../lib/gcc/arm-none-eabi/13.3.1/../../../../arm-none-eabi/lib/thumb/v6-m/nofp/libc_nano.a
LOAD /opt/st/stm32cubeide_1.18.1/plugins/com.st.stm32cube.ide.mcu.externaltools.gnu-tools-for-stm32.13.3.rel1.linux64_1.0.0.202410170706/tools/bin/../lib/gcc/arm-none-eabi/13.3.1/../../../../arm-none-eabi/lib/thumb/v6-m/nofp/libm.a
END GROUP
START GROUP
LOAD /opt/st/stm32cubeide_1.18.1/plugins/com.st.stm32cube.ide.mcu.externaltools.gnu-tools-for-stm32.13.3.rel1.linux64_1.0.0.202410170706/tools/bin/../lib/gcc/arm-none-eabi/13.3.1/thumb/v6-m/nofp/libgcc.a
LOAD /opt/st/stm32cubeide_1.18.1/plugins/com.st.stm32cube.ide.mcu.externaltools.gnu-tools-for-stm32.13.3.rel1.linux64_1.0.0.202410170706/tools/bin/../lib/gcc/arm-none-eabi/13.3.1/../../../../arm-none-eabi/lib/thumb/v6-m/nofp/libc_nano.a
END GROUP
START GROUP
LOAD /opt/st/stm32cubeide_1.18.1/plugins/com.st.stm32cube.ide.mcu.externaltools.gnu-tools-for-stm32.13.3.rel1.linux64_1.0.0.202410170706/tools/bin/../lib/gcc/arm-none-eabi/13.3.1/thumb/v6-m/nofp/libgcc.a
LOAD /opt/st/stm32cubeide_1.18.1/plugins/com.st.stm32cube.ide.mcu.externaltools.gnu-tools-for-stm32.13.3.rel1.linux64_1.0.0.202410170706/tools/bin/../lib/gcc/arm-none-eabi/13.3.1/../../../../arm-none-eabi/lib/thumb/v6-m/nofp/libc_nano.a
LOAD /opt/st/stm32cubeide_1.18.1/plugins/com.st.stm32cube.ide.mcu.externaltools.gnu-tools-for-stm32.13.3.rel1.linux64_1.0.0.202410170706/tools/bin/../lib/gcc/arm-none-eabi/13.3.1/../../../../arm-none-eabi/lib/thumb/v6-m/nofp/libnosys.a
END GROUP
START GROUP
LOAD /opt/st/stm32cubeide_1.18.1/plugins/com.st.stm32cube.ide.mcu.externaltools.gnu-tools-for-stm32.13.3.rel1.linux64_1.0.0.202410170706/tools/bin/../lib/gcc/arm-none-eabi/13.3.1/thumb/v6-m/nofp/libgcc.a
LOAD /opt/st/stm32cubeide_1.18.1/plugins/com.st.stm32cube.ide.mcu.externaltools.gnu-tools-for-stm32.13.3.rel1.linux64_1.0.0.202410170706/tools/bin/../lib/gcc/arm-none-eabi/13.3.1/../../../../arm-none-eabi/lib/thumb/v6-m/nofp/libc_nano.a
LOAD /opt/st/stm32cubeide_1.18.1/plugins/com.st.stm32cube.ide.mcu.externaltools.gnu-tools-for-stm32.13.3.rel1.linux64_1.0.0.202410170706/tools/bin/../lib/gcc/arm-none-eabi/13.3.1/../../../../arm-none-eabi/lib/thumb/v6-m/nofp/libnosys.a
END GROUP
LOAD /opt/st/stm32cubeide_1.18.1/plugins/com.st.stm32cube.ide.mcu.externaltools.gnu-tools-for-stm32.13.3.rel1.linux64_1.0.0.202410170706/tools/bin/../lib/gcc/arm-none-eabi/13.3.1/thumb/v6-m/nofp/crtend.o
LOAD /opt/st/stm32cubeide_1.18.1/plugins/com.st.stm32cube.ide.mcu.externaltools.gnu-tools-for-stm32.13.3.rel1.linux64_1.0.0.202410170706/tools/bin/../lib/gcc/arm-none-eabi/13.3.1/thumb/v6-m/nofp/crtn.o
                0x20002000                        _estack = (ORIGIN (RAM) + LENGTH (RAM))
                0x00000200                        _Min_Heap_Size = 0x200
                0x00000400                        _Min_Stack_Size = 0x400

.isr_vector     0x08000000       0xb8
                0x08000000                        . = ALIGN (0x4)
 *(.isr_vector)
 .isr_vector    0x08000000       0xb8 ./Core/Startup/startup_stm32g030c8tx.o
                0x08000000                g_pfnVectors
                0x080000b8                        . = ALIGN (0x4)

.text           0x080000b8     0xdda0
                0x080000b8                        . = ALIGN (0x4)
 *(.text)
 .text          0x080000b8       0x48 /opt/st/stm32cubeide_1.18.1/plugins/com.st.stm32cube.ide.mcu.externaltools.gnu-tools-for-stm32.13.3.rel1.linux64_1.0.0.202410170706/tools/bin/../lib/gcc/arm-none-eabi/13.3.1/thumb/v6-m/nofp/crtbegin.o
 .text          0x08000100        0xe /opt/st/stm32cubeide_1.18.1/plugins/com.st.stm32cube.ide.mcu.externaltools.gnu-tools-for-stm32.13.3.rel1.linux64_1.0.0.202410170706/tools/bin/../lib/gcc/arm-none-eabi/13.3.1/../../../../arm-none-eabi/lib/thumb/v6-m/nofp/libc_nano.a(libc_a-strlen.o)
                0x08000100                strlen
 *fill*         0x0800010e        0x2 
 .text          0x08000110      0x114 /opt/st/stm32cubeide_1.18.1/plugins/com.st.stm32cube.ide.mcu.externaltools.gnu-tools-for-stm32.13.3.rel1.linux64_1.0.0.202410170706/tools/bin/../lib/gcc/arm-none-eabi/13.3.1/thumb/v6-m/nofp/libgcc.a(_udivsi3.o)
                0x08000110                __udivsi3
                0x08000110                __aeabi_uidiv
                0x0800021c                __aeabi_uidivmod
 .text          0x08000224      0x1d4 /opt/st/stm32cubeide_1.18.1/plugins/com.st.stm32cube.ide.mcu.externaltools.gnu-tools-for-stm32.13.3.rel1.linux64_1.0.0.202410170706/tools/bin/../lib/gcc/arm-none-eabi/13.3.1/thumb/v6-m/nofp/libgcc.a(_divsi3.o)
                0x08000224                __aeabi_idiv
                0x08000224                __divsi3
                0x080003f0                __aeabi_idivmod
 .text          0x080003f8        0x4 /opt/st/stm32cubeide_1.18.1/plugins/com.st.stm32cube.ide.mcu.externaltools.gnu-tools-for-stm32.13.3.rel1.linux64_1.0.0.202410170706/tools/bin/../lib/gcc/arm-none-eabi/13.3.1/thumb/v6-m/nofp/libgcc.a(_dvmd_tls.o)
                0x080003f8                __aeabi_ldiv0
                0x080003f8                __aeabi_idiv0
 .text          0x080003fc       0x74 /opt/st/stm32cubeide_1.18.1/plugins/com.st.stm32cube.ide.mcu.externaltools.gnu-tools-for-stm32.13.3.rel1.linux64_1.0.0.202410170706/tools/bin/../lib/gcc/arm-none-eabi/13.3.1/thumb/v6-m/nofp/libgcc.a(_arm_cmpsf2.o)
                0x080003fc                __aeabi_cfrcmple
                0x08000404                __aeabi_cfcmple
                0x08000404                __aeabi_cfcmpeq
                0x08000414                __aeabi_fcmpeq
                0x08000420                __aeabi_fcmplt
                0x08000434                __aeabi_fcmple
                0x08000448                __aeabi_fcmpgt
                0x0800045c                __aeabi_fcmpge
 .text          0x08000470       0x30 /opt/st/stm32cubeide_1.18.1/plugins/com.st.stm32cube.ide.mcu.externaltools.gnu-tools-for-stm32.13.3.rel1.linux64_1.0.0.202410170706/tools/bin/../lib/gcc/arm-none-eabi/13.3.1/thumb/v6-m/nofp/libgcc.a(_fixunssfsi.o)
                0x08000470                __aeabi_f2uiz
                0x08000470                __fixunssfsi
 .text          0x080004a0      0x3e4 /opt/st/stm32cubeide_1.18.1/plugins/com.st.stm32cube.ide.mcu.externaltools.gnu-tools-for-stm32.13.3.rel1.linux64_1.0.0.202410170706/tools/bin/../lib/gcc/arm-none-eabi/13.3.1/thumb/v6-m/nofp/libgcc.a(addsf3.o)
                0x080004a0                __aeabi_fadd
 .text          0x08000884      0x22c /opt/st/stm32cubeide_1.18.1/plugins/com.st.stm32cube.ide.mcu.externaltools.gnu-tools-for-stm32.13.3.rel1.linux64_1.0.0.202410170706/tools/bin/../lib/gcc/arm-none-eabi/13.3.1/thumb/v6-m/nofp/libgcc.a(divsf3.o)
                0x08000884                __aeabi_fdiv
 .text          0x08000ab0       0x50 /opt/st/stm32cubeide_1.18.1/plugins/com.st.stm32cube.ide.mcu.externaltools.gnu-tools-for-stm32.13.3.rel1.linux64_1.0.0.202410170706/tools/bin/../lib/gcc/arm-none-eabi/13.3.1/thumb/v6-m/nofp/libgcc.a(eqsf2.o)
                0x08000ab0                __nesf2
                0x08000ab0                __eqsf2
 .text          0x08000b00       0x90 /opt/st/stm32cubeide_1.18.1/plugins/com.st.stm32cube.ide.mcu.externaltools.gnu-tools-for-stm32.13.3.rel1.linux64_1.0.0.202410170706/tools/bin/../lib/gcc/arm-none-eabi/13.3.1/thumb/v6-m/nofp/libgcc.a(gesf2.o)
                0x08000b00                __gtsf2
                0x08000b00                __gesf2
 .text          0x08000b90       0x90 /opt/st/stm32cubeide_1.18.1/plugins/com.st.stm32cube.ide.mcu.externaltools.gnu-tools-for-stm32.13.3.rel1.linux64_1.0.0.202410170706/tools/bin/../lib/gcc/arm-none-eabi/13.3.1/thumb/v6-m/nofp/libgcc.a(lesf2.o)
                0x08000b90                __lesf2
                0x08000b90                __ltsf2
 .text          0x08000c20      0x2b4 /opt/st/stm32cubeide_1.18.1/plugins/com.st.stm32cube.ide.mcu.externaltools.gnu-tools-for-stm32.13.3.rel1.linux64_1.0.0.202410170706/tools/bin/../lib/gcc/arm-none-eabi/13.3.1/thumb/v6-m/nofp/libgcc.a(mulsf3.o)
                0x08000c20                __aeabi_fmul
 .text          0x08000ed4      0x4c8 /opt/st/stm32cubeide_1.18.1/plugins/com.st.stm32cube.ide.mcu.externaltools.gnu-tools-for-stm32.13.3.rel1.linux64_1.0.0.202410170706/tools/bin/../lib/gcc/arm-none-eabi/13.3.1/thumb/v6-m/nofp/libgcc.a(subsf3.o)
                0x08000ed4                __aeabi_fsub
 .text          0x0800139c       0x40 /opt/st/stm32cubeide_1.18.1/plugins/com.st.stm32cube.ide.mcu.externaltools.gnu-tools-for-stm32.13.3.rel1.linux64_1.0.0.202410170706/tools/bin/../lib/gcc/arm-none-eabi/13.3.1/thumb/v6-m/nofp/libgcc.a(fixsfsi.o)
                0x0800139c                __aeabi_f2iz
 .text          0x080013dc       0xa0 /opt/st/stm32cubeide_1.18.1/plugins/com.st.stm32cube.ide.mcu.externaltools.gnu-tools-for-stm32.13.3.rel1.linux64_1.0.0.202410170706/tools/bin/../lib/gcc/arm-none-eabi/13.3.1/thumb/v6-m/nofp/libgcc.a(floatsisf.o)
                0x080013dc                __aeabi_i2f
 .text          0x0800147c       0x8c /opt/st/stm32cubeide_1.18.1/plugins/com.st.stm32cube.ide.mcu.externaltools.gnu-tools-for-stm32.13.3.rel1.linux64_1.0.0.202410170706/tools/bin/../lib/gcc/arm-none-eabi/13.3.1/thumb/v6-m/nofp/libgcc.a(floatunsisf.o)
                0x0800147c                __aeabi_ui2f
 .text          0x08001508      0x630 /opt/st/stm32cubeide_1.18.1/plugins/com.st.stm32cube.ide.mcu.externaltools.gnu-tools-for-stm32.13.3.rel1.linux64_1.0.0.202410170706/tools/bin/../lib/gcc/arm-none-eabi/13.3.1/thumb/v6-m/nofp/libgcc.a(divdf3.o)
                0x08001508                __aeabi_ddiv
 .text          0x08001b38      0x5cc /opt/st/stm32cubeide_1.18.1/plugins/com.st.stm32cube.ide.mcu.externaltools.gnu-tools-for-stm32.13.3.rel1.linux64_1.0.0.202410170706/tools/bin/../lib/gcc/arm-none-eabi/13.3.1/thumb/v6-m/nofp/libgcc.a(muldf3.o)
                0x08001b38                __aeabi_dmul
 .text          0x08002104       0x90 /opt/st/stm32cubeide_1.18.1/plugins/com.st.stm32cube.ide.mcu.externaltools.gnu-tools-for-stm32.13.3.rel1.linux64_1.0.0.202410170706/tools/bin/../lib/gcc/arm-none-eabi/13.3.1/thumb/v6-m/nofp/libgcc.a(extendsfdf2.o)
                0x08002104                __aeabi_f2d
 .text          0x08002194      0x104 /opt/st/stm32cubeide_1.18.1/plugins/com.st.stm32cube.ide.mcu.externaltools.gnu-tools-for-stm32.13.3.rel1.linux64_1.0.0.202410170706/tools/bin/../lib/gcc/arm-none-eabi/13.3.1/thumb/v6-m/nofp/libgcc.a(truncdfsf2.o)
                0x08002194                __aeabi_d2f
 .text          0x08002298       0x3c /opt/st/stm32cubeide_1.18.1/plugins/com.st.stm32cube.ide.mcu.externaltools.gnu-tools-for-stm32.13.3.rel1.linux64_1.0.0.202410170706/tools/bin/../lib/gcc/arm-none-eabi/13.3.1/thumb/v6-m/nofp/libgcc.a(_clzsi2.o)
                0x08002298                __clzsi2
 *(.text*)
 .text.MX_ADC1_Init
                0x080022d4      0x1e0 ./Core/Src/adc.o
                0x080022d4                MX_ADC1_Init
 .text.HAL_ADC_MspInit
                0x080024b4      0x120 ./Core/Src/adc.o
                0x080024b4                HAL_ADC_MspInit
 .text.MX_DMA_Init
                0x080025d4       0x4c ./Core/Src/dma.o
                0x080025d4                MX_DMA_Init
 .text.MX_GPIO_Init
                0x08002620       0x88 ./Core/Src/gpio.o
                0x08002620                MX_GPIO_Init
 .text.main     0x080026a8       0x32 ./Core/Src/main.o
                0x080026a8                main
 .text.SystemClock_Config
                0x080026da       0xb4 ./Core/Src/main.o
                0x080026da                SystemClock_Config
 .text.Error_Handler
                0x0800278e        0xc ./Core/Src/main.o
                0x0800278e                Error_Handler
 *fill*         0x0800279a        0x2 
 .text.HAL_MspInit
                0x0800279c       0x48 ./Core/Src/stm32g0xx_hal_msp.o
                0x0800279c                HAL_MspInit
 .text.NMI_Handler
                0x080027e4        0x8 ./Core/Src/stm32g0xx_it.o
                0x080027e4                NMI_Handler
 .text.HardFault_Handler
                0x080027ec        0x8 ./Core/Src/stm32g0xx_it.o
                0x080027ec                HardFault_Handler
 .text.SVC_Handler
                0x080027f4        0xa ./Core/Src/stm32g0xx_it.o
                0x080027f4                SVC_Handler
 .text.PendSV_Handler
                0x080027fe        0xa ./Core/Src/stm32g0xx_it.o
                0x080027fe                PendSV_Handler
 .text.SysTick_Handler
                0x08002808        0xe ./Core/Src/stm32g0xx_it.o
                0x08002808                SysTick_Handler
 *fill*         0x08002816        0x2 
 .text.DMA1_Channel1_IRQHandler
                0x08002818       0x18 ./Core/Src/stm32g0xx_it.o
                0x08002818                DMA1_Channel1_IRQHandler
 .text.DMA1_Channel2_3_IRQHandler
                0x08002830       0x18 ./Core/Src/stm32g0xx_it.o
                0x08002830                DMA1_Channel2_3_IRQHandler
 .text.USART1_IRQHandler
                0x08002848       0x18 ./Core/Src/stm32g0xx_it.o
                0x08002848                USART1_IRQHandler
 .text.SystemInit
                0x08002860        0xa ./Core/Src/system_stm32g0xx.o
                0x08002860                SystemInit
 *fill*         0x0800286a        0x2 
 .text.MX_TIM3_Init
                0x0800286c       0xac ./Core/Src/tim.o
                0x0800286c                MX_TIM3_Init
 .text.HAL_TIM_Base_MspInit
                0x08002918       0x3c ./Core/Src/tim.o
                0x08002918                HAL_TIM_Base_MspInit
 .text.MX_USART1_UART_Init
                0x08002954       0x9c ./Core/Src/usart.o
                0x08002954                MX_USART1_UART_Init
 .text.HAL_UART_MspInit
                0x080029f0      0x130 ./Core/Src/usart.o
                0x080029f0                HAL_UART_MspInit
 .text.HAL_UART_MspDeInit
                0x08002b20       0x54 ./Core/Src/usart.o
                0x08002b20                HAL_UART_MspDeInit
 .text.Reset_Handler
                0x08002b74       0x50 ./Core/Startup/startup_stm32g030c8tx.o
                0x08002b74                Reset_Handler
 .text.Default_Handler
                0x08002bc4        0x2 ./Core/Startup/startup_stm32g030c8tx.o
                0x08002bc4                TIM1_CC_IRQHandler
                0x08002bc4                I2C1_IRQHandler
                0x08002bc4                RTC_TAMP_IRQHandler
                0x08002bc4                SPI1_IRQHandler
                0x08002bc4                DMA1_Ch4_5_DMAMUX1_OVR_IRQHandler
                0x08002bc4                EXTI2_3_IRQHandler
                0x08002bc4                ADC1_IRQHandler
                0x08002bc4                I2C2_IRQHandler
                0x08002bc4                TIM17_IRQHandler
                0x08002bc4                TIM16_IRQHandler
                0x08002bc4                TIM3_IRQHandler
                0x08002bc4                EXTI4_15_IRQHandler
                0x08002bc4                RCC_IRQHandler
                0x08002bc4                Default_Handler
                0x08002bc4                TIM14_IRQHandler
                0x08002bc4                EXTI0_1_IRQHandler
                0x08002bc4                SPI2_IRQHandler
                0x08002bc4                WWDG_IRQHandler
                0x08002bc4                USART2_IRQHandler
                0x08002bc4                FLASH_IRQHandler
                0x08002bc4                TIM1_BRK_UP_TRG_COM_IRQHandler
 *fill*         0x08002bc6        0x2 
 .text.HAL_Init
                0x08002bc8       0x40 ./Drivers/STM32G0xx_HAL_Driver/Src/stm32g0xx_hal.o
                0x08002bc8                HAL_Init
 .text.HAL_InitTick
                0x08002c08       0x94 ./Drivers/STM32G0xx_HAL_Driver/Src/stm32g0xx_hal.o
                0x08002c08                HAL_InitTick
 .text.HAL_IncTick
                0x08002c9c       0x24 ./Drivers/STM32G0xx_HAL_Driver/Src/stm32g0xx_hal.o
                0x08002c9c                HAL_IncTick
 .text.HAL_GetTick
                0x08002cc0       0x14 ./Drivers/STM32G0xx_HAL_Driver/Src/stm32g0xx_hal.o
                0x08002cc0                HAL_GetTick
 .text.LL_ADC_SetCommonPathInternalCh
                0x08002cd4       0x28 ./Drivers/STM32G0xx_HAL_Driver/Src/stm32g0xx_hal_adc.o
 .text.LL_ADC_GetCommonPathInternalCh
                0x08002cfc       0x1a ./Drivers/STM32G0xx_HAL_Driver/Src/stm32g0xx_hal_adc.o
 .text.LL_ADC_SetSamplingTimeCommonChannels
                0x08002d16       0x3a ./Drivers/STM32G0xx_HAL_Driver/Src/stm32g0xx_hal_adc.o
 .text.LL_ADC_GetSamplingTimeCommonChannels
                0x08002d50       0x2e ./Drivers/STM32G0xx_HAL_Driver/Src/stm32g0xx_hal_adc.o
 .text.LL_ADC_REG_IsTriggerSourceSWStart
                0x08002d7e       0x22 ./Drivers/STM32G0xx_HAL_Driver/Src/stm32g0xx_hal_adc.o
 .text.LL_ADC_REG_SetSequencerRanks
                0x08002da0       0x40 ./Drivers/STM32G0xx_HAL_Driver/Src/stm32g0xx_hal_adc.o
 .text.LL_ADC_REG_SetSequencerChAdd
                0x08002de0       0x22 ./Drivers/STM32G0xx_HAL_Driver/Src/stm32g0xx_hal_adc.o
 .text.LL_ADC_REG_SetSequencerChRem
                0x08002e02       0x24 ./Drivers/STM32G0xx_HAL_Driver/Src/stm32g0xx_hal_adc.o
 *fill*         0x08002e26        0x2 
 .text.LL_ADC_SetChannelSamplingTime
                0x08002e28       0x38 ./Drivers/STM32G0xx_HAL_Driver/Src/stm32g0xx_hal_adc.o
 .text.LL_ADC_EnableInternalRegulator
                0x08002e60       0x28 ./Drivers/STM32G0xx_HAL_Driver/Src/stm32g0xx_hal_adc.o
 .text.LL_ADC_IsInternalRegulatorEnabled
                0x08002e88       0x28 ./Drivers/STM32G0xx_HAL_Driver/Src/stm32g0xx_hal_adc.o
 .text.LL_ADC_Enable
                0x08002eb0       0x24 ./Drivers/STM32G0xx_HAL_Driver/Src/stm32g0xx_hal_adc.o
 .text.LL_ADC_Disable
                0x08002ed4       0x24 ./Drivers/STM32G0xx_HAL_Driver/Src/stm32g0xx_hal_adc.o
 .text.LL_ADC_IsEnabled
                0x08002ef8       0x22 ./Drivers/STM32G0xx_HAL_Driver/Src/stm32g0xx_hal_adc.o
 .text.LL_ADC_IsDisableOngoing
                0x08002f1a       0x22 ./Drivers/STM32G0xx_HAL_Driver/Src/stm32g0xx_hal_adc.o
 .text.LL_ADC_REG_StartConversion
                0x08002f3c       0x24 ./Drivers/STM32G0xx_HAL_Driver/Src/stm32g0xx_hal_adc.o
 .text.LL_ADC_REG_IsConversionOngoing
                0x08002f60       0x22 ./Drivers/STM32G0xx_HAL_Driver/Src/stm32g0xx_hal_adc.o
 *fill*         0x08002f82        0x2 
 .text.HAL_ADC_Init
                0x08002f84      0x350 ./Drivers/STM32G0xx_HAL_Driver/Src/stm32g0xx_hal_adc.o
                0x08002f84                HAL_ADC_Init
 .text.HAL_ADC_Start_DMA
                0x080032d4      0x11c ./Drivers/STM32G0xx_HAL_Driver/Src/stm32g0xx_hal_adc.o
                0x080032d4                HAL_ADC_Start_DMA
 .text.HAL_ADC_ConvHalfCpltCallback
                0x080033f0       0x10 ./Drivers/STM32G0xx_HAL_Driver/Src/stm32g0xx_hal_adc.o
                0x080033f0                HAL_ADC_ConvHalfCpltCallback
 .text.HAL_ADC_ErrorCallback
                0x08003400       0x10 ./Drivers/STM32G0xx_HAL_Driver/Src/stm32g0xx_hal_adc.o
                0x08003400                HAL_ADC_ErrorCallback
 .text.HAL_ADC_ConfigChannel
                0x08003410      0x3b0 ./Drivers/STM32G0xx_HAL_Driver/Src/stm32g0xx_hal_adc.o
                0x08003410                HAL_ADC_ConfigChannel
 .text.ADC_Enable
                0x080037c0      0x10c ./Drivers/STM32G0xx_HAL_Driver/Src/stm32g0xx_hal_adc.o
                0x080037c0                ADC_Enable
 .text.ADC_Disable
                0x080038cc       0xbc ./Drivers/STM32G0xx_HAL_Driver/Src/stm32g0xx_hal_adc.o
                0x080038cc                ADC_Disable
 .text.ADC_DMAConvCplt
                0x08003988       0xc8 ./Drivers/STM32G0xx_HAL_Driver/Src/stm32g0xx_hal_adc.o
 .text.ADC_DMAHalfConvCplt
                0x08003a50       0x1e ./Drivers/STM32G0xx_HAL_Driver/Src/stm32g0xx_hal_adc.o
 .text.ADC_DMAError
                0x08003a6e       0x36 ./Drivers/STM32G0xx_HAL_Driver/Src/stm32g0xx_hal_adc.o
 .text.LL_ADC_GetCommonClock
                0x08003aa4       0x1a ./Drivers/STM32G0xx_HAL_Driver/Src/stm32g0xx_hal_adc_ex.o
 .text.LL_ADC_GetClock
                0x08003abe       0x18 ./Drivers/STM32G0xx_HAL_Driver/Src/stm32g0xx_hal_adc_ex.o
 .text.LL_ADC_SetCalibrationFactor
                0x08003ad6       0x28 ./Drivers/STM32G0xx_HAL_Driver/Src/stm32g0xx_hal_adc_ex.o
 .text.LL_ADC_GetCalibrationFactor
                0x08003afe       0x1a ./Drivers/STM32G0xx_HAL_Driver/Src/stm32g0xx_hal_adc_ex.o
 .text.LL_ADC_Enable
                0x08003b18       0x24 ./Drivers/STM32G0xx_HAL_Driver/Src/stm32g0xx_hal_adc_ex.o
 .text.LL_ADC_Disable
                0x08003b3c       0x24 ./Drivers/STM32G0xx_HAL_Driver/Src/stm32g0xx_hal_adc_ex.o
 .text.LL_ADC_IsEnabled
                0x08003b60       0x22 ./Drivers/STM32G0xx_HAL_Driver/Src/stm32g0xx_hal_adc_ex.o
 *fill*         0x08003b82        0x2 
 .text.LL_ADC_StartCalibration
                0x08003b84       0x28 ./Drivers/STM32G0xx_HAL_Driver/Src/stm32g0xx_hal_adc_ex.o
 .text.LL_ADC_IsCalibrationOnGoing
                0x08003bac       0x26 ./Drivers/STM32G0xx_HAL_Driver/Src/stm32g0xx_hal_adc_ex.o
 *fill*         0x08003bd2        0x2 
 .text.HAL_ADCEx_Calibration_Start
                0x08003bd4      0x1f8 ./Drivers/STM32G0xx_HAL_Driver/Src/stm32g0xx_hal_adc_ex.o
                0x08003bd4                HAL_ADCEx_Calibration_Start
 .text.__NVIC_EnableIRQ
                0x08003dcc       0x34 ./Drivers/STM32G0xx_HAL_Driver/Src/stm32g0xx_hal_cortex.o
 .text.__NVIC_DisableIRQ
                0x08003e00       0x44 ./Drivers/STM32G0xx_HAL_Driver/Src/stm32g0xx_hal_cortex.o
 .text.__NVIC_SetPriority
                0x08003e44       0xdc ./Drivers/STM32G0xx_HAL_Driver/Src/stm32g0xx_hal_cortex.o
 .text.SysTick_Config
                0x08003f20       0x48 ./Drivers/STM32G0xx_HAL_Driver/Src/stm32g0xx_hal_cortex.o
 .text.HAL_NVIC_SetPriority
                0x08003f68       0x2a ./Drivers/STM32G0xx_HAL_Driver/Src/stm32g0xx_hal_cortex.o
                0x08003f68                HAL_NVIC_SetPriority
 .text.HAL_NVIC_EnableIRQ
                0x08003f92       0x20 ./Drivers/STM32G0xx_HAL_Driver/Src/stm32g0xx_hal_cortex.o
                0x08003f92                HAL_NVIC_EnableIRQ
 .text.HAL_NVIC_DisableIRQ
                0x08003fb2       0x20 ./Drivers/STM32G0xx_HAL_Driver/Src/stm32g0xx_hal_cortex.o
                0x08003fb2                HAL_NVIC_DisableIRQ
 .text.HAL_SYSTICK_Config
                0x08003fd2       0x1a ./Drivers/STM32G0xx_HAL_Driver/Src/stm32g0xx_hal_cortex.o
                0x08003fd2                HAL_SYSTICK_Config
 .text.HAL_DMA_Init
                0x08003fec      0x114 ./Drivers/STM32G0xx_HAL_Driver/Src/stm32g0xx_hal_dma.o
                0x08003fec                HAL_DMA_Init
 .text.HAL_DMA_DeInit
                0x08004100       0xf0 ./Drivers/STM32G0xx_HAL_Driver/Src/stm32g0xx_hal_dma.o
                0x08004100                HAL_DMA_DeInit
 .text.HAL_DMA_Start_IT
                0x080041f0      0x10c ./Drivers/STM32G0xx_HAL_Driver/Src/stm32g0xx_hal_dma.o
                0x080041f0                HAL_DMA_Start_IT
 .text.HAL_DMA_Abort
                0x080042fc       0xc4 ./Drivers/STM32G0xx_HAL_Driver/Src/stm32g0xx_hal_dma.o
                0x080042fc                HAL_DMA_Abort
 .text.HAL_DMA_Abort_IT
                0x080043c0       0xd4 ./Drivers/STM32G0xx_HAL_Driver/Src/stm32g0xx_hal_dma.o
                0x080043c0                HAL_DMA_Abort_IT
 .text.HAL_DMA_IRQHandler
                0x08004494      0x164 ./Drivers/STM32G0xx_HAL_Driver/Src/stm32g0xx_hal_dma.o
                0x08004494                HAL_DMA_IRQHandler
 .text.DMA_SetConfig
                0x080045f8       0x80 ./Drivers/STM32G0xx_HAL_Driver/Src/stm32g0xx_hal_dma.o
 .text.DMA_CalcDMAMUXChannelBaseAndMask
                0x08004678       0x58 ./Drivers/STM32G0xx_HAL_Driver/Src/stm32g0xx_hal_dma.o
 .text.DMA_CalcDMAMUXRequestGenBaseAndMask
                0x080046d0       0x48 ./Drivers/STM32G0xx_HAL_Driver/Src/stm32g0xx_hal_dma.o
 .text.HAL_FLASH_Program
                0x08004718       0x9c ./Drivers/STM32G0xx_HAL_Driver/Src/stm32g0xx_hal_flash.o
                0x08004718                HAL_FLASH_Program
 .text.HAL_FLASH_Unlock
                0x080047b4       0x48 ./Drivers/STM32G0xx_HAL_Driver/Src/stm32g0xx_hal_flash.o
                0x080047b4                HAL_FLASH_Unlock
 .text.HAL_FLASH_Lock
                0x080047fc       0x44 ./Drivers/STM32G0xx_HAL_Driver/Src/stm32g0xx_hal_flash.o
                0x080047fc                HAL_FLASH_Lock
 .text.FLASH_WaitForLastOperation
                0x08004840       0x9c ./Drivers/STM32G0xx_HAL_Driver/Src/stm32g0xx_hal_flash.o
                0x08004840                FLASH_WaitForLastOperation
 .text.FLASH_Program_DoubleWord
                0x080048dc       0x40 ./Drivers/STM32G0xx_HAL_Driver/Src/stm32g0xx_hal_flash.o
 .text.HAL_FLASHEx_Erase
                0x0800491c       0xe8 ./Drivers/STM32G0xx_HAL_Driver/Src/stm32g0xx_hal_flash_ex.o
                0x0800491c                HAL_FLASHEx_Erase
 .text.FLASH_MassErase
                0x08004a04       0x28 ./Drivers/STM32G0xx_HAL_Driver/Src/stm32g0xx_hal_flash_ex.o
 .text.FLASH_PageErase
                0x08004a2c       0x38 ./Drivers/STM32G0xx_HAL_Driver/Src/stm32g0xx_hal_flash_ex.o
                0x08004a2c                FLASH_PageErase
 .text.HAL_GPIO_Init
                0x08004a64      0x2c8 ./Drivers/STM32G0xx_HAL_Driver/Src/stm32g0xx_hal_gpio.o
                0x08004a64                HAL_GPIO_Init
 .text.HAL_GPIO_DeInit
                0x08004d2c      0x1a0 ./Drivers/STM32G0xx_HAL_Driver/Src/stm32g0xx_hal_gpio.o
                0x08004d2c                HAL_GPIO_DeInit
 .text.HAL_GPIO_WritePin
                0x08004ecc       0x3a ./Drivers/STM32G0xx_HAL_Driver/Src/stm32g0xx_hal_gpio.o
                0x08004ecc                HAL_GPIO_WritePin
 *fill*         0x08004f06        0x2 
 .text.HAL_PWREx_ControlVoltageScaling
                0x08004f08       0x80 ./Drivers/STM32G0xx_HAL_Driver/Src/stm32g0xx_hal_pwr_ex.o
                0x08004f08                HAL_PWREx_ControlVoltageScaling
 .text.LL_RCC_GetAPB1Prescaler
                0x08004f88       0x18 ./Drivers/STM32G0xx_HAL_Driver/Src/stm32g0xx_hal_rcc.o
 .text.HAL_RCC_OscConfig
                0x08004fa0      0x620 ./Drivers/STM32G0xx_HAL_Driver/Src/stm32g0xx_hal_rcc.o
                0x08004fa0                HAL_RCC_OscConfig
 .text.HAL_RCC_ClockConfig
                0x080055c0      0x210 ./Drivers/STM32G0xx_HAL_Driver/Src/stm32g0xx_hal_rcc.o
                0x080055c0                HAL_RCC_ClockConfig
 .text.HAL_RCC_GetSysClockFreq
                0x080057d0      0x104 ./Drivers/STM32G0xx_HAL_Driver/Src/stm32g0xx_hal_rcc.o
                0x080057d0                HAL_RCC_GetSysClockFreq
 .text.HAL_RCC_GetHCLKFreq
                0x080058d4       0x14 ./Drivers/STM32G0xx_HAL_Driver/Src/stm32g0xx_hal_rcc.o
                0x080058d4                HAL_RCC_GetHCLKFreq
 .text.HAL_RCC_GetPCLK1Freq
                0x080058e8       0x2c ./Drivers/STM32G0xx_HAL_Driver/Src/stm32g0xx_hal_rcc.o
                0x080058e8                HAL_RCC_GetPCLK1Freq
 .text.HAL_RCCEx_PeriphCLKConfig
                0x08005914      0x24c ./Drivers/STM32G0xx_HAL_Driver/Src/stm32g0xx_hal_rcc_ex.o
                0x08005914                HAL_RCCEx_PeriphCLKConfig
 .text.HAL_TIM_Base_Init
                0x08005b60       0xb0 ./Drivers/STM32G0xx_HAL_Driver/Src/stm32g0xx_hal_tim.o
                0x08005b60                HAL_TIM_Base_Init
 .text.HAL_TIM_Base_Start
                0x08005c10       0x8c ./Drivers/STM32G0xx_HAL_Driver/Src/stm32g0xx_hal_tim.o
                0x08005c10                HAL_TIM_Base_Start
 .text.HAL_TIM_ConfigClockSource
                0x08005c9c      0x1ac ./Drivers/STM32G0xx_HAL_Driver/Src/stm32g0xx_hal_tim.o
                0x08005c9c                HAL_TIM_ConfigClockSource
 .text.TIM_Base_SetConfig
                0x08005e48       0xf4 ./Drivers/STM32G0xx_HAL_Driver/Src/stm32g0xx_hal_tim.o
                0x08005e48                TIM_Base_SetConfig
 .text.TIM_TI1_ConfigInputStage
                0x08005f3c       0x5c ./Drivers/STM32G0xx_HAL_Driver/Src/stm32g0xx_hal_tim.o
 .text.TIM_TI2_ConfigInputStage
                0x08005f98       0x64 ./Drivers/STM32G0xx_HAL_Driver/Src/stm32g0xx_hal_tim.o
 .text.TIM_ITRx_SetConfig
                0x08005ffc       0x38 ./Drivers/STM32G0xx_HAL_Driver/Src/stm32g0xx_hal_tim.o
 .text.TIM_ETR_SetConfig
                0x08006034       0x40 ./Drivers/STM32G0xx_HAL_Driver/Src/stm32g0xx_hal_tim.o
                0x08006034                TIM_ETR_SetConfig
 .text.HAL_TIMEx_MasterConfigSynchronization
                0x08006074       0xc4 ./Drivers/STM32G0xx_HAL_Driver/Src/stm32g0xx_hal_tim_ex.o
                0x08006074                HAL_TIMEx_MasterConfigSynchronization
 .text.HAL_UART_Init
                0x08006138       0xac ./Drivers/STM32G0xx_HAL_Driver/Src/stm32g0xx_hal_uart.o
                0x08006138                HAL_UART_Init
 .text.HAL_UART_DeInit
                0x080061e4       0x80 ./Drivers/STM32G0xx_HAL_Driver/Src/stm32g0xx_hal_uart.o
                0x080061e4                HAL_UART_DeInit
 .text.HAL_UART_Transmit
                0x08006264      0x148 ./Drivers/STM32G0xx_HAL_Driver/Src/stm32g0xx_hal_uart.o
                0x08006264                HAL_UART_Transmit
 .text.HAL_UART_IRQHandler
                0x080063ac      0x64c ./Drivers/STM32G0xx_HAL_Driver/Src/stm32g0xx_hal_uart.o
                0x080063ac                HAL_UART_IRQHandler
 .text.HAL_UART_TxCpltCallback
                0x080069f8       0x10 ./Drivers/STM32G0xx_HAL_Driver/Src/stm32g0xx_hal_uart.o
                0x080069f8                HAL_UART_TxCpltCallback
 .text.HAL_UART_RxCpltCallback
                0x08006a08       0x10 ./Drivers/STM32G0xx_HAL_Driver/Src/stm32g0xx_hal_uart.o
                0x08006a08                HAL_UART_RxCpltCallback
 .text.HAL_UART_RxHalfCpltCallback
                0x08006a18       0x10 ./Drivers/STM32G0xx_HAL_Driver/Src/stm32g0xx_hal_uart.o
                0x08006a18                HAL_UART_RxHalfCpltCallback
 .text.UART_SetConfig
                0x08006a28      0x2d4 ./Drivers/STM32G0xx_HAL_Driver/Src/stm32g0xx_hal_uart.o
                0x08006a28                UART_SetConfig
 .text.UART_AdvFeatureConfig
                0x08006cfc      0x168 ./Drivers/STM32G0xx_HAL_Driver/Src/stm32g0xx_hal_uart.o
                0x08006cfc                UART_AdvFeatureConfig
 .text.UART_CheckIdleState
                0x08006e64      0x154 ./Drivers/STM32G0xx_HAL_Driver/Src/stm32g0xx_hal_uart.o
                0x08006e64                UART_CheckIdleState
 .text.UART_WaitOnFlagUntilTimeout
                0x08006fb8       0xde ./Drivers/STM32G0xx_HAL_Driver/Src/stm32g0xx_hal_uart.o
                0x08006fb8                UART_WaitOnFlagUntilTimeout
 *fill*         0x08007096        0x2 
 .text.UART_Start_Receive_DMA
                0x08007098      0x14c ./Drivers/STM32G0xx_HAL_Driver/Src/stm32g0xx_hal_uart.o
                0x08007098                UART_Start_Receive_DMA
 .text.UART_EndTxTransfer
                0x080071e4       0x80 ./Drivers/STM32G0xx_HAL_Driver/Src/stm32g0xx_hal_uart.o
 .text.UART_EndRxTransfer
                0x08007264       0xcc ./Drivers/STM32G0xx_HAL_Driver/Src/stm32g0xx_hal_uart.o
 .text.UART_DMAReceiveCplt
                0x08007330      0x130 ./Drivers/STM32G0xx_HAL_Driver/Src/stm32g0xx_hal_uart.o
 .text.UART_DMARxHalfCplt
                0x08007460       0x42 ./Drivers/STM32G0xx_HAL_Driver/Src/stm32g0xx_hal_uart.o
 .text.UART_DMAError
                0x080074a2       0x86 ./Drivers/STM32G0xx_HAL_Driver/Src/stm32g0xx_hal_uart.o
 .text.UART_DMAAbortOnError
                0x08007528       0x2e ./Drivers/STM32G0xx_HAL_Driver/Src/stm32g0xx_hal_uart.o
 .text.UART_EndTransmit_IT
                0x08007556       0x58 ./Drivers/STM32G0xx_HAL_Driver/Src/stm32g0xx_hal_uart.o
 .text.HAL_UARTEx_WakeupCallback
                0x080075ae       0x10 ./Drivers/STM32G0xx_HAL_Driver/Src/stm32g0xx_hal_uart_ex.o
                0x080075ae                HAL_UARTEx_WakeupCallback
 .text.HAL_UARTEx_RxFifoFullCallback
                0x080075be       0x10 ./Drivers/STM32G0xx_HAL_Driver/Src/stm32g0xx_hal_uart_ex.o
                0x080075be                HAL_UARTEx_RxFifoFullCallback
 .text.HAL_UARTEx_TxFifoEmptyCallback
                0x080075ce       0x10 ./Drivers/STM32G0xx_HAL_Driver/Src/stm32g0xx_hal_uart_ex.o
                0x080075ce                HAL_UARTEx_TxFifoEmptyCallback
 *fill*         0x080075de        0x2 
 .text.HAL_UARTEx_DisableFifoMode
                0x080075e0       0x74 ./Drivers/STM32G0xx_HAL_Driver/Src/stm32g0xx_hal_uart_ex.o
                0x080075e0                HAL_UARTEx_DisableFifoMode
 .text.HAL_UARTEx_SetTxFifoThreshold
                0x08007654       0x7e ./Drivers/STM32G0xx_HAL_Driver/Src/stm32g0xx_hal_uart_ex.o
                0x08007654                HAL_UARTEx_SetTxFifoThreshold
 *fill*         0x080076d2        0x2 
 .text.HAL_UARTEx_SetRxFifoThreshold
                0x080076d4       0x84 ./Drivers/STM32G0xx_HAL_Driver/Src/stm32g0xx_hal_uart_ex.o
                0x080076d4                HAL_UARTEx_SetRxFifoThreshold
 .text.HAL_UARTEx_ReceiveToIdle_DMA
                0x08007758       0xd0 ./Drivers/STM32G0xx_HAL_Driver/Src/stm32g0xx_hal_uart_ex.o
                0x08007758                HAL_UARTEx_ReceiveToIdle_DMA
 .text.UARTEx_SetNbDataToProcess
                0x08007828       0xbc ./Drivers/STM32G0xx_HAL_Driver/Src/stm32g0xx_hal_uart_ex.o
 .text.lg_sensor_init
                0x080078e4       0x8c ./leather_gauge_sensor/app/Src/leather_gauge.o
                0x080078e4                lg_sensor_init
 .text.lg_sensor_run
                0x08007970        0xa ./leather_gauge_sensor/app/Src/leather_gauge.o
                0x08007970                lg_sensor_run
 *fill*         0x0800797a        0x2 
 .text.Biquad_Init
                0x0800797c      0x2a0 ./leather_gauge_sensor/middlewares/DSP_Biquad/DSP_Biquad.o
                0x0800797c                Biquad_Init
 .text.Biquad_Reset
                0x08007c1c       0x28 ./leather_gauge_sensor/middlewares/DSP_Biquad/DSP_Biquad.o
                0x08007c1c                Biquad_Reset
 .text.Biquad_Apply
                0x08007c44       0xb8 ./leather_gauge_sensor/middlewares/DSP_Biquad/DSP_Biquad.o
                0x08007c44                Biquad_Apply
 .text.lwrb_init
                0x08007cfc       0x5e ./leather_gauge_sensor/middlewares/lwrb/src/lwrb/lwrb.o
                0x08007cfc                lwrb_init
 .text.lwrb_write
                0x08007d5a       0x34 ./leather_gauge_sensor/middlewares/lwrb/src/lwrb/lwrb.o
                0x08007d5a                lwrb_write
 .text.lwrb_write_ex
                0x08007d8e      0x136 ./leather_gauge_sensor/middlewares/lwrb/src/lwrb/lwrb.o
                0x08007d8e                lwrb_write_ex
 .text.lwrb_read
                0x08007ec4       0x34 ./leather_gauge_sensor/middlewares/lwrb/src/lwrb/lwrb.o
                0x08007ec4                lwrb_read
 .text.lwrb_read_ex
                0x08007ef8      0x136 ./leather_gauge_sensor/middlewares/lwrb/src/lwrb/lwrb.o
                0x08007ef8                lwrb_read_ex
 .text.lwrb_get_free
                0x0800802e       0x7a ./leather_gauge_sensor/middlewares/lwrb/src/lwrb/lwrb.o
                0x0800802e                lwrb_get_free
 .text.lwrb_get_full
                0x080080a8       0x78 ./leather_gauge_sensor/middlewares/lwrb/src/lwrb/lwrb.o
                0x080080a8                lwrb_get_full
 .text.get_1    0x08008120       0x3c ./leather_gauge_sensor/middlewares/nanoMODBUS/nanomodbus.o
 .text.put_1    0x0800815c       0x3c ./leather_gauge_sensor/middlewares/nanoMODBUS/nanomodbus.o
 .text.discard_1
                0x08008198       0x24 ./leather_gauge_sensor/middlewares/nanoMODBUS/nanomodbus.o
 .text.discard_n
                0x080081bc       0x2e ./leather_gauge_sensor/middlewares/nanoMODBUS/nanomodbus.o
 .text.get_2    0x080081ea       0x56 ./leather_gauge_sensor/middlewares/nanoMODBUS/nanomodbus.o
 .text.put_2    0x08008240       0x56 ./leather_gauge_sensor/middlewares/nanoMODBUS/nanomodbus.o
 .text.set_1    0x08008296       0x2c ./leather_gauge_sensor/middlewares/nanoMODBUS/nanomodbus.o
 .text.set_2    0x080082c2       0x42 ./leather_gauge_sensor/middlewares/nanoMODBUS/nanomodbus.o
 .text.get_n    0x08008304       0x3e ./leather_gauge_sensor/middlewares/nanoMODBUS/nanomodbus.o
 .text.put_n    0x08008342       0x4a ./leather_gauge_sensor/middlewares/nanoMODBUS/nanomodbus.o
 .text.get_regs
                0x0800838c       0x88 ./leather_gauge_sensor/middlewares/nanoMODBUS/nanomodbus.o
 .text.swap_regs
                0x08008414       0x5e ./leather_gauge_sensor/middlewares/nanoMODBUS/nanomodbus.o
 .text.recv     0x08008472       0x86 ./leather_gauge_sensor/middlewares/nanoMODBUS/nanomodbus.o
 .text.send     0x080084f8       0x6c ./leather_gauge_sensor/middlewares/nanoMODBUS/nanomodbus.o
 .text.flush    0x08008564       0x2a ./leather_gauge_sensor/middlewares/nanoMODBUS/nanomodbus.o
 .text.msg_buf_reset
                0x0800858e       0x1a ./leather_gauge_sensor/middlewares/nanoMODBUS/nanomodbus.o
 .text.msg_state_reset
                0x080085a8       0x54 ./leather_gauge_sensor/middlewares/nanoMODBUS/nanomodbus.o
 .text.nmbs_create
                0x080085fc       0xa0 ./leather_gauge_sensor/middlewares/nanoMODBUS/nanomodbus.o
                0x080085fc                nmbs_create
 .text.nmbs_set_read_timeout
                0x0800869c       0x1c ./leather_gauge_sensor/middlewares/nanoMODBUS/nanomodbus.o
                0x0800869c                nmbs_set_read_timeout
 .text.nmbs_set_byte_timeout
                0x080086b8       0x1c ./leather_gauge_sensor/middlewares/nanoMODBUS/nanomodbus.o
                0x080086b8                nmbs_set_byte_timeout
 .text.nmbs_platform_conf_create
                0x080086d4       0x30 ./leather_gauge_sensor/middlewares/nanoMODBUS/nanomodbus.o
                0x080086d4                nmbs_platform_conf_create
 .text.nmbs_crc_calc
                0x08008704       0x98 ./leather_gauge_sensor/middlewares/nanoMODBUS/nanomodbus.o
                0x08008704                nmbs_crc_calc
 .text.recv_msg_footer
                0x0800879c       0x8e ./leather_gauge_sensor/middlewares/nanoMODBUS/nanomodbus.o
 .text.recv_msg_header
                0x0800882a      0x1fa ./leather_gauge_sensor/middlewares/nanoMODBUS/nanomodbus.o
 .text.put_msg_header
                0x08008a24       0x9c ./leather_gauge_sensor/middlewares/nanoMODBUS/nanomodbus.o
 .text.set_msg_header_size
                0x08008ac0       0x3a ./leather_gauge_sensor/middlewares/nanoMODBUS/nanomodbus.o
 .text.send_msg
                0x08008afa       0x72 ./leather_gauge_sensor/middlewares/nanoMODBUS/nanomodbus.o
 .text.recv_req_header
                0x08008b6c       0x8a ./leather_gauge_sensor/middlewares/nanoMODBUS/nanomodbus.o
 .text.put_res_header
                0x08008bf6       0x24 ./leather_gauge_sensor/middlewares/nanoMODBUS/nanomodbus.o
 .text.send_exception_msg
                0x08008c1a       0x5c ./leather_gauge_sensor/middlewares/nanoMODBUS/nanomodbus.o
 .text.recv_res_header
                0x08008c76      0x156 ./leather_gauge_sensor/middlewares/nanoMODBUS/nanomodbus.o
 .text.recv_read_discrete_res
                0x08008dcc      0x100 ./leather_gauge_sensor/middlewares/nanoMODBUS/nanomodbus.o
 .text.recv_read_registers_res
                0x08008ecc      0x128 ./leather_gauge_sensor/middlewares/nanoMODBUS/nanomodbus.o
 .text.recv_write_single_coil_res
                0x08008ff4       0xd2 ./leather_gauge_sensor/middlewares/nanoMODBUS/nanomodbus.o
                0x08008ff4                recv_write_single_coil_res
 .text.recv_write_single_register_res
                0x080090c6       0xd2 ./leather_gauge_sensor/middlewares/nanoMODBUS/nanomodbus.o
                0x080090c6                recv_write_single_register_res
 .text.recv_write_multiple_coils_res
                0x08009198       0xd2 ./leather_gauge_sensor/middlewares/nanoMODBUS/nanomodbus.o
                0x08009198                recv_write_multiple_coils_res
 .text.recv_write_multiple_registers_res
                0x0800926a       0xd2 ./leather_gauge_sensor/middlewares/nanoMODBUS/nanomodbus.o
                0x0800926a                recv_write_multiple_registers_res
 .text.recv_read_file_record_res
                0x0800933c      0x156 ./leather_gauge_sensor/middlewares/nanoMODBUS/nanomodbus.o
                0x0800933c                recv_read_file_record_res
 .text.recv_write_file_record_res
                0x08009492      0x1ba ./leather_gauge_sensor/middlewares/nanoMODBUS/nanomodbus.o
                0x08009492                recv_write_file_record_res
 .text.recv_read_device_identification_res
                0x0800964c      0x2c0 ./leather_gauge_sensor/middlewares/nanoMODBUS/nanomodbus.o
                0x0800964c                recv_read_device_identification_res
 .text.handle_read_discrete
                0x0800990c      0x216 ./leather_gauge_sensor/middlewares/nanoMODBUS/nanomodbus.o
 *fill*         0x08009b22        0x2 
 .text.handle_read_registers
                0x08009b24      0x250 ./leather_gauge_sensor/middlewares/nanoMODBUS/nanomodbus.o
 .text.handle_read_coils
                0x08009d74       0x24 ./leather_gauge_sensor/middlewares/nanoMODBUS/nanomodbus.o
 .text.handle_read_discrete_inputs
                0x08009d98       0x24 ./leather_gauge_sensor/middlewares/nanoMODBUS/nanomodbus.o
 .text.handle_read_holding_registers
                0x08009dbc       0x24 ./leather_gauge_sensor/middlewares/nanoMODBUS/nanomodbus.o
 .text.handle_read_input_registers
                0x08009de0       0x24 ./leather_gauge_sensor/middlewares/nanoMODBUS/nanomodbus.o
 .text.handle_write_single_coil
                0x08009e04      0x1ba ./leather_gauge_sensor/middlewares/nanoMODBUS/nanomodbus.o
 .text.handle_write_single_register
                0x08009fbe      0x18e ./leather_gauge_sensor/middlewares/nanoMODBUS/nanomodbus.o
 .text.handle_write_multiple_coils
                0x0800a14c      0x2aa ./leather_gauge_sensor/middlewares/nanoMODBUS/nanomodbus.o
 *fill*         0x0800a3f6        0x2 
 .text.handle_write_multiple_registers
                0x0800a3f8      0x2cc ./leather_gauge_sensor/middlewares/nanoMODBUS/nanomodbus.o
 .text.handle_read_file_record
                0x0800a6c4      0x5a8 ./leather_gauge_sensor/middlewares/nanoMODBUS/nanomodbus.o
 .text.handle_write_file_record
                0x0800ac6c      0x3c0 ./leather_gauge_sensor/middlewares/nanoMODBUS/nanomodbus.o
 .text.handle_read_write_registers
                0x0800b02c      0x552 ./leather_gauge_sensor/middlewares/nanoMODBUS/nanomodbus.o
 .text.handle_read_device_identification
                0x0800b57e      0x5ce ./leather_gauge_sensor/middlewares/nanoMODBUS/nanomodbus.o
 .text.handle_req_fc
                0x0800bb4c      0x140 ./leather_gauge_sensor/middlewares/nanoMODBUS/nanomodbus.o
 .text.nmbs_callbacks_create
                0x0800bc8c       0x28 ./leather_gauge_sensor/middlewares/nanoMODBUS/nanomodbus.o
                0x0800bc8c                nmbs_callbacks_create
 .text.nmbs_server_create
                0x0800bcb4       0x94 ./leather_gauge_sensor/middlewares/nanoMODBUS/nanomodbus.o
                0x0800bcb4                nmbs_server_create
 .text.nmbs_server_poll
                0x0800bd48       0x9e ./leather_gauge_sensor/middlewares/nanoMODBUS/nanomodbus.o
                0x0800bd48                nmbs_server_poll
 *fill*         0x0800bde6        0x2 
 .text.BSP_CRC32_Calculate
                0x0800bde8       0x84 ./leather_gauge_sensor/modules/eeprom/lg_module_eeprom.o
 .text.lg_module_eeprom_init
                0x0800be6c      0x140 ./leather_gauge_sensor/modules/eeprom/lg_module_eeprom.o
                0x0800be6c                lg_module_eeprom_init
 .text.lg_module_eeprom_conf_set
                0x0800bfac       0x94 ./leather_gauge_sensor/modules/eeprom/lg_module_eeprom.o
                0x0800bfac                lg_module_eeprom_conf_set
 .text.lg_module_eeprom_conf_get
                0x0800c040       0x28 ./leather_gauge_sensor/modules/eeprom/lg_module_eeprom.o
                0x0800c040                lg_module_eeprom_conf_get
 .text.lg_module_eeprom_read
                0x0800c068       0x48 ./leather_gauge_sensor/modules/eeprom/lg_module_eeprom.o
 .text.lg_module_eeprom_write
                0x0800c0b0      0x100 ./leather_gauge_sensor/modules/eeprom/lg_module_eeprom.o
 .text.modbus_baudrate_set
                0x0800c1b0       0xa8 ./leather_gauge_sensor/modules/modbus/lg_module_modbus.o
                0x0800c1b0                modbus_baudrate_set
 .text.lg_module_modbus_init
                0x0800c258      0x138 ./leather_gauge_sensor/modules/modbus/lg_module_modbus.o
                0x0800c258                lg_module_modbus_init
 .text.lg_module_modbus_set_addr
                0x0800c390       0x30 ./leather_gauge_sensor/modules/modbus/lg_module_modbus.o
                0x0800c390                lg_module_modbus_set_addr
 .text.lg_module_modbus_pool
                0x0800c3c0       0x30 ./leather_gauge_sensor/modules/modbus/lg_module_modbus.o
                0x0800c3c0                lg_module_modbus_pool
 .text.HAL_UART_ErrorCallback
                0x0800c3f0       0x34 ./leather_gauge_sensor/modules/modbus/lg_module_modbus.o
                0x0800c3f0                HAL_UART_ErrorCallback
 .text.HAL_UARTEx_RxEventCallback
                0x0800c424       0x4c ./leather_gauge_sensor/modules/modbus/lg_module_modbus.o
                0x0800c424                HAL_UARTEx_RxEventCallback
 .text.lg_module_read_serial
                0x0800c470       0x64 ./leather_gauge_sensor/modules/modbus/lg_module_modbus.o
 .text.lg_module_write_serial
                0x0800c4d4       0x5c ./leather_gauge_sensor/modules/modbus/lg_module_modbus.o
 .text.handle_read_coils
                0x0800c530       0xd8 ./leather_gauge_sensor/modules/modbus/lg_module_modbus.o
 .text.handle_write_multiple_coils
                0x0800c608       0xd4 ./leather_gauge_sensor/modules/modbus/lg_module_modbus.o
 .text.handler_read_holding_registers
                0x0800c6dc       0x7c ./leather_gauge_sensor/modules/modbus/lg_module_modbus.o
 .text.handle_write_multiple_registers
                0x0800c758       0x96 ./leather_gauge_sensor/modules/modbus/lg_module_modbus.o
 .text.handle_write_single_register
                0x0800c7ee       0x46 ./leather_gauge_sensor/modules/modbus/lg_module_modbus.o
 .text.modbus_server_update
                0x0800c834      0x264 ./leather_gauge_sensor/modules/modbus/lg_module_modbus.o
 .text.modbus_tcp_write_data
                0x0800ca98      0x3cc ./leather_gauge_sensor/modules/modbus/lg_module_modbus.o
                0x0800ca98                modbus_tcp_write_data
 .text.lg_module_sensor_init
                0x0800ce64       0xac ./leather_gauge_sensor/modules/sensor/lg_module_sensor.o
                0x0800ce64                lg_module_sensor_init
 .text.lg_module_sensor_filter_set
                0x0800cf10       0x74 ./leather_gauge_sensor/modules/sensor/lg_module_sensor.o
                0x0800cf10                lg_module_sensor_filter_set
 .text.lg_module_sensor_get
                0x0800cf84       0x24 ./leather_gauge_sensor/modules/sensor/lg_module_sensor.o
                0x0800cf84                lg_module_sensor_get
 .text.HAL_ADC_ConvCpltCallback
                0x0800cfa8      0x1dc ./leather_gauge_sensor/modules/sensor/lg_module_sensor.o
                0x0800cfa8                HAL_ADC_ConvCpltCallback
 .text.memcmp   0x0800d184       0x1c /opt/st/stm32cubeide_1.18.1/plugins/com.st.stm32cube.ide.mcu.externaltools.gnu-tools-for-stm32.13.3.rel1.linux64_1.0.0.202410170706/tools/bin/../lib/gcc/arm-none-eabi/13.3.1/../../../../arm-none-eabi/lib/thumb/v6-m/nofp/libc_nano.a(libc_a-memcmp.o)
                0x0800d184                memcmp
 .text.memset   0x0800d1a0       0x10 /opt/st/stm32cubeide_1.18.1/plugins/com.st.stm32cube.ide.mcu.externaltools.gnu-tools-for-stm32.13.3.rel1.linux64_1.0.0.202410170706/tools/bin/../lib/gcc/arm-none-eabi/13.3.1/../../../../arm-none-eabi/lib/thumb/v6-m/nofp/libc_nano.a(libc_a-memset.o)
                0x0800d1a0                memset
 .text.strncpy  0x0800d1b0       0x28 /opt/st/stm32cubeide_1.18.1/plugins/com.st.stm32cube.ide.mcu.externaltools.gnu-tools-for-stm32.13.3.rel1.linux64_1.0.0.202410170706/tools/bin/../lib/gcc/arm-none-eabi/13.3.1/../../../../arm-none-eabi/lib/thumb/v6-m/nofp/libc_nano.a(libc_a-strncpy.o)
                0x0800d1b0                strncpy
 .text.__libc_init_array
                0x0800d1d8       0x48 /opt/st/stm32cubeide_1.18.1/plugins/com.st.stm32cube.ide.mcu.externaltools.gnu-tools-for-stm32.13.3.rel1.linux64_1.0.0.202410170706/tools/bin/../lib/gcc/arm-none-eabi/13.3.1/../../../../arm-none-eabi/lib/thumb/v6-m/nofp/libc_nano.a(libc_a-init.o)
                0x0800d1d8                __libc_init_array
 .text.memcpy   0x0800d220       0x12 /opt/st/stm32cubeide_1.18.1/plugins/com.st.stm32cube.ide.mcu.externaltools.gnu-tools-for-stm32.13.3.rel1.linux64_1.0.0.202410170706/tools/bin/../lib/gcc/arm-none-eabi/13.3.1/../../../../arm-none-eabi/lib/thumb/v6-m/nofp/libc_nano.a(libc_a-memcpy-stub.o)
                0x0800d220                memcpy
 *fill*         0x0800d232        0x2 
 .text.cosf     0x0800d234       0x68 /opt/st/stm32cubeide_1.18.1/plugins/com.st.stm32cube.ide.mcu.externaltools.gnu-tools-for-stm32.13.3.rel1.linux64_1.0.0.202410170706/tools/bin/../lib/gcc/arm-none-eabi/13.3.1/../../../../arm-none-eabi/lib/thumb/v6-m/nofp/libm.a(libm_a-sf_cos.o)
                0x0800d234                cosf
 .text.sinf     0x0800d29c       0x70 /opt/st/stm32cubeide_1.18.1/plugins/com.st.stm32cube.ide.mcu.externaltools.gnu-tools-for-stm32.13.3.rel1.linux64_1.0.0.202410170706/tools/bin/../lib/gcc/arm-none-eabi/13.3.1/../../../../arm-none-eabi/lib/thumb/v6-m/nofp/libm.a(libm_a-sf_sin.o)
                0x0800d29c                sinf
 .text.__kernel_cosf
                0x0800d30c      0x100 /opt/st/stm32cubeide_1.18.1/plugins/com.st.stm32cube.ide.mcu.externaltools.gnu-tools-for-stm32.13.3.rel1.linux64_1.0.0.202410170706/tools/bin/../lib/gcc/arm-none-eabi/13.3.1/../../../../arm-none-eabi/lib/thumb/v6-m/nofp/libm.a(libm_a-kf_cos.o)
                0x0800d30c                __kernel_cosf
 .text.__kernel_sinf
                0x0800d40c       0xe8 /opt/st/stm32cubeide_1.18.1/plugins/com.st.stm32cube.ide.mcu.externaltools.gnu-tools-for-stm32.13.3.rel1.linux64_1.0.0.202410170706/tools/bin/../lib/gcc/arm-none-eabi/13.3.1/../../../../arm-none-eabi/lib/thumb/v6-m/nofp/libm.a(libm_a-kf_sin.o)
                0x0800d40c                __kernel_sinf
 .text.__ieee754_rem_pio2f
                0x0800d4f4      0x2c4 /opt/st/stm32cubeide_1.18.1/plugins/com.st.stm32cube.ide.mcu.externaltools.gnu-tools-for-stm32.13.3.rel1.linux64_1.0.0.202410170706/tools/bin/../lib/gcc/arm-none-eabi/13.3.1/../../../../arm-none-eabi/lib/thumb/v6-m/nofp/libm.a(libm_a-ef_rem_pio2.o)
                0x0800d4f4                __ieee754_rem_pio2f
 .text.fabsf    0x0800d7b8        0x6 /opt/st/stm32cubeide_1.18.1/plugins/com.st.stm32cube.ide.mcu.externaltools.gnu-tools-for-stm32.13.3.rel1.linux64_1.0.0.202410170706/tools/bin/../lib/gcc/arm-none-eabi/13.3.1/../../../../arm-none-eabi/lib/thumb/v6-m/nofp/libm.a(libm_a-sf_fabs.o)
                0x0800d7b8                fabsf
 *fill*         0x0800d7be        0x2 
 .text.__kernel_rem_pio2f
                0x0800d7c0      0x540 /opt/st/stm32cubeide_1.18.1/plugins/com.st.stm32cube.ide.mcu.externaltools.gnu-tools-for-stm32.13.3.rel1.linux64_1.0.0.202410170706/tools/bin/../lib/gcc/arm-none-eabi/13.3.1/../../../../arm-none-eabi/lib/thumb/v6-m/nofp/libm.a(libm_a-kf_rem_pio2.o)
                0x0800d7c0                __kernel_rem_pio2f
 .text.scalbnf  0x0800dd00       0xac /opt/st/stm32cubeide_1.18.1/plugins/com.st.stm32cube.ide.mcu.externaltools.gnu-tools-for-stm32.13.3.rel1.linux64_1.0.0.202410170706/tools/bin/../lib/gcc/arm-none-eabi/13.3.1/../../../../arm-none-eabi/lib/thumb/v6-m/nofp/libm.a(libm_a-sf_scalbn.o)
                0x0800dd00                scalbnf
 .text.floorf   0x0800ddac       0x84 /opt/st/stm32cubeide_1.18.1/plugins/com.st.stm32cube.ide.mcu.externaltools.gnu-tools-for-stm32.13.3.rel1.linux64_1.0.0.202410170706/tools/bin/../lib/gcc/arm-none-eabi/13.3.1/../../../../arm-none-eabi/lib/thumb/v6-m/nofp/libm.a(libm_a-sf_floor.o)
                0x0800ddac                floorf
 *(.glue_7)
 .glue_7        0x0800de30        0x0 linker stubs
 *(.glue_7t)
 .glue_7t       0x0800de30        0x0 linker stubs
 *(.eh_frame)
 .eh_frame      0x0800de30        0x0 /opt/st/stm32cubeide_1.18.1/plugins/com.st.stm32cube.ide.mcu.externaltools.gnu-tools-for-stm32.13.3.rel1.linux64_1.0.0.202410170706/tools/bin/../lib/gcc/arm-none-eabi/13.3.1/thumb/v6-m/nofp/crtbegin.o
 *(.init)
 .init          0x0800de30        0x4 /opt/st/stm32cubeide_1.18.1/plugins/com.st.stm32cube.ide.mcu.externaltools.gnu-tools-for-stm32.13.3.rel1.linux64_1.0.0.202410170706/tools/bin/../lib/gcc/arm-none-eabi/13.3.1/thumb/v6-m/nofp/crti.o
                0x0800de30                _init
 .init          0x0800de34        0x8 /opt/st/stm32cubeide_1.18.1/plugins/com.st.stm32cube.ide.mcu.externaltools.gnu-tools-for-stm32.13.3.rel1.linux64_1.0.0.202410170706/tools/bin/../lib/gcc/arm-none-eabi/13.3.1/thumb/v6-m/nofp/crtn.o
 *(.fini)
 .fini          0x0800de3c        0x4 /opt/st/stm32cubeide_1.18.1/plugins/com.st.stm32cube.ide.mcu.externaltools.gnu-tools-for-stm32.13.3.rel1.linux64_1.0.0.202410170706/tools/bin/../lib/gcc/arm-none-eabi/13.3.1/thumb/v6-m/nofp/crti.o
                0x0800de3c                _fini
 .fini          0x0800de40        0x8 /opt/st/stm32cubeide_1.18.1/plugins/com.st.stm32cube.ide.mcu.externaltools.gnu-tools-for-stm32.13.3.rel1.linux64_1.0.0.202410170706/tools/bin/../lib/gcc/arm-none-eabi/13.3.1/thumb/v6-m/nofp/crtn.o
 .fini.__stub   0x0800de48       0x10 linker stubs
                0x0800de58                        . = ALIGN (0x4)
                0x0800de58                        _etext = .

.vfp11_veneer   0x0800de58        0x0
 .vfp11_veneer  0x0800de58        0x0 linker stubs

.v4_bx          0x0800de58        0x0
 .v4_bx         0x0800de58        0x0 linker stubs

.iplt           0x0800de58        0x0
 .iplt          0x0800de58        0x0 /opt/st/stm32cubeide_1.18.1/plugins/com.st.stm32cube.ide.mcu.externaltools.gnu-tools-for-stm32.13.3.rel1.linux64_1.0.0.202410170706/tools/bin/../lib/gcc/arm-none-eabi/13.3.1/thumb/v6-m/nofp/crtbegin.o

.rodata         0x0800de58      0x680
                0x0800de58                        . = ALIGN (0x4)
 *(.rodata)
 .rodata        0x0800de58       0x7c /opt/st/stm32cubeide_1.18.1/plugins/com.st.stm32cube.ide.mcu.externaltools.gnu-tools-for-stm32.13.3.rel1.linux64_1.0.0.202410170706/tools/bin/../lib/gcc/arm-none-eabi/13.3.1/thumb/v6-m/nofp/libgcc.a(divsf3.o)
 .rodata        0x0800ded4       0x40 /opt/st/stm32cubeide_1.18.1/plugins/com.st.stm32cube.ide.mcu.externaltools.gnu-tools-for-stm32.13.3.rel1.linux64_1.0.0.202410170706/tools/bin/../lib/gcc/arm-none-eabi/13.3.1/thumb/v6-m/nofp/libgcc.a(divdf3.o)
 *(.rodata*)
 .rodata.AHBPrescTable
                0x0800df14       0x40 ./Core/Src/system_stm32g0xx.o
                0x0800df14                AHBPrescTable
 .rodata.APBPrescTable
                0x0800df54       0x20 ./Core/Src/system_stm32g0xx.o
                0x0800df54                APBPrescTable
 .rodata.UARTPrescTable
                0x0800df74       0x18 ./Drivers/STM32G0xx_HAL_Driver/Src/stm32g0xx_hal_uart.o
                0x0800df74                UARTPrescTable
 .rodata.numerator.1
                0x0800df8c        0x8 ./Drivers/STM32G0xx_HAL_Driver/Src/stm32g0xx_hal_uart_ex.o
 .rodata.denominator.0
                0x0800df94        0x8 ./Drivers/STM32G0xx_HAL_Driver/Src/stm32g0xx_hal_uart_ex.o
 .rodata.handle_req_fc
                0x0800df9c       0xb0 ./leather_gauge_sensor/middlewares/nanoMODBUS/nanomodbus.o
 .rodata.modbus_tcp_write_data
                0x0800e04c       0xbc ./leather_gauge_sensor/modules/modbus/lg_module_modbus.o
 .rodata.npio2_hw
                0x0800e108       0x80 /opt/st/stm32cubeide_1.18.1/plugins/com.st.stm32cube.ide.mcu.externaltools.gnu-tools-for-stm32.13.3.rel1.linux64_1.0.0.202410170706/tools/bin/../lib/gcc/arm-none-eabi/13.3.1/../../../../arm-none-eabi/lib/thumb/v6-m/nofp/libm.a(libm_a-ef_rem_pio2.o)
 .rodata.two_over_pi
                0x0800e188      0x318 /opt/st/stm32cubeide_1.18.1/plugins/com.st.stm32cube.ide.mcu.externaltools.gnu-tools-for-stm32.13.3.rel1.linux64_1.0.0.202410170706/tools/bin/../lib/gcc/arm-none-eabi/13.3.1/../../../../arm-none-eabi/lib/thumb/v6-m/nofp/libm.a(libm_a-ef_rem_pio2.o)
 .rodata.PIo2   0x0800e4a0       0x2c /opt/st/stm32cubeide_1.18.1/plugins/com.st.stm32cube.ide.mcu.externaltools.gnu-tools-for-stm32.13.3.rel1.linux64_1.0.0.202410170706/tools/bin/../lib/gcc/arm-none-eabi/13.3.1/../../../../arm-none-eabi/lib/thumb/v6-m/nofp/libm.a(libm_a-kf_rem_pio2.o)
 .rodata.init_jk
                0x0800e4cc        0xc /opt/st/stm32cubeide_1.18.1/plugins/com.st.stm32cube.ide.mcu.externaltools.gnu-tools-for-stm32.13.3.rel1.linux64_1.0.0.202410170706/tools/bin/../lib/gcc/arm-none-eabi/13.3.1/../../../../arm-none-eabi/lib/thumb/v6-m/nofp/libm.a(libm_a-kf_rem_pio2.o)
                0x0800e4d8                        . = ALIGN (0x4)

.ARM.extab      0x0800e4d8        0x0
                0x0800e4d8                        . = ALIGN (0x4)
 *(.ARM.extab* .gnu.linkonce.armextab.*)
                0x0800e4d8                        . = ALIGN (0x4)

.ARM            0x0800e4d8        0x0
                0x0800e4d8                        . = ALIGN (0x4)
                0x0800e4d8                        __exidx_start = .
 *(.ARM.exidx*)
                0x0800e4d8                        __exidx_end = .
                0x0800e4d8                        . = ALIGN (0x4)

.preinit_array  0x0800e4d8        0x0
                0x0800e4d8                        . = ALIGN (0x4)
                0x0800e4d8                        PROVIDE (__preinit_array_start = .)
 *(.preinit_array*)
                0x0800e4d8                        PROVIDE (__preinit_array_end = .)
                0x0800e4d8                        . = ALIGN (0x4)

.init_array     0x0800e4d8        0x4
                0x0800e4d8                        . = ALIGN (0x4)
                0x0800e4d8                        PROVIDE (__init_array_start = .)
 *(SORT_BY_NAME(.init_array.*))
 *(.init_array*)
 .init_array    0x0800e4d8        0x4 /opt/st/stm32cubeide_1.18.1/plugins/com.st.stm32cube.ide.mcu.externaltools.gnu-tools-for-stm32.13.3.rel1.linux64_1.0.0.202410170706/tools/bin/../lib/gcc/arm-none-eabi/13.3.1/thumb/v6-m/nofp/crtbegin.o
                0x0800e4dc                        PROVIDE (__init_array_end = .)
                0x0800e4dc                        . = ALIGN (0x4)

.fini_array     0x0800e4dc        0x4
                0x0800e4dc                        . = ALIGN (0x4)
                [!provide]                        PROVIDE (__fini_array_start = .)
 *(SORT_BY_NAME(.fini_array.*))
 *(.fini_array*)
 .fini_array    0x0800e4dc        0x4 /opt/st/stm32cubeide_1.18.1/plugins/com.st.stm32cube.ide.mcu.externaltools.gnu-tools-for-stm32.13.3.rel1.linux64_1.0.0.202410170706/tools/bin/../lib/gcc/arm-none-eabi/13.3.1/thumb/v6-m/nofp/crtbegin.o
                [!provide]                        PROVIDE (__fini_array_end = .)
                0x0800e4e0                        . = ALIGN (0x4)
                0x0800e4e0                        _sidata = LOADADDR (.data)

.rel.dyn        0x0800e4e0        0x0
 .rel.iplt      0x0800e4e0        0x0 /opt/st/stm32cubeide_1.18.1/plugins/com.st.stm32cube.ide.mcu.externaltools.gnu-tools-for-stm32.13.3.rel1.linux64_1.0.0.202410170706/tools/bin/../lib/gcc/arm-none-eabi/13.3.1/thumb/v6-m/nofp/crtbegin.o

.data           0x20000000       0xb0 load address 0x0800e4e0
                0x20000000                        . = ALIGN (0x4)
                0x20000000                        _sdata = .
 *(.data)
 *(.data*)
 .data.SystemCoreClock
                0x20000000        0x4 ./Core/Src/system_stm32g0xx.o
                0x20000000                SystemCoreClock
 .data.uwTickPrio
                0x20000004        0x4 ./Drivers/STM32G0xx_HAL_Driver/Src/stm32g0xx_hal.o
                0x20000004                uwTickPrio
 .data.uwTickFreq
                0x20000008        0x1 ./Drivers/STM32G0xx_HAL_Driver/Src/stm32g0xx_hal.o
                0x20000008                uwTickFreq
 *fill*         0x20000009        0x3 
 .data.bauds_tables
                0x2000000c       0x1c ./leather_gauge_sensor/modules/modbus/lg_module_modbus.o
                0x2000000c                bauds_tables
 *(.RamFunc)
 .RamFunc       0x20000028       0x88 ./Drivers/STM32G0xx_HAL_Driver/Src/stm32g0xx_hal_flash.o
 *(.RamFunc*)
                0x200000b0                        . = ALIGN (0x4)
                0x200000b0                        _edata = .

.igot.plt       0x200000b0        0x0 load address 0x0800e590
 .igot.plt      0x200000b0        0x0 /opt/st/stm32cubeide_1.18.1/plugins/com.st.stm32cube.ide.mcu.externaltools.gnu-tools-for-stm32.13.3.rel1.linux64_1.0.0.202410170706/tools/bin/../lib/gcc/arm-none-eabi/13.3.1/thumb/v6-m/nofp/crtbegin.o
                0x200000b0                        . = ALIGN (0x4)

.bss            0x200000b0      0xf54 load address 0x0800e590
                0x200000b0                        _sbss = .
                0x200000b0                        __bss_start__ = _sbss
 *(.bss)
 .bss           0x200000b0       0x1c /opt/st/stm32cubeide_1.18.1/plugins/com.st.stm32cube.ide.mcu.externaltools.gnu-tools-for-stm32.13.3.rel1.linux64_1.0.0.202410170706/tools/bin/../lib/gcc/arm-none-eabi/13.3.1/thumb/v6-m/nofp/crtbegin.o
 *(.bss*)
 .bss.hadc1     0x200000cc       0x64 ./Core/Src/adc.o
                0x200000cc                hadc1
 .bss.hdma_adc1
                0x20000130       0x5c ./Core/Src/adc.o
                0x20000130                hdma_adc1
 .bss.htim3     0x2000018c       0x4c ./Core/Src/tim.o
                0x2000018c                htim3
 .bss.huart1    0x200001d8       0x94 ./Core/Src/usart.o
                0x200001d8                huart1
 .bss.hdma_usart1_rx
                0x2000026c       0x5c ./Core/Src/usart.o
                0x2000026c                hdma_usart1_rx
 .bss.uwTick    0x200002c8        0x4 ./Drivers/STM32G0xx_HAL_Driver/Src/stm32g0xx_hal.o
                0x200002c8                uwTick
 .bss.pFlash    0x200002cc       0x1c ./Drivers/STM32G0xx_HAL_Driver/Src/stm32g0xx_hal_flash.o
                0x200002cc                pFlash
 .bss.conf      0x200002e8       0x37 ./leather_gauge_sensor/modules/eeprom/lg_module_eeprom.o
 *fill*         0x2000031f        0x1 
 .bss.ram_page_buffer
                0x20000320      0x800 ./leather_gauge_sensor/modules/eeprom/lg_module_eeprom.o
 .bss.rx_buffer
                0x20000b20       0x40 ./leather_gauge_sensor/modules/modbus/lg_module_modbus.o
 .bss.rb        0x20000b60       0x18 ./leather_gauge_sensor/modules/modbus/lg_module_modbus.o
 .bss.rb_buffer
                0x20000b78       0x80 ./leather_gauge_sensor/modules/modbus/lg_module_modbus.o
 .bss.server_coils
                0x20000bf8       0x20 ./leather_gauge_sensor/modules/modbus/lg_module_modbus.o
 .bss.server_registers
                0x20000c18       0x60 ./leather_gauge_sensor/modules/modbus/lg_module_modbus.o
 .bss.platform_conf
                0x20000c78       0x18 ./leather_gauge_sensor/modules/modbus/lg_module_modbus.o
 .bss.callbacks
                0x20000c90       0x38 ./leather_gauge_sensor/modules/modbus/lg_module_modbus.o
 .bss.nmbs      0x20000cc8      0x16c ./leather_gauge_sensor/modules/modbus/lg_module_modbus.o
 .bss.sensor    0x20000e34       0x68 ./leather_gauge_sensor/modules/sensor/lg_module_sensor.o
 .bss.filter    0x20000e9c      0x168 ./leather_gauge_sensor/modules/sensor/lg_module_sensor.o
 *(COMMON)
                0x20001004                        . = ALIGN (0x4)
                0x20001004                        _ebss = .
                0x20001004                        __bss_end__ = _ebss

._user_heap_stack
                0x20001004      0x604 load address 0x0800e590
                0x20001008                        . = ALIGN (0x8)
 *fill*         0x20001004        0x4 
                [!provide]                        PROVIDE (end = .)
                0x20001008                        PROVIDE (_end = .)
                0x20001208                        . = (. + _Min_Heap_Size)
 *fill*         0x20001008      0x200 
                0x20001608                        . = (. + _Min_Stack_Size)
 *fill*         0x20001208      0x400 
                0x20001608                        . = ALIGN (0x8)

/DISCARD/
 libc.a(*)
 libm.a(*)
 libgcc.a(*)

.ARM.attributes
                0x00000000       0x28
 *(.ARM.attributes)
 .ARM.attributes
                0x00000000       0x1e /opt/st/stm32cubeide_1.18.1/plugins/com.st.stm32cube.ide.mcu.externaltools.gnu-tools-for-stm32.13.3.rel1.linux64_1.0.0.202410170706/tools/bin/../lib/gcc/arm-none-eabi/13.3.1/thumb/v6-m/nofp/crti.o
 .ARM.attributes
                0x0000001e       0x2c /opt/st/stm32cubeide_1.18.1/plugins/com.st.stm32cube.ide.mcu.externaltools.gnu-tools-for-stm32.13.3.rel1.linux64_1.0.0.202410170706/tools/bin/../lib/gcc/arm-none-eabi/13.3.1/thumb/v6-m/nofp/crtbegin.o
 .ARM.attributes
                0x0000004a       0x2c ./Core/Src/adc.o
 .ARM.attributes
                0x00000076       0x2c ./Core/Src/dma.o
 .ARM.attributes
                0x000000a2       0x2c ./Core/Src/gpio.o
 .ARM.attributes
                0x000000ce       0x2c ./Core/Src/main.o
 .ARM.attributes
                0x000000fa       0x2c ./Core/Src/stm32g0xx_hal_msp.o
 .ARM.attributes
                0x00000126       0x2c ./Core/Src/stm32g0xx_it.o
 .ARM.attributes
                0x00000152       0x2c ./Core/Src/system_stm32g0xx.o
 .ARM.attributes
                0x0000017e       0x2c ./Core/Src/tim.o
 .ARM.attributes
                0x000001aa       0x2c ./Core/Src/usart.o
 .ARM.attributes
                0x000001d6       0x22 ./Core/Startup/startup_stm32g030c8tx.o
 .ARM.attributes
                0x000001f8       0x2c ./Drivers/STM32G0xx_HAL_Driver/Src/stm32g0xx_hal.o
 .ARM.attributes
                0x00000224       0x2c ./Drivers/STM32G0xx_HAL_Driver/Src/stm32g0xx_hal_adc.o
 .ARM.attributes
                0x00000250       0x2c ./Drivers/STM32G0xx_HAL_Driver/Src/stm32g0xx_hal_adc_ex.o
 .ARM.attributes
                0x0000027c       0x2c ./Drivers/STM32G0xx_HAL_Driver/Src/stm32g0xx_hal_cortex.o
 .ARM.attributes
                0x000002a8       0x2c ./Drivers/STM32G0xx_HAL_Driver/Src/stm32g0xx_hal_dma.o
 .ARM.attributes
                0x000002d4       0x2c ./Drivers/STM32G0xx_HAL_Driver/Src/stm32g0xx_hal_flash.o
 .ARM.attributes
                0x00000300       0x2c ./Drivers/STM32G0xx_HAL_Driver/Src/stm32g0xx_hal_flash_ex.o
 .ARM.attributes
                0x0000032c       0x2c ./Drivers/STM32G0xx_HAL_Driver/Src/stm32g0xx_hal_gpio.o
 .ARM.attributes
                0x00000358       0x2c ./Drivers/STM32G0xx_HAL_Driver/Src/stm32g0xx_hal_pwr_ex.o
 .ARM.attributes
                0x00000384       0x2c ./Drivers/STM32G0xx_HAL_Driver/Src/stm32g0xx_hal_rcc.o
 .ARM.attributes
                0x000003b0       0x2c ./Drivers/STM32G0xx_HAL_Driver/Src/stm32g0xx_hal_rcc_ex.o
 .ARM.attributes
                0x000003dc       0x2c ./Drivers/STM32G0xx_HAL_Driver/Src/stm32g0xx_hal_tim.o
 .ARM.attributes
                0x00000408       0x2c ./Drivers/STM32G0xx_HAL_Driver/Src/stm32g0xx_hal_tim_ex.o
 .ARM.attributes
                0x00000434       0x2c ./Drivers/STM32G0xx_HAL_Driver/Src/stm32g0xx_hal_uart.o
 .ARM.attributes
                0x00000460       0x2c ./Drivers/STM32G0xx_HAL_Driver/Src/stm32g0xx_hal_uart_ex.o
 .ARM.attributes
                0x0000048c       0x2c ./leather_gauge_sensor/app/Src/leather_gauge.o
 .ARM.attributes
                0x000004b8       0x2c ./leather_gauge_sensor/middlewares/DSP_Biquad/DSP_Biquad.o
 .ARM.attributes
                0x000004e4       0x2c ./leather_gauge_sensor/middlewares/lwrb/src/lwrb/lwrb.o
 .ARM.attributes
                0x00000510       0x2c ./leather_gauge_sensor/middlewares/nanoMODBUS/nanomodbus.o
 .ARM.attributes
                0x0000053c       0x2c ./leather_gauge_sensor/modules/eeprom/lg_module_eeprom.o
 .ARM.attributes
                0x00000568       0x2c ./leather_gauge_sensor/modules/modbus/lg_module_modbus.o
 .ARM.attributes
                0x00000594       0x2c ./leather_gauge_sensor/modules/sensor/lg_module_sensor.o
 .ARM.attributes
                0x000005c0       0x2c /opt/st/stm32cubeide_1.18.1/plugins/com.st.stm32cube.ide.mcu.externaltools.gnu-tools-for-stm32.13.3.rel1.linux64_1.0.0.202410170706/tools/bin/../lib/gcc/arm-none-eabi/13.3.1/../../../../arm-none-eabi/lib/thumb/v6-m/nofp/libc_nano.a(libc_a-memcmp.o)
 .ARM.attributes
                0x000005ec       0x2c /opt/st/stm32cubeide_1.18.1/plugins/com.st.stm32cube.ide.mcu.externaltools.gnu-tools-for-stm32.13.3.rel1.linux64_1.0.0.202410170706/tools/bin/../lib/gcc/arm-none-eabi/13.3.1/../../../../arm-none-eabi/lib/thumb/v6-m/nofp/libc_nano.a(libc_a-memset.o)
 .ARM.attributes
                0x00000618       0x2c /opt/st/stm32cubeide_1.18.1/plugins/com.st.stm32cube.ide.mcu.externaltools.gnu-tools-for-stm32.13.3.rel1.linux64_1.0.0.202410170706/tools/bin/../lib/gcc/arm-none-eabi/13.3.1/../../../../arm-none-eabi/lib/thumb/v6-m/nofp/libc_nano.a(libc_a-strncpy.o)
 .ARM.attributes
                0x00000644       0x2c /opt/st/stm32cubeide_1.18.1/plugins/com.st.stm32cube.ide.mcu.externaltools.gnu-tools-for-stm32.13.3.rel1.linux64_1.0.0.202410170706/tools/bin/../lib/gcc/arm-none-eabi/13.3.1/../../../../arm-none-eabi/lib/thumb/v6-m/nofp/libc_nano.a(libc_a-init.o)
 .ARM.attributes
                0x00000670       0x2c /opt/st/stm32cubeide_1.18.1/plugins/com.st.stm32cube.ide.mcu.externaltools.gnu-tools-for-stm32.13.3.rel1.linux64_1.0.0.202410170706/tools/bin/../lib/gcc/arm-none-eabi/13.3.1/../../../../arm-none-eabi/lib/thumb/v6-m/nofp/libc_nano.a(libc_a-memcpy-stub.o)
 .ARM.attributes
                0x0000069c       0x1c /opt/st/stm32cubeide_1.18.1/plugins/com.st.stm32cube.ide.mcu.externaltools.gnu-tools-for-stm32.13.3.rel1.linux64_1.0.0.202410170706/tools/bin/../lib/gcc/arm-none-eabi/13.3.1/../../../../arm-none-eabi/lib/thumb/v6-m/nofp/libc_nano.a(libc_a-strlen.o)
 .ARM.attributes
                0x000006b8       0x2c /opt/st/stm32cubeide_1.18.1/plugins/com.st.stm32cube.ide.mcu.externaltools.gnu-tools-for-stm32.13.3.rel1.linux64_1.0.0.202410170706/tools/bin/../lib/gcc/arm-none-eabi/13.3.1/../../../../arm-none-eabi/lib/thumb/v6-m/nofp/libm.a(libm_a-sf_cos.o)
 .ARM.attributes
                0x000006e4       0x2c /opt/st/stm32cubeide_1.18.1/plugins/com.st.stm32cube.ide.mcu.externaltools.gnu-tools-for-stm32.13.3.rel1.linux64_1.0.0.202410170706/tools/bin/../lib/gcc/arm-none-eabi/13.3.1/../../../../arm-none-eabi/lib/thumb/v6-m/nofp/libm.a(libm_a-sf_sin.o)
 .ARM.attributes
                0x00000710       0x2c /opt/st/stm32cubeide_1.18.1/plugins/com.st.stm32cube.ide.mcu.externaltools.gnu-tools-for-stm32.13.3.rel1.linux64_1.0.0.202410170706/tools/bin/../lib/gcc/arm-none-eabi/13.3.1/../../../../arm-none-eabi/lib/thumb/v6-m/nofp/libm.a(libm_a-kf_cos.o)
 .ARM.attributes
                0x0000073c       0x2c /opt/st/stm32cubeide_1.18.1/plugins/com.st.stm32cube.ide.mcu.externaltools.gnu-tools-for-stm32.13.3.rel1.linux64_1.0.0.202410170706/tools/bin/../lib/gcc/arm-none-eabi/13.3.1/../../../../arm-none-eabi/lib/thumb/v6-m/nofp/libm.a(libm_a-kf_sin.o)
 .ARM.attributes
                0x00000768       0x2c /opt/st/stm32cubeide_1.18.1/plugins/com.st.stm32cube.ide.mcu.externaltools.gnu-tools-for-stm32.13.3.rel1.linux64_1.0.0.202410170706/tools/bin/../lib/gcc/arm-none-eabi/13.3.1/../../../../arm-none-eabi/lib/thumb/v6-m/nofp/libm.a(libm_a-ef_rem_pio2.o)
 .ARM.attributes
                0x00000794       0x2c /opt/st/stm32cubeide_1.18.1/plugins/com.st.stm32cube.ide.mcu.externaltools.gnu-tools-for-stm32.13.3.rel1.linux64_1.0.0.202410170706/tools/bin/../lib/gcc/arm-none-eabi/13.3.1/../../../../arm-none-eabi/lib/thumb/v6-m/nofp/libm.a(libm_a-sf_fabs.o)
 .ARM.attributes
                0x000007c0       0x2c /opt/st/stm32cubeide_1.18.1/plugins/com.st.stm32cube.ide.mcu.externaltools.gnu-tools-for-stm32.13.3.rel1.linux64_1.0.0.202410170706/tools/bin/../lib/gcc/arm-none-eabi/13.3.1/../../../../arm-none-eabi/lib/thumb/v6-m/nofp/libm.a(libm_a-kf_rem_pio2.o)
 .ARM.attributes
                0x000007ec       0x2c /opt/st/stm32cubeide_1.18.1/plugins/com.st.stm32cube.ide.mcu.externaltools.gnu-tools-for-stm32.13.3.rel1.linux64_1.0.0.202410170706/tools/bin/../lib/gcc/arm-none-eabi/13.3.1/../../../../arm-none-eabi/lib/thumb/v6-m/nofp/libm.a(libm_a-sf_scalbn.o)
 .ARM.attributes
                0x00000818       0x2c /opt/st/stm32cubeide_1.18.1/plugins/com.st.stm32cube.ide.mcu.externaltools.gnu-tools-for-stm32.13.3.rel1.linux64_1.0.0.202410170706/tools/bin/../lib/gcc/arm-none-eabi/13.3.1/../../../../arm-none-eabi/lib/thumb/v6-m/nofp/libm.a(libm_a-sf_floor.o)
 .ARM.attributes
                0x00000844       0x1e /opt/st/stm32cubeide_1.18.1/plugins/com.st.stm32cube.ide.mcu.externaltools.gnu-tools-for-stm32.13.3.rel1.linux64_1.0.0.202410170706/tools/bin/../lib/gcc/arm-none-eabi/13.3.1/thumb/v6-m/nofp/libgcc.a(_udivsi3.o)
 .ARM.attributes
                0x00000862       0x1e /opt/st/stm32cubeide_1.18.1/plugins/com.st.stm32cube.ide.mcu.externaltools.gnu-tools-for-stm32.13.3.rel1.linux64_1.0.0.202410170706/tools/bin/../lib/gcc/arm-none-eabi/13.3.1/thumb/v6-m/nofp/libgcc.a(_divsi3.o)
 .ARM.attributes
                0x00000880       0x1e /opt/st/stm32cubeide_1.18.1/plugins/com.st.stm32cube.ide.mcu.externaltools.gnu-tools-for-stm32.13.3.rel1.linux64_1.0.0.202410170706/tools/bin/../lib/gcc/arm-none-eabi/13.3.1/thumb/v6-m/nofp/libgcc.a(_dvmd_tls.o)
 .ARM.attributes
                0x0000089e       0x1e /opt/st/stm32cubeide_1.18.1/plugins/com.st.stm32cube.ide.mcu.externaltools.gnu-tools-for-stm32.13.3.rel1.linux64_1.0.0.202410170706/tools/bin/../lib/gcc/arm-none-eabi/13.3.1/thumb/v6-m/nofp/libgcc.a(_arm_cmpsf2.o)
 .ARM.attributes
                0x000008bc       0x2c /opt/st/stm32cubeide_1.18.1/plugins/com.st.stm32cube.ide.mcu.externaltools.gnu-tools-for-stm32.13.3.rel1.linux64_1.0.0.202410170706/tools/bin/../lib/gcc/arm-none-eabi/13.3.1/thumb/v6-m/nofp/libgcc.a(_fixunssfsi.o)
 .ARM.attributes
                0x000008e8       0x2c /opt/st/stm32cubeide_1.18.1/plugins/com.st.stm32cube.ide.mcu.externaltools.gnu-tools-for-stm32.13.3.rel1.linux64_1.0.0.202410170706/tools/bin/../lib/gcc/arm-none-eabi/13.3.1/thumb/v6-m/nofp/libgcc.a(addsf3.o)
 .ARM.attributes
                0x00000914       0x2c /opt/st/stm32cubeide_1.18.1/plugins/com.st.stm32cube.ide.mcu.externaltools.gnu-tools-for-stm32.13.3.rel1.linux64_1.0.0.202410170706/tools/bin/../lib/gcc/arm-none-eabi/13.3.1/thumb/v6-m/nofp/libgcc.a(divsf3.o)
 .ARM.attributes
                0x00000940       0x2c /opt/st/stm32cubeide_1.18.1/plugins/com.st.stm32cube.ide.mcu.externaltools.gnu-tools-for-stm32.13.3.rel1.linux64_1.0.0.202410170706/tools/bin/../lib/gcc/arm-none-eabi/13.3.1/thumb/v6-m/nofp/libgcc.a(eqsf2.o)
 .ARM.attributes
                0x0000096c       0x2c /opt/st/stm32cubeide_1.18.1/plugins/com.st.stm32cube.ide.mcu.externaltools.gnu-tools-for-stm32.13.3.rel1.linux64_1.0.0.202410170706/tools/bin/../lib/gcc/arm-none-eabi/13.3.1/thumb/v6-m/nofp/libgcc.a(gesf2.o)
 .ARM.attributes
                0x00000998       0x2c /opt/st/stm32cubeide_1.18.1/plugins/com.st.stm32cube.ide.mcu.externaltools.gnu-tools-for-stm32.13.3.rel1.linux64_1.0.0.202410170706/tools/bin/../lib/gcc/arm-none-eabi/13.3.1/thumb/v6-m/nofp/libgcc.a(lesf2.o)
 .ARM.attributes
                0x000009c4       0x2c /opt/st/stm32cubeide_1.18.1/plugins/com.st.stm32cube.ide.mcu.externaltools.gnu-tools-for-stm32.13.3.rel1.linux64_1.0.0.202410170706/tools/bin/../lib/gcc/arm-none-eabi/13.3.1/thumb/v6-m/nofp/libgcc.a(mulsf3.o)
 .ARM.attributes
                0x000009f0       0x2c /opt/st/stm32cubeide_1.18.1/plugins/com.st.stm32cube.ide.mcu.externaltools.gnu-tools-for-stm32.13.3.rel1.linux64_1.0.0.202410170706/tools/bin/../lib/gcc/arm-none-eabi/13.3.1/thumb/v6-m/nofp/libgcc.a(subsf3.o)
 .ARM.attributes
                0x00000a1c       0x2c /opt/st/stm32cubeide_1.18.1/plugins/com.st.stm32cube.ide.mcu.externaltools.gnu-tools-for-stm32.13.3.rel1.linux64_1.0.0.202410170706/tools/bin/../lib/gcc/arm-none-eabi/13.3.1/thumb/v6-m/nofp/libgcc.a(fixsfsi.o)
 .ARM.attributes
                0x00000a48       0x2c /opt/st/stm32cubeide_1.18.1/plugins/com.st.stm32cube.ide.mcu.externaltools.gnu-tools-for-stm32.13.3.rel1.linux64_1.0.0.202410170706/tools/bin/../lib/gcc/arm-none-eabi/13.3.1/thumb/v6-m/nofp/libgcc.a(floatsisf.o)
 .ARM.attributes
                0x00000a74       0x2c /opt/st/stm32cubeide_1.18.1/plugins/com.st.stm32cube.ide.mcu.externaltools.gnu-tools-for-stm32.13.3.rel1.linux64_1.0.0.202410170706/tools/bin/../lib/gcc/arm-none-eabi/13.3.1/thumb/v6-m/nofp/libgcc.a(floatunsisf.o)
 .ARM.attributes
                0x00000aa0       0x2c /opt/st/stm32cubeide_1.18.1/plugins/com.st.stm32cube.ide.mcu.externaltools.gnu-tools-for-stm32.13.3.rel1.linux64_1.0.0.202410170706/tools/bin/../lib/gcc/arm-none-eabi/13.3.1/thumb/v6-m/nofp/libgcc.a(divdf3.o)
 .ARM.attributes
                0x00000acc       0x2c /opt/st/stm32cubeide_1.18.1/plugins/com.st.stm32cube.ide.mcu.externaltools.gnu-tools-for-stm32.13.3.rel1.linux64_1.0.0.202410170706/tools/bin/../lib/gcc/arm-none-eabi/13.3.1/thumb/v6-m/nofp/libgcc.a(muldf3.o)
 .ARM.attributes
                0x00000af8       0x2c /opt/st/stm32cubeide_1.18.1/plugins/com.st.stm32cube.ide.mcu.externaltools.gnu-tools-for-stm32.13.3.rel1.linux64_1.0.0.202410170706/tools/bin/../lib/gcc/arm-none-eabi/13.3.1/thumb/v6-m/nofp/libgcc.a(extendsfdf2.o)
 .ARM.attributes
                0x00000b24       0x2c /opt/st/stm32cubeide_1.18.1/plugins/com.st.stm32cube.ide.mcu.externaltools.gnu-tools-for-stm32.13.3.rel1.linux64_1.0.0.202410170706/tools/bin/../lib/gcc/arm-none-eabi/13.3.1/thumb/v6-m/nofp/libgcc.a(truncdfsf2.o)
 .ARM.attributes
                0x00000b50       0x1e /opt/st/stm32cubeide_1.18.1/plugins/com.st.stm32cube.ide.mcu.externaltools.gnu-tools-for-stm32.13.3.rel1.linux64_1.0.0.202410170706/tools/bin/../lib/gcc/arm-none-eabi/13.3.1/thumb/v6-m/nofp/libgcc.a(_clzsi2.o)
 .ARM.attributes
                0x00000b6e       0x1e /opt/st/stm32cubeide_1.18.1/plugins/com.st.stm32cube.ide.mcu.externaltools.gnu-tools-for-stm32.13.3.rel1.linux64_1.0.0.202410170706/tools/bin/../lib/gcc/arm-none-eabi/13.3.1/thumb/v6-m/nofp/crtn.o
OUTPUT(leather_gauge_sensor.elf elf32-littlearm)
LOAD linker stubs
LOAD /opt/st/stm32cubeide_1.18.1/plugins/com.st.stm32cube.ide.mcu.externaltools.gnu-tools-for-stm32.13.3.rel1.linux64_1.0.0.202410170706/tools/bin/../lib/gcc/arm-none-eabi/13.3.1/../../../../arm-none-eabi/lib/thumb/v6-m/nofp/libc.a
LOAD /opt/st/stm32cubeide_1.18.1/plugins/com.st.stm32cube.ide.mcu.externaltools.gnu-tools-for-stm32.13.3.rel1.linux64_1.0.0.202410170706/tools/bin/../lib/gcc/arm-none-eabi/13.3.1/../../../../arm-none-eabi/lib/thumb/v6-m/nofp/libm.a
LOAD /opt/st/stm32cubeide_1.18.1/plugins/com.st.stm32cube.ide.mcu.externaltools.gnu-tools-for-stm32.13.3.rel1.linux64_1.0.0.202410170706/tools/bin/../lib/gcc/arm-none-eabi/13.3.1/thumb/v6-m/nofp/libgcc.a

.debug_info     0x00000000    0x1a47d
 .debug_info    0x00000000      0xb8c ./Core/Src/adc.o
 .debug_info    0x00000b8c      0x335 ./Core/Src/dma.o
 .debug_info    0x00000ec1      0x3da ./Core/Src/gpio.o
 .debug_info    0x0000129b      0x338 ./Core/Src/main.o
 .debug_info    0x000015d3      0x265 ./Core/Src/stm32g0xx_hal_msp.o
 .debug_info    0x00001838      0x81f ./Core/Src/stm32g0xx_it.o
 .debug_info    0x00002057      0x316 ./Core/Src/system_stm32g0xx.o
 .debug_info    0x0000236d      0xa85 ./Core/Src/tim.o
 .debug_info    0x00002df2      0xd11 ./Core/Src/usart.o
 .debug_info    0x00003b03       0x30 ./Core/Startup/startup_stm32g030c8tx.o
 .debug_info    0x00003b33      0x8f0 ./Drivers/STM32G0xx_HAL_Driver/Src/stm32g0xx_hal.o
 .debug_info    0x00004423     0x155e ./Drivers/STM32G0xx_HAL_Driver/Src/stm32g0xx_hal_adc.o
 .debug_info    0x00005981      0xb2e ./Drivers/STM32G0xx_HAL_Driver/Src/stm32g0xx_hal_adc_ex.o
 .debug_info    0x000064af      0x8a9 ./Drivers/STM32G0xx_HAL_Driver/Src/stm32g0xx_hal_cortex.o
 .debug_info    0x00006d58      0x86b ./Drivers/STM32G0xx_HAL_Driver/Src/stm32g0xx_hal_dma.o
 .debug_info    0x000075c3      0x63e ./Drivers/STM32G0xx_HAL_Driver/Src/stm32g0xx_hal_flash.o
 .debug_info    0x00007c01      0x633 ./Drivers/STM32G0xx_HAL_Driver/Src/stm32g0xx_hal_flash_ex.o
 .debug_info    0x00008234      0x59d ./Drivers/STM32G0xx_HAL_Driver/Src/stm32g0xx_hal_gpio.o
 .debug_info    0x000087d1      0x496 ./Drivers/STM32G0xx_HAL_Driver/Src/stm32g0xx_hal_pwr_ex.o
 .debug_info    0x00008c67      0xad0 ./Drivers/STM32G0xx_HAL_Driver/Src/stm32g0xx_hal_rcc.o
 .debug_info    0x00009737      0x72b ./Drivers/STM32G0xx_HAL_Driver/Src/stm32g0xx_hal_rcc_ex.o
 .debug_info    0x00009e62     0x2ba7 ./Drivers/STM32G0xx_HAL_Driver/Src/stm32g0xx_hal_tim.o
 .debug_info    0x0000ca09     0x18b8 ./Drivers/STM32G0xx_HAL_Driver/Src/stm32g0xx_hal_tim_ex.o
 .debug_info    0x0000e2c1     0x483c ./Drivers/STM32G0xx_HAL_Driver/Src/stm32g0xx_hal_uart.o
 .debug_info    0x00012afd      0xf95 ./Drivers/STM32G0xx_HAL_Driver/Src/stm32g0xx_hal_uart_ex.o
 .debug_info    0x00013a92      0x20e ./leather_gauge_sensor/app/Src/leather_gauge.o
 .debug_info    0x00013ca0      0x2a8 ./leather_gauge_sensor/middlewares/DSP_Biquad/DSP_Biquad.o
 .debug_info    0x00013f48      0xdc9 ./leather_gauge_sensor/middlewares/lwrb/src/lwrb/lwrb.o
 .debug_info    0x00014d11     0x2a3f ./leather_gauge_sensor/middlewares/nanoMODBUS/nanomodbus.o
 .debug_info    0x00017750      0x4d7 ./leather_gauge_sensor/modules/eeprom/lg_module_eeprom.o
 .debug_info    0x00017c27     0x19a1 ./leather_gauge_sensor/modules/modbus/lg_module_modbus.o
 .debug_info    0x000195c8      0xeb5 ./leather_gauge_sensor/modules/sensor/lg_module_sensor.o

.debug_abbrev   0x00000000     0x42fb
 .debug_abbrev  0x00000000      0x205 ./Core/Src/adc.o
 .debug_abbrev  0x00000205      0x115 ./Core/Src/dma.o
 .debug_abbrev  0x0000031a      0x158 ./Core/Src/gpio.o
 .debug_abbrev  0x00000472      0x1a1 ./Core/Src/main.o
 .debug_abbrev  0x00000613       0xdd ./Core/Src/stm32g0xx_hal_msp.o
 .debug_abbrev  0x000006f0      0x1a7 ./Core/Src/stm32g0xx_it.o
 .debug_abbrev  0x00000897      0x119 ./Core/Src/system_stm32g0xx.o
 .debug_abbrev  0x000009b0      0x1e9 ./Core/Src/tim.o
 .debug_abbrev  0x00000b99      0x240 ./Core/Src/usart.o
 .debug_abbrev  0x00000dd9       0x24 ./Core/Startup/startup_stm32g030c8tx.o
 .debug_abbrev  0x00000dfd      0x2b4 ./Drivers/STM32G0xx_HAL_Driver/Src/stm32g0xx_hal.o
 .debug_abbrev  0x000010b1      0x267 ./Drivers/STM32G0xx_HAL_Driver/Src/stm32g0xx_hal_adc.o
 .debug_abbrev  0x00001318      0x231 ./Drivers/STM32G0xx_HAL_Driver/Src/stm32g0xx_hal_adc_ex.o
 .debug_abbrev  0x00001549      0x2ab ./Drivers/STM32G0xx_HAL_Driver/Src/stm32g0xx_hal_cortex.o
 .debug_abbrev  0x000017f4      0x1e1 ./Drivers/STM32G0xx_HAL_Driver/Src/stm32g0xx_hal_dma.o
 .debug_abbrev  0x000019d5      0x2f8 ./Drivers/STM32G0xx_HAL_Driver/Src/stm32g0xx_hal_flash.o
 .debug_abbrev  0x00001ccd      0x25f ./Drivers/STM32G0xx_HAL_Driver/Src/stm32g0xx_hal_flash_ex.o
 .debug_abbrev  0x00001f2c      0x1c3 ./Drivers/STM32G0xx_HAL_Driver/Src/stm32g0xx_hal_gpio.o
 .debug_abbrev  0x000020ef      0x1d7 ./Drivers/STM32G0xx_HAL_Driver/Src/stm32g0xx_hal_pwr_ex.o
 .debug_abbrev  0x000022c6      0x2a9 ./Drivers/STM32G0xx_HAL_Driver/Src/stm32g0xx_hal_rcc.o
 .debug_abbrev  0x0000256f      0x229 ./Drivers/STM32G0xx_HAL_Driver/Src/stm32g0xx_hal_rcc_ex.o
 .debug_abbrev  0x00002798      0x29b ./Drivers/STM32G0xx_HAL_Driver/Src/stm32g0xx_hal_tim.o
 .debug_abbrev  0x00002a33      0x2ab ./Drivers/STM32G0xx_HAL_Driver/Src/stm32g0xx_hal_tim_ex.o
 .debug_abbrev  0x00002cde      0x326 ./Drivers/STM32G0xx_HAL_Driver/Src/stm32g0xx_hal_uart.o
 .debug_abbrev  0x00003004      0x2e5 ./Drivers/STM32G0xx_HAL_Driver/Src/stm32g0xx_hal_uart_ex.o
 .debug_abbrev  0x000032e9      0x12d ./leather_gauge_sensor/app/Src/leather_gauge.o
 .debug_abbrev  0x00003416      0x13c ./leather_gauge_sensor/middlewares/DSP_Biquad/DSP_Biquad.o
 .debug_abbrev  0x00003552      0x21e ./leather_gauge_sensor/middlewares/lwrb/src/lwrb/lwrb.o
 .debug_abbrev  0x00003770      0x39f ./leather_gauge_sensor/middlewares/nanoMODBUS/nanomodbus.o
 .debug_abbrev  0x00003b0f      0x1ba ./leather_gauge_sensor/modules/eeprom/lg_module_eeprom.o
 .debug_abbrev  0x00003cc9      0x3e6 ./leather_gauge_sensor/modules/modbus/lg_module_modbus.o
 .debug_abbrev  0x000040af      0x24c ./leather_gauge_sensor/modules/sensor/lg_module_sensor.o

.debug_aranges  0x00000000     0x1718
 .debug_aranges
                0x00000000       0x30 ./Core/Src/adc.o
 .debug_aranges
                0x00000030       0x20 ./Core/Src/dma.o
 .debug_aranges
                0x00000050       0x20 ./Core/Src/gpio.o
 .debug_aranges
                0x00000070       0x30 ./Core/Src/main.o
 .debug_aranges
                0x000000a0       0x20 ./Core/Src/stm32g0xx_hal_msp.o
 .debug_aranges
                0x000000c0       0x58 ./Core/Src/stm32g0xx_it.o
 .debug_aranges
                0x00000118       0x28 ./Core/Src/system_stm32g0xx.o
 .debug_aranges
                0x00000140       0x30 ./Core/Src/tim.o
 .debug_aranges
                0x00000170       0x30 ./Core/Src/usart.o
 .debug_aranges
                0x000001a0       0x28 ./Core/Startup/startup_stm32g030c8tx.o
 .debug_aranges
                0x000001c8      0x100 ./Drivers/STM32G0xx_HAL_Driver/Src/stm32g0xx_hal.o
 .debug_aranges
                0x000002c8      0x1f0 ./Drivers/STM32G0xx_HAL_Driver/Src/stm32g0xx_hal_adc.o
 .debug_aranges
                0x000004b8       0xb0 ./Drivers/STM32G0xx_HAL_Driver/Src/stm32g0xx_hal_adc_ex.o
 .debug_aranges
                0x00000568       0xe8 ./Drivers/STM32G0xx_HAL_Driver/Src/stm32g0xx_hal_cortex.o
 .debug_aranges
                0x00000650       0x90 ./Drivers/STM32G0xx_HAL_Driver/Src/stm32g0xx_hal_dma.o
 .debug_aranges
                0x000006e0       0x88 ./Drivers/STM32G0xx_HAL_Driver/Src/stm32g0xx_hal_flash.o
 .debug_aranges
                0x00000768       0x88 ./Drivers/STM32G0xx_HAL_Driver/Src/stm32g0xx_hal_flash_ex.o
 .debug_aranges
                0x000007f0       0x60 ./Drivers/STM32G0xx_HAL_Driver/Src/stm32g0xx_hal_gpio.o
 .debug_aranges
                0x00000850       0x98 ./Drivers/STM32G0xx_HAL_Driver/Src/stm32g0xx_hal_pwr_ex.o
 .debug_aranges
                0x000008e8       0xa0 ./Drivers/STM32G0xx_HAL_Driver/Src/stm32g0xx_hal_rcc.o
 .debug_aranges
                0x00000988       0x40 ./Drivers/STM32G0xx_HAL_Driver/Src/stm32g0xx_hal_rcc_ex.o
 .debug_aranges
                0x000009c8      0x3e0 ./Drivers/STM32G0xx_HAL_Driver/Src/stm32g0xx_hal_tim.o
 .debug_aranges
                0x00000da8      0x198 ./Drivers/STM32G0xx_HAL_Driver/Src/stm32g0xx_hal_tim_ex.o
 .debug_aranges
                0x00000f40      0x248 ./Drivers/STM32G0xx_HAL_Driver/Src/stm32g0xx_hal_uart.o
 .debug_aranges
                0x00001188       0xa8 ./Drivers/STM32G0xx_HAL_Driver/Src/stm32g0xx_hal_uart_ex.o
 .debug_aranges
                0x00001230       0x28 ./leather_gauge_sensor/app/Src/leather_gauge.o
 .debug_aranges
                0x00001258       0x30 ./leather_gauge_sensor/middlewares/DSP_Biquad/DSP_Biquad.o
 .debug_aranges
                0x00001288       0xc0 ./leather_gauge_sensor/middlewares/lwrb/src/lwrb/lwrb.o
 .debug_aranges
                0x00001348      0x2c0 ./leather_gauge_sensor/middlewares/nanoMODBUS/nanomodbus.o
 .debug_aranges
                0x00001608       0x48 ./leather_gauge_sensor/modules/eeprom/lg_module_eeprom.o
 .debug_aranges
                0x00001650       0x90 ./leather_gauge_sensor/modules/modbus/lg_module_modbus.o
 .debug_aranges
                0x000016e0       0x38 ./leather_gauge_sensor/modules/sensor/lg_module_sensor.o

.debug_rnglists
                0x00000000     0x11f4
 .debug_rnglists
                0x00000000       0x21 ./Core/Src/adc.o
 .debug_rnglists
                0x00000021       0x13 ./Core/Src/dma.o
 .debug_rnglists
                0x00000034       0x14 ./Core/Src/gpio.o
 .debug_rnglists
                0x00000048       0x20 ./Core/Src/main.o
 .debug_rnglists
                0x00000068       0x13 ./Core/Src/stm32g0xx_hal_msp.o
 .debug_rnglists
                0x0000007b       0x3d ./Core/Src/stm32g0xx_it.o
 .debug_rnglists
                0x000000b8       0x1a ./Core/Src/system_stm32g0xx.o
 .debug_rnglists
                0x000000d2       0x20 ./Core/Src/tim.o
 .debug_rnglists
                0x000000f2       0x21 ./Core/Src/usart.o
 .debug_rnglists
                0x00000113       0x19 ./Core/Startup/startup_stm32g030c8tx.o
 .debug_rnglists
                0x0000012c       0xbc ./Drivers/STM32G0xx_HAL_Driver/Src/stm32g0xx_hal.o
 .debug_rnglists
                0x000001e8      0x17f ./Drivers/STM32G0xx_HAL_Driver/Src/stm32g0xx_hal_adc.o
 .debug_rnglists
                0x00000367       0x81 ./Drivers/STM32G0xx_HAL_Driver/Src/stm32g0xx_hal_adc_ex.o
 .debug_rnglists
                0x000003e8       0xaa ./Drivers/STM32G0xx_HAL_Driver/Src/stm32g0xx_hal_cortex.o
 .debug_rnglists
                0x00000492       0x72 ./Drivers/STM32G0xx_HAL_Driver/Src/stm32g0xx_hal_dma.o
 .debug_rnglists
                0x00000504       0x66 ./Drivers/STM32G0xx_HAL_Driver/Src/stm32g0xx_hal_flash.o
 .debug_rnglists
                0x0000056a       0x64 ./Drivers/STM32G0xx_HAL_Driver/Src/stm32g0xx_hal_flash_ex.o
 .debug_rnglists
                0x000005ce       0x45 ./Drivers/STM32G0xx_HAL_Driver/Src/stm32g0xx_hal_gpio.o
 .debug_rnglists
                0x00000613       0x72 ./Drivers/STM32G0xx_HAL_Driver/Src/stm32g0xx_hal_pwr_ex.o
 .debug_rnglists
                0x00000685       0x79 ./Drivers/STM32G0xx_HAL_Driver/Src/stm32g0xx_hal_rcc.o
 .debug_rnglists
                0x000006fe       0x2f ./Drivers/STM32G0xx_HAL_Driver/Src/stm32g0xx_hal_rcc_ex.o
 .debug_rnglists
                0x0000072d      0x32a ./Drivers/STM32G0xx_HAL_Driver/Src/stm32g0xx_hal_tim.o
 .debug_rnglists
                0x00000a57      0x14e ./Drivers/STM32G0xx_HAL_Driver/Src/stm32g0xx_hal_tim_ex.o
 .debug_rnglists
                0x00000ba5      0x1fb ./Drivers/STM32G0xx_HAL_Driver/Src/stm32g0xx_hal_uart.o
 .debug_rnglists
                0x00000da0       0x80 ./Drivers/STM32G0xx_HAL_Driver/Src/stm32g0xx_hal_uart_ex.o
 .debug_rnglists
                0x00000e20       0x1a ./leather_gauge_sensor/app/Src/leather_gauge.o
 .debug_rnglists
                0x00000e3a       0x21 ./leather_gauge_sensor/middlewares/DSP_Biquad/DSP_Biquad.o
 .debug_rnglists
                0x00000e5b       0x93 ./leather_gauge_sensor/middlewares/lwrb/src/lwrb/lwrb.o
 .debug_rnglists
                0x00000eee      0x23c ./leather_gauge_sensor/middlewares/nanoMODBUS/nanomodbus.o
 .debug_rnglists
                0x0000112a       0x35 ./leather_gauge_sensor/modules/eeprom/lg_module_eeprom.o
 .debug_rnglists
                0x0000115f       0x6e ./leather_gauge_sensor/modules/modbus/lg_module_modbus.o
 .debug_rnglists