08:53:42 **** Incremental Build of configuration Debug for project leather_gauge_controller_v4 ****
make -j12 all 
arm-none-eabi-gcc "../leather_gauge_controller/modules/modbus/lgc_inteface_modbus.c" -mcpu=cortex-m4 -std=gnu11 -g3 -DDEBUG -DUSE_HAL_DRIVER -DSTM32F446xx -DTX_INCLUDE_USER_DEFINE_FILE -DUX_INCLUDE_USER_DEFINE_FILE -c -I../Core/Inc -I"/home/tecna-smart-lab/GitHub/leather_gauge/Firmware/leather_gauge_controller_v4/leather_gauge_controller/modules/rtc" -I"/home/tecna-smart-lab/GitHub/leather_gauge/Firmware/leather_gauge_controller_v4/leather_gauge_controller/modules/encoder" -I"/home/tecna-smart-lab/GitHub/leather_gauge/Firmware/leather_gauge_controller_v4/leather_gauge_controller/modules/di" -I"/home/tecna-smart-lab/GitHub/leather_gauge/Firmware/leather_gauge_controller_v4/leather_gauge_controller/middlewares/lwbtn/src/include" -I"/home/tecna-smart-lab/GitHub/leather_gauge/Firmware/leather_gauge_controller_v4/leather_gauge_controller/middlewares/lwbtn/src/include/lwbtn" -I"/home/tecna-smart-lab/GitHub/leather_gauge/Firmware/leather_gauge_controller_v4/leather_gauge_controller/app/src/hmi" -I"/home/tecna-smart-lab/GitHub/leather_gauge/Firmware/leather_gauge_controller_v4/leather_gauge_controller/modules/modbus" -I"/home/tecna-smart-lab/GitHub/leather_gauge/Firmware/leather_gauge_controller_v4/leather_gauge_controller/modules/printer" -I"/home/tecna-smart-lab/GitHub/leather_gauge/Firmware/leather_gauge_controller_v4/leather_gauge_controller/middlewares/lwprintf/src/include" -I"/home/tecna-smart-lab/GitHub/leather_gauge/Firmware/leather_gauge_controller_v4/leather_gauge_controller/middlewares/lwprintf/src/include/lwprintf" -I"/home/tecna-smart-lab/GitHub/leather_gauge/Firmware/leather_gauge_controller_v4/leather_gauge_controller/middlewares/lwprintf/src/include/system" -I"/home/tecna-smart-lab/GitHub/leather_gauge/Firmware/leather_gauge_controller_v4/leather_gauge_controller/middlewares/stm32_log" -I"/home/tecna-smart-lab/GitHub/leather_gauge/Firmware/leather_gauge_controller_v4/leather_gauge_controller/app/inc" -I"/home/tecna-smart-lab/GitHub/leather_gauge/Firmware/leather_gauge_controller_v4/leather_gauge_controller/config" -I"/home/tecna-smart-lab/GitHub/leather_gauge/Firmware/leather_gauge_controller_v4/leather_gauge_controller/middlewares/at24cxx" -I"/home/tecna-smart-lab/GitHub/leather_gauge/Firmware/leather_gauge_controller_v4/leather_gauge_controller/middlewares/dwin" -I"/home/tecna-smart-lab/GitHub/leather_gauge/Firmware/leather_gauge_controller_v4/leather_gauge_controller/middlewares/lwrb/src/include" -I"/home/tecna-smart-lab/GitHub/leather_gauge/Firmware/leather_gauge_controller_v4/leather_gauge_controller/middlewares/lwrb/src/include/lwrb" -I"/home/tecna-smart-lab/GitHub/leather_gauge/Firmware/leather_gauge_controller_v4/leather_gauge_controller/middlewares/nanoMODBUS" -I"/home/tecna-smart-lab/GitHub/leather_gauge/Firmware/leather_gauge_controller_v4/leather_gauge_controller/modules/eeprom" -I"/home/tecna-smart-lab/GitHub/leather_gauge/Firmware/leather_gauge_controller_v4/leather_gauge_controller/osal/common" -I"/home/tecna-smart-lab/GitHub/leather_gauge/Firmware/leather_gauge_controller_v4/leather_gauge_controller/osal/include" -I"/home/tecna-smart-lab/GitHub/leather_gauge/Firmware/leather_gauge_controller_v4/leather_gauge_controller/osal/portable/threadx" -I../Drivers/STM32F4xx_HAL_Driver/Inc -I../Drivers/STM32F4xx_HAL_Driver/Inc/Legacy -I../Drivers/CMSIS/Device/ST/STM32F4xx/Include -I../Drivers/CMSIS/Include -I../AZURE_RTOS/App -I../USBX/App -I../USBX/Target -I../Middlewares/ST/usbx/common/usbx_host_classes/inc/ -I../Middlewares/ST/usbx/common/core/inc/ -I../Middlewares/ST/usbx/ports/generic/inc/ -I../Middlewares/ST/usbx/common/usbx_stm32_host_controllers/ -I../Middlewares/ST/threadx/common/inc/ -I../Middlewares/ST/threadx/ports/cortex_m4/gnu/inc/ -O0 -ffunction-sections -fdata-sections -Wall -fstack-usage -fcyclomatic-complexity -MMD -MP -MF"leather_gauge_controller/modules/modbus/lgc_inteface_modbus.d" -MT"leather_gauge_controller/modules/modbus/lgc_inteface_modbus.o" --specs=nano.specs -mfpu=fpv4-sp-d16 -mfloat-abi=hard -mthumb -o "leather_gauge_controller/modules/modbus/lgc_inteface_modbus.o"
arm-none-eabi-gcc "../leather_gauge_controller/modules/di/lgc_module_input.c" -mcpu=cortex-m4 -std=gnu11 -g3 -DDEBUG -DUSE_HAL_DRIVER -DSTM32F446xx -DTX_INCLUDE_USER_DEFINE_FILE -DUX_INCLUDE_USER_DEFINE_FILE -c -I../Core/Inc -I"/home/tecna-smart-lab/GitHub/leather_gauge/Firmware/leather_gauge_controller_v4/leather_gauge_controller/modules/rtc" -I"/home/tecna-smart-lab/GitHub/leather_gauge/Firmware/leather_gauge_controller_v4/leather_gauge_controller/modules/encoder" -I"/home/tecna-smart-lab/GitHub/leather_gauge/Firmware/leather_gauge_controller_v4/leather_gauge_controller/modules/di" -I"/home/tecna-smart-lab/GitHub/leather_gauge/Firmware/leather_gauge_controller_v4/leather_gauge_controller/middlewares/lwbtn/src/include" -I"/home/tecna-smart-lab/GitHub/leather_gauge/Firmware/leather_gauge_controller_v4/leather_gauge_controller/middlewares/lwbtn/src/include/lwbtn" -I"/home/tecna-smart-lab/GitHub/leather_gauge/Firmware/leather_gauge_controller_v4/leather_gauge_controller/app/src/hmi" -I"/home/tecna-smart-lab/GitHub/leather_gauge/Firmware/leather_gauge_controller_v4/leather_gauge_controller/modules/modbus" -I"/home/tecna-smart-lab/GitHub/leather_gauge/Firmware/leather_gauge_controller_v4/leather_gauge_controller/modules/printer" -I"/home/tecna-smart-lab/GitHub/leather_gauge/Firmware/leather_gauge_controller_v4/leather_gauge_controller/middlewares/lwprintf/src/include" -I"/home/tecna-smart-lab/GitHub/leather_gauge/Firmware/leather_gauge_controller_v4/leather_gauge_controller/middlewares/lwprintf/src/include/lwprintf" -I"/home/tecna-smart-lab/GitHub/leather_gauge/Firmware/leather_gauge_controller_v4/leather_gauge_controller/middlewares/lwprintf/src/include/system" -I"/home/tecna-smart-lab/GitHub/leather_gauge/Firmware/leather_gauge_controller_v4/leather_gauge_controller/middlewares/stm32_log" -I"/home/tecna-smart-lab/GitHub/leather_gauge/Firmware/leather_gauge_controller_v4/leather_gauge_controller/app/inc" -I"/home/tecna-smart-lab/GitHub/leather_gauge/Firmware/leather_gauge_controller_v4/leather_gauge_controller/config" -I"/home/tecna-smart-lab/GitHub/leather_gauge/Firmware/leather_gauge_controller_v4/leather_gauge_controller/middlewares/at24cxx" -I"/home/tecna-smart-lab/GitHub/leather_gauge/Firmware/leather_gauge_controller_v4/leather_gauge_controller/middlewares/dwin" -I"/home/tecna-smart-lab/GitHub/leather_gauge/Firmware/leather_gauge_controller_v4/leather_gauge_controller/middlewares/lwrb/src/include" -I"/home/tecna-smart-lab/GitHub/leather_gauge/Firmware/leather_gauge_controller_v4/leather_gauge_controller/middlewares/lwrb/src/include/lwrb" -I"/home/tecna-smart-lab/GitHub/leather_gauge/Firmware/leather_gauge_controller_v4/leather_gauge_controller/middlewares/nanoMODBUS" -I"/home/tecna-smart-lab/GitHub/leather_gauge/Firmware/leather_gauge_controller_v4/leather_gauge_controller/modules/eeprom" -I"/home/tecna-smart-lab/GitHub/leather_gauge/Firmware/leather_gauge_controller_v4/leather_gauge_controller/osal/common" -I"/home/tecna-smart-lab/GitHub/leather_gauge/Firmware/leather_gauge_controller_v4/leather_gauge_controller/osal/include" -I"/home/tecna-smart-lab/GitHub/leather_gauge/Firmware/leather_gauge_controller_v4/leather_gauge_controller/osal/portable/threadx" -I../Drivers/STM32F4xx_HAL_Driver/Inc -I../Drivers/STM32F4xx_HAL_Driver/Inc/Legacy -I../Drivers/CMSIS/Device/ST/STM32F4xx/Include -I../Drivers/CMSIS/Include -I../AZURE_RTOS/App -I../USBX/App -I../USBX/Target -I../Middlewares/ST/usbx/common/usbx_host_classes/inc/ -I../Middlewares/ST/usbx/common/core/inc/ -I../Middlewares/ST/usbx/ports/generic/inc/ -I../Middlewares/ST/usbx/common/usbx_stm32_host_controllers/ -I../Middlewares/ST/threadx/common/inc/ -I../Middlewares/ST/threadx/ports/cortex_m4/gnu/inc/ -O0 -ffunction-sections -fdata-sections -Wall -fstack-usage -fcyclomatic-complexity -MMD -MP -MF"leather_gauge_controller/modules/di/lgc_module_input.d" -MT"leather_gauge_controller/modules/di/lgc_module_input.o" --specs=nano.specs -mfpu=fpv4-sp-d16 -mfloat-abi=hard -mthumb -o "leather_gauge_controller/modules/di/lgc_module_input.o"
arm-none-eabi-gcc "../leather_gauge_controller/app/src/p10/lgc_p10_task.c" -mcpu=cortex-m4 -std=gnu11 -g3 -DDEBUG -DUSE_HAL_DRIVER -DSTM32F446xx -DTX_INCLUDE_USER_DEFINE_FILE -DUX_INCLUDE_USER_DEFINE_FILE -c -I../Core/Inc -I"/home/tecna-smart-lab/GitHub/leather_gauge/Firmware/leather_gauge_controller_v4/leather_gauge_controller/modules/rtc" -I"/home/tecna-smart-lab/GitHub/leather_gauge/Firmware/leather_gauge_controller_v4/leather_gauge_controller/modules/encoder" -I"/home/tecna-smart-lab/GitHub/leather_gauge/Firmware/leather_gauge_controller_v4/leather_gauge_controller/modules/di" -I"/home/tecna-smart-lab/GitHub/leather_gauge/Firmware/leather_gauge_controller_v4/leather_gauge_controller/middlewares/lwbtn/src/include" -I"/home/tecna-smart-lab/GitHub/leather_gauge/Firmware/leather_gauge_controller_v4/leather_gauge_controller/middlewares/lwbtn/src/include/lwbtn" -I"/home/tecna-smart-lab/GitHub/leather_gauge/Firmware/leather_gauge_controller_v4/leather_gauge_controller/app/src/hmi" -I"/home/tecna-smart-lab/GitHub/leather_gauge/Firmware/leather_gauge_controller_v4/leather_gauge_controller/modules/modbus" -I"/home/tecna-smart-lab/GitHub/leather_gauge/Firmware/leather_gauge_controller_v4/leather_gauge_controller/modules/printer" -I"/home/tecna-smart-lab/GitHub/leather_gauge/Firmware/leather_gauge_controller_v4/leather_gauge_controller/middlewares/lwprintf/src/include" -I"/home/tecna-smart-lab/GitHub/leather_gauge/Firmware/leather_gauge_controller_v4/leather_gauge_controller/middlewares/lwprintf/src/include/lwprintf" -I"/home/tecna-smart-lab/GitHub/leather_gauge/Firmware/leather_gauge_controller_v4/leather_gauge_controller/middlewares/lwprintf/src/include/system" -I"/home/tecna-smart-lab/GitHub/leather_gauge/Firmware/leather_gauge_controller_v4/leather_gauge_controller/middlewares/stm32_log" -I"/home/tecna-smart-lab/GitHub/leather_gauge/Firmware/leather_gauge_controller_v4/leather_gauge_controller/app/inc" -I"/home/tecna-smart-lab/GitHub/leather_gauge/Firmware/leather_gauge_controller_v4/leather_gauge_controller/config" -I"/home/tecna-smart-lab/GitHub/leather_gauge/Firmware/leather_gauge_controller_v4/leather_gauge_controller/middlewares/at24cxx" -I"/home/tecna-smart-lab/GitHub/leather_gauge/Firmware/leather_gauge_controller_v4/leather_gauge_controller/middlewares/dwin" -I"/home/tecna-smart-lab/GitHub/leather_gauge/Firmware/leather_gauge_controller_v4/leather_gauge_controller/middlewares/lwrb/src/include" -I"/home/tecna-smart-lab/GitHub/leather_gauge/Firmware/leather_gauge_controller_v4/leather_gauge_controller/middlewares/lwrb/src/include/lwrb" -I"/home/tecna-smart-lab/GitHub/leather_gauge/Firmware/leather_gauge_controller_v4/leather_gauge_controller/middlewares/nanoMODBUS" -I"/home/tecna-smart-lab/GitHub/leather_gauge/Firmware/leather_gauge_controller_v4/leather_gauge_controller/modules/eeprom" -I"/home/tecna-smart-lab/GitHub/leather_gauge/Firmware/leather_gauge_controller_v4/leather_gauge_controller/osal/common" -I"/home/tecna-smart-lab/GitHub/leather_gauge/Firmware/leather_gauge_controller_v4/leather_gauge_controller/osal/include" -I"/home/tecna-smart-lab/GitHub/leather_gauge/Firmware/leather_gauge_controller_v4/leather_gauge_controller/osal/portable/threadx" -I../Drivers/STM32F4xx_HAL_Driver/Inc -I../Drivers/STM32F4xx_HAL_Driver/Inc/Legacy -I../Drivers/CMSIS/Device/ST/STM32F4xx/Include -I../Drivers/CMSIS/Include -I../AZURE_RTOS/App -I../USBX/App -I../USBX/Target -I../Middlewares/ST/usbx/common/usbx_host_classes/inc/ -I../Middlewares/ST/usbx/common/core/inc/ -I../Middlewares/ST/usbx/ports/generic/inc/ -I../Middlewares/ST/usbx/common/usbx_stm32_host_controllers/ -I../Middlewares/ST/threadx/common/inc/ -I../Middlewares/ST/threadx/ports/cortex_m4/gnu/inc/ -O0 -ffunction-sections -fdata-sections -Wall -fstack-usage -fcyclomatic-complexity -MMD -MP -MF"leather_gauge_controller/app/src/p10/lgc_p10_task.d" -MT"leather_gauge_controller/app/src/p10/lgc_p10_task.o" --specs=nano.specs -mfpu=fpv4-sp-d16 -mfloat-abi=hard -mthumb -o "leather_gauge_controller/app/src/p10/lgc_p10_task.o"
arm-none-eabi-gcc "../leather_gauge_controller/app/src/hmi/lgc_hmi_task.c" -mcpu=cortex-m4 -std=gnu11 -g3 -DDEBUG -DUSE_HAL_DRIVER -DSTM32F446xx -DTX_INCLUDE_USER_DEFINE_FILE -DUX_INCLUDE_USER_DEFINE_FILE -c -I../Core/Inc -I"/home/tecna-smart-lab/GitHub/leather_gauge/Firmware/leather_gauge_controller_v4/leather_gauge_controller/modules/rtc" -I"/home/tecna-smart-lab/GitHub/leather_gauge/Firmware/leather_gauge_controller_v4/leather_gauge_controller/modules/encoder" -I"/home/tecna-smart-lab/GitHub/leather_gauge/Firmware/leather_gauge_controller_v4/leather_gauge_controller/modules/di" -I"/home/tecna-smart-lab/GitHub/leather_gauge/Firmware/leather_gauge_controller_v4/leather_gauge_controller/middlewares/lwbtn/src/include" -I"/home/tecna-smart-lab/GitHub/leather_gauge/Firmware/leather_gauge_controller_v4/leather_gauge_controller/middlewares/lwbtn/src/include/lwbtn" -I"/home/tecna-smart-lab/GitHub/leather_gauge/Firmware/leather_gauge_controller_v4/leather_gauge_controller/app/src/hmi" -I"/home/tecna-smart-lab/GitHub/leather_gauge/Firmware/leather_gauge_controller_v4/leather_gauge_controller/modules/modbus" -I"/home/tecna-smart-lab/GitHub/leather_gauge/Firmware/leather_gauge_controller_v4/leather_gauge_controller/modules/printer" -I"/home/tecna-smart-lab/GitHub/leather_gauge/Firmware/leather_gauge_controller_v4/leather_gauge_controller/middlewares/lwprintf/src/include" -I"/home/tecna-smart-lab/GitHub/leather_gauge/Firmware/leather_gauge_controller_v4/leather_gauge_controller/middlewares/lwprintf/src/include/lwprintf" -I"/home/tecna-smart-lab/GitHub/leather_gauge/Firmware/leather_gauge_controller_v4/leather_gauge_controller/middlewares/lwprintf/src/include/system" -I"/home/tecna-smart-lab/GitHub/leather_gauge/Firmware/leather_gauge_controller_v4/leather_gauge_controller/middlewares/stm32_log" -I"/home/tecna-smart-lab/GitHub/leather_gauge/Firmware/leather_gauge_controller_v4/leather_gauge_controller/app/inc" -I"/home/tecna-smart-lab/GitHub/leather_gauge/Firmware/leather_gauge_controller_v4/leather_gauge_controller/config" -I"/home/tecna-smart-lab/GitHub/leather_gauge/Firmware/leather_gauge_controller_v4/leather_gauge_controller/middlewares/at24cxx" -I"/home/tecna-smart-lab/GitHub/leather_gauge/Firmware/leather_gauge_controller_v4/leather_gauge_controller/middlewares/dwin" -I"/home/tecna-smart-lab/GitHub/leather_gauge/Firmware/leather_gauge_controller_v4/leather_gauge_controller/middlewares/lwrb/src/include" -I"/home/tecna-smart-lab/GitHub/leather_gauge/Firmware/leather_gauge_controller_v4/leather_gauge_controller/middlewares/lwrb/src/include/lwrb" -I"/home/tecna-smart-lab/GitHub/leather_gauge/Firmware/leather_gauge_controller_v4/leather_gauge_controller/middlewares/nanoMODBUS" -I"/home/tecna-smart-lab/GitHub/leather_gauge/Firmware/leather_gauge_controller_v4/leather_gauge_controller/modules/eeprom" -I"/home/tecna-smart-lab/GitHub/leather_gauge/Firmware/leather_gauge_controller_v4/leather_gauge_controller/osal/common" -I"/home/tecna-smart-lab/GitHub/leather_gauge/Firmware/leather_gauge_controller_v4/leather_gauge_controller/osal/include" -I"/home/tecna-smart-lab/GitHub/leather_gauge/Firmware/leather_gauge_controller_v4/leather_gauge_controller/osal/portable/threadx" -I../Drivers/STM32F4xx_HAL_Driver/Inc -I../Drivers/STM32F4xx_HAL_Driver/Inc/Legacy -I../Drivers/CMSIS/Device/ST/STM32F4xx/Include -I../Drivers/CMSIS/Include -I../AZURE_RTOS/App -I../USBX/App -I../USBX/Target -I../Middlewares/ST/usbx/common/usbx_host_classes/inc/ -I../Middlewares/ST/usbx/common/core/inc/ -I../Middlewares/ST/usbx/ports/generic/inc/ -I../Middlewares/ST/usbx/common/usbx_stm32_host_controllers/ -I../Middlewares/ST/threadx/common/inc/ -I../Middlewares/ST/threadx/ports/cortex_m4/gnu/inc/ -O0 -ffunction-sections -fdata-sections -Wall -fstack-usage -fcyclomatic-complexity -MMD -MP -MF"leather_gauge_controller/app/src/hmi/lgc_hmi_task.d" -MT"leather_gauge_controller/app/src/hmi/lgc_hmi_task.o" --specs=nano.specs -mfpu=fpv4-sp-d16 -mfloat-abi=hard -mthumb -o "leather_gauge_controller/app/src/hmi/lgc_hmi_task.o"
arm-none-eabi-gcc "../leather_gauge_controller/app/src/lgc.c" -mcpu=cortex-m4 -std=gnu11 -g3 -DDEBUG -DUSE_HAL_DRIVER -DSTM32F446xx -DTX_INCLUDE_USER_DEFINE_FILE -DUX_INCLUDE_USER_DEFINE_FILE -c -I../Core/Inc -I"/home/tecna-smart-lab/GitHub/leather_gauge/Firmware/leather_gauge_controller_v4/leather_gauge_controller/modules/rtc" -I"/home/tecna-smart-lab/GitHub/leather_gauge/Firmware/leather_gauge_controller_v4/leather_gauge_controller/modules/encoder" -I"/home/tecna-smart-lab/GitHub/leather_gauge/Firmware/leather_gauge_controller_v4/leather_gauge_controller/modules/di" -I"/home/tecna-smart-lab/GitHub/leather_gauge/Firmware/leather_gauge_controller_v4/leather_gauge_controller/middlewares/lwbtn/src/include" -I"/home/tecna-smart-lab/GitHub/leather_gauge/Firmware/leather_gauge_controller_v4/leather_gauge_controller/middlewares/lwbtn/src/include/lwbtn" -I"/home/tecna-smart-lab/GitHub/leather_gauge/Firmware/leather_gauge_controller_v4/leather_gauge_controller/app/src/hmi" -I"/home/tecna-smart-lab/GitHub/leather_gauge/Firmware/leather_gauge_controller_v4/leather_gauge_controller/modules/modbus" -I"/home/tecna-smart-lab/GitHub/leather_gauge/Firmware/leather_gauge_controller_v4/leather_gauge_controller/modules/printer" -I"/home/tecna-smart-lab/GitHub/leather_gauge/Firmware/leather_gauge_controller_v4/leather_gauge_controller/middlewares/lwprintf/src/include" -I"/home/tecna-smart-lab/GitHub/leather_gauge/Firmware/leather_gauge_controller_v4/leather_gauge_controller/middlewares/lwprintf/src/include/lwprintf" -I"/home/tecna-smart-lab/GitHub/leather_gauge/Firmware/leather_gauge_controller_v4/leather_gauge_controller/middlewares/lwprintf/src/include/system" -I"/home/tecna-smart-lab/GitHub/leather_gauge/Firmware/leather_gauge_controller_v4/leather_gauge_controller/middlewares/stm32_log" -I"/home/tecna-smart-lab/GitHub/leather_gauge/Firmware/leather_gauge_controller_v4/leather_gauge_controller/app/inc" -I"/home/tecna-smart-lab/GitHub/leather_gauge/Firmware/leather_gauge_controller_v4/leather_gauge_controller/config" -I"/home/tecna-smart-lab/GitHub/leather_gauge/Firmware/leather_gauge_controller_v4/leather_gauge_controller/middlewares/at24cxx" -I"/home/tecna-smart-lab/GitHub/leather_gauge/Firmware/leather_gauge_controller_v4/leather_gauge_controller/middlewares/dwin" -I"/home/tecna-smart-lab/GitHub/leather_gauge/Firmware/leather_gauge_controller_v4/leather_gauge_controller/middlewares/lwrb/src/include" -I"/home/tecna-smart-lab/GitHub/leather_gauge/Firmware/leather_gauge_controller_v4/leather_gauge_controller/middlewares/lwrb/src/include/lwrb" -I"/home/tecna-smart-lab/GitHub/leather_gauge/Firmware/leather_gauge_controller_v4/leather_gauge_controller/middlewares/nanoMODBUS" -I"/home/tecna-smart-lab/GitHub/leather_gauge/Firmware/leather_gauge_controller_v4/leather_gauge_controller/modules/eeprom" -I"/home/tecna-smart-lab/GitHub/leather_gauge/Firmware/leather_gauge_controller_v4/leather_gauge_controller/osal/common" -I"/home/tecna-smart-lab/GitHub/leather_gauge/Firmware/leather_gauge_controller_v4/leather_gauge_controller/osal/include" -I"/home/tecna-smart-lab/GitHub/leather_gauge/Firmware/leather_gauge_controller_v4/leather_gauge_controller/osal/portable/threadx" -I../Drivers/STM32F4xx_HAL_Driver/Inc -I../Drivers/STM32F4xx_HAL_Driver/Inc/Legacy -I../Drivers/CMSIS/Device/ST/STM32F4xx/Include -I../Drivers/CMSIS/Include -I../AZURE_RTOS/App -I../USBX/App -I../USBX/Target -I../Middlewares/ST/usbx/common/usbx_host_classes/inc/ -I../Middlewares/ST/usbx/common/core/inc/ -I../Middlewares/ST/usbx/ports/generic/inc/ -I../Middlewares/ST/usbx/common/usbx_stm32_host_controllers/ -I../Middlewares/ST/threadx/common/inc/ -I../Middlewares/ST/threadx/ports/cortex_m4/gnu/inc/ -O0 -ffunction-sections -fdata-sections -Wall -fstack-usage -fcyclomatic-complexity -MMD -MP -MF"leather_gauge_controller/app/src/lgc.d" -MT"leather_gauge_controller/app/src/lgc.o" --specs=nano.specs -mfpu=fpv4-sp-d16 -mfloat-abi=hard -mthumb -o "leather_gauge_controller/app/src/lgc.o"
arm-none-eabi-gcc "../leather_gauge_controller/app/src/lgc_main_task.c" -mcpu=cortex-m4 -std=gnu11 -g3 -DDEBUG -DUSE_HAL_DRIVER -DSTM32F446xx -DTX_INCLUDE_USER_DEFINE_FILE -DUX_INCLUDE_USER_DEFINE_FILE -c -I../Core/Inc -I"/home/tecna-smart-lab/GitHub/leather_gauge/Firmware/leather_gauge_controller_v4/leather_gauge_controller/modules/rtc" -I"/home/tecna-smart-lab/GitHub/leather_gauge/Firmware/leather_gauge_controller_v4/leather_gauge_controller/modules/encoder" -I"/home/tecna-smart-lab/GitHub/leather_gauge/Firmware/leather_gauge_controller_v4/leather_gauge_controller/modules/di" -I"/home/tecna-smart-lab/GitHub/leather_gauge/Firmware/leather_gauge_controller_v4/leather_gauge_controller/middlewares/lwbtn/src/include" -I"/home/tecna-smart-lab/GitHub/leather_gauge/Firmware/leather_gauge_controller_v4/leather_gauge_controller/middlewares/lwbtn/src/include/lwbtn" -I"/home/tecna-smart-lab/GitHub/leather_gauge/Firmware/leather_gauge_controller_v4/leather_gauge_controller/app/src/hmi" -I"/home/tecna-smart-lab/GitHub/leather_gauge/Firmware/leather_gauge_controller_v4/leather_gauge_controller/modules/modbus" -I"/home/tecna-smart-lab/GitHub/leather_gauge/Firmware/leather_gauge_controller_v4/leather_gauge_controller/modules/printer" -I"/home/tecna-smart-lab/GitHub/leather_gauge/Firmware/leather_gauge_controller_v4/leather_gauge_controller/middlewares/lwprintf/src/include" -I"/home/tecna-smart-lab/GitHub/leather_gauge/Firmware/leather_gauge_controller_v4/leather_gauge_controller/middlewares/lwprintf/src/include/lwprintf" -I"/home/tecna-smart-lab/GitHub/leather_gauge/Firmware/leather_gauge_controller_v4/leather_gauge_controller/middlewares/lwprintf/src/include/system" -I"/home/tecna-smart-lab/GitHub/leather_gauge/Firmware/leather_gauge_controller_v4/leather_gauge_controller/middlewares/stm32_log" -I"/home/tecna-smart-lab/GitHub/leather_gauge/Firmware/leather_gauge_controller_v4/leather_gauge_controller/app/inc" -I"/home/tecna-smart-lab/GitHub/leather_gauge/Firmware/leather_gauge_controller_v4/leather_gauge_controller/config" -I"/home/tecna-smart-lab/GitHub/leather_gauge/Firmware/leather_gauge_controller_v4/leather_gauge_controller/middlewares/at24cxx" -I"/home/tecna-smart-lab/GitHub/leather_gauge/Firmware/leather_gauge_controller_v4/leather_gauge_controller/middlewares/dwin" -I"/home/tecna-smart-lab/GitHub/leather_gauge/Firmware/leather_gauge_controller_v4/leather_gauge_controller/middlewares/lwrb/src/include" -I"/home/tecna-smart-lab/GitHub/leather_gauge/Firmware/leather_gauge_controller_v4/leather_gauge_controller/middlewares/lwrb/src/include/lwrb" -I"/home/tecna-smart-lab/GitHub/leather_gauge/Firmware/leather_gauge_controller_v4/leather_gauge_controller/middlewares/nanoMODBUS" -I"/home/tecna-smart-lab/GitHub/leather_gauge/Firmware/leather_gauge_controller_v4/leather_gauge_controller/modules/eeprom" -I"/home/tecna-smart-lab/GitHub/leather_gauge/Firmware/leather_gauge_controller_v4/leather_gauge_controller/osal/common" -I"/home/tecna-smart-lab/GitHub/leather_gauge/Firmware/leather_gauge_controller_v4/leather_gauge_controller/osal/include" -I"/home/tecna-smart-lab/GitHub/leather_gauge/Firmware/leather_gauge_controller_v4/leather_gauge_controller/osal/portable/threadx" -I../Drivers/STM32F4xx_HAL_Driver/Inc -I../Drivers/STM32F4xx_HAL_Driver/Inc/Legacy -I../Drivers/CMSIS/Device/ST/STM32F4xx/Include -I../Drivers/CMSIS/Include -I../AZURE_RTOS/App -I../USBX/App -I../USBX/Target -I../Middlewares/ST/usbx/common/usbx_host_classes/inc/ -I../Middlewares/ST/usbx/common/core/inc/ -I../Middlewares/ST/usbx/ports/generic/inc/ -I../Middlewares/ST/usbx/common/usbx_stm32_host_controllers/ -I../Middlewares/ST/threadx/common/inc/ -I../Middlewares/ST/threadx/ports/cortex_m4/gnu/inc/ -O0 -ffunction-sections -fdata-sections -Wall -fstack-usage -fcyclomatic-complexity -MMD -MP -MF"leather_gauge_controller/app/src/lgc_main_task.d" -MT"leather_gauge_controller/app/src/lgc_main_task.o" --specs=nano.specs -mfpu=fpv4-sp-d16 -mfloat-abi=hard -mthumb -o "leather_gauge_controller/app/src/lgc_main_task.o"
arm-none-eabi-gcc "../leather_gauge_controller/app/src/lgc_report_manager.c" -mcpu=cortex-m4 -std=gnu11 -g3 -DDEBUG -DUSE_HAL_DRIVER -DSTM32F446xx -DTX_INCLUDE_USER_DEFINE_FILE -DUX_INCLUDE_USER_DEFINE_FILE -c -I../Core/Inc -I"/home/tecna-smart-lab/GitHub/leather_gauge/Firmware/leather_gauge_controller_v4/leather_gauge_controller/modules/rtc" -I"/home/tecna-smart-lab/GitHub/leather_gauge/Firmware/leather_gauge_controller_v4/leather_gauge_controller/modules/encoder" -I"/home/tecna-smart-lab/GitHub/leather_gauge/Firmware/leather_gauge_controller_v4/leather_gauge_controller/modules/di" -I"/home/tecna-smart-lab/GitHub/leather_gauge/Firmware/leather_gauge_controller_v4/leather_gauge_controller/middlewares/lwbtn/src/include" -I"/home/tecna-smart-lab/GitHub/leather_gauge/Firmware/leather_gauge_controller_v4/leather_gauge_controller/middlewares/lwbtn/src/include/lwbtn" -I"/home/tecna-smart-lab/GitHub/leather_gauge/Firmware/leather_gauge_controller_v4/leather_gauge_controller/app/src/hmi" -I"/home/tecna-smart-lab/GitHub/leather_gauge/Firmware/leather_gauge_controller_v4/leather_gauge_controller/modules/modbus" -I"/home/tecna-smart-lab/GitHub/leather_gauge/Firmware/leather_gauge_controller_v4/leather_gauge_controller/modules/printer" -I"/home/tecna-smart-lab/GitHub/leather_gauge/Firmware/leather_gauge_controller_v4/leather_gauge_controller/middlewares/lwprintf/src/include" -I"/home/tecna-smart-lab/GitHub/leather_gauge/Firmware/leather_gauge_controller_v4/leather_gauge_controller/middlewares/lwprintf/src/include/lwprintf" -I"/home/tecna-smart-lab/GitHub/leather_gauge/Firmware/leather_gauge_controller_v4/leather_gauge_controller/middlewares/lwprintf/src/include/system" -I"/home/tecna-smart-lab/GitHub/leather_gauge/Firmware/leather_gauge_controller_v4/leather_gauge_controller/middlewares/stm32_log" -I"/home/tecna-smart-lab/GitHub/leather_gauge/Firmware/leather_gauge_controller_v4/leather_gauge_controller/app/inc" -I"/home/tecna-smart-lab/GitHub/leather_gauge/Firmware/leather_gauge_controller_v4/leather_gauge_controller/config" -I"/home/tecna-smart-lab/GitHub/leather_gauge/Firmware/leather_gauge_controller_v4/leather_gauge_controller/middlewares/at24cxx" -I"/home/tecna-smart-lab/GitHub/leather_gauge/Firmware/leather_gauge_controller_v4/leather_gauge_controller/middlewares/dwin" -I"/home/tecna-smart-lab/GitHub/leather_gauge/Firmware/leather_gauge_controller_v4/leather_gauge_controller/middlewares/lwrb/src/include" -I"/home/tecna-smart-lab/GitHub/leather_gauge/Firmware/leather_gauge_controller_v4/leather_gauge_controller/middlewares/lwrb/src/include/lwrb" -I"/home/tecna-smart-lab/GitHub/leather_gauge/Firmware/leather_gauge_controller_v4/leather_gauge_controller/middlewares/nanoMODBUS" -I"/home/tecna-smart-lab/GitHub/leather_gauge/Firmware/leather_gauge_controller_v4/leather_gauge_controller/modules/eeprom" -I"/home/tecna-smart-lab/GitHub/leather_gauge/Firmware/leather_gauge_controller_v4/leather_gauge_controller/osal/common" -I"/home/tecna-smart-lab/GitHub/leather_gauge/Firmware/leather_gauge_controller_v4/leather_gauge_controller/osal/include" -I"/home/tecna-smart-lab/GitHub/leather_gauge/Firmware/leather_gauge_controller_v4/leather_gauge_controller/osal/portable/threadx" -I../Drivers/STM32F4xx_HAL_Driver/Inc -I../Drivers/STM32F4xx_HAL_Driver/Inc/Legacy -I../Drivers/CMSIS/Device/ST/STM32F4xx/Include -I../Drivers/CMSIS/Include -I../AZURE_RTOS/App -I../USBX/App -I../USBX/Target -I../Middlewares/ST/usbx/common/usbx_host_classes/inc/ -I../Middlewares/ST/usbx/common/core/inc/ -I../Middlewares/ST/usbx/ports/generic/inc/ -I../Middlewares/ST/usbx/common/usbx_stm32_host_controllers/ -I../Middlewares/ST/threadx/common/inc/ -I../Middlewares/ST/threadx/ports/cortex_m4/gnu/inc/ -O0 -ffunction-sections -fdata-sections -Wall -fstack-usage -fcyclomatic-complexity -MMD -MP -MF"leather_gauge_controller/app/src/lgc_report_manager.d" -MT"leather_gauge_controller/app/src/lgc_report_manager.o" --specs=nano.specs -mfpu=fpv4-sp-d16 -mfloat-abi=hard -mthumb -o "leather_gauge_controller/app/src/lgc_report_manager.o"
arm-none-eabi-gcc "../Core/Src/app_threadx.c" -mcpu=cortex-m4 -std=gnu11 -g3 -DDEBUG -DUSE_HAL_DRIVER -DSTM32F446xx -DTX_INCLUDE_USER_DEFINE_FILE -DUX_INCLUDE_USER_DEFINE_FILE -c -I../Core/Inc -I"/home/tecna-smart-lab/GitHub/leather_gauge/Firmware/leather_gauge_controller_v4/leather_gauge_controller/modules/rtc" -I"/home/tecna-smart-lab/GitHub/leather_gauge/Firmware/leather_gauge_controller_v4/leather_gauge_controller/modules/encoder" -I"/home/tecna-smart-lab/GitHub/leather_gauge/Firmware/leather_gauge_controller_v4/leather_gauge_controller/modules/di" -I"/home/tecna-smart-lab/GitHub/leather_gauge/Firmware/leather_gauge_controller_v4/leather_gauge_controller/middlewares/lwbtn/src/include" -I"/home/tecna-smart-lab/GitHub/leather_gauge/Firmware/leather_gauge_controller_v4/leather_gauge_controller/middlewares/lwbtn/src/include/lwbtn" -I"/home/tecna-smart-lab/GitHub/leather_gauge/Firmware/leather_gauge_controller_v4/leather_gauge_controller/app/src/hmi" -I"/home/tecna-smart-lab/GitHub/leather_gauge/Firmware/leather_gauge_controller_v4/leather_gauge_controller/modules/modbus" -I"/home/tecna-smart-lab/GitHub/leather_gauge/Firmware/leather_gauge_controller_v4/leather_gauge_controller/modules/printer" -I"/home/tecna-smart-lab/GitHub/leather_gauge/Firmware/leather_gauge_controller_v4/leather_gauge_controller/middlewares/lwprintf/src/include" -I"/home/tecna-smart-lab/GitHub/leather_gauge/Firmware/leather_gauge_controller_v4/leather_gauge_controller/middlewares/lwprintf/src/include/lwprintf" -I"/home/tecna-smart-lab/GitHub/leather_gauge/Firmware/leather_gauge_controller_v4/leather_gauge_controller/middlewares/lwprintf/src/include/system" -I"/home/tecna-smart-lab/GitHub/leather_gauge/Firmware/leather_gauge_controller_v4/leather_gauge_controller/middlewares/stm32_log" -I"/home/tecna-smart-lab/GitHub/leather_gauge/Firmware/leather_gauge_controller_v4/leather_gauge_controller/app/inc" -I"/home/tecna-smart-lab/GitHub/leather_gauge/Firmware/leather_gauge_controller_v4/leather_gauge_controller/config" -I"/home/tecna-smart-lab/GitHub/leather_gauge/Firmware/leather_gauge_controller_v4/leather_gauge_controller/middlewares/at24cxx" -I"/home/tecna-smart-lab/GitHub/leather_gauge/Firmware/leather_gauge_controller_v4/leather_gauge_controller/middlewares/dwin" -I"/home/tecna-smart-lab/GitHub/leather_gauge/Firmware/leather_gauge_controller_v4/leather_gauge_controller/middlewares/lwrb/src/include" -I"/home/tecna-smart-lab/GitHub/leather_gauge/Firmware/leather_gauge_controller_v4/leather_gauge_controller/middlewares/lwrb/src/include/lwrb" -I"/home/tecna-smart-lab/GitHub/leather_gauge/Firmware/leather_gauge_controller_v4/leather_gauge_controller/middlewares/nanoMODBUS" -I"/home/tecna-smart-lab/GitHub/leather_gauge/Firmware/leather_gauge_controller_v4/leather_gauge_controller/modules/eeprom" -I"/home/tecna-smart-lab/GitHub/leather_gauge/Firmware/leather_gauge_controller_v4/leather_gauge_controller/osal/common" -I"/home/tecna-smart-lab/GitHub/leather_gauge/Firmware/leather_gauge_controller_v4/leather_gauge_controller/osal/include" -I"/home/tecna-smart-lab/GitHub/leather_gauge/Firmware/leather_gauge_controller_v4/leather_gauge_controller/osal/portable/threadx" -I../Drivers/STM32F4xx_HAL_Driver/Inc -I../Drivers/STM32F4xx_HAL_Driver/Inc/Legacy -I../Drivers/CMSIS/Device/ST/STM32F4xx/Include -I../Drivers/CMSIS/Include -I../AZURE_RTOS/App -I../USBX/App -I../USBX/Target -I../Middlewares/ST/usbx/common/usbx_host_classes/inc/ -I../Middlewares/ST/usbx/common/core/inc/ -I../Middlewares/ST/usbx/ports/generic/inc/ -I../Middlewares/ST/usbx/common/usbx_stm32_host_controllers/ -I../Middlewares/ST/threadx/common/inc/ -I../Middlewares/ST/threadx/ports/cortex_m4/gnu/inc/ -O0 -ffunction-sections -fdata-sections -Wall -fstack-usage -fcyclomatic-complexity -MMD -MP -MF"Core/Src/app_threadx.d" -MT"Core/Src/app_threadx.o" --specs=nano.specs -mfpu=fpv4-sp-d16 -mfloat-abi=hard -mthumb -o "Core/Src/app_threadx.o"
arm-none-eabi-gcc -o "leather_gauge_controller_v4.elf" @"objects.list"   -mcpu=cortex-m4 -T"/home/tecna-smart-lab/GitHub/leather_gauge/Firmware/leather_gauge_controller_v4/STM32F446RCTX_FLASH.ld" --specs=nosys.specs -Wl,-Map="leather_gauge_controller_v4.map" -Wl,--gc-sections -static --specs=nano.specs -mfpu=fpv4-sp-d16 -mfloat-abi=hard -mthumb -Wl,--start-group -lc -lm -Wl,--end-group
Finished building target: leather_gauge_controller_v4.elf
 
arm-none-eabi-size  leather_gauge_controller_v4.elf 
arm-none-eabi-objdump -h -S leather_gauge_controller_v4.elf  > "leather_gauge_controller_v4.list"
   text	   data	    bss	    dec	    hex	filename
 116984	    252	 101684	 218920	  35728	leather_gauge_controller_v4.elf
Finished building: default.size.stdout
 
Finished building: leather_gauge_controller_v4.list
 
