08:22:58 **** Incremental Build of configuration Debug for project leather_gauge_sensor_v4 ****
make -j12 all 
arm-none-eabi-gcc "../leather_gauge_sensor/modules/sensor/lg_module_sensor.c" -mcpu=cortex-m0plus -std=gnu11 -g3 -DDEBUG -DUSE_HAL_DRIVER -DSTM32G030xx -c -I../Core/Inc -I"/home/tecna-smart-lab/GitHub/leather_gauge/Firmware/leather_gauge_sensor_v4/leather_gauge_sensor/modules/modbus" -I"/home/tecna-smart-lab/GitHub/leather_gauge/Firmware/leather_gauge_sensor_v4/leather_gauge_sensor/modules/eeprom" -I"/home/tecna-smart-lab/GitHub/leather_gauge/Firmware/leather_gauge_sensor_v4/leather_gauge_sensor/modules/sensor" -I"/home/tecna-smart-lab/GitHub/leather_gauge/Firmware/leather_gauge_sensor_v4/leather_gauge_sensor/config" -I"/home/tecna-smart-lab/GitHub/leather_gauge/Firmware/middlewares/lwrb/src/include" -I"/home/tecna-smart-lab/GitHub/leather_gauge/Firmware/middlewares/lwrb/src/include/lwrb" -I"/home/tecna-smart-lab/GitHub/leather_gauge/Firmware/leather_gauge_sensor_v4/leather_gauge_sensor/app/Inc" -I"/home/tecna-smart-lab/GitHub/leather_gauge/Firmware/middlewares/DSP_Biquad" -I"/home/tecna-smart-lab/GitHub/leather_gauge/Firmware/middlewares/nanoMODBUS" -I../Drivers/STM32G0xx_HAL_Driver/Inc -I../Drivers/STM32G0xx_HAL_Driver/Inc/Legacy -I../Drivers/CMSIS/Device/ST/STM32G0xx/Include -I../Drivers/CMSIS/Include -O0 -ffunction-sections -fdata-sections -Wall -fstack-usage -fcyclomatic-complexity -MMD -MP -MF"leather_gauge_sensor/modules/sensor/lg_module_sensor.d" -MT"leather_gauge_sensor/modules/sensor/lg_module_sensor.o" --specs=nano.specs -mfloat-abi=soft -mthumb -o "leather_gauge_sensor/modules/sensor/lg_module_sensor.o"
arm-none-eabi-gcc "../leather_gauge_sensor/modules/modbus/lg_module_modbus.c" -mcpu=cortex-m0plus -std=gnu11 -g3 -DDEBUG -DUSE_HAL_DRIVER -DSTM32G030xx -c -I../Core/Inc -I"/home/tecna-smart-lab/GitHub/leather_gauge/Firmware/leather_gauge_sensor_v4/leather_gauge_sensor/modules/modbus" -I"/home/tecna-smart-lab/GitHub/leather_gauge/Firmware/leather_gauge_sensor_v4/leather_gauge_sensor/modules/eeprom" -I"/home/tecna-smart-lab/GitHub/leather_gauge/Firmware/leather_gauge_sensor_v4/leather_gauge_sensor/modules/sensor" -I"/home/tecna-smart-lab/GitHub/leather_gauge/Firmware/leather_gauge_sensor_v4/leather_gauge_sensor/config" -I"/home/tecna-smart-lab/GitHub/leather_gauge/Firmware/middlewares/lwrb/src/include" -I"/home/tecna-smart-lab/GitHub/leather_gauge/Firmware/middlewares/lwrb/src/include/lwrb" -I"/home/tecna-smart-lab/GitHub/leather_gauge/Firmware/leather_gauge_sensor_v4/leather_gauge_sensor/app/Inc" -I"/home/tecna-smart-lab/GitHub/leather_gauge/Firmware/middlewares/DSP_Biquad" -I"/home/tecna-smart-lab/GitHub/leather_gauge/Firmware/middlewares/nanoMODBUS" -I../Drivers/STM32G0xx_HAL_Driver/Inc -I../Drivers/STM32G0xx_HAL_Driver/Inc/Legacy -I../Drivers/CMSIS/Device/ST/STM32G0xx/Include -I../Drivers/CMSIS/Include -O0 -ffunction-sections -fdata-sections -Wall -fstack-usage -fcyclomatic-complexity -MMD -MP -MF"leather_gauge_sensor/modules/modbus/lg_module_modbus.d" -MT"leather_gauge_sensor/modules/modbus/lg_module_modbus.o" --specs=nano.specs -mfloat-abi=soft -mthumb -o "leather_gauge_sensor/modules/modbus/lg_module_modbus.o"
arm-none-eabi-gcc "../leather_gauge_sensor/modules/eeprom/lg_module_eeprom.c" -mcpu=cortex-m0plus -std=gnu11 -g3 -DDEBUG -DUSE_HAL_DRIVER -DSTM32G030xx -c -I../Core/Inc -I"/home/tecna-smart-lab/GitHub/leather_gauge/Firmware/leather_gauge_sensor_v4/leather_gauge_sensor/modules/modbus" -I"/home/tecna-smart-lab/GitHub/leather_gauge/Firmware/leather_gauge_sensor_v4/leather_gauge_sensor/modules/eeprom" -I"/home/tecna-smart-lab/GitHub/leather_gauge/Firmware/leather_gauge_sensor_v4/leather_gauge_sensor/modules/sensor" -I"/home/tecna-smart-lab/GitHub/leather_gauge/Firmware/leather_gauge_sensor_v4/leather_gauge_sensor/config" -I"/home/tecna-smart-lab/GitHub/leather_gauge/Firmware/middlewares/lwrb/src/include" -I"/home/tecna-smart-lab/GitHub/leather_gauge/Firmware/middlewares/lwrb/src/include/lwrb" -I"/home/tecna-smart-lab/GitHub/leather_gauge/Firmware/leather_gauge_sensor_v4/leather_gauge_sensor/app/Inc" -I"/home/tecna-smart-lab/GitHub/leather_gauge/Firmware/middlewares/DSP_Biquad" -I"/home/tecna-smart-lab/GitHub/leather_gauge/Firmware/middlewares/nanoMODBUS" -I../Drivers/STM32G0xx_HAL_Driver/Inc -I../Drivers/STM32G0xx_HAL_Driver/Inc/Legacy -I../Drivers/CMSIS/Device/ST/STM32G0xx/Include -I../Drivers/CMSIS/Include -O0 -ffunction-sections -fdata-sections -Wall -fstack-usage -fcyclomatic-complexity -MMD -MP -MF"leather_gauge_sensor/modules/eeprom/lg_module_eeprom.d" -MT"leather_gauge_sensor/modules/eeprom/lg_module_eeprom.o" --specs=nano.specs -mfloat-abi=soft -mthumb -o "leather_gauge_sensor/modules/eeprom/lg_module_eeprom.o"
arm-none-eabi-gcc "/home/tecna-smart-lab/GitHub/leather_gauge/Firmware/middlewares/nanoMODBUS/nanomodbus.c" -mcpu=cortex-m0plus -std=gnu11 -g3 -DDEBUG -DUSE_HAL_DRIVER -DSTM32G030xx -c -I../Core/Inc -I"/home/tecna-smart-lab/GitHub/leather_gauge/Firmware/leather_gauge_sensor_v4/leather_gauge_sensor/modules/modbus" -I"/home/tecna-smart-lab/GitHub/leather_gauge/Firmware/leather_gauge_sensor_v4/leather_gauge_sensor/modules/eeprom" -I"/home/tecna-smart-lab/GitHub/leather_gauge/Firmware/leather_gauge_sensor_v4/leather_gauge_sensor/modules/sensor" -I"/home/tecna-smart-lab/GitHub/leather_gauge/Firmware/leather_gauge_sensor_v4/leather_gauge_sensor/config" -I"/home/tecna-smart-lab/GitHub/leather_gauge/Firmware/middlewares/lwrb/src/include" -I"/home/tecna-smart-lab/GitHub/leather_gauge/Firmware/middlewares/lwrb/src/include/lwrb" -I"/home/tecna-smart-lab/GitHub/leather_gauge/Firmware/leather_gauge_sensor_v4/leather_gauge_sensor/app/Inc" -I"/home/tecna-smart-lab/GitHub/leather_gauge/Firmware/middlewares/DSP_Biquad" -I"/home/tecna-smart-lab/GitHub/leather_gauge/Firmware/middlewares/nanoMODBUS" -I../Drivers/STM32G0xx_HAL_Driver/Inc -I../Drivers/STM32G0xx_HAL_Driver/Inc/Legacy -I../Drivers/CMSIS/Device/ST/STM32G0xx/Include -I../Drivers/CMSIS/Include -O0 -ffunction-sections -fdata-sections -Wall -fstack-usage -fcyclomatic-complexity -MMD -MP -MF"leather_gauge_sensor/middlewares/nanoMODBUS/nanomodbus.d" -MT"leather_gauge_sensor/middlewares/nanoMODBUS/nanomodbus.o" --specs=nano.specs -mfloat-abi=soft -mthumb -o "leather_gauge_sensor/middlewares/nanoMODBUS/nanomodbus.o"
arm-none-eabi-gcc "/home/tecna-smart-lab/GitHub/leather_gauge/Firmware/middlewares/lwrb/src/lwrb/lwrb.c" -mcpu=cortex-m0plus -std=gnu11 -g3 -DDEBUG -DUSE_HAL_DRIVER -DSTM32G030xx -c -I../Core/Inc -I"/home/tecna-smart-lab/GitHub/leather_gauge/Firmware/leather_gauge_sensor_v4/leather_gauge_sensor/modules/modbus" -I"/home/tecna-smart-lab/GitHub/leather_gauge/Firmware/leather_gauge_sensor_v4/leather_gauge_sensor/modules/eeprom" -I"/home/tecna-smart-lab/GitHub/leather_gauge/Firmware/leather_gauge_sensor_v4/leather_gauge_sensor/modules/sensor" -I"/home/tecna-smart-lab/GitHub/leather_gauge/Firmware/leather_gauge_sensor_v4/leather_gauge_sensor/config" -I"/home/tecna-smart-lab/GitHub/leather_gauge/Firmware/middlewares/lwrb/src/include" -I"/home/tecna-smart-lab/GitHub/leather_gauge/Firmware/middlewares/lwrb/src/include/lwrb" -I"/home/tecna-smart-lab/GitHub/leather_gauge/Firmware/leather_gauge_sensor_v4/leather_gauge_sensor/app/Inc" -I"/home/tecna-smart-lab/GitHub/leather_gauge/Firmware/middlewares/DSP_Biquad" -I"/home/tecna-smart-lab/GitHub/leather_gauge/Firmware/middlewares/nanoMODBUS" -I../Drivers/STM32G0xx_HAL_Driver/Inc -I../Drivers/STM32G0xx_HAL_Driver/Inc/Legacy -I../Drivers/CMSIS/Device/ST/STM32G0xx/Include -I../Drivers/CMSIS/Include -O0 -ffunction-sections -fdata-sections -Wall -fstack-usage -fcyclomatic-complexity -MMD -MP -MF"leather_gauge_sensor/middlewares/lwrb/src/lwrb/lwrb.d" -MT"leather_gauge_sensor/middlewares/lwrb/src/lwrb/lwrb.o" --specs=nano.specs -mfloat-abi=soft -mthumb -o "leather_gauge_sensor/middlewares/lwrb/src/lwrb/lwrb.o"
arm-none-eabi-gcc "/home/tecna-smart-lab/GitHub/leather_gauge/Firmware/middlewares/lwrb/src/lwrb/lwrb_ex.c" -mcpu=cortex-m0plus -std=gnu11 -g3 -DDEBUG -DUSE_HAL_DRIVER -DSTM32G030xx -c -I../Core/Inc -I"/home/tecna-smart-lab/GitHub/leather_gauge/Firmware/leather_gauge_sensor_v4/leather_gauge_sensor/modules/modbus" -I"/home/tecna-smart-lab/GitHub/leather_gauge/Firmware/leather_gauge_sensor_v4/leather_gauge_sensor/modules/eeprom" -I"/home/tecna-smart-lab/GitHub/leather_gauge/Firmware/leather_gauge_sensor_v4/leather_gauge_sensor/modules/sensor" -I"/home/tecna-smart-lab/GitHub/leather_gauge/Firmware/leather_gauge_sensor_v4/leather_gauge_sensor/config" -I"/home/tecna-smart-lab/GitHub/leather_gauge/Firmware/middlewares/lwrb/src/include" -I"/home/tecna-smart-lab/GitHub/leather_gauge/Firmware/middlewares/lwrb/src/include/lwrb" -I"/home/tecna-smart-lab/GitHub/leather_gauge/Firmware/leather_gauge_sensor_v4/leather_gauge_sensor/app/Inc" -I"/home/tecna-smart-lab/GitHub/leather_gauge/Firmware/middlewares/DSP_Biquad" -I"/home/tecna-smart-lab/GitHub/leather_gauge/Firmware/middlewares/nanoMODBUS" -I../Drivers/STM32G0xx_HAL_Driver/Inc -I../Drivers/STM32G0xx_HAL_Driver/Inc/Legacy -I../Drivers/CMSIS/Device/ST/STM32G0xx/Include -I../Drivers/CMSIS/Include -O0 -ffunction-sections -fdata-sections -Wall -fstack-usage -fcyclomatic-complexity -MMD -MP -MF"leather_gauge_sensor/middlewares/lwrb/src/lwrb/lwrb_ex.d" -MT"leather_gauge_sensor/middlewares/lwrb/src/lwrb/lwrb_ex.o" --specs=nano.specs -mfloat-abi=soft -mthumb -o "leather_gauge_sensor/middlewares/lwrb/src/lwrb/lwrb_ex.o"
arm-none-eabi-gcc "/home/tecna-smart-lab/GitHub/leather_gauge/Firmware/middlewares/DSP_Biquad/DSP_Biquad.c" -mcpu=cortex-m0plus -std=gnu11 -g3 -DDEBUG -DUSE_HAL_DRIVER -DSTM32G030xx -c -I../Core/Inc -I"/home/tecna-smart-lab/GitHub/leather_gauge/Firmware/leather_gauge_sensor_v4/leather_gauge_sensor/modules/modbus" -I"/home/tecna-smart-lab/GitHub/leather_gauge/Firmware/leather_gauge_sensor_v4/leather_gauge_sensor/modules/eeprom" -I"/home/tecna-smart-lab/GitHub/leather_gauge/Firmware/leather_gauge_sensor_v4/leather_gauge_sensor/modules/sensor" -I"/home/tecna-smart-lab/GitHub/leather_gauge/Firmware/leather_gauge_sensor_v4/leather_gauge_sensor/config" -I"/home/tecna-smart-lab/GitHub/leather_gauge/Firmware/middlewares/lwrb/src/include" -I"/home/tecna-smart-lab/GitHub/leather_gauge/Firmware/middlewares/lwrb/src/include/lwrb" -I"/home/tecna-smart-lab/GitHub/leather_gauge/Firmware/leather_gauge_sensor_v4/leather_gauge_sensor/app/Inc" -I"/home/tecna-smart-lab/GitHub/leather_gauge/Firmware/middlewares/DSP_Biquad" -I"/home/tecna-smart-lab/GitHub/leather_gauge/Firmware/middlewares/nanoMODBUS" -I../Drivers/STM32G0xx_HAL_Driver/Inc -I../Drivers/STM32G0xx_HAL_Driver/Inc/Legacy -I../Drivers/CMSIS/Device/ST/STM32G0xx/Include -I../Drivers/CMSIS/Include -O0 -ffunction-sections -fdata-sections -Wall -fstack-usage -fcyclomatic-complexity -MMD -MP -MF"leather_gauge_sensor/middlewares/DSP_Biquad/DSP_Biquad.d" -MT"leather_gauge_sensor/middlewares/DSP_Biquad/DSP_Biquad.o" --specs=nano.specs -mfloat-abi=soft -mthumb -o "leather_gauge_sensor/middlewares/DSP_Biquad/DSP_Biquad.o"
arm-none-eabi-gcc "../leather_gauge_sensor/app/Src/leather_gauge.c" -mcpu=cortex-m0plus -std=gnu11 -g3 -DDEBUG -DUSE_HAL_DRIVER -DSTM32G030xx -c -I../Core/Inc -I"/home/tecna-smart-lab/GitHub/leather_gauge/Firmware/leather_gauge_sensor_v4/leather_gauge_sensor/modules/modbus" -I"/home/tecna-smart-lab/GitHub/leather_gauge/Firmware/leather_gauge_sensor_v4/leather_gauge_sensor/modules/eeprom" -I"/home/tecna-smart-lab/GitHub/leather_gauge/Firmware/leather_gauge_sensor_v4/leather_gauge_sensor/modules/sensor" -I"/home/tecna-smart-lab/GitHub/leather_gauge/Firmware/leather_gauge_sensor_v4/leather_gauge_sensor/config" -I"/home/tecna-smart-lab/GitHub/leather_gauge/Firmware/middlewares/lwrb/src/include" -I"/home/tecna-smart-lab/GitHub/leather_gauge/Firmware/middlewares/lwrb/src/include/lwrb" -I"/home/tecna-smart-lab/GitHub/leather_gauge/Firmware/leather_gauge_sensor_v4/leather_gauge_sensor/app/Inc" -I"/home/tecna-smart-lab/GitHub/leather_gauge/Firmware/middlewares/DSP_Biquad" -I"/home/tecna-smart-lab/GitHub/leather_gauge/Firmware/middlewares/nanoMODBUS" -I../Drivers/STM32G0xx_HAL_Driver/Inc -I../Drivers/STM32G0xx_HAL_Driver/Inc/Legacy -I../Drivers/CMSIS/Device/ST/STM32G0xx/Include -I../Drivers/CMSIS/Include -O0 -ffunction-sections -fdata-sections -Wall -fstack-usage -fcyclomatic-complexity -MMD -MP -MF"leather_gauge_sensor/app/Src/leather_gauge.d" -MT"leather_gauge_sensor/app/Src/leather_gauge.o" --specs=nano.specs -mfloat-abi=soft -mthumb -o "leather_gauge_sensor/app/Src/leather_gauge.o"
arm-none-eabi-gcc "../Drivers/STM32G0xx_HAL_Driver/Src/stm32g0xx_hal.c" -mcpu=cortex-m0plus -std=gnu11 -g3 -DDEBUG -DUSE_HAL_DRIVER -DSTM32G030xx -c -I../Core/Inc -I"/home/tecna-smart-lab/GitHub/leather_gauge/Firmware/leather_gauge_sensor_v4/leather_gauge_sensor/modules/modbus" -I"/home/tecna-smart-lab/GitHub/leather_gauge/Firmware/leather_gauge_sensor_v4/leather_gauge_sensor/modules/eeprom" -I"/home/tecna-smart-lab/GitHub/leather_gauge/Firmware/leather_gauge_sensor_v4/leather_gauge_sensor/modules/sensor" -I"/home/tecna-smart-lab/GitHub/leather_gauge/Firmware/leather_gauge_sensor_v4/leather_gauge_sensor/config" -I"/home/tecna-smart-lab/GitHub/leather_gauge/Firmware/middlewares/lwrb/src/include" -I"/home/tecna-smart-lab/GitHub/leather_gauge/Firmware/middlewares/lwrb/src/include/lwrb" -I"/home/tecna-smart-lab/GitHub/leather_gauge/Firmware/leather_gauge_sensor_v4/leather_gauge_sensor/app/Inc" -I"/home/tecna-smart-lab/GitHub/leather_gauge/Firmware/middlewares/DSP_Biquad" -I"/home/tecna-smart-lab/GitHub/leather_gauge/Firmware/middlewares/nanoMODBUS" -I../Drivers/STM32G0xx_HAL_Driver/Inc -I../Drivers/STM32G0xx_HAL_Driver/Inc/Legacy -I../Drivers/CMSIS/Device/ST/STM32G0xx/Include -I../Drivers/CMSIS/Include -O0 -ffunction-sections -fdata-sections -Wall -fstack-usage -fcyclomatic-complexity -MMD -MP -MF"Drivers/STM32G0xx_HAL_Driver/Src/stm32g0xx_hal.d" -MT"Drivers/STM32G0xx_HAL_Driver/Src/stm32g0xx_hal.o" --specs=nano.specs -mfloat-abi=soft -mthumb -o "Drivers/STM32G0xx_HAL_Driver/Src/stm32g0xx_hal.o"
arm-none-eabi-gcc "../Drivers/STM32G0xx_HAL_Driver/Src/stm32g0xx_hal_adc.c" -mcpu=cortex-m0plus -std=gnu11 -g3 -DDEBUG -DUSE_HAL_DRIVER -DSTM32G030xx -c -I../Core/Inc -I"/home/tecna-smart-lab/GitHub/leather_gauge/Firmware/leather_gauge_sensor_v4/leather_gauge_sensor/modules/modbus" -I"/home/tecna-smart-lab/GitHub/leather_gauge/Firmware/leather_gauge_sensor_v4/leather_gauge_sensor/modules/eeprom" -I"/home/tecna-smart-lab/GitHub/leather_gauge/Firmware/leather_gauge_sensor_v4/leather_gauge_sensor/modules/sensor" -I"/home/tecna-smart-lab/GitHub/leather_gauge/Firmware/leather_gauge_sensor_v4/leather_gauge_sensor/config" -I"/home/tecna-smart-lab/GitHub/leather_gauge/Firmware/middlewares/lwrb/src/include" -I"/home/tecna-smart-lab/GitHub/leather_gauge/Firmware/middlewares/lwrb/src/include/lwrb" -I"/home/tecna-smart-lab/GitHub/leather_gauge/Firmware/leather_gauge_sensor_v4/leather_gauge_sensor/app/Inc" -I"/home/tecna-smart-lab/GitHub/leather_gauge/Firmware/middlewares/DSP_Biquad" -I"/home/tecna-smart-lab/GitHub/leather_gauge/Firmware/middlewares/nanoMODBUS" -I../Drivers/STM32G0xx_HAL_Driver/Inc -I../Drivers/STM32G0xx_HAL_Driver/Inc/Legacy -I../Drivers/CMSIS/Device/ST/STM32G0xx/Include -I../Drivers/CMSIS/Include -O0 -ffunction-sections -fdata-sections -Wall -fstack-usage -fcyclomatic-complexity -MMD -MP -MF"Drivers/STM32G0xx_HAL_Driver/Src/stm32g0xx_hal_adc.d" -MT"Drivers/STM32G0xx_HAL_Driver/Src/stm32g0xx_hal_adc.o" --specs=nano.specs -mfloat-abi=soft -mthumb -o "Drivers/STM32G0xx_HAL_Driver/Src/stm32g0xx_hal_adc.o"
arm-none-eabi-gcc "../Drivers/STM32G0xx_HAL_Driver/Src/stm32g0xx_hal_adc_ex.c" -mcpu=cortex-m0plus -std=gnu11 -g3 -DDEBUG -DUSE_HAL_DRIVER -DSTM32G030xx -c -I../Core/Inc -I"/home/tecna-smart-lab/GitHub/leather_gauge/Firmware/leather_gauge_sensor_v4/leather_gauge_sensor/modules/modbus" -I"/home/tecna-smart-lab/GitHub/leather_gauge/Firmware/leather_gauge_sensor_v4/leather_gauge_sensor/modules/eeprom" -I"/home/tecna-smart-lab/GitHub/leather_gauge/Firmware/leather_gauge_sensor_v4/leather_gauge_sensor/modules/sensor" -I"/home/tecna-smart-lab/GitHub/leather_gauge/Firmware/leather_gauge_sensor_v4/leather_gauge_sensor/config" -I"/home/tecna-smart-lab/GitHub/leather_gauge/Firmware/middlewares/lwrb/src/include" -I"/home/tecna-smart-lab/GitHub/leather_gauge/Firmware/middlewares/lwrb/src/include/lwrb" -I"/home/tecna-smart-lab/GitHub/leather_gauge/Firmware/leather_gauge_sensor_v4/leather_gauge_sensor/app/Inc" -I"/home/tecna-smart-lab/GitHub/leather_gauge/Firmware/middlewares/DSP_Biquad" -I"/home/tecna-smart-lab/GitHub/leather_gauge/Firmware/middlewares/nanoMODBUS" -I../Drivers/STM32G0xx_HAL_Driver/Inc -I../Drivers/STM32G0xx_HAL_Driver/Inc/Legacy -I../Drivers/CMSIS/Device/ST/STM32G0xx/Include -I../Drivers/CMSIS/Include -O0 -ffunction-sections -fdata-sections -Wall -fstack-usage -fcyclomatic-complexity -MMD -MP -MF"Drivers/STM32G0xx_HAL_Driver/Src/stm32g0xx_hal_adc_ex.d" -MT"Drivers/STM32G0xx_HAL_Driver/Src/stm32g0xx_hal_adc_ex.o" --specs=nano.specs -mfloat-abi=soft -mthumb -o "Drivers/STM32G0xx_HAL_Driver/Src/stm32g0xx_hal_adc_ex.o"
arm-none-eabi-gcc "../Drivers/STM32G0xx_HAL_Driver/Src/stm32g0xx_hal_cortex.c" -mcpu=cortex-m0plus -std=gnu11 -g3 -DDEBUG -DUSE_HAL_DRIVER -DSTM32G030xx -c -I../Core/Inc -I"/home/tecna-smart-lab/GitHub/leather_gauge/Firmware/leather_gauge_sensor_v4/leather_gauge_sensor/modules/modbus" -I"/home/tecna-smart-lab/GitHub/leather_gauge/Firmware/leather_gauge_sensor_v4/leather_gauge_sensor/modules/eeprom" -I"/home/tecna-smart-lab/GitHub/leather_gauge/Firmware/leather_gauge_sensor_v4/leather_gauge_sensor/modules/sensor" -I"/home/tecna-smart-lab/GitHub/leather_gauge/Firmware/leather_gauge_sensor_v4/leather_gauge_sensor/config" -I"/home/tecna-smart-lab/GitHub/leather_gauge/Firmware/middlewares/lwrb/src/include" -I"/home/tecna-smart-lab/GitHub/leather_gauge/Firmware/middlewares/lwrb/src/include/lwrb" -I"/home/tecna-smart-lab/GitHub/leather_gauge/Firmware/leather_gauge_sensor_v4/leather_gauge_sensor/app/Inc" -I"/home/tecna-smart-lab/GitHub/leather_gauge/Firmware/middlewares/DSP_Biquad" -I"/home/tecna-smart-lab/GitHub/leather_gauge/Firmware/middlewares/nanoMODBUS" -I../Drivers/STM32G0xx_HAL_Driver/Inc -I../Drivers/STM32G0xx_HAL_Driver/Inc/Legacy -I../Drivers/CMSIS/Device/ST/STM32G0xx/Include -I../Drivers/CMSIS/Include -O0 -ffunction-sections -fdata-sections -Wall -fstack-usage -fcyclomatic-complexity -MMD -MP -MF"Drivers/STM32G0xx_HAL_Driver/Src/stm32g0xx_hal_cortex.d" -MT"Drivers/STM32G0xx_HAL_Driver/Src/stm32g0xx_hal_cortex.o" --specs=nano.specs -mfloat-abi=soft -mthumb -o "Drivers/STM32G0xx_HAL_Driver/Src/stm32g0xx_hal_cortex.o"
arm-none-eabi-gcc "../Drivers/STM32G0xx_HAL_Driver/Src/stm32g0xx_hal_dma.c" -mcpu=cortex-m0plus -std=gnu11 -g3 -DDEBUG -DUSE_HAL_DRIVER -DSTM32G030xx -c -I../Core/Inc -I"/home/tecna-smart-lab/GitHub/leather_gauge/Firmware/leather_gauge_sensor_v4/leather_gauge_sensor/modules/modbus" -I"/home/tecna-smart-lab/GitHub/leather_gauge/Firmware/leather_gauge_sensor_v4/leather_gauge_sensor/modules/eeprom" -I"/home/tecna-smart-lab/GitHub/leather_gauge/Firmware/leather_gauge_sensor_v4/leather_gauge_sensor/modules/sensor" -I"/home/tecna-smart-lab/GitHub/leather_gauge/Firmware/leather_gauge_sensor_v4/leather_gauge_sensor/config" -I"/home/tecna-smart-lab/GitHub/leather_gauge/Firmware/middlewares/lwrb/src/include" -I"/home/tecna-smart-lab/GitHub/leather_gauge/Firmware/middlewares/lwrb/src/include/lwrb" -I"/home/tecna-smart-lab/GitHub/leather_gauge/Firmware/leather_gauge_sensor_v4/leather_gauge_sensor/app/Inc" -I"/home/tecna-smart-lab/GitHub/leather_gauge/Firmware/middlewares/DSP_Biquad" -I"/home/tecna-smart-lab/GitHub/leather_gauge/Firmware/middlewares/nanoMODBUS" -I../Drivers/STM32G0xx_HAL_Driver/Inc -I../Drivers/STM32G0xx_HAL_Driver/Inc/Legacy -I../Drivers/CMSIS/Device/ST/STM32G0xx/Include -I../Drivers/CMSIS/Include -O0 -ffunction-sections -fdata-sections -Wall -fstack-usage -fcyclomatic-complexity -MMD -MP -MF"Drivers/STM32G0xx_HAL_Driver/Src/stm32g0xx_hal_dma.d" -MT"Drivers/STM32G0xx_HAL_Driver/Src/stm32g0xx_hal_dma.o" --specs=nano.specs -mfloat-abi=soft -mthumb -o "Drivers/STM32G0xx_HAL_Driver/Src/stm32g0xx_hal_dma.o"
arm-none-eabi-gcc "../Drivers/STM32G0xx_HAL_Driver/Src/stm32g0xx_hal_dma_ex.c" -mcpu=cortex-m0plus -std=gnu11 -g3 -DDEBUG -DUSE_HAL_DRIVER -DSTM32G030xx -c -I../Core/Inc -I"/home/tecna-smart-lab/GitHub/leather_gauge/Firmware/leather_gauge_sensor_v4/leather_gauge_sensor/modules/modbus" -I"/home/tecna-smart-lab/GitHub/leather_gauge/Firmware/leather_gauge_sensor_v4/leather_gauge_sensor/modules/eeprom" -I"/home/tecna-smart-lab/GitHub/leather_gauge/Firmware/leather_gauge_sensor_v4/leather_gauge_sensor/modules/sensor" -I"/home/tecna-smart-lab/GitHub/leather_gauge/Firmware/leather_gauge_sensor_v4/leather_gauge_sensor/config" -I"/home/tecna-smart-lab/GitHub/leather_gauge/Firmware/middlewares/lwrb/src/include" -I"/home/tecna-smart-lab/GitHub/leather_gauge/Firmware/middlewares/lwrb/src/include/lwrb" -I"/home/tecna-smart-lab/GitHub/leather_gauge/Firmware/leather_gauge_sensor_v4/leather_gauge_sensor/app/Inc" -I"/home/tecna-smart-lab/GitHub/leather_gauge/Firmware/middlewares/DSP_Biquad" -I"/home/tecna-smart-lab/GitHub/leather_gauge/Firmware/middlewares/nanoMODBUS" -I../Drivers/STM32G0xx_HAL_Driver/Inc -I../Drivers/STM32G0xx_HAL_Driver/Inc/Legacy -I../Drivers/CMSIS/Device/ST/STM32G0xx/Include -I../Drivers/CMSIS/Include -O0 -ffunction-sections -fdata-sections -Wall -fstack-usage -fcyclomatic-complexity -MMD -MP -MF"Drivers/STM32G0xx_HAL_Driver/Src/stm32g0xx_hal_dma_ex.d" -MT"Drivers/STM32G0xx_HAL_Driver/Src/stm32g0xx_hal_dma_ex.o" --specs=nano.specs -mfloat-abi=soft -mthumb -o "Drivers/STM32G0xx_HAL_Driver/Src/stm32g0xx_hal_dma_ex.o"
arm-none-eabi-gcc "../Drivers/STM32G0xx_HAL_Driver/Src/stm32g0xx_hal_exti.c" -mcpu=cortex-m0plus -std=gnu11 -g3 -DDEBUG -DUSE_HAL_DRIVER -DSTM32G030xx -c -I../Core/Inc -I"/home/tecna-smart-lab/GitHub/leather_gauge/Firmware/leather_gauge_sensor_v4/leather_gauge_sensor/modules/modbus" -I"/home/tecna-smart-lab/GitHub/leather_gauge/Firmware/leather_gauge_sensor_v4/leather_gauge_sensor/modules/eeprom" -I"/home/tecna-smart-lab/GitHub/leather_gauge/Firmware/leather_gauge_sensor_v4/leather_gauge_sensor/modules/sensor" -I"/home/tecna-smart-lab/GitHub/leather_gauge/Firmware/leather_gauge_sensor_v4/leather_gauge_sensor/config" -I"/home/tecna-smart-lab/GitHub/leather_gauge/Firmware/middlewares/lwrb/src/include" -I"/home/tecna-smart-lab/GitHub/leather_gauge/Firmware/middlewares/lwrb/src/include/lwrb" -I"/home/tecna-smart-lab/GitHub/leather_gauge/Firmware/leather_gauge_sensor_v4/leather_gauge_sensor/app/Inc" -I"/home/tecna-smart-lab/GitHub/leather_gauge/Firmware/middlewares/DSP_Biquad" -I"/home/tecna-smart-lab/GitHub/leather_gauge/Firmware/middlewares/nanoMODBUS" -I../Drivers/STM32G0xx_HAL_Driver/Inc -I../Drivers/STM32G0xx_HAL_Driver/Inc/Legacy -I../Drivers/CMSIS/Device/ST/STM32G0xx/Include -I../Drivers/CMSIS/Include -O0 -ffunction-sections -fdata-sections -Wall -fstack-usage -fcyclomatic-complexity -MMD -MP -MF"Drivers/STM32G0xx_HAL_Driver/Src/stm32g0xx_hal_exti.d" -MT"Drivers/STM32G0xx_HAL_Driver/Src/stm32g0xx_hal_exti.o" --specs=nano.specs -mfloat-abi=soft -mthumb -o "Drivers/STM32G0xx_HAL_Driver/Src/stm32g0xx_hal_exti.o"
arm-none-eabi-gcc "../Drivers/STM32G0xx_HAL_Driver/Src/stm32g0xx_hal_flash.c" -mcpu=cortex-m0plus -std=gnu11 -g3 -DDEBUG -DUSE_HAL_DRIVER -DSTM32G030xx -c -I../Core/Inc -I"/home/tecna-smart-lab/GitHub/leather_gauge/Firmware/leather_gauge_sensor_v4/leather_gauge_sensor/modules/modbus" -I"/home/tecna-smart-lab/GitHub/leather_gauge/Firmware/leather_gauge_sensor_v4/leather_gauge_sensor/modules/eeprom" -I"/home/tecna-smart-lab/GitHub/leather_gauge/Firmware/leather_gauge_sensor_v4/leather_gauge_sensor/modules/sensor" -I"/home/tecna-smart-lab/GitHub/leather_gauge/Firmware/leather_gauge_sensor_v4/leather_gauge_sensor/config" -I"/home/tecna-smart-lab/GitHub/leather_gauge/Firmware/middlewares/lwrb/src/include" -I"/home/tecna-smart-lab/GitHub/leather_gauge/Firmware/middlewares/lwrb/src/include/lwrb" -I"/home/tecna-smart-lab/GitHub/leather_gauge/Firmware/leather_gauge_sensor_v4/leather_gauge_sensor/app/Inc" -I"/home/tecna-smart-lab/GitHub/leather_gauge/Firmware/middlewares/DSP_Biquad" -I"/home/tecna-smart-lab/GitHub/leather_gauge/Firmware/middlewares/nanoMODBUS" -I../Drivers/STM32G0xx_HAL_Driver/Inc -I../Drivers/STM32G0xx_HAL_Driver/Inc/Legacy -I../Drivers/CMSIS/Device/ST/STM32G0xx/Include -I../Drivers/CMSIS/Include -O0 -ffunction-sections -fdata-sections -Wall -fstack-usage -fcyclomatic-complexity -MMD -MP -MF"Drivers/STM32G0xx_HAL_Driver/Src/stm32g0xx_hal_flash.d" -MT"Drivers/STM32G0xx_HAL_Driver/Src/stm32g0xx_hal_flash.o" --specs=nano.specs -mfloat-abi=soft -mthumb -o "Drivers/STM32G0xx_HAL_Driver/Src/stm32g0xx_hal_flash.o"
arm-none-eabi-gcc "../Drivers/STM32G0xx_HAL_Driver/Src/stm32g0xx_hal_flash_ex.c" -mcpu=cortex-m0plus -std=gnu11 -g3 -DDEBUG -DUSE_HAL_DRIVER -DSTM32G030xx -c -I../Core/Inc -I"/home/tecna-smart-lab/GitHub/leather_gauge/Firmware/leather_gauge_sensor_v4/leather_gauge_sensor/modules/modbus" -I"/home/tecna-smart-lab/GitHub/leather_gauge/Firmware/leather_gauge_sensor_v4/leather_gauge_sensor/modules/eeprom" -I"/home/tecna-smart-lab/GitHub/leather_gauge/Firmware/leather_gauge_sensor_v4/leather_gauge_sensor/modules/sensor" -I"/home/tecna-smart-lab/GitHub/leather_gauge/Firmware/leather_gauge_sensor_v4/leather_gauge_sensor/config" -I"/home/tecna-smart-lab/GitHub/leather_gauge/Firmware/middlewares/lwrb/src/include" -I"/home/tecna-smart-lab/GitHub/leather_gauge/Firmware/middlewares/lwrb/src/include/lwrb" -I"/home/tecna-smart-lab/GitHub/leather_gauge/Firmware/leather_gauge_sensor_v4/leather_gauge_sensor/app/Inc" -I"/home/tecna-smart-lab/GitHub/leather_gauge/Firmware/middlewares/DSP_Biquad" -I"/home/tecna-smart-lab/GitHub/leather_gauge/Firmware/middlewares/nanoMODBUS" -I../Drivers/STM32G0xx_HAL_Driver/Inc -I../Drivers/STM32G0xx_HAL_Driver/Inc/Legacy -I../Drivers/CMSIS/Device/ST/STM32G0xx/Include -I../Drivers/CMSIS/Include -O0 -ffunction-sections -fdata-sections -Wall -fstack-usage -fcyclomatic-complexity -MMD -MP -MF"Drivers/STM32G0xx_HAL_Driver/Src/stm32g0xx_hal_flash_ex.d" -MT"Drivers/STM32G0xx_HAL_Driver/Src/stm32g0xx_hal_flash_ex.o" --specs=nano.specs -mfloat-abi=soft -mthumb -o "Drivers/STM32G0xx_HAL_Driver/Src/stm32g0xx_hal_flash_ex.o"
arm-none-eabi-gcc "../Drivers/STM32G0xx_HAL_Driver/Src/stm32g0xx_hal_gpio.c" -mcpu=cortex-m0plus -std=gnu11 -g3 -DDEBUG -DUSE_HAL_DRIVER -DSTM32G030xx -c -I../Core/Inc -I"/home/tecna-smart-lab/GitHub/leather_gauge/Firmware/leather_gauge_sensor_v4/leather_gauge_sensor/modules/modbus" -I"/home/tecna-smart-lab/GitHub/leather_gauge/Firmware/leather_gauge_sensor_v4/leather_gauge_sensor/modules/eeprom" -I"/home/tecna-smart-lab/GitHub/leather_gauge/Firmware/leather_gauge_sensor_v4/leather_gauge_sensor/modules/sensor" -I"/home/tecna-smart-lab/GitHub/leather_gauge/Firmware/leather_gauge_sensor_v4/leather_gauge_sensor/config" -I"/home/tecna-smart-lab/GitHub/leather_gauge/Firmware/middlewares/lwrb/src/include" -I"/home/tecna-smart-lab/GitHub/leather_gauge/Firmware/middlewares/lwrb/src/include/lwrb" -I"/home/tecna-smart-lab/GitHub/leather_gauge/Firmware/leather_gauge_sensor_v4/leather_gauge_sensor/app/Inc" -I"/home/tecna-smart-lab/GitHub/leather_gauge/Firmware/middlewares/DSP_Biquad" -I"/home/tecna-smart-lab/GitHub/leather_gauge/Firmware/middlewares/nanoMODBUS" -I../Drivers/STM32G0xx_HAL_Driver/Inc -I../Drivers/STM32G0xx_HAL_Driver/Inc/Legacy -I../Drivers/CMSIS/Device/ST/STM32G0xx/Include -I../Drivers/CMSIS/Include -O0 -ffunction-sections -fdata-sections -Wall -fstack-usage -fcyclomatic-complexity -MMD -MP -MF"Drivers/STM32G0xx_HAL_Driver/Src/stm32g0xx_hal_gpio.d" -MT"Drivers/STM32G0xx_HAL_Driver/Src/stm32g0xx_hal_gpio.o" --specs=nano.specs -mfloat-abi=soft -mthumb -o "Drivers/STM32G0xx_HAL_Driver/Src/stm32g0xx_hal_gpio.o"
arm-none-eabi-gcc "../Drivers/STM32G0xx_HAL_Driver/Src/stm32g0xx_hal_pwr.c" -mcpu=cortex-m0plus -std=gnu11 -g3 -DDEBUG -DUSE_HAL_DRIVER -DSTM32G030xx -c -I../Core/Inc -I"/home/tecna-smart-lab/GitHub/leather_gauge/Firmware/leather_gauge_sensor_v4/leather_gauge_sensor/modules/modbus" -I"/home/tecna-smart-lab/GitHub/leather_gauge/Firmware/leather_gauge_sensor_v4/leather_gauge_sensor/modules/eeprom" -I"/home/tecna-smart-lab/GitHub/leather_gauge/Firmware/leather_gauge_sensor_v4/leather_gauge_sensor/modules/sensor" -I"/home/tecna-smart-lab/GitHub/leather_gauge/Firmware/leather_gauge_sensor_v4/leather_gauge_sensor/config" -I"/home/tecna-smart-lab/GitHub/leather_gauge/Firmware/middlewares/lwrb/src/include" -I"/home/tecna-smart-lab/GitHub/leather_gauge/Firmware/middlewares/lwrb/src/include/lwrb" -I"/home/tecna-smart-lab/GitHub/leather_gauge/Firmware/leather_gauge_sensor_v4/leather_gauge_sensor/app/Inc" -I"/home/tecna-smart-lab/GitHub/leather_gauge/Firmware/middlewares/DSP_Biquad" -I"/home/tecna-smart-lab/GitHub/leather_gauge/Firmware/middlewares/nanoMODBUS" -I../Drivers/STM32G0xx_HAL_Driver/Inc -I../Drivers/STM32G0xx_HAL_Driver/Inc/Legacy -I../Drivers/CMSIS/Device/ST/STM32G0xx/Include -I../Drivers/CMSIS/Include -O0 -ffunction-sections -fdata-sections -Wall -fstack-usage -fcyclomatic-complexity -MMD -MP -MF"Drivers/STM32G0xx_HAL_Driver/Src/stm32g0xx_hal_pwr.d" -MT"Drivers/STM32G0xx_HAL_Driver/Src/stm32g0xx_hal_pwr.o" --specs=nano.specs -mfloat-abi=soft -mthumb -o "Drivers/STM32G0xx_HAL_Driver/Src/stm32g0xx_hal_pwr.o"
arm-none-eabi-gcc "../Drivers/STM32G0xx_HAL_Driver/Src/stm32g0xx_hal_pwr_ex.c" -mcpu=cortex-m0plus -std=gnu11 -g3 -DDEBUG -DUSE_HAL_DRIVER -DSTM32G030xx -c -I../Core/Inc -I"/home/tecna-smart-lab/GitHub/leather_gauge/Firmware/leather_gauge_sensor_v4/leather_gauge_sensor/modules/modbus" -I"/home/tecna-smart-lab/GitHub/leather_gauge/Firmware/leather_gauge_sensor_v4/leather_gauge_sensor/modules/eeprom" -I"/home/tecna-smart-lab/GitHub/leather_gauge/Firmware/leather_gauge_sensor_v4/leather_gauge_sensor/modules/sensor" -I"/home/tecna-smart-lab/GitHub/leather_gauge/Firmware/leather_gauge_sensor_v4/leather_gauge_sensor/config" -I"/home/tecna-smart-lab/GitHub/leather_gauge/Firmware/middlewares/lwrb/src/include" -I"/home/tecna-smart-lab/GitHub/leather_gauge/Firmware/middlewares/lwrb/src/include/lwrb" -I"/home/tecna-smart-lab/GitHub/leather_gauge/Firmware/leather_gauge_sensor_v4/leather_gauge_sensor/app/Inc" -I"/home/tecna-smart-lab/GitHub/leather_gauge/Firmware/middlewares/DSP_Biquad" -I"/home/tecna-smart-lab/GitHub/leather_gauge/Firmware/middlewares/nanoMODBUS" -I../Drivers/STM32G0xx_HAL_Driver/Inc -I../Drivers/STM32G0xx_HAL_Driver/Inc/Legacy -I../Drivers/CMSIS/Device/ST/STM32G0xx/Include -I../Drivers/CMSIS/Include -O0 -ffunction-sections -fdata-sections -Wall -fstack-usage -fcyclomatic-complexity -MMD -MP -MF"Drivers/STM32G0xx_HAL_Driver/Src/stm32g0xx_hal_pwr_ex.d" -MT"Drivers/STM32G0xx_HAL_Driver/Src/stm32g0xx_hal_pwr_ex.o" --specs=nano.specs -mfloat-abi=soft -mthumb -o "Drivers/STM32G0xx_HAL_Driver/Src/stm32g0xx_hal_pwr_ex.o"
arm-none-eabi-gcc "../Drivers/STM32G0xx_HAL_Driver/Src/stm32g0xx_hal_rcc.c" -mcpu=cortex-m0plus -std=gnu11 -g3 -DDEBUG -DUSE_HAL_DRIVER -DSTM32G030xx -c -I../Core/Inc -I"/home/tecna-smart-lab/GitHub/leather_gauge/Firmware/leather_gauge_sensor_v4/leather_gauge_sensor/modules/modbus" -I"/home/tecna-smart-lab/GitHub/leather_gauge/Firmware/leather_gauge_sensor_v4/leather_gauge_sensor/modules/eeprom" -I"/home/tecna-smart-lab/GitHub/leather_gauge/Firmware/leather_gauge_sensor_v4/leather_gauge_sensor/modules/sensor" -I"/home/tecna-smart-lab/GitHub/leather_gauge/Firmware/leather_gauge_sensor_v4/leather_gauge_sensor/config" -I"/home/tecna-smart-lab/GitHub/leather_gauge/Firmware/middlewares/lwrb/src/include" -I"/home/tecna-smart-lab/GitHub/leather_gauge/Firmware/middlewares/lwrb/src/include/lwrb" -I"/home/tecna-smart-lab/GitHub/leather_gauge/Firmware/leather_gauge_sensor_v4/leather_gauge_sensor/app/Inc" -I"/home/tecna-smart-lab/GitHub/leather_gauge/Firmware/middlewares/DSP_Biquad" -I"/home/tecna-smart-lab/GitHub/leather_gauge/Firmware/middlewares/nanoMODBUS" -I../Drivers/STM32G0xx_HAL_Driver/Inc -I../Drivers/STM32G0xx_HAL_Driver/Inc/Legacy -I../Drivers/CMSIS/Device/ST/STM32G0xx/Include -I../Drivers/CMSIS/Include -O0 -ffunction-sections -fdata-sections -Wall -fstack-usage -fcyclomatic-complexity -MMD -MP -MF"Drivers/STM32G0xx_HAL_Driver/Src/stm32g0xx_hal_rcc.d" -MT"Drivers/STM32G0xx_HAL_Driver/Src/stm32g0xx_hal_rcc.o" --specs=nano.specs -mfloat-abi=soft -mthumb -o "Drivers/STM32G0xx_HAL_Driver/Src/stm32g0xx_hal_rcc.o"
arm-none-eabi-gcc "../Drivers/STM32G0xx_HAL_Driver/Src/stm32g0xx_hal_rcc_ex.c" -mcpu=cortex-m0plus -std=gnu11 -g3 -DDEBUG -DUSE_HAL_DRIVER -DSTM32G030xx -c -I../Core/Inc -I"/home/tecna-smart-lab/GitHub/leather_gauge/Firmware/leather_gauge_sensor_v4/leather_gauge_sensor/modules/modbus" -I"/home/tecna-smart-lab/GitHub/leather_gauge/Firmware/leather_gauge_sensor_v4/leather_gauge_sensor/modules/eeprom" -I"/home/tecna-smart-lab/GitHub/leather_gauge/Firmware/leather_gauge_sensor_v4/leather_gauge_sensor/modules/sensor" -I"/home/tecna-smart-lab/GitHub/leather_gauge/Firmware/leather_gauge_sensor_v4/leather_gauge_sensor/config" -I"/home/tecna-smart-lab/GitHub/leather_gauge/Firmware/middlewares/lwrb/src/include" -I"/home/tecna-smart-lab/GitHub/leather_gauge/Firmware/middlewares/lwrb/src/include/lwrb" -I"/home/tecna-smart-lab/GitHub/leather_gauge/Firmware/leather_gauge_sensor_v4/leather_gauge_sensor/app/Inc" -I"/home/tecna-smart-lab/GitHub/leather_gauge/Firmware/middlewares/DSP_Biquad" -I"/home/tecna-smart-lab/GitHub/leather_gauge/Firmware/middlewares/nanoMODBUS" -I../Drivers/STM32G0xx_HAL_Driver/Inc -I../Drivers/STM32G0xx_HAL_Driver/Inc/Legacy -I../Drivers/CMSIS/Device/ST/STM32G0xx/Include -I../Drivers/CMSIS/Include -O0 -ffunction-sections -fdata-sections -Wall -fstack-usage -fcyclomatic-complexity -MMD -MP -MF"Drivers/STM32G0xx_HAL_Driver/Src/stm32g0xx_hal_rcc_ex.d" -MT"Drivers/STM32G0xx_HAL_Driver/Src/stm32g0xx_hal_rcc_ex.o" --specs=nano.specs -mfloat-abi=soft -mthumb -o "Drivers/STM32G0xx_HAL_Driver/Src/stm32g0xx_hal_rcc_ex.o"
arm-none-eabi-gcc "../Drivers/STM32G0xx_HAL_Driver/Src/stm32g0xx_hal_tim.c" -mcpu=cortex-m0plus -std=gnu11 -g3 -DDEBUG -DUSE_HAL_DRIVER -DSTM32G030xx -c -I../Core/Inc -I"/home/tecna-smart-lab/GitHub/leather_gauge/Firmware/leather_gauge_sensor_v4/leather_gauge_sensor/modules/modbus" -I"/home/tecna-smart-lab/GitHub/leather_gauge/Firmware/leather_gauge_sensor_v4/leather_gauge_sensor/modules/eeprom" -I"/home/tecna-smart-lab/GitHub/leather_gauge/Firmware/leather_gauge_sensor_v4/leather_gauge_sensor/modules/sensor" -I"/home/tecna-smart-lab/GitHub/leather_gauge/Firmware/leather_gauge_sensor_v4/leather_gauge_sensor/config" -I"/home/tecna-smart-lab/GitHub/leather_gauge/Firmware/middlewares/lwrb/src/include" -I"/home/tecna-smart-lab/GitHub/leather_gauge/Firmware/middlewares/lwrb/src/include/lwrb" -I"/home/tecna-smart-lab/GitHub/leather_gauge/Firmware/leather_gauge_sensor_v4/leather_gauge_sensor/app/Inc" -I"/home/tecna-smart-lab/GitHub/leather_gauge/Firmware/middlewares/DSP_Biquad" -I"/home/tecna-smart-lab/GitHub/leather_gauge/Firmware/middlewares/nanoMODBUS" -I../Drivers/STM32G0xx_HAL_Driver/Inc -I../Drivers/STM32G0xx_HAL_Driver/Inc/Legacy -I../Drivers/CMSIS/Device/ST/STM32G0xx/Include -I../Drivers/CMSIS/Include -O0 -ffunction-sections -fdata-sections -Wall -fstack-usage -fcyclomatic-complexity -MMD -MP -MF"Drivers/STM32G0xx_HAL_Driver/Src/stm32g0xx_hal_tim.d" -MT"Drivers/STM32G0xx_HAL_Driver/Src/stm32g0xx_hal_tim.o" --specs=nano.specs -mfloat-abi=soft -mthumb -o "Drivers/STM32G0xx_HAL_Driver/Src/stm32g0xx_hal_tim.o"
arm-none-eabi-gcc "../Drivers/STM32G0xx_HAL_Driver/Src/stm32g0xx_hal_tim_ex.c" -mcpu=cortex-m0plus -std=gnu11 -g3 -DDEBUG -DUSE_HAL_DRIVER -DSTM32G030xx -c -I../Core/Inc -I"/home/tecna-smart-lab/GitHub/leather_gauge/Firmware/leather_gauge_sensor_v4/leather_gauge_sensor/modules/modbus" -I"/home/tecna-smart-lab/GitHub/leather_gauge/Firmware/leather_gauge_sensor_v4/leather_gauge_sensor/modules/eeprom" -I"/home/tecna-smart-lab/GitHub/leather_gauge/Firmware/leather_gauge_sensor_v4/leather_gauge_sensor/modules/sensor" -I"/home/tecna-smart-lab/GitHub/leather_gauge/Firmware/leather_gauge_sensor_v4/leather_gauge_sensor/config" -I"/home/tecna-smart-lab/GitHub/leather_gauge/Firmware/middlewares/lwrb/src/include" -I"/home/tecna-smart-lab/GitHub/leather_gauge/Firmware/middlewares/lwrb/src/include/lwrb" -I"/home/tecna-smart-lab/GitHub/leather_gauge/Firmware/leather_gauge_sensor_v4/leather_gauge_sensor/app/Inc" -I"/home/tecna-smart-lab/GitHub/leather_gauge/Firmware/middlewares/DSP_Biquad" -I"/home/tecna-smart-lab/GitHub/leather_gauge/Firmware/middlewares/nanoMODBUS" -I../Drivers/STM32G0xx_HAL_Driver/Inc -I../Drivers/STM32G0xx_HAL_Driver/Inc/Legacy -I../Drivers/CMSIS/Device/ST/STM32G0xx/Include -I../Drivers/CMSIS/Include -O0 -ffunction-sections -fdata-sections -Wall -fstack-usage -fcyclomatic-complexity -MMD -MP -MF"Drivers/STM32G0xx_HAL_Driver/Src/stm32g0xx_hal_tim_ex.d" -MT"Drivers/STM32G0xx_HAL_Driver/Src/stm32g0xx_hal_tim_ex.o" --specs=nano.specs -mfloat-abi=soft -mthumb -o "Drivers/STM32G0xx_HAL_Driver/Src/stm32g0xx_hal_tim_ex.o"
arm-none-eabi-gcc "../Drivers/STM32G0xx_HAL_Driver/Src/stm32g0xx_hal_uart.c" -mcpu=cortex-m0plus -std=gnu11 -g3 -DDEBUG -DUSE_HAL_DRIVER -DSTM32G030xx -c -I../Core/Inc -I"/home/tecna-smart-lab/GitHub/leather_gauge/Firmware/leather_gauge_sensor_v4/leather_gauge_sensor/modules/modbus" -I"/home/tecna-smart-lab/GitHub/leather_gauge/Firmware/leather_gauge_sensor_v4/leather_gauge_sensor/modules/eeprom" -I"/home/tecna-smart-lab/GitHub/leather_gauge/Firmware/leather_gauge_sensor_v4/leather_gauge_sensor/modules/sensor" -I"/home/tecna-smart-lab/GitHub/leather_gauge/Firmware/leather_gauge_sensor_v4/leather_gauge_sensor/config" -I"/home/tecna-smart-lab/GitHub/leather_gauge/Firmware/middlewares/lwrb/src/include" -I"/home/tecna-smart-lab/GitHub/leather_gauge/Firmware/middlewares/lwrb/src/include/lwrb" -I"/home/tecna-smart-lab/GitHub/leather_gauge/Firmware/leather_gauge_sensor_v4/leather_gauge_sensor/app/Inc" -I"/home/tecna-smart-lab/GitHub/leather_gauge/Firmware/middlewares/DSP_Biquad" -I"/home/tecna-smart-lab/GitHub/leather_gauge/Firmware/middlewares/nanoMODBUS" -I../Drivers/STM32G0xx_HAL_Driver/Inc -I../Drivers/STM32G0xx_HAL_Driver/Inc/Legacy -I../Drivers/CMSIS/Device/ST/STM32G0xx/Include -I../Drivers/CMSIS/Include -O0 -ffunction-sections -fdata-sections -Wall -fstack-usage -fcyclomatic-complexity -MMD -MP -MF"Drivers/STM32G0xx_HAL_Driver/Src/stm32g0xx_hal_uart.d" -MT"Drivers/STM32G0xx_HAL_Driver/Src/stm32g0xx_hal_uart.o" --specs=nano.specs -mfloat-abi=soft -mthumb -o "Drivers/STM32G0xx_HAL_Driver/Src/stm32g0xx_hal_uart.o"
arm-none-eabi-gcc "../Drivers/STM32G0xx_HAL_Driver/Src/stm32g0xx_hal_uart_ex.c" -mcpu=cortex-m0plus -std=gnu11 -g3 -DDEBUG -DUSE_HAL_DRIVER -DSTM32G030xx -c -I../Core/Inc -I"/home/tecna-smart-lab/GitHub/leather_gauge/Firmware/leather_gauge_sensor_v4/leather_gauge_sensor/modules/modbus" -I"/home/tecna-smart-lab/GitHub/leather_gauge/Firmware/leather_gauge_sensor_v4/leather_gauge_sensor/modules/eeprom" -I"/home/tecna-smart-lab/GitHub/leather_gauge/Firmware/leather_gauge_sensor_v4/leather_gauge_sensor/modules/sensor" -I"/home/tecna-smart-lab/GitHub/leather_gauge/Firmware/leather_gauge_sensor_v4/leather_gauge_sensor/config" -I"/home/tecna-smart-lab/GitHub/leather_gauge/Firmware/middlewares/lwrb/src/include" -I"/home/tecna-smart-lab/GitHub/leather_gauge/Firmware/middlewares/lwrb/src/include/lwrb" -I"/home/tecna-smart-lab/GitHub/leather_gauge/Firmware/leather_gauge_sensor_v4/leather_gauge_sensor/app/Inc" -I"/home/tecna-smart-lab/GitHub/leather_gauge/Firmware/middlewares/DSP_Biquad" -I"/home/tecna-smart-lab/GitHub/leather_gauge/Firmware/middlewares/nanoMODBUS" -I../Drivers/STM32G0xx_HAL_Driver/Inc -I../Drivers/STM32G0xx_HAL_Driver/Inc/Legacy -I../Drivers/CMSIS/Device/ST/STM32G0xx/Include -I../Drivers/CMSIS/Include -O0 -ffunction-sections -fdata-sections -Wall -fstack-usage -fcyclomatic-complexity -MMD -MP -MF"Drivers/STM32G0xx_HAL_Driver/Src/stm32g0xx_hal_uart_ex.d" -MT"Drivers/STM32G0xx_HAL_Driver/Src/stm32g0xx_hal_uart_ex.o" --specs=nano.specs -mfloat-abi=soft -mthumb -o "Drivers/STM32G0xx_HAL_Driver/Src/stm32g0xx_hal_uart_ex.o"
arm-none-eabi-gcc "../Drivers/STM32G0xx_HAL_Driver/Src/stm32g0xx_ll_adc.c" -mcpu=cortex-m0plus -std=gnu11 -g3 -DDEBUG -DUSE_HAL_DRIVER -DSTM32G030xx -c -I../Core/Inc -I"/home/tecna-smart-lab/GitHub/leather_gauge/Firmware/leather_gauge_sensor_v4/leather_gauge_sensor/modules/modbus" -I"/home/tecna-smart-lab/GitHub/leather_gauge/Firmware/leather_gauge_sensor_v4/leather_gauge_sensor/modules/eeprom" -I"/home/tecna-smart-lab/GitHub/leather_gauge/Firmware/leather_gauge_sensor_v4/leather_gauge_sensor/modules/sensor" -I"/home/tecna-smart-lab/GitHub/leather_gauge/Firmware/leather_gauge_sensor_v4/leather_gauge_sensor/config" -I"/home/tecna-smart-lab/GitHub/leather_gauge/Firmware/middlewares/lwrb/src/include" -I"/home/tecna-smart-lab/GitHub/leather_gauge/Firmware/middlewares/lwrb/src/include/lwrb" -I"/home/tecna-smart-lab/GitHub/leather_gauge/Firmware/leather_gauge_sensor_v4/leather_gauge_sensor/app/Inc" -I"/home/tecna-smart-lab/GitHub/leather_gauge/Firmware/middlewares/DSP_Biquad" -I"/home/tecna-smart-lab/GitHub/leather_gauge/Firmware/middlewares/nanoMODBUS" -I../Drivers/STM32G0xx_HAL_Driver/Inc -I../Drivers/STM32G0xx_HAL_Driver/Inc/Legacy -I../Drivers/CMSIS/Device/ST/STM32G0xx/Include -I../Drivers/CMSIS/Include -O0 -ffunction-sections -fdata-sections -Wall -fstack-usage -fcyclomatic-complexity -MMD -MP -MF"Drivers/STM32G0xx_HAL_Driver/Src/stm32g0xx_ll_adc.d" -MT"Drivers/STM32G0xx_HAL_Driver/Src/stm32g0xx_ll_adc.o" --specs=nano.specs -mfloat-abi=soft -mthumb -o "Drivers/STM32G0xx_HAL_Driver/Src/stm32g0xx_ll_adc.o"
arm-none-eabi-gcc "../Drivers/STM32G0xx_HAL_Driver/Src/stm32g0xx_ll_rcc.c" -mcpu=cortex-m0plus -std=gnu11 -g3 -DDEBUG -DUSE_HAL_DRIVER -DSTM32G030xx -c -I../Core/Inc -I"/home/tecna-smart-lab/GitHub/leather_gauge/Firmware/leather_gauge_sensor_v4/leather_gauge_sensor/modules/modbus" -I"/home/tecna-smart-lab/GitHub/leather_gauge/Firmware/leather_gauge_sensor_v4/leather_gauge_sensor/modules/eeprom" -I"/home/tecna-smart-lab/GitHub/leather_gauge/Firmware/leather_gauge_sensor_v4/leather_gauge_sensor/modules/sensor" -I"/home/tecna-smart-lab/GitHub/leather_gauge/Firmware/leather_gauge_sensor_v4/leather_gauge_sensor/config" -I"/home/tecna-smart-lab/GitHub/leather_gauge/Firmware/middlewares/lwrb/src/include" -I"/home/tecna-smart-lab/GitHub/leather_gauge/Firmware/middlewares/lwrb/src/include/lwrb" -I"/home/tecna-smart-lab/GitHub/leather_gauge/Firmware/leather_gauge_sensor_v4/leather_gauge_sensor/app/Inc" -I"/home/tecna-smart-lab/GitHub/leather_gauge/Firmware/middlewares/DSP_Biquad" -I"/home/tecna-smart-lab/GitHub/leather_gauge/Firmware/middlewares/nanoMODBUS" -I../Drivers/STM32G0xx_HAL_Driver/Inc -I../Drivers/STM32G0xx_HAL_Driver/Inc/Legacy -I../Drivers/CMSIS/Device/ST/STM32G0xx/Include -I../Drivers/CMSIS/Include -O0 -ffunction-sections -fdata-sections -Wall -fstack-usage -fcyclomatic-complexity -MMD -MP -MF"Drivers/STM32G0xx_HAL_Driver/Src/stm32g0xx_ll_rcc.d" -MT"Drivers/STM32G0xx_HAL_Driver/Src/stm32g0xx_ll_rcc.o" --specs=nano.specs -mfloat-abi=soft -mthumb -o "Drivers/STM32G0xx_HAL_Driver/Src/stm32g0xx_ll_rcc.o"
arm-none-eabi-gcc "../Core/Src/adc.c" -mcpu=cortex-m0plus -std=gnu11 -g3 -DDEBUG -DUSE_HAL_DRIVER -DSTM32G030xx -c -I../Core/Inc -I"/home/tecna-smart-lab/GitHub/leather_gauge/Firmware/leather_gauge_sensor_v4/leather_gauge_sensor/modules/modbus" -I"/home/tecna-smart-lab/GitHub/leather_gauge/Firmware/leather_gauge_sensor_v4/leather_gauge_sensor/modules/eeprom" -I"/home/tecna-smart-lab/GitHub/leather_gauge/Firmware/leather_gauge_sensor_v4/leather_gauge_sensor/modules/sensor" -I"/home/tecna-smart-lab/GitHub/leather_gauge/Firmware/leather_gauge_sensor_v4/leather_gauge_sensor/config" -I"/home/tecna-smart-lab/GitHub/leather_gauge/Firmware/middlewares/lwrb/src/include" -I"/home/tecna-smart-lab/GitHub/leather_gauge/Firmware/middlewares/lwrb/src/include/lwrb" -I"/home/tecna-smart-lab/GitHub/leather_gauge/Firmware/leather_gauge_sensor_v4/leather_gauge_sensor/app/Inc" -I"/home/tecna-smart-lab/GitHub/leather_gauge/Firmware/middlewares/DSP_Biquad" -I"/home/tecna-smart-lab/GitHub/leather_gauge/Firmware/middlewares/nanoMODBUS" -I../Drivers/STM32G0xx_HAL_Driver/Inc -I../Drivers/STM32G0xx_HAL_Driver/Inc/Legacy -I../Drivers/CMSIS/Device/ST/STM32G0xx/Include -I../Drivers/CMSIS/Include -O0 -ffunction-sections -fdata-sections -Wall -fstack-usage -fcyclomatic-complexity -MMD -MP -MF"Core/Src/adc.d" -MT"Core/Src/adc.o" --specs=nano.specs -mfloat-abi=soft -mthumb -o "Core/Src/adc.o"
arm-none-eabi-gcc "../Core/Src/dma.c" -mcpu=cortex-m0plus -std=gnu11 -g3 -DDEBUG -DUSE_HAL_DRIVER -DSTM32G030xx -c -I../Core/Inc -I"/home/tecna-smart-lab/GitHub/leather_gauge/Firmware/leather_gauge_sensor_v4/leather_gauge_sensor/modules/modbus" -I"/home/tecna-smart-lab/GitHub/leather_gauge/Firmware/leather_gauge_sensor_v4/leather_gauge_sensor/modules/eeprom" -I"/home/tecna-smart-lab/GitHub/leather_gauge/Firmware/leather_gauge_sensor_v4/leather_gauge_sensor/modules/sensor" -I"/home/tecna-smart-lab/GitHub/leather_gauge/Firmware/leather_gauge_sensor_v4/leather_gauge_sensor/config" -I"/home/tecna-smart-lab/GitHub/leather_gauge/Firmware/middlewares/lwrb/src/include" -I"/home/tecna-smart-lab/GitHub/leather_gauge/Firmware/middlewares/lwrb/src/include/lwrb" -I"/home/tecna-smart-lab/GitHub/leather_gauge/Firmware/leather_gauge_sensor_v4/leather_gauge_sensor/app/Inc" -I"/home/tecna-smart-lab/GitHub/leather_gauge/Firmware/middlewares/DSP_Biquad" -I"/home/tecna-smart-lab/GitHub/leather_gauge/Firmware/middlewares/nanoMODBUS" -I../Drivers/STM32G0xx_HAL_Driver/Inc -I../Drivers/STM32G0xx_HAL_Driver/Inc/Legacy -I../Drivers/CMSIS/Device/ST/STM32G0xx/Include -I../Drivers/CMSIS/Include -O0 -ffunction-sections -fdata-sections -Wall -fstack-usage -fcyclomatic-complexity -MMD -MP -MF"Core/Src/dma.d" -MT"Core/Src/dma.o" --specs=nano.specs -mfloat-abi=soft -mthumb -o "Core/Src/dma.o"
arm-none-eabi-gcc "../Core/Src/gpio.c" -mcpu=cortex-m0plus -std=gnu11 -g3 -DDEBUG -DUSE_HAL_DRIVER -DSTM32G030xx -c -I../Core/Inc -I"/home/tecna-smart-lab/GitHub/leather_gauge/Firmware/leather_gauge_sensor_v4/leather_gauge_sensor/modules/modbus" -I"/home/tecna-smart-lab/GitHub/leather_gauge/Firmware/leather_gauge_sensor_v4/leather_gauge_sensor/modules/eeprom" -I"/home/tecna-smart-lab/GitHub/leather_gauge/Firmware/leather_gauge_sensor_v4/leather_gauge_sensor/modules/sensor" -I"/home/tecna-smart-lab/GitHub/leather_gauge/Firmware/leather_gauge_sensor_v4/leather_gauge_sensor/config" -I"/home/tecna-smart-lab/GitHub/leather_gauge/Firmware/middlewares/lwrb/src/include" -I"/home/tecna-smart-lab/GitHub/leather_gauge/Firmware/middlewares/lwrb/src/include/lwrb" -I"/home/tecna-smart-lab/GitHub/leather_gauge/Firmware/leather_gauge_sensor_v4/leather_gauge_sensor/app/Inc" -I"/home/tecna-smart-lab/GitHub/leather_gauge/Firmware/middlewares/DSP_Biquad" -I"/home/tecna-smart-lab/GitHub/leather_gauge/Firmware/middlewares/nanoMODBUS" -I../Drivers/STM32G0xx_HAL_Driver/Inc -I../Drivers/STM32G0xx_HAL_Driver/Inc/Legacy -I../Drivers/CMSIS/Device/ST/STM32G0xx/Include -I../Drivers/CMSIS/Include -O0 -ffunction-sections -fdata-sections -Wall -fstack-usage -fcyclomatic-complexity -MMD -MP -MF"Core/Src/gpio.d" -MT"Core/Src/gpio.o" --specs=nano.specs -mfloat-abi=soft -mthumb -o "Core/Src/gpio.o"
arm-none-eabi-gcc "../Core/Src/main.c" -mcpu=cortex-m0plus -std=gnu11 -g3 -DDEBUG -DUSE_HAL_DRIVER -DSTM32G030xx -c -I../Core/Inc -I"/home/tecna-smart-lab/GitHub/leather_gauge/Firmware/leather_gauge_sensor_v4/leather_gauge_sensor/modules/modbus" -I"/home/tecna-smart-lab/GitHub/leather_gauge/Firmware/leather_gauge_sensor_v4/leather_gauge_sensor/modules/eeprom" -I"/home/tecna-smart-lab/GitHub/leather_gauge/Firmware/leather_gauge_sensor_v4/leather_gauge_sensor/modules/sensor" -I"/home/tecna-smart-lab/GitHub/leather_gauge/Firmware/leather_gauge_sensor_v4/leather_gauge_sensor/config" -I"/home/tecna-smart-lab/GitHub/leather_gauge/Firmware/middlewares/lwrb/src/include" -I"/home/tecna-smart-lab/GitHub/leather_gauge/Firmware/middlewares/lwrb/src/include/lwrb" -I"/home/tecna-smart-lab/GitHub/leather_gauge/Firmware/leather_gauge_sensor_v4/leather_gauge_sensor/app/Inc" -I"/home/tecna-smart-lab/GitHub/leather_gauge/Firmware/middlewares/DSP_Biquad" -I"/home/tecna-smart-lab/GitHub/leather_gauge/Firmware/middlewares/nanoMODBUS" -I../Drivers/STM32G0xx_HAL_Driver/Inc -I../Drivers/STM32G0xx_HAL_Driver/Inc/Legacy -I../Drivers/CMSIS/Device/ST/STM32G0xx/Include -I../Drivers/CMSIS/Include -O0 -ffunction-sections -fdata-sections -Wall -fstack-usage -fcyclomatic-complexity -MMD -MP -MF"Core/Src/main.d" -MT"Core/Src/main.o" --specs=nano.specs -mfloat-abi=soft -mthumb -o "Core/Src/main.o"
arm-none-eabi-gcc "../Core/Src/stm32g0xx_hal_msp.c" -mcpu=cortex-m0plus -std=gnu11 -g3 -DDEBUG -DUSE_HAL_DRIVER -DSTM32G030xx -c -I../Core/Inc -I"/home/tecna-smart-lab/GitHub/leather_gauge/Firmware/leather_gauge_sensor_v4/leather_gauge_sensor/modules/modbus" -I"/home/tecna-smart-lab/GitHub/leather_gauge/Firmware/leather_gauge_sensor_v4/leather_gauge_sensor/modules/eeprom" -I"/home/tecna-smart-lab/GitHub/leather_gauge/Firmware/leather_gauge_sensor_v4/leather_gauge_sensor/modules/sensor" -I"/home/tecna-smart-lab/GitHub/leather_gauge/Firmware/leather_gauge_sensor_v4/leather_gauge_sensor/config" -I"/home/tecna-smart-lab/GitHub/leather_gauge/Firmware/middlewares/lwrb/src/include" -I"/home/tecna-smart-lab/GitHub/leather_gauge/Firmware/middlewares/lwrb/src/include/lwrb" -I"/home/tecna-smart-lab/GitHub/leather_gauge/Firmware/leather_gauge_sensor_v4/leather_gauge_sensor/app/Inc" -I"/home/tecna-smart-lab/GitHub/leather_gauge/Firmware/middlewares/DSP_Biquad" -I"/home/tecna-smart-lab/GitHub/leather_gauge/Firmware/middlewares/nanoMODBUS" -I../Drivers/STM32G0xx_HAL_Driver/Inc -I../Drivers/STM32G0xx_HAL_Driver/Inc/Legacy -I../Drivers/CMSIS/Device/ST/STM32G0xx/Include -I../Drivers/CMSIS/Include -O0 -ffunction-sections -fdata-sections -Wall -fstack-usage -fcyclomatic-complexity -MMD -MP -MF"Core/Src/stm32g0xx_hal_msp.d" -MT"Core/Src/stm32g0xx_hal_msp.o" --specs=nano.specs -mfloat-abi=soft -mthumb -o "Core/Src/stm32g0xx_hal_msp.o"
arm-none-eabi-gcc "../Core/Src/stm32g0xx_it.c" -mcpu=cortex-m0plus -std=gnu11 -g3 -DDEBUG -DUSE_HAL_DRIVER -DSTM32G030xx -c -I../Core/Inc -I"/home/tecna-smart-lab/GitHub/leather_gauge/Firmware/leather_gauge_sensor_v4/leather_gauge_sensor/modules/modbus" -I"/home/tecna-smart-lab/GitHub/leather_gauge/Firmware/leather_gauge_sensor_v4/leather_gauge_sensor/modules/eeprom" -I"/home/tecna-smart-lab/GitHub/leather_gauge/Firmware/leather_gauge_sensor_v4/leather_gauge_sensor/modules/sensor" -I"/home/tecna-smart-lab/GitHub/leather_gauge/Firmware/leather_gauge_sensor_v4/leather_gauge_sensor/config" -I"/home/tecna-smart-lab/GitHub/leather_gauge/Firmware/middlewares/lwrb/src/include" -I"/home/tecna-smart-lab/GitHub/leather_gauge/Firmware/middlewares/lwrb/src/include/lwrb" -I"/home/tecna-smart-lab/GitHub/leather_gauge/Firmware/leather_gauge_sensor_v4/leather_gauge_sensor/app/Inc" -I"/home/tecna-smart-lab/GitHub/leather_gauge/Firmware/middlewares/DSP_Biquad" -I"/home/tecna-smart-lab/GitHub/leather_gauge/Firmware/middlewares/nanoMODBUS" -I../Drivers/STM32G0xx_HAL_Driver/Inc -I../Drivers/STM32G0xx_HAL_Driver/Inc/Legacy -I../Drivers/CMSIS/Device/ST/STM32G0xx/Include -I../Drivers/CMSIS/Include -O0 -ffunction-sections -fdata-sections -Wall -fstack-usage -fcyclomatic-complexity -MMD -MP -MF"Core/Src/stm32g0xx_it.d" -MT"Core/Src/stm32g0xx_it.o" --specs=nano.specs -mfloat-abi=soft -mthumb -o "Core/Src/stm32g0xx_it.o"
arm-none-eabi-gcc "../Core/Src/syscalls.c" -mcpu=cortex-m0plus -std=gnu11 -g3 -DDEBUG -DUSE_HAL_DRIVER -DSTM32G030xx -c -I../Core/Inc -I"/home/tecna-smart-lab/GitHub/leather_gauge/Firmware/leather_gauge_sensor_v4/leather_gauge_sensor/modules/modbus" -I"/home/tecna-smart-lab/GitHub/leather_gauge/Firmware/leather_gauge_sensor_v4/leather_gauge_sensor/modules/eeprom" -I"/home/tecna-smart-lab/GitHub/leather_gauge/Firmware/leather_gauge_sensor_v4/leather_gauge_sensor/modules/sensor" -I"/home/tecna-smart-lab/GitHub/leather_gauge/Firmware/leather_gauge_sensor_v4/leather_gauge_sensor/config" -I"/home/tecna-smart-lab/GitHub/leather_gauge/Firmware/middlewares/lwrb/src/include" -I"/home/tecna-smart-lab/GitHub/leather_gauge/Firmware/middlewares/lwrb/src/include/lwrb" -I"/home/tecna-smart-lab/GitHub/leather_gauge/Firmware/leather_gauge_sensor_v4/leather_gauge_sensor/app/Inc" -I"/home/tecna-smart-lab/GitHub/leather_gauge/Firmware/middlewares/DSP_Biquad" -I"/home/tecna-smart-lab/GitHub/leather_gauge/Firmware/middlewares/nanoMODBUS" -I../Drivers/STM32G0xx_HAL_Driver/Inc -I../Drivers/STM32G0xx_HAL_Driver/Inc/Legacy -I../Drivers/CMSIS/Device/ST/STM32G0xx/Include -I../Drivers/CMSIS/Include -O0 -ffunction-sections -fdata-sections -Wall -fstack-usage -fcyclomatic-complexity -MMD -MP -MF"Core/Src/syscalls.d" -MT"Core/Src/syscalls.o" --specs=nano.specs -mfloat-abi=soft -mthumb -o "Core/Src/syscalls.o"
arm-none-eabi-gcc "../Core/Src/sysmem.c" -mcpu=cortex-m0plus -std=gnu11 -g3 -DDEBUG -DUSE_HAL_DRIVER -DSTM32G030xx -c -I../Core/Inc -I"/home/tecna-smart-lab/GitHub/leather_gauge/Firmware/leather_gauge_sensor_v4/leather_gauge_sensor/modules/modbus" -I"/home/tecna-smart-lab/GitHub/leather_gauge/Firmware/leather_gauge_sensor_v4/leather_gauge_sensor/modules/eeprom" -I"/home/tecna-smart-lab/GitHub/leather_gauge/Firmware/leather_gauge_sensor_v4/leather_gauge_sensor/modules/sensor" -I"/home/tecna-smart-lab/GitHub/leather_gauge/Firmware/leather_gauge_sensor_v4/leather_gauge_sensor/config" -I"/home/tecna-smart-lab/GitHub/leather_gauge/Firmware/middlewares/lwrb/src/include" -I"/home/tecna-smart-lab/GitHub/leather_gauge/Firmware/middlewares/lwrb/src/include/lwrb" -I"/home/tecna-smart-lab/GitHub/leather_gauge/Firmware/leather_gauge_sensor_v4/leather_gauge_sensor/app/Inc" -I"/home/tecna-smart-lab/GitHub/leather_gauge/Firmware/middlewares/DSP_Biquad" -I"/home/tecna-smart-lab/GitHub/leather_gauge/Firmware/middlewares/nanoMODBUS" -I../Drivers/STM32G0xx_HAL_Driver/Inc -I../Drivers/STM32G0xx_HAL_Driver/Inc/Legacy -I../Drivers/CMSIS/Device/ST/STM32G0xx/Include -I../Drivers/CMSIS/Include -O0 -ffunction-sections -fdata-sections -Wall -fstack-usage -fcyclomatic-complexity -MMD -MP -MF"Core/Src/sysmem.d" -MT"Core/Src/sysmem.o" --specs=nano.specs -mfloat-abi=soft -mthumb -o "Core/Src/sysmem.o"
arm-none-eabi-gcc "../Core/Src/system_stm32g0xx.c" -mcpu=cortex-m0plus -std=gnu11 -g3 -DDEBUG -DUSE_HAL_DRIVER -DSTM32G030xx -c -I../Core/Inc -I"/home/tecna-smart-lab/GitHub/leather_gauge/Firmware/leather_gauge_sensor_v4/leather_gauge_sensor/modules/modbus" -I"/home/tecna-smart-lab/GitHub/leather_gauge/Firmware/leather_gauge_sensor_v4/leather_gauge_sensor/modules/eeprom" -I"/home/tecna-smart-lab/GitHub/leather_gauge/Firmware/leather_gauge_sensor_v4/leather_gauge_sensor/modules/sensor" -I"/home/tecna-smart-lab/GitHub/leather_gauge/Firmware/leather_gauge_sensor_v4/leather_gauge_sensor/config" -I"/home/tecna-smart-lab/GitHub/leather_gauge/Firmware/middlewares/lwrb/src/include" -I"/home/tecna-smart-lab/GitHub/leather_gauge/Firmware/middlewares/lwrb/src/include/lwrb" -I"/home/tecna-smart-lab/GitHub/leather_gauge/Firmware/leather_gauge_sensor_v4/leather_gauge_sensor/app/Inc" -I"/home/tecna-smart-lab/GitHub/leather_gauge/Firmware/middlewares/DSP_Biquad" -I"/home/tecna-smart-lab/GitHub/leather_gauge/Firmware/middlewares/nanoMODBUS" -I../Drivers/STM32G0xx_HAL_Driver/Inc -I../Drivers/STM32G0xx_HAL_Driver/Inc/Legacy -I../Drivers/CMSIS/Device/ST/STM32G0xx/Include -I../Drivers/CMSIS/Include -O0 -ffunction-sections -fdata-sections -Wall -fstack-usage -fcyclomatic-complexity -MMD -MP -MF"Core/Src/system_stm32g0xx.d" -MT"Core/Src/system_stm32g0xx.o" --specs=nano.specs -mfloat-abi=soft -mthumb -o "Core/Src/system_stm32g0xx.o"
arm-none-eabi-gcc "../Core/Src/tim.c" -mcpu=cortex-m0plus -std=gnu11 -g3 -DDEBUG -DUSE_HAL_DRIVER -DSTM32G030xx -c -I../Core/Inc -I"/home/tecna-smart-lab/GitHub/leather_gauge/Firmware/leather_gauge_sensor_v4/leather_gauge_sensor/modules/modbus" -I"/home/tecna-smart-lab/GitHub/leather_gauge/Firmware/leather_gauge_sensor_v4/leather_gauge_sensor/modules/eeprom" -I"/home/tecna-smart-lab/GitHub/leather_gauge/Firmware/leather_gauge_sensor_v4/leather_gauge_sensor/modules/sensor" -I"/home/tecna-smart-lab/GitHub/leather_gauge/Firmware/leather_gauge_sensor_v4/leather_gauge_sensor/config" -I"/home/tecna-smart-lab/GitHub/leather_gauge/Firmware/middlewares/lwrb/src/include" -I"/home/tecna-smart-lab/GitHub/leather_gauge/Firmware/middlewares/lwrb/src/include/lwrb" -I"/home/tecna-smart-lab/GitHub/leather_gauge/Firmware/leather_gauge_sensor_v4/leather_gauge_sensor/app/Inc" -I"/home/tecna-smart-lab/GitHub/leather_gauge/Firmware/middlewares/DSP_Biquad" -I"/home/tecna-smart-lab/GitHub/leather_gauge/Firmware/middlewares/nanoMODBUS" -I../Drivers/STM32G0xx_HAL_Driver/Inc -I../Drivers/STM32G0xx_HAL_Driver/Inc/Legacy -I../Drivers/CMSIS/Device/ST/STM32G0xx/Include -I../Drivers/CMSIS/Include -O0 -ffunction-sections -fdata-sections -Wall -fstack-usage -fcyclomatic-complexity -MMD -MP -MF"Core/Src/tim.d" -MT"Core/Src/tim.o" --specs=nano.specs -mfloat-abi=soft -mthumb -o "Core/Src/tim.o"
arm-none-eabi-gcc "../Core/Src/usart.c" -mcpu=cortex-m0plus -std=gnu11 -g3 -DDEBUG -DUSE_HAL_DRIVER -DSTM32G030xx -c -I../Core/Inc -I"/home/tecna-smart-lab/GitHub/leather_gauge/Firmware/leather_gauge_sensor_v4/leather_gauge_sensor/modules/modbus" -I"/home/tecna-smart-lab/GitHub/leather_gauge/Firmware/leather_gauge_sensor_v4/leather_gauge_sensor/modules/eeprom" -I"/home/tecna-smart-lab/GitHub/leather_gauge/Firmware/leather_gauge_sensor_v4/leather_gauge_sensor/modules/sensor" -I"/home/tecna-smart-lab/GitHub/leather_gauge/Firmware/leather_gauge_sensor_v4/leather_gauge_sensor/config" -I"/home/tecna-smart-lab/GitHub/leather_gauge/Firmware/middlewares/lwrb/src/include" -I"/home/tecna-smart-lab/GitHub/leather_gauge/Firmware/middlewares/lwrb/src/include/lwrb" -I"/home/tecna-smart-lab/GitHub/leather_gauge/Firmware/leather_gauge_sensor_v4/leather_gauge_sensor/app/Inc" -I"/home/tecna-smart-lab/GitHub/leather_gauge/Firmware/middlewares/DSP_Biquad" -I"/home/tecna-smart-lab/GitHub/leather_gauge/Firmware/middlewares/nanoMODBUS" -I../Drivers/STM32G0xx_HAL_Driver/Inc -I../Drivers/STM32G0xx_HAL_Driver/Inc/Legacy -I../Drivers/CMSIS/Device/ST/STM32G0xx/Include -I../Drivers/CMSIS/Include -O0 -ffunction-sections -fdata-sections -Wall -fstack-usage -fcyclomatic-complexity -MMD -MP -MF"Core/Src/usart.d" -MT"Core/Src/usart.o" --specs=nano.specs -mfloat-abi=soft -mthumb -o "Core/Src/usart.o"
arm-none-eabi-gcc -o "leather_gauge_sensor_v4.elf" @"objects.list"   -mcpu=cortex-m0plus -T"/home/tecna-smart-lab/GitHub/leather_gauge/Firmware/leather_gauge_sensor_v4/STM32G030C8TX_FLASH.ld" --specs=nosys.specs -Wl,-Map="leather_gauge_sensor_v4.map" -Wl,--gc-sections -static --specs=nano.specs -mfloat-abi=soft -mthumb -Wl,--start-group -lc -lm -Wl,--end-group
/opt/st/stm32cubeide_1.18.1/plugins/com.st.stm32cube.ide.mcu.externaltools.gnu-tools-for-stm32.13.3.rel1.linux64_1.0.0.202410170706/tools/bin/../lib/gcc/arm-none-eabi/13.3.1/../../../../arm-none-eabi/bin/ld: warning: leather_gauge_sensor_v4.elf has a LOAD segment with RWX permissions
Finished building target: leather_gauge_sensor_v4.elf
 
arm-none-eabi-size  leather_gauge_sensor_v4.elf 
arm-none-eabi-objdump -h -S leather_gauge_sensor_v4.elf  > "leather_gauge_sensor_v4.list"
   text	   data	    bss	    dec	    hex	filename
  60156	      0	   5576	  65732	  100c4	leather_gauge_sensor_v4.elf
Finished building: default.size.stdout
 
Finished building: leather_gauge_sensor_v4.list
 
