../Drivers/STM32F1xx_HAL_Driver/Src/stm32f1xx_hal_i2c.c:7609:26:I2C_IsAcknowledgeFailed	0	static
../Drivers/STM32F1xx_HAL_Driver/Src/stm32f1xx_hal_i2c.c:7323:26:I2C_WaitOnFlagUntilTimeout	24	static
../Drivers/STM32F1xx_HAL_Driver/Src/stm32f1xx_hal_i2c.c:7360:26:I2C_WaitOnMasterAddressFlagUntilTimeout	32	static
../Drivers/STM32F1xx_HAL_Driver/Src/stm32f1xx_hal_i2c.c:7414:26:I2C_WaitOnTXEFlagUntilTimeout	16	static
../Drivers/STM32F1xx_HAL_Driver/Src/stm32f1xx_hal_i2c.c:6851:26:I2C_RequestMemoryWrite	48	static
../Drivers/STM32F1xx_HAL_Driver/Src/stm32f1xx_hal_i2c.c:6931:26:I2C_RequestMemoryRead	48	static
../Drivers/STM32F1xx_HAL_Driver/Src/stm32f1xx_hal_i2c.c:7455:26:I2C_WaitOnBTFFlagUntilTimeout	16	static
../Drivers/STM32F1xx_HAL_Driver/Src/stm32f1xx_hal_i2c.c:7561:26:I2C_WaitOnRXNEFlagUntilTimeout	16	static
../Drivers/STM32F1xx_HAL_Driver/Src/stm32f1xx_hal_i2c.c:624:13:HAL_I2C_MspInit	0	static
../Drivers/STM32F1xx_HAL_Driver/Src/stm32f1xx_hal_i2c.c:463:19:HAL_I2C_Init	16	static
../Drivers/STM32F1xx_HAL_Driver/Src/stm32f1xx_hal_i2c.c:640:13:HAL_I2C_MspDeInit	0	static
../Drivers/STM32F1xx_HAL_Driver/Src/stm32f1xx_hal_i2c.c:578:19:HAL_I2C_DeInit	8	static
../Drivers/STM32F1xx_HAL_Driver/Src/stm32f1xx_hal_i2c.c:1074:19:HAL_I2C_Master_Transmit	48	static
../Drivers/STM32F1xx_HAL_Driver/Src/stm32f1xx_hal_i2c.c:1195:19:HAL_I2C_Master_Receive	64	static,ignoring_inline_asm
../Drivers/STM32F1xx_HAL_Driver/Src/stm32f1xx_hal_i2c.c:1493:19:HAL_I2C_Slave_Transmit	40	static
../Drivers/STM32F1xx_HAL_Driver/Src/stm32f1xx_hal_i2c.c:1623:19:HAL_I2C_Slave_Receive	40	static
../Drivers/STM32F1xx_HAL_Driver/Src/stm32f1xx_hal_i2c.c:1744:19:HAL_I2C_Master_Transmit_IT	16	static
../Drivers/STM32F1xx_HAL_Driver/Src/stm32f1xx_hal_i2c.c:1821:19:HAL_I2C_Master_Receive_IT	16	static
../Drivers/STM32F1xx_HAL_Driver/Src/stm32f1xx_hal_i2c.c:1901:19:HAL_I2C_Slave_Transmit_IT	4	static
../Drivers/STM32F1xx_HAL_Driver/Src/stm32f1xx_hal_i2c.c:1963:19:HAL_I2C_Slave_Receive_IT	4	static
../Drivers/STM32F1xx_HAL_Driver/Src/stm32f1xx_hal_i2c.c:2027:19:HAL_I2C_Master_Transmit_DMA	24	static
../Drivers/STM32F1xx_HAL_Driver/Src/stm32f1xx_hal_i2c.c:2180:19:HAL_I2C_Master_Receive_DMA	24	static
../Drivers/STM32F1xx_HAL_Driver/Src/stm32f1xx_hal_i2c.c:2331:19:HAL_I2C_Slave_Transmit_DMA	8	static
../Drivers/STM32F1xx_HAL_Driver/Src/stm32f1xx_hal_i2c.c:2443:19:HAL_I2C_Slave_Receive_DMA	8	static
../Drivers/STM32F1xx_HAL_Driver/Src/stm32f1xx_hal_i2c.c:2560:19:HAL_I2C_Mem_Write	40	static
../Drivers/STM32F1xx_HAL_Driver/Src/stm32f1xx_hal_i2c.c:2683:19:HAL_I2C_Mem_Read	64	static,ignoring_inline_asm
../Drivers/STM32F1xx_HAL_Driver/Src/stm32f1xx_hal_i2c.c:2984:19:HAL_I2C_Mem_Write_IT	16	static
../Drivers/STM32F1xx_HAL_Driver/Src/stm32f1xx_hal_i2c.c:3069:19:HAL_I2C_Mem_Read_IT	16	static
../Drivers/STM32F1xx_HAL_Driver/Src/stm32f1xx_hal_i2c.c:3160:19:HAL_I2C_Mem_Write_DMA	48	static
../Drivers/STM32F1xx_HAL_Driver/Src/stm32f1xx_hal_i2c.c:3340:19:HAL_I2C_Mem_Read_DMA	56	static
../Drivers/STM32F1xx_HAL_Driver/Src/stm32f1xx_hal_i2c.c:3534:19:HAL_I2C_IsDeviceReady	56	static
../Drivers/STM32F1xx_HAL_Driver/Src/stm32f1xx_hal_i2c.c:3670:19:HAL_I2C_Master_Seq_Transmit_IT	24	static
../Drivers/STM32F1xx_HAL_Driver/Src/stm32f1xx_hal_i2c.c:3765:19:HAL_I2C_Master_Seq_Transmit_DMA	32	static
../Drivers/STM32F1xx_HAL_Driver/Src/stm32f1xx_hal_i2c.c:3945:19:HAL_I2C_Master_Seq_Receive_IT	24	static
../Drivers/STM32F1xx_HAL_Driver/Src/stm32f1xx_hal_i2c.c:4066:19:HAL_I2C_Master_Seq_Receive_DMA	32	static
../Drivers/STM32F1xx_HAL_Driver/Src/stm32f1xx_hal_i2c.c:4281:19:HAL_I2C_Slave_Seq_Transmit_IT	16	static
../Drivers/STM32F1xx_HAL_Driver/Src/stm32f1xx_hal_i2c.c:4347:19:HAL_I2C_Slave_Seq_Transmit_DMA	32	static
../Drivers/STM32F1xx_HAL_Driver/Src/stm32f1xx_hal_i2c.c:4521:19:HAL_I2C_Slave_Seq_Receive_IT	16	static
../Drivers/STM32F1xx_HAL_Driver/Src/stm32f1xx_hal_i2c.c:4587:19:HAL_I2C_Slave_Seq_Receive_DMA	32	static
../Drivers/STM32F1xx_HAL_Driver/Src/stm32f1xx_hal_i2c.c:4757:19:HAL_I2C_EnableListen_IT	0	static
../Drivers/STM32F1xx_HAL_Driver/Src/stm32f1xx_hal_i2c.c:4790:19:HAL_I2C_DisableListen_IT	0	static
../Drivers/STM32F1xx_HAL_Driver/Src/stm32f1xx_hal_i2c.c:5137:13:HAL_I2C_MasterTxCpltCallback	0	static
../Drivers/STM32F1xx_HAL_Driver/Src/stm32f1xx_hal_i2c.c:5153:13:HAL_I2C_MasterRxCpltCallback	0	static
../Drivers/STM32F1xx_HAL_Driver/Src/stm32f1xx_hal_i2c.c:5168:13:HAL_I2C_SlaveTxCpltCallback	0	static
../Drivers/STM32F1xx_HAL_Driver/Src/stm32f1xx_hal_i2c.c:5184:13:HAL_I2C_SlaveRxCpltCallback	0	static
../Drivers/STM32F1xx_HAL_Driver/Src/stm32f1xx_hal_i2c.c:5202:13:HAL_I2C_AddrCallback	0	static
../Drivers/STM32F1xx_HAL_Driver/Src/stm32f1xx_hal_i2c.c:5220:13:HAL_I2C_ListenCpltCallback	0	static
../Drivers/STM32F1xx_HAL_Driver/Src/stm32f1xx_hal_i2c.c:5236:13:HAL_I2C_MemTxCpltCallback	0	static
../Drivers/STM32F1xx_HAL_Driver/Src/stm32f1xx_hal_i2c.c:5538:13:I2C_MemoryTransmit_TXE_BTF	8	static
../Drivers/STM32F1xx_HAL_Driver/Src/stm32f1xx_hal_i2c.c:5252:13:HAL_I2C_MemRxCpltCallback	0	static
../Drivers/STM32F1xx_HAL_Driver/Src/stm32f1xx_hal_i2c.c:5268:13:HAL_I2C_ErrorCallback	0	static
../Drivers/STM32F1xx_HAL_Driver/Src/stm32f1xx_hal_i2c.c:7185:13:I2C_DMAError	8	static
../Drivers/STM32F1xx_HAL_Driver/Src/stm32f1xx_hal_i2c.c:7040:13:I2C_DMAXferCplt	16	static
../Drivers/STM32F1xx_HAL_Driver/Src/stm32f1xx_hal_i2c.c:5284:13:HAL_I2C_AbortCpltCallback	0	static
../Drivers/STM32F1xx_HAL_Driver/Src/stm32f1xx_hal_i2c.c:7220:13:I2C_DMAAbort	16	static
../Drivers/STM32F1xx_HAL_Driver/Src/stm32f1xx_hal_i2c.c:6515:13:I2C_ITError	8	static
../Drivers/STM32F1xx_HAL_Driver/Src/stm32f1xx_hal_i2c.c:4825:19:HAL_I2C_Master_Abort_IT	8	static
../Drivers/STM32F1xx_HAL_Driver/Src/stm32f1xx_hal_i2c.c:4885:6:HAL_I2C_EV_IRQHandler	80	static
../Drivers/STM32F1xx_HAL_Driver/Src/stm32f1xx_hal_i2c.c:5054:6:HAL_I2C_ER_IRQHandler	16	static
../Drivers/STM32F1xx_HAL_Driver/Src/stm32f1xx_hal_i2c.c:5319:22:HAL_I2C_GetState	0	static
../Drivers/STM32F1xx_HAL_Driver/Src/stm32f1xx_hal_i2c.c:5331:21:HAL_I2C_GetMode	0	static
../Drivers/STM32F1xx_HAL_Driver/Src/stm32f1xx_hal_i2c.c:5342:10:HAL_I2C_GetError	0	static
